
============================================================
Multi-Market WFV: NSE_NIFTY50_LONGRUN
============================================================
Universe: 31 tickers
Period: 2004-01-01 to 2024-12-30
Selectors: correlation, distance, cointegration, combined
Folds: 16
============================================================


============================================================
FOLD 1
Train: 2004-01-01 to 2004-12-31
Test:  2005-01-01 to 2005-12-31
============================================================

Train shape: (262, 31)
Test shape:  (250, 31)

Candidate pairs: 465

Training correlation... ✅ 78 pairs scored
Training distance... ✅ 0 pairs scored
Training cointegration... ✅ 162 pairs scored
Training combined... ✅ 82 pairs scored

Ensembling 4 selectors...
Selected pairs: 10 (target 10)


Backtesting 10 pairs on test period...

========================================
FOLD 1 RESULTS
========================================
Net Sharpe:   0.622
Gross Sharpe: 0.625
Max DD:       10.3%
Total Trades: 26
========================================


============================================================
FOLD 2
Train: 2005-01-01 to 2005-12-31
Test:  2006-01-01 to 2006-12-31
============================================================

Train shape: (250, 31)
Test shape:  (247, 31)

Candidate pairs: 465

Training correlation... ✅ 0 pairs scored
Training distance... ✅ 0 pairs scored
Training cointegration... ✅ 146 pairs scored
Training combined... ✅ 123 pairs scored

Ensembling 4 selectors...
Selected pairs: 10 (target 10)


Backtesting 10 pairs on test period...

========================================
FOLD 2 RESULTS
========================================
Net Sharpe:   0.270
Gross Sharpe: 0.295
Max DD:       2.7%
Total Trades: 14
========================================


============================================================
FOLD 3
Train: 2006-01-01 to 2006-12-31
Test:  2007-01-01 to 2007-12-31
============================================================

Train shape: (247, 31)
Test shape:  (248, 31)

Candidate pairs: 465

Training correlation... ✅ 0 pairs scored
Training distance... ✅ 0 pairs scored
Training cointegration... ✅ 30 pairs scored
Training combined... ✅ 22 pairs scored

Ensembling 4 selectors...
Selected pairs: 10 (target 10)


Backtesting 10 pairs on test period...

========================================
FOLD 3 RESULTS
========================================
Net Sharpe:   1.273
Gross Sharpe: 1.326
Max DD:       2.7%
Total Trades: 38
========================================


============================================================
FOLD 4
Train: 2007-01-01 to 2007-12-31
Test:  2008-01-01 to 2008-12-31
============================================================

Train shape: (248, 31)
Test shape:  (246, 31)

Candidate pairs: 465

Training correlation... ✅ 0 pairs scored
Training distance... ✅ 0 pairs scored
Training cointegration... ✅ 36 pairs scored
Training combined... ✅ 23 pairs scored

Ensembling 4 selectors...
Selected pairs: 10 (target 10)


Backtesting 10 pairs on test period...

========================================
FOLD 4 RESULTS
========================================
Net Sharpe:   -0.898
Gross Sharpe: -0.881
Max DD:       5.1%
Total Trades: 12
========================================


============================================================
FOLD 5
Train: 2008-01-01 to 2008-12-31
Test:  2009-01-01 to 2009-12-31
============================================================

Train shape: (246, 31)
Test shape:  (243, 31)

Candidate pairs: 465

Training correlation... ✅ 0 pairs scored
Training distance... ✅ 0 pairs scored
Training cointegration... ✅ 71 pairs scored
Training combined... ✅ 44 pairs scored

Ensembling 4 selectors...
Selected pairs: 10 (target 10)


Backtesting 10 pairs on test period...

========================================
FOLD 5 RESULTS
========================================
Net Sharpe:   0.033
Gross Sharpe: 0.051
Max DD:       4.2%
Total Trades: 15
========================================


============================================================
FOLD 6
Train: 2009-01-01 to 2009-12-31
Test:  2010-01-01 to 2010-12-31
============================================================

Train shape: (243, 31)
Test shape:  (251, 31)

Candidate pairs: 465

Training correlation... ✅ 0 pairs scored
Training distance... ✅ 0 pairs scored
Training cointegration... ✅ 56 pairs scored
Training combined... ✅ 19 pairs scored

Ensembling 4 selectors...
Selected pairs: 10 (target 10)


Backtesting 10 pairs on test period...

========================================
FOLD 6 RESULTS
========================================
Net Sharpe:   1.537
Gross Sharpe: 1.595
Max DD:       1.4%
Total Trades: 33
========================================


============================================================
FOLD 7
Train: 2010-01-01 to 2010-12-31
Test:  2011-01-01 to 2011-12-31
============================================================

Train shape: (251, 31)
Test shape:  (246, 31)

Candidate pairs: 465

Training correlation... ✅ 0 pairs scored
Training distance... ✅ 0 pairs scored
Training cointegration... ✅ 7 pairs scored
Training combined... ✅ 5 pairs scored

Ensembling 4 selectors...
Selected pairs: 10 (target 10)


Backtesting 10 pairs on test period...

========================================
FOLD 7 RESULTS
========================================
Net Sharpe:   -1.017
Gross Sharpe: -0.995
Max DD:       12.7%
Total Trades: 29
========================================


============================================================
FOLD 8
Train: 2011-01-01 to 2011-12-31
Test:  2012-01-01 to 2012-12-31
============================================================

Train shape: (246, 31)
Test shape:  (245, 31)

Candidate pairs: 465

Training correlation... ✅ 0 pairs scored
Training distance... ✅ 0 pairs scored
Training cointegration... ✅ 34 pairs scored
Training combined... ✅ 17 pairs scored

Ensembling 4 selectors...
Selected pairs: 10 (target 10)


Backtesting 10 pairs on test period...

========================================
FOLD 8 RESULTS
========================================
Net Sharpe:   0.240
Gross Sharpe: 0.284
Max DD:       3.7%
Total Trades: 21
========================================


============================================================
FOLD 9
Train: 2012-01-01 to 2012-12-31
Test:  2013-01-01 to 2013-12-31
============================================================

Train shape: (245, 31)
Test shape:  (248, 31)

Candidate pairs: 465

Training correlation... ✅ 0 pairs scored
Training distance... ✅ 0 pairs scored
Training cointegration... ✅ 28 pairs scored
Training combined... ✅ 16 pairs scored

Ensembling 4 selectors...
Selected pairs: 10 (target 10)


Backtesting 10 pairs on test period...

========================================
FOLD 9 RESULTS
========================================
Net Sharpe:   -0.210
Gross Sharpe: -0.162
Max DD:       5.0%
Total Trades: 30
========================================


============================================================
FOLD 10
Train: 2013-01-01 to 2013-12-31
Test:  2014-01-01 to 2014-12-31
============================================================

Train shape: (248, 31)
Test shape:  (244, 31)

Candidate pairs: 465

Training correlation... ✅ 0 pairs scored
Training distance... ✅ 0 pairs scored
Training cointegration... ✅ 32 pairs scored
Training combined... ✅ 23 pairs scored

Ensembling 4 selectors...
Selected pairs: 10 (target 10)


Backtesting 10 pairs on test period...

========================================
FOLD 10 RESULTS
========================================
Net Sharpe:   -2.076
Gross Sharpe: -2.035
Max DD:       3.7%
Total Trades: 12
========================================


============================================================
FOLD 11
Train: 2014-01-01 to 2014-12-31
Test:  2015-01-01 to 2015-12-31
============================================================

Train shape: (244, 31)
Test shape:  (246, 31)

Candidate pairs: 465

Training correlation... ✅ 0 pairs scored
Training distance... ✅ 0 pairs scored
Training cointegration... ✅ 17 pairs scored
Training combined... ✅ 4 pairs scored

Ensembling 4 selectors...
Selected pairs: 10 (target 10)


Backtesting 10 pairs on test period...

========================================
FOLD 11 RESULTS
========================================
Net Sharpe:   0.315
Gross Sharpe: 0.374
Max DD:       2.6%
Total Trades: 30
========================================


============================================================
FOLD 12
Train: 2015-01-01 to 2015-12-31
Test:  2016-01-01 to 2016-12-31
============================================================

Train shape: (246, 31)
Test shape:  (246, 31)

Candidate pairs: 465

Training correlation... ✅ 0 pairs scored
Training distance... ✅ 0 pairs scored
Training cointegration... ✅ 69 pairs scored
Training combined... ✅ 52 pairs scored

Ensembling 4 selectors...
Selected pairs: 10 (target 10)


Backtesting 10 pairs on test period...

========================================
FOLD 12 RESULTS
========================================
Net Sharpe:   0.133
Gross Sharpe: 0.176
Max DD:       3.6%
Total Trades: 30
========================================


============================================================
FOLD 13
Train: 2016-01-01 to 2016-12-31
Test:  2017-01-01 to 2017-12-31
============================================================

Train shape: (246, 31)
Test shape:  (248, 31)

Candidate pairs: 465

Training correlation... ✅ 0 pairs scored
Training distance... ✅ 0 pairs scored
Training cointegration... ✅ 32 pairs scored
Training combined... ✅ 25 pairs scored

Ensembling 4 selectors...
Selected pairs: 10 (target 10)


Backtesting 10 pairs on test period...

========================================
FOLD 13 RESULTS
========================================
Net Sharpe:   0.579
Gross Sharpe: 0.615
Max DD:       2.2%
Total Trades: 25
========================================


============================================================
FOLD 14
Train: 2017-01-01 to 2017-12-31
Test:  2018-01-01 to 2018-12-31
============================================================

Train shape: (248, 31)
Test shape:  (246, 31)

Candidate pairs: 465

Training correlation... ✅ 0 pairs scored
Training distance... ✅ 0 pairs scored
Training cointegration... ✅ 60 pairs scored
Training combined... ✅ 41 pairs scored

Ensembling 4 selectors...
Selected pairs: 10 (target 10)


Backtesting 10 pairs on test period...

========================================
FOLD 14 RESULTS
========================================
Net Sharpe:   0.224
Gross Sharpe: 0.292
Max DD:       1.5%
Total Trades: 32
========================================


============================================================
FOLD 15
Train: 2018-01-01 to 2018-12-31
Test:  2019-01-01 to 2019-12-31
============================================================

Train shape: (246, 31)
Test shape:  (243, 31)

Candidate pairs: 465

Training correlation... ✅ 0 pairs scored
Training distance... ✅ 0 pairs scored
Training cointegration... ✅ 27 pairs scored
Training combined... ✅ 23 pairs scored

Ensembling 4 selectors...
Selected pairs: 10 (target 10)


Backtesting 10 pairs on test period...

========================================
FOLD 15 RESULTS
========================================
Net Sharpe:   0.642
Gross Sharpe: 0.682
Max DD:       2.2%
Total Trades: 20
========================================


============================================================
FOLD 16
Train: 2019-01-01 to 2019-12-31
Test:  2020-01-01 to 2020-12-31
============================================================

Train shape: (243, 31)
Test shape:  (251, 31)

Candidate pairs: 465

Training correlation... ✅ 0 pairs scored
Training distance... ✅ 0 pairs scored
Training cointegration... ✅ 9 pairs scored
Training combined... ✅ 9 pairs scored

Ensembling 4 selectors...
Selected pairs: 10 (target 10)


Backtesting 10 pairs on test period...

========================================
FOLD 16 RESULTS
========================================
Net Sharpe:   -0.053
Gross Sharpe: -0.016
Max DD:       4.1%
Total Trades: 18
========================================


============================================================
SUMMARY: NSE_NIFTY50_LONGRUN
============================================================
Avg Net Sharpe:   0.101 ± 0.846
Avg Gross Sharpe: 0.139
Cost Drag:        0.038
Transaction Cost: 16.4 bps

💾 Saved: /users/student/pg/pg24/yash.sarang/Hybrid-Pairs-Trading-Ensemble/Implementation/experimental-ablation/results/nse_nifty50_longrun/wfv_16folds_zscore_20260603_205318.json
============================================================

