==========================================
E3: Ablation Study
Start time: Sun Apr  5 01:43:59 AM IST 2026
==========================================
Python: /users/student/pg/pg24/yash.sarang/miniconda3/envs/pairs_trading/bin/python
Conda env: pairs_trading
Stage 1: stat_ml
Loading data from cache: data_cache/daily_prices.parquet

==============================================================================================================
  STAGE 1 ABLATION — Out-of-Sample Results (mean +/- std across 6 folds, 2020-2025)
==============================================================================================================
                Config    GrossSharpeMean      NetSharpeMean    NetRet% Mean   MaxDD% Mean    Trd/YrMean   FullOOS GrossSR   FullOOS NetSR
--------------------------------------------------------------------------------------------------------------
Correlation_only [BEST IND]  0.666 +/-0.790 [83%]  0.098 +/-0.799 [67%]  0.90 +/-5.24 [67%]  8.46 +/-2.98 [100%]  148 +/-9 [100%]             0.682           0.151
         Distance_only  0.270 +/-0.431 [50%]  -0.192 +/-0.438 [50%]  -1.25 +/-3.10 [50%]  10.68 +/-3.77 [100%]  144 +/-5 [100%]             0.278          -0.165
    Cointegration_only  0.086 +/-0.914 [50%]  -0.306 +/-0.917 [33%]  -2.67 +/-7.06 [33%]  13.64 +/-4.54 [100%]  142 +/-8 [100%]             0.079          -0.289
         Combined_only  -0.444 +/-0.861 [33%]  -0.811 +/-0.830 [17%]  -8.43 +/-8.98 [17%]  19.65 +/-8.96 [100%]  142 +/-9 [100%]            -0.492          -0.824
               ML_only  0.352 +/-1.234 [67%]  -0.022 +/-1.186 [50%]  -2.26 +/-13.48 [50%]  14.89 +/-12.86 [100%]  145 +/-12 [100%]             0.157          -0.192
S1_Ensemble [ENSEMBLE]  -0.181 +/-0.571 [33%]  -0.630 +/-0.533 [33%]  -5.13 +/-4.49 [33%]  11.83 +/-5.13 [100%]  142 +/-6 [100%]            -0.233          -0.660
--------------------------------------------------------------------------------------------------------------

  Verdict: BEST INDIVIDUAL >= ENSEMBLE  (ensemble full-OOS Net SR -0.660  vs  best individual 0.151;  margin=-0.811)
==============================================================================================================


==============================================================================================================
  STAGE 2 ABLATION — Out-of-Sample Results (mean +/- std across 6 folds, 2020-2025)
==============================================================================================================
                Config    GrossSharpeMean      NetSharpeMean    NetRet% Mean   MaxDD% Mean    Trd/YrMean   FullOOS GrossSR   FullOOS NetSR
--------------------------------------------------------------------------------------------------------------
           ZScore_only  0.063 +/-0.571 [50%]  -0.364 +/-0.578 [17%]  -2.26 +/-3.38 [17%]  10.05 +/-4.04 [100%]  115 +/-5 [100%]             0.064          -0.341
    OU_only [BEST IND]  0.549 +/-0.963 [67%]  0.255 +/-0.894 [67%]  0.43 +/-6.32 [67%]  9.91 +/-6.77 [100%]  87 +/-9 [100%]             0.330           0.067
           Kalman_only  0.228 +/-0.805 [50%]  -0.209 +/-0.812 [50%]  -0.71 +/-5.24 [50%]  9.80 +/-3.49 [100%]  119 +/-21 [100%]             0.325          -0.100
               ML_only  -0.326 +/-0.317 [17%]  -0.655 +/-0.339 [0%]  -5.04 +/-2.42 [0%]  14.41 +/-5.03 [100%]  111 +/-7 [100%]            -0.294          -0.602
S2_Ensemble [ENSEMBLE]  -0.181 +/-0.571 [33%]  -0.630 +/-0.533 [33%]  -5.13 +/-4.49 [33%]  11.83 +/-5.13 [100%]  142 +/-6 [100%]            -0.233          -0.660
--------------------------------------------------------------------------------------------------------------

  Verdict: BEST INDIVIDUAL >= ENSEMBLE  (ensemble full-OOS Net SR -0.660  vs  best individual 0.067;  margin=-0.728)
==============================================================================================================


Stage 2: full
Loading data from cache: data_cache/daily_prices.parquet

==============================================================================================================
  STAGE 1 ABLATION — Out-of-Sample Results (mean +/- std across 6 folds, 2020-2025)
==============================================================================================================
                Config    GrossSharpeMean      NetSharpeMean    NetRet% Mean   MaxDD% Mean    Trd/YrMean   FullOOS GrossSR   FullOOS NetSR
--------------------------------------------------------------------------------------------------------------
Correlation_only [BEST IND]  0.666 +/-0.790 [83%]  0.098 +/-0.799 [67%]  0.90 +/-5.24 [67%]  8.46 +/-2.98 [100%]  148 +/-9 [100%]             0.682           0.151
         Distance_only  0.270 +/-0.431 [50%]  -0.192 +/-0.438 [50%]  -1.25 +/-3.10 [50%]  10.68 +/-3.77 [100%]  144 +/-5 [100%]             0.278          -0.165
    Cointegration_only  0.086 +/-0.914 [50%]  -0.306 +/-0.917 [33%]  -2.67 +/-7.06 [33%]  13.64 +/-4.54 [100%]  142 +/-8 [100%]             0.079          -0.289
         Combined_only  -0.444 +/-0.861 [33%]  -0.811 +/-0.830 [17%]  -8.43 +/-8.98 [17%]  19.65 +/-8.96 [100%]  142 +/-9 [100%]            -0.492          -0.824
               ML_only  0.352 +/-1.234 [67%]  -0.022 +/-1.186 [50%]  -2.26 +/-13.48 [50%]  14.89 +/-12.86 [100%]  145 +/-12 [100%]             0.157          -0.192
             LSTM_only  0.153 +/-0.681 [67%]  -0.215 +/-0.723 [50%]  -1.53 +/-5.49 [50%]  13.78 +/-5.69 [100%]  151 +/-10 [100%]             0.186          -0.135
      Transformer_only  nan +/-nan [nan%]  nan +/-nan [nan%]  nan +/-nan [nan%]  nan +/-nan [nan%]  nan +/-nan [nan%]               nan             nan
              GNN_only  -0.091 +/-0.452 [50%]  -0.415 +/-0.438 [17%]  -5.39 +/-7.29 [17%]  18.11 +/-11.63 [100%]  145 +/-15 [100%]            -0.161          -0.448
S1_Ensemble [ENSEMBLE]  -0.181 +/-0.571 [33%]  -0.630 +/-0.533 [33%]  -5.13 +/-4.49 [33%]  11.83 +/-5.13 [100%]  142 +/-6 [100%]            -0.233          -0.660
--------------------------------------------------------------------------------------------------------------

  Verdict: BEST INDIVIDUAL >= ENSEMBLE  (ensemble full-OOS Net SR -0.660  vs  best individual 0.151;  margin=-0.811)
==============================================================================================================


==============================================================================================================
  STAGE 2 ABLATION — Out-of-Sample Results (mean +/- std across 6 folds, 2020-2025)
==============================================================================================================
                Config    GrossSharpeMean      NetSharpeMean    NetRet% Mean   MaxDD% Mean    Trd/YrMean   FullOOS GrossSR   FullOOS NetSR
--------------------------------------------------------------------------------------------------------------
           ZScore_only  0.063 +/-0.571 [50%]  -0.364 +/-0.578 [17%]  -2.26 +/-3.38 [17%]  10.05 +/-4.04 [100%]  115 +/-5 [100%]             0.064          -0.341
    OU_only [BEST IND]  0.549 +/-0.963 [67%]  0.255 +/-0.894 [67%]  0.43 +/-6.32 [67%]  9.91 +/-6.77 [100%]  87 +/-9 [100%]             0.330           0.067
           Kalman_only  0.228 +/-0.805 [50%]  -0.209 +/-0.812 [50%]  -0.71 +/-5.24 [50%]  9.80 +/-3.49 [100%]  119 +/-21 [100%]             0.325          -0.100
               ML_only  -0.326 +/-0.317 [17%]  -0.655 +/-0.339 [0%]  -5.04 +/-2.42 [0%]  14.41 +/-5.03 [100%]  111 +/-7 [100%]            -0.294          -0.602
S2_Ensemble [ENSEMBLE]  -0.181 +/-0.571 [33%]  -0.630 +/-0.533 [33%]  -5.13 +/-4.49 [33%]  11.83 +/-5.13 [100%]  142 +/-6 [100%]            -0.233          -0.660
--------------------------------------------------------------------------------------------------------------

  Verdict: BEST INDIVIDUAL >= ENSEMBLE  (ensemble full-OOS Net SR -0.660  vs  best individual 0.067;  margin=-0.728)
==============================================================================================================

==========================================
End time: Sun Apr  5 04:02:16 AM IST 2026
==========================================
