==========================================
E3: Transformer_only ablation re-run
Fix: Lambda+GPU crash replaced with _PositionalEncodingLayer
Start time: Mon Apr  6 04:31:00 AM IST 2026
==========================================
Loading data from cache: data_cache/daily_prices.parquet

==============================================================================================================
  STAGE 1 ABLATION — Out-of-Sample Results (mean +/- std across 6 folds, 2020-2025)
==============================================================================================================
                Config    GrossSharpeMean      NetSharpeMean    NetRet% Mean   MaxDD% Mean    Trd/YrMean   FullOOS GrossSR   FullOOS NetSR
--------------------------------------------------------------------------------------------------------------
      Correlation_only  0.666 +/-0.790 [83%]  0.098 +/-0.799 [67%]  0.90 +/-5.24 [67%]  8.46 +/-2.98 [100%]  148 +/-9 [100%]             0.682           0.151
         Distance_only  0.270 +/-0.431 [50%]  -0.192 +/-0.438 [50%]  -1.25 +/-3.10 [50%]  10.68 +/-3.77 [100%]  144 +/-5 [100%]             0.278          -0.165
    Cointegration_only  0.086 +/-0.914 [50%]  -0.306 +/-0.917 [33%]  -2.67 +/-7.06 [33%]  13.64 +/-4.54 [100%]  142 +/-8 [100%]             0.079          -0.289
         Combined_only  -0.444 +/-0.861 [33%]  -0.811 +/-0.830 [17%]  -8.43 +/-8.98 [17%]  19.65 +/-8.96 [100%]  142 +/-9 [100%]            -0.492          -0.824
               ML_only  0.352 +/-1.234 [67%]  -0.022 +/-1.186 [50%]  -2.26 +/-13.48 [50%]  14.89 +/-12.86 [100%]  145 +/-12 [100%]             0.157          -0.192
  LSTM_only [BEST IND]  0.775 +/-0.877 [83%]  0.410 +/-0.866 [67%]  3.19 +/-8.29 [67%]  11.70 +/-7.38 [100%]  149 +/-14 [100%]             0.687           0.341
      Transformer_only  0.295 +/-0.833 [67%]  -0.055 +/-0.889 [50%]  0.03 +/-10.18 [50%]  17.44 +/-10.86 [100%]  154 +/-15 [100%]             0.334           0.023
              GNN_only  -0.091 +/-0.452 [50%]  -0.415 +/-0.438 [17%]  -5.39 +/-7.29 [17%]  18.11 +/-11.63 [100%]  145 +/-15 [100%]            -0.161          -0.448
S1_Ensemble [ENSEMBLE]  -0.181 +/-0.571 [33%]  -0.630 +/-0.533 [33%]  -5.13 +/-4.49 [33%]  11.83 +/-5.13 [100%]  142 +/-6 [100%]            -0.233          -0.660
--------------------------------------------------------------------------------------------------------------

  Verdict: BEST INDIVIDUAL >= ENSEMBLE  (ensemble full-OOS Net SR -0.660  vs  best individual 0.341;  margin=-1.001)
==============================================================================================================

==========================================
End time: Mon Apr  6 05:41:12 AM IST 2026
==========================================
