WARNING: All log messages before absl::InitializeLog() is called are written to STDERR
I0000 00:00:1778011098.147678    7124 port.cc:153] oneDNN custom operations are on. You may see slightly different numerical results due to floating-point round-off errors from different computation orders. To turn them off, set the environment variable `TF_ENABLE_ONEDNN_OPTS=0`.
WARNING: All log messages before absl::InitializeLog() is called are written to STDERR
I0000 00:00:1778011112.361225    7124 port.cc:153] oneDNN custom operations are on. You may see slightly different numerical results due to floating-point round-off errors from different computation orders. To turn them off, set the environment variable `TF_ENABLE_ONEDNN_OPTS=0`.
01:28:43  INFO      ================================================================
01:28:43  INFO      E3 Ablation  |  mode=full  |  stage=1  |  top_k=10
01:28:43  INFO      min_hold=30  capital=1,000,000
01:28:43  INFO      ================================================================
01:28:43  INFO      [Data] Fetching full 10-year daily prices ...
/users/student/pg/pg24/yash.sarang/Hybrid-Pairs-Trading-Ensemble/Implementation/core/data.py:136: PerformanceWarning: indexing past lexsort depth may impact performance.
  if col in data.columns:
/users/student/pg/pg24/yash.sarang/Hybrid-Pairs-Trading-Ensemble/Implementation/core/data.py:137: PerformanceWarning: indexing past lexsort depth may impact performance.
  s = data[col]
01:28:43  INFO        35 tickers x 3742 bars
01:28:43  INFO      
--- Running Stage 1 Ablation ---
01:28:43  INFO        Stage 1 ablation: ['Correlation_only', 'Distance_only', 'Cointegration_only', 'Combined_only', 'ML_only', 'LSTM_only', 'Transformer_only', 'GNN_only', 'S1_Ensemble']
01:28:43  INFO        [S1] Config: Correlation_only
01:28:59  INFO          [Correlation_only] 2020 -> Gross SR=1.082  Net SR=0.683  pairs=10  t=15.2s
01:29:00  INFO          [Correlation_only] 2021 -> Gross SR=1.686  Net SR=1.122  pairs=10  t=1.3s
01:29:01  INFO          [Correlation_only] 2022 -> Gross SR=-0.827  Net SR=-1.345  pairs=10  t=1.4s
01:29:03  INFO          [Correlation_only] 2023 -> Gross SR=0.760  Net SR=0.004  pairs=10  t=1.6s
01:29:04  INFO          [Correlation_only] 2024 -> Gross SR=0.266  Net SR=-0.356  pairs=10  t=1.5s
01:29:06  INFO          [Correlation_only] 2025 -> Gross SR=1.031  Net SR=0.479  pairs=10  t=1.6s
01:29:06  INFO        [S1] Config: Distance_only
01:29:07  INFO          [Distance_only] 2020 -> Gross SR=0.633  Net SR=0.278  pairs=10  t=1.1s
01:29:08  INFO          [Distance_only] 2021 -> Gross SR=-0.080  Net SR=-0.491  pairs=10  t=1.2s
01:29:09  INFO          [Distance_only] 2022 -> Gross SR=-0.328  Net SR=-0.841  pairs=10  t=1.2s
01:29:11  INFO          [Distance_only] 2023 -> Gross SR=0.762  Net SR=0.224  pairs=10  t=1.3s
01:29:12  INFO          [Distance_only] 2024 -> Gross SR=-0.043  Net SR=-0.511  pairs=10  t=1.3s
01:29:13  INFO          [Distance_only] 2025 -> Gross SR=0.675  Net SR=0.189  pairs=10  t=1.4s
01:29:13  INFO        [S1] Config: Cointegration_only
01:29:20  INFO          [Cointegration_only] 2020 -> Gross SR=0.183  Net SR=-0.083  pairs=10  t=6.3s
01:29:26  INFO          [Cointegration_only] 2021 -> Gross SR=0.975  Net SR=0.581  pairs=10  t=6.2s
01:29:32  INFO          [Cointegration_only] 2022 -> Gross SR=-0.919  Net SR=-1.357  pairs=10  t=6.4s
01:29:39  INFO          [Cointegration_only] 2023 -> Gross SR=-0.360  Net SR=-0.818  pairs=10  t=6.3s
01:29:45  INFO          [Cointegration_only] 2024 -> Gross SR=-0.884  Net SR=-1.250  pairs=10  t=6.5s
01:29:52  INFO          [Cointegration_only] 2025 -> Gross SR=1.522  Net SR=1.091  pairs=10  t=6.9s
01:29:52  INFO        [S1] Config: Combined_only
01:30:04  INFO          [Combined_only] 2020 -> Gross SR=-0.389  Net SR=-0.633  pairs=10  t=11.7s
01:30:27  INFO          [Combined_only] 2021 -> Gross SR=0.560  Net SR=0.194  pairs=10  t=22.9s
01:30:33  INFO          [Combined_only] 2022 -> Gross SR=-1.067  Net SR=-1.415  pairs=10  t=6.9s
01:30:39  INFO          [Combined_only] 2023 -> Gross SR=0.322  Net SR=-0.152  pairs=10  t=5.9s
01:30:57  INFO          [Combined_only] 2024 -> Gross SR=-1.978  Net SR=-2.302  pairs=10  t=18.1s
01:31:04  INFO          [Combined_only] 2025 -> Gross SR=-0.112  Net SR=-0.558  pairs=10  t=6.9s
01:31:04  INFO        [S1] Config: ML_only
01:31:15  INFO      [MLSelector.fit] y class counts: {0: 335, 1: 260}
/users/student/pg/pg24/yash.sarang/miniconda3/envs/pairs_trading/lib/python3.10/site-packages/xgboost/core.py:751: UserWarning: [01:31:16] WARNING: /__w/xgboost/xgboost/src/common/error_msg.cc:62: Falling back to prediction using DMatrix due to mismatched devices. This might lead to higher memory usage and slower performance. XGBoost is running on: cuda:0, while the input data is on: cpu.
Potential solutions:
- Use a data structure that matches the device ordinal in the booster.
- Set the device for booster before call to inplace_predict.

This warning will only be shown once.

  return func(**kwargs)
01:32:00  INFO          [ML_only] 2020 -> Gross SR=-1.785  Net SR=-2.065  pairs=10  t=55.6s
01:32:19  INFO      [MLSelector.fit] y class counts: {0: 340, 1: 255}
01:33:17  INFO          [ML_only] 2021 -> Gross SR=1.398  Net SR=1.053  pairs=10  t=77.0s
01:33:48  INFO      [MLSelector.fit] y class counts: {0: 306, 1: 289}
01:34:59  INFO          [ML_only] 2022 -> Gross SR=0.242  Net SR=-0.079  pairs=10  t=102.1s
01:35:45  INFO      [MLSelector.fit] y class counts: {0: 250, 1: 345}
01:37:02  INFO          [ML_only] 2023 -> Gross SR=1.891  Net SR=1.487  pairs=10  t=123.0s
01:37:46  INFO      [MLSelector.fit] y class counts: {0: 281, 1: 314}
01:39:18  INFO          [ML_only] 2024 -> Gross SR=-0.536  Net SR=-0.864  pairs=10  t=135.8s
01:40:23  INFO      [MLSelector.fit] y class counts: {0: 297, 1: 298}
01:42:12  INFO          [ML_only] 2025 -> Gross SR=0.906  Net SR=0.333  pairs=10  t=174.6s
01:42:12  INFO        [S1] Config: LSTM_only
01:42:16  INFO      [LSTMSelector] 671755 sequences, class dist: {0: 335187, 1: 336568}
01:42:16  INFO      [LSTMSelector] Subsampled to 50000 sequences.
/users/student/pg/pg24/yash.sarang/miniconda3/envs/pairs_trading/lib/python3.10/site-packages/keras/src/layers/rnn/bidirectional.py:107: UserWarning: Do not pass an `input_shape`/`input_dim` argument to a layer. When using Sequential models, prefer using an `Input(shape)` object as the first layer in the model instead.
  super().__init__(**kwargs)
01:44:00  INFO      [LSTMSelector] Training complete.
01:44:04  INFO          [LSTM_only] 2020 -> Gross SR=1.542  Net SR=1.270  pairs=10  t=111.4s
01:44:19  INFO      [LSTMSelector] 889525 sequences, class dist: {0: 442602, 1: 446923}
01:44:20  INFO      [LSTMSelector] Subsampled to 50000 sequences.
/users/student/pg/pg24/yash.sarang/miniconda3/envs/pairs_trading/lib/python3.10/site-packages/keras/src/layers/rnn/bidirectional.py:107: UserWarning: Do not pass an `input_shape`/`input_dim` argument to a layer. When using Sequential models, prefer using an `Input(shape)` object as the first layer in the model instead.
  super().__init__(**kwargs)
01:45:08  INFO      [LSTMSelector] Training complete.
01:45:12  INFO          [LSTM_only] 2021 -> Gross SR=0.864  Net SR=0.563  pairs=10  t=68.3s
01:45:16  INFO      [LSTMSelector] 1106700 sequences, class dist: {0: 549456, 1: 557244}
01:45:17  INFO      [LSTMSelector] Subsampled to 50000 sequences.
/users/student/pg/pg24/yash.sarang/miniconda3/envs/pairs_trading/lib/python3.10/site-packages/keras/src/layers/rnn/bidirectional.py:107: UserWarning: Do not pass an `input_shape`/`input_dim` argument to a layer. When using Sequential models, prefer using an `Input(shape)` object as the first layer in the model instead.
  super().__init__(**kwargs)
01:45:41  INFO      [LSTMSelector] Training complete.
01:45:49  INFO          [LSTM_only] 2022 -> Gross SR=1.462  Net SR=1.112  pairs=10  t=36.9s
01:45:59  INFO      [LSTMSelector] 1323875 sequences, class dist: {0: 657867, 1: 666008}
01:45:59  INFO      [LSTMSelector] Subsampled to 50000 sequences.
/users/student/pg/pg24/yash.sarang/miniconda3/envs/pairs_trading/lib/python3.10/site-packages/keras/src/layers/rnn/bidirectional.py:107: UserWarning: Do not pass an `input_shape`/`input_dim` argument to a layer. When using Sequential models, prefer using an `Input(shape)` object as the first layer in the model instead.
  super().__init__(**kwargs)
01:46:58  INFO      [LSTMSelector] Training complete.
01:47:02  INFO          [LSTM_only] 2023 -> Gross SR=0.746  Net SR=0.268  pairs=10  t=73.1s
01:47:15  INFO      [LSTMSelector] 1541050 sequences, class dist: {0: 766018, 1: 775032}
01:47:15  INFO      [LSTMSelector] Subsampled to 50000 sequences.
/users/student/pg/pg24/yash.sarang/miniconda3/envs/pairs_trading/lib/python3.10/site-packages/keras/src/layers/rnn/bidirectional.py:107: UserWarning: Do not pass an `input_shape`/`input_dim` argument to a layer. When using Sequential models, prefer using an `Input(shape)` object as the first layer in the model instead.
  super().__init__(**kwargs)
01:47:40  INFO      [LSTMSelector] Training complete.
01:47:43  INFO          [LSTM_only] 2024 -> Gross SR=0.722  Net SR=0.403  pairs=10  t=41.2s
01:47:56  INFO      [LSTMSelector] 1758820 sequences, class dist: {0: 879622, 1: 879198}
01:47:57  INFO      [LSTMSelector] Subsampled to 50000 sequences.
/users/student/pg/pg24/yash.sarang/miniconda3/envs/pairs_trading/lib/python3.10/site-packages/keras/src/layers/rnn/bidirectional.py:107: UserWarning: Do not pass an `input_shape`/`input_dim` argument to a layer. When using Sequential models, prefer using an `Input(shape)` object as the first layer in the model instead.
  super().__init__(**kwargs)
01:49:22  INFO      [LSTMSelector] Training complete.
01:49:26  INFO          [LSTM_only] 2025 -> Gross SR=-0.596  Net SR=-1.062  pairs=10  t=102.7s
01:49:26  INFO        [S1] Config: Transformer_only
01:49:30  INFO      [TransformerSelector] 671755 sequences, class dist: {0: 335187, 1: 336568}
01:49:30  INFO      [TransformerSelector] Subsampled to 50000 sequences.
01:50:29  INFO      [TransformerSelector] Training complete.
01:50:33  INFO          [Transformer_only] 2020 -> Gross SR=0.012  Net SR=-0.270  pairs=10  t=67.1s
01:50:42  INFO      [TransformerSelector] 889525 sequences, class dist: {0: 442602, 1: 446923}
01:50:43  INFO      [TransformerSelector] Subsampled to 50000 sequences.
01:51:41  INFO      [TransformerSelector] Training complete.
01:51:45  INFO          [Transformer_only] 2021 -> Gross SR=1.379  Net SR=1.110  pairs=10  t=72.0s
01:52:00  INFO      [TransformerSelector] 1106700 sequences, class dist: {0: 549456, 1: 557244}
01:52:00  INFO      [TransformerSelector] Subsampled to 50000 sequences.
01:55:05  INFO      [TransformerSelector] Training complete.
01:55:13  INFO          [Transformer_only] 2022 -> Gross SR=-0.133  Net SR=-0.480  pairs=10  t=207.6s
01:55:24  INFO      [TransformerSelector] 1323875 sequences, class dist: {0: 657867, 1: 666008}
01:55:25  INFO      [TransformerSelector] Subsampled to 50000 sequences.
01:57:32  INFO      [TransformerSelector] Training complete.
01:57:36  INFO          [Transformer_only] 2023 -> Gross SR=-0.230  Net SR=-0.658  pairs=10  t=143.3s
01:57:42  INFO      [TransformerSelector] 1541050 sequences, class dist: {0: 766018, 1: 775032}
01:57:43  INFO      [TransformerSelector] Subsampled to 50000 sequences.
02:00:46  INFO      [TransformerSelector] Training complete.
02:00:49  INFO          [Transformer_only] 2024 -> Gross SR=0.528  Net SR=0.201  pairs=10  t=193.5s
02:01:04  INFO      [TransformerSelector] 1758820 sequences, class dist: {0: 879622, 1: 879198}
02:01:05  INFO      [TransformerSelector] Subsampled to 50000 sequences.
02:02:31  INFO      [TransformerSelector] Training complete.
02:02:35  INFO          [Transformer_only] 2025 -> Gross SR=-0.106  Net SR=-0.668  pairs=10  t=106.0s
02:02:35  INFO        [S1] Config: GNN_only
02:02:37  INFO      [GNNSelector] Training on 8 snapshots, N=35 stocks.
02:04:23  INFO      [GNNSelector] Training complete.
02:04:24  INFO          [GNN_only] 2020 -> Gross SR=-0.804  Net SR=-1.007  pairs=10  t=109.0s
02:04:26  INFO      [GNNSelector] Training on 7 snapshots, N=35 stocks.
02:05:58  INFO      [GNNSelector] Training complete.
02:05:59  INFO          [GNN_only] 2021 -> Gross SR=-0.002  Net SR=-0.375  pairs=10  t=94.9s
02:06:01  INFO      [GNNSelector] Training on 8 snapshots, N=35 stocks.
02:07:46  INFO      [GNNSelector] Training complete.
02:07:47  INFO          [GNN_only] 2022 -> Gross SR=-0.019  Net SR=-0.301  pairs=10  t=107.7s
02:07:49  INFO      [GNNSelector] Training on 8 snapshots, N=35 stocks.
02:09:34  INFO      [GNNSelector] Training complete.
02:09:35  INFO          [GNN_only] 2023 -> Gross SR=0.090  Net SR=-0.403  pairs=10  t=108.3s
02:09:37  INFO      [GNNSelector] Training on 8 snapshots, N=35 stocks.
02:11:23  INFO      [GNNSelector] Training complete.
02:11:25  INFO          [GNN_only] 2024 -> Gross SR=0.405  Net SR=-0.002  pairs=10  t=109.6s
02:11:27  INFO      [GNNSelector] Training on 8 snapshots, N=35 stocks.
02:13:13  INFO      [GNNSelector] Training complete.
02:13:15  INFO          [GNN_only] 2025 -> Gross SR=0.233  Net SR=-0.107  pairs=10  t=109.7s
02:13:15  INFO        [S1] Config: S1_Ensemble
02:13:54  INFO      [MLSelector.fit] y class counts: {0: 335, 1: 260}
02:14:50  INFO      [LSTMSelector] 671755 sequences, class dist: {0: 335187, 1: 336568}
02:14:50  INFO      [LSTMSelector] Subsampled to 50000 sequences.
/users/student/pg/pg24/yash.sarang/miniconda3/envs/pairs_trading/lib/python3.10/site-packages/keras/src/layers/rnn/bidirectional.py:107: UserWarning: Do not pass an `input_shape`/`input_dim` argument to a layer. When using Sequential models, prefer using an `Input(shape)` object as the first layer in the model instead.
  super().__init__(**kwargs)
02:16:21  INFO      [LSTMSelector] Training complete.
02:16:34  INFO      [TransformerSelector] 671755 sequences, class dist: {0: 335187, 1: 336568}
02:16:34  INFO      [TransformerSelector] Subsampled to 50000 sequences.
02:18:03  INFO      [TransformerSelector] Training complete.
02:18:07  INFO      [GNNSelector] Training on 8 snapshots, N=35 stocks.
02:19:54  INFO      [GNNSelector] Training complete.
02:19:55  INFO          [S1_Ensemble] 2020 -> Gross SR=-0.661  Net SR=-0.990  pairs=10  t=400.6s
02:20:33  INFO      [MLSelector.fit] y class counts: {0: 340, 1: 255}
02:21:31  INFO      [LSTMSelector] 889525 sequences, class dist: {0: 442602, 1: 446923}
02:21:31  INFO      [LSTMSelector] Subsampled to 50000 sequences.
/users/student/pg/pg24/yash.sarang/miniconda3/envs/pairs_trading/lib/python3.10/site-packages/keras/src/layers/rnn/bidirectional.py:107: UserWarning: Do not pass an `input_shape`/`input_dim` argument to a layer. When using Sequential models, prefer using an `Input(shape)` object as the first layer in the model instead.
  super().__init__(**kwargs)
02:22:55  INFO      [LSTMSelector] Training complete.
02:23:07  INFO      [TransformerSelector] 889525 sequences, class dist: {0: 442602, 1: 446923}
02:23:08  INFO      [TransformerSelector] Subsampled to 50000 sequences.
02:26:37  INFO      [TransformerSelector] Training complete.
02:26:41  INFO      [GNNSelector] Training on 7 snapshots, N=35 stocks.
02:28:19  INFO      [GNNSelector] Training complete.
02:28:20  INFO          [S1_Ensemble] 2021 -> Gross SR=-0.120  Net SR=-0.611  pairs=10  t=505.2s
02:29:04  INFO      [MLSelector.fit] y class counts: {0: 306, 1: 289}
02:30:13  INFO      [LSTMSelector] 1106700 sequences, class dist: {0: 549456, 1: 557244}
02:30:13  INFO      [LSTMSelector] Subsampled to 50000 sequences.
/users/student/pg/pg24/yash.sarang/miniconda3/envs/pairs_trading/lib/python3.10/site-packages/keras/src/layers/rnn/bidirectional.py:107: UserWarning: Do not pass an `input_shape`/`input_dim` argument to a layer. When using Sequential models, prefer using an `Input(shape)` object as the first layer in the model instead.
  super().__init__(**kwargs)
02:31:09  INFO      [LSTMSelector] Training complete.
02:31:23  INFO      [TransformerSelector] 1106700 sequences, class dist: {0: 549456, 1: 557244}
02:31:23  INFO      [TransformerSelector] Subsampled to 50000 sequences.
02:33:47  INFO      [TransformerSelector] Training complete.
02:33:51  INFO      [GNNSelector] Training on 8 snapshots, N=35 stocks.
02:35:48  INFO      [GNNSelector] Training complete.
02:35:49  INFO          [S1_Ensemble] 2022 -> Gross SR=-0.614  Net SR=-1.122  pairs=10  t=448.6s
02:36:38  INFO      [MLSelector.fit] y class counts: {0: 250, 1: 345}
02:38:23  INFO      [LSTMSelector] 1323875 sequences, class dist: {0: 657867, 1: 666008}
02:38:24  INFO      [LSTMSelector] Subsampled to 50000 sequences.
/users/student/pg/pg24/yash.sarang/miniconda3/envs/pairs_trading/lib/python3.10/site-packages/keras/src/layers/rnn/bidirectional.py:107: UserWarning: Do not pass an `input_shape`/`input_dim` argument to a layer. When using Sequential models, prefer using an `Input(shape)` object as the first layer in the model instead.
  super().__init__(**kwargs)
02:39:10  INFO      [LSTMSelector] Training complete.
02:39:24  INFO      [TransformerSelector] 1323875 sequences, class dist: {0: 657867, 1: 666008}
02:39:25  INFO      [TransformerSelector] Subsampled to 50000 sequences.
02:41:19  INFO      [TransformerSelector] Training complete.
02:41:24  INFO      [GNNSelector] Training on 8 snapshots, N=35 stocks.
02:43:12  INFO      [GNNSelector] Training complete.
02:43:13  INFO          [S1_Ensemble] 2023 -> Gross SR=0.642  Net SR=0.111  pairs=10  t=444.3s
02:44:11  INFO      [MLSelector.fit] y class counts: {0: 281, 1: 314}
02:45:35  INFO      [LSTMSelector] 1541050 sequences, class dist: {0: 766018, 1: 775032}
02:45:35  INFO      [LSTMSelector] Subsampled to 50000 sequences.
/users/student/pg/pg24/yash.sarang/miniconda3/envs/pairs_trading/lib/python3.10/site-packages/keras/src/layers/rnn/bidirectional.py:107: UserWarning: Do not pass an `input_shape`/`input_dim` argument to a layer. When using Sequential models, prefer using an `Input(shape)` object as the first layer in the model instead.
  super().__init__(**kwargs)
02:45:56  INFO      [LSTMSelector] Training complete.
02:46:10  INFO      [TransformerSelector] 1541050 sequences, class dist: {0: 766018, 1: 775032}
02:46:11  INFO      [TransformerSelector] Subsampled to 50000 sequences.
02:50:39  INFO      [TransformerSelector] Training complete.
02:50:44  INFO      [GNNSelector] Training on 8 snapshots, N=35 stocks.
02:52:37  INFO      [GNNSelector] Training complete.
02:52:39  INFO          [S1_Ensemble] 2024 -> Gross SR=-0.819  Net SR=-1.208  pairs=10  t=565.7s
02:54:03  INFO      [MLSelector.fit] y class counts: {0: 297, 1: 298}
02:55:53  INFO      [LSTMSelector] 1758820 sequences, class dist: {0: 879622, 1: 879198}
02:55:53  INFO      [LSTMSelector] Subsampled to 50000 sequences.
/users/student/pg/pg24/yash.sarang/miniconda3/envs/pairs_trading/lib/python3.10/site-packages/keras/src/layers/rnn/bidirectional.py:107: UserWarning: Do not pass an `input_shape`/`input_dim` argument to a layer. When using Sequential models, prefer using an `Input(shape)` object as the first layer in the model instead.
  super().__init__(**kwargs)
02:56:41  INFO      [LSTMSelector] Training complete.
02:56:58  INFO      [TransformerSelector] 1758820 sequences, class dist: {0: 879622, 1: 879198}
02:56:58  INFO      [TransformerSelector] Subsampled to 50000 sequences.
02:58:25  INFO      [TransformerSelector] Training complete.
02:58:29  INFO      [GNNSelector] Training on 8 snapshots, N=35 stocks.
03:00:21  INFO      [GNNSelector] Training complete.
03:00:22  INFO          [S1_Ensemble] 2025 -> Gross SR=0.488  Net SR=0.040  pairs=10  t=463.2s
03:00:22  INFO      Total ablation time: 5499s
03:00:22  INFO      Results saved -> /users/student/pg/pg24/yash.sarang/Hybrid-Pairs-Trading-Ensemble/Implementation/experiments/results/ablation_20260506_030022.json
