WARNING: All log messages before absl::InitializeLog() is called are written to STDERR
I0000 00:00:1775416006.908837  115917 port.cc:153] oneDNN custom operations are on. You may see slightly different numerical results due to floating-point round-off errors from different computation orders. To turn them off, set the environment variable `TF_ENABLE_ONEDNN_OPTS=0`.
WARNING: All log messages before absl::InitializeLog() is called are written to STDERR
I0000 00:00:1775416012.681973  115917 port.cc:153] oneDNN custom operations are on. You may see slightly different numerical results due to floating-point round-off errors from different computation orders. To turn them off, set the environment variable `TF_ENABLE_ONEDNN_OPTS=0`.
00:36:54  INFO      ================================================================
00:36:54  INFO      E4 Walk-Forward Validation  |  mode=full  |  s2=ou_only  |  top_k=10
00:36:54  INFO      Folds: ['Fold1_2020', 'Fold2_2021', 'Fold3_2022', 'Fold4_2023', 'Fold5_2024', 'Fold6_2025']
00:36:54  INFO      min_hold_bars=30  capital=1,000,000
00:36:54  INFO      ================================================================
00:36:54  INFO      [Data] Fetching full 10-year daily prices ...
/users/student/pg/pg24/yash.sarang/Hybrid-Pairs-Trading-Ensemble/Implementation/core/data.py:136: PerformanceWarning: indexing past lexsort depth may impact performance.
  if col in data.columns:
/users/student/pg/pg24/yash.sarang/Hybrid-Pairs-Trading-Ensemble/Implementation/core/data.py:137: PerformanceWarning: indexing past lexsort depth may impact performance.
  s = data[col]
00:36:55  INFO        35 tickers x 3742 bars  (2016-01-01 -> 2026-03-30)
00:36:55  INFO        --- Fold1_2020 | Train 2016-01-01 -> 2019-12-31 | Test 2020-01-01 -> 2020-12-31 ---
00:37:17  INFO      [MLSelector.fit] y class counts: {0: 335, 1: 260}
[00:37:18] WARNING: /__w/xgboost/xgboost/src/common/error_msg.cc:62: Falling back to prediction using DMatrix due to mismatched devices. This might lead to higher memory usage and slower performance. XGBoost is running on: cuda:0, while the input data is on: cpu.
Potential solutions:
- Use a data structure that matches the device ordinal in the booster.
- Set the device for booster before call to inplace_predict.

This warning will only be shown once.

00:38:12  INFO      [LSTMSelector] 671755 sequences, class dist: {0: 335187, 1: 336568}
00:38:13  INFO      [LSTMSelector] Subsampled to 50000 sequences.
/users/student/pg/pg24/yash.sarang/miniconda3/envs/pairs_trading/lib/python3.10/site-packages/keras/src/layers/rnn/bidirectional.py:107: UserWarning: Do not pass an `input_shape`/`input_dim` argument to a layer. When using Sequential models, prefer using an `Input(shape)` object as the first layer in the model instead.
  super().__init__(**kwargs)
00:39:04  INFO      [LSTMSelector] Training complete.
00:39:20  INFO      [TransformerSelector] 671755 sequences, class dist: {0: 335187, 1: 336568}
00:39:21  INFO      [TransformerSelector] Subsampled to 50000 sequences.
00:39:21  WARNING       [Transformer] failed: Exception encountered when calling Lambda.call().

[1mWe could not automatically infer the shape of the Lambda's output. Please specify the `output_shape` argument for this Lambda layer.[0m

Arguments received by Lambda.call():
  • args=('<KerasTensor shape=(None, 60, 32), dtype=float16, sparse=False, ragged=False, name=keras_tensor_18>',)
  • kwargs={'mask': 'None'}
00:39:23  INFO      [GNNSelector] Training on 8 snapshots, N=35 stocks.
slurmstepd-anandi: error: *** JOB 1997 ON anandi CANCELLED AT 2026-04-06T00:40:16 ***
