WARNING: All log messages before absl::InitializeLog() is called are written to STDERR
I0000 00:00:1778011098.147789    7125 port.cc:153] oneDNN custom operations are on. You may see slightly different numerical results due to floating-point round-off errors from different computation orders. To turn them off, set the environment variable `TF_ENABLE_ONEDNN_OPTS=0`.
WARNING: All log messages before absl::InitializeLog() is called are written to STDERR
I0000 00:00:1778011112.361227    7125 port.cc:153] oneDNN custom operations are on. You may see slightly different numerical results due to floating-point round-off errors from different computation orders. To turn them off, set the environment variable `TF_ENABLE_ONEDNN_OPTS=0`.
01:28:43  INFO      ================================================================
01:28:43  INFO      Walk-Forward Validation  |  mode=custom({"LSTM":3,"Correlation":2,"Distance":1,"Cointegration":1,"Co)  |  s2=ou_only  |  top_k=10
01:28:43  INFO      S1 weights: {'LSTM': 3, 'Correlation': 2, 'Distance': 1, 'Cointegration': 1, 'Transformer': 1}
01:28:43  INFO      Folds: ['Fold1_2020', 'Fold2_2021', 'Fold3_2022', 'Fold4_2023', 'Fold5_2024', 'Fold6_2025']
01:28:43  INFO      min_hold_bars=30  capital=1,000,000
01:28:43  INFO      ================================================================
01:28:43  INFO      [Data] Fetching full 10-year daily prices ...
/users/student/pg/pg24/yash.sarang/Hybrid-Pairs-Trading-Ensemble/Implementation/core/data.py:136: PerformanceWarning: indexing past lexsort depth may impact performance.
  if col in data.columns:
/users/student/pg/pg24/yash.sarang/Hybrid-Pairs-Trading-Ensemble/Implementation/core/data.py:137: PerformanceWarning: indexing past lexsort depth may impact performance.
  s = data[col]
01:28:43  INFO        35 tickers x 3742 bars  (2016-01-01 -> 2026-03-30)
01:28:43  INFO        --- Fold1_2020 | Train 2016-01-01 -> 2019-12-31 | Test 2020-01-01 -> 2020-12-31 ---
01:28:52  INFO      [LSTMSelector] 671755 sequences, class dist: {0: 335187, 1: 336568}
01:28:52  INFO      [LSTMSelector] Subsampled to 50000 sequences.
/users/student/pg/pg24/yash.sarang/miniconda3/envs/pairs_trading/lib/python3.10/site-packages/keras/src/layers/rnn/bidirectional.py:107: UserWarning: Do not pass an `input_shape`/`input_dim` argument to a layer. When using Sequential models, prefer using an `Input(shape)` object as the first layer in the model instead.
  super().__init__(**kwargs)
01:32:12  INFO      [LSTMSelector] Training complete.
01:32:20  INFO      [TransformerSelector] 671755 sequences, class dist: {0: 335187, 1: 336568}
01:32:21  INFO      [TransformerSelector] Subsampled to 50000 sequences.
01:34:56  INFO      [TransformerSelector] Training complete.
01:34:58  INFO          Pairs selected (10): ['ONGC-COALINDIA', 'MARUTI-BAJAJ-AUTO', 'HINDUNILVR-NESTLEIND', 'M&M-ONGC', 'TATASTEEL-JSWSTEEL'] ...
01:34:58  INFO          OOS => Gross Sharpe=0.108  Net Sharpe=-0.127  Net Ret=-1.32%  Trades/yr=106  [sel=375.0s bt=0.1s]
01:34:58  INFO        --- Fold2_2021 | Train 2016-01-01 -> 2020-12-31 | Test 2021-01-01 -> 2021-12-31 ---
01:35:17  INFO      [LSTMSelector] 889525 sequences, class dist: {0: 442602, 1: 446923}
01:35:17  INFO      [LSTMSelector] Subsampled to 50000 sequences.
/users/student/pg/pg24/yash.sarang/miniconda3/envs/pairs_trading/lib/python3.10/site-packages/keras/src/layers/rnn/bidirectional.py:107: UserWarning: Do not pass an `input_shape`/`input_dim` argument to a layer. When using Sequential models, prefer using an `Input(shape)` object as the first layer in the model instead.
  super().__init__(**kwargs)
01:37:43  INFO      [LSTMSelector] Training complete.
01:37:49  INFO      [TransformerSelector] 889525 sequences, class dist: {0: 442602, 1: 446923}
01:37:49  INFO      [TransformerSelector] Subsampled to 50000 sequences.
01:38:24  INFO      [TransformerSelector] Training complete.
01:38:26  INFO          Pairs selected (10): ['TECHM-JSWSTEEL', 'INFY-WIPRO', 'TCS-WIPRO', 'ICICIBANK-AXISBANK', 'INFY-HCLTECH'] ...
01:38:26  INFO          OOS => Gross Sharpe=0.832  Net Sharpe=0.597  Net Ret=4.18%  Trades/yr=73  [sel=207.9s bt=0.1s]
01:38:26  INFO        --- Fold3_2022 | Train 2016-01-01 -> 2021-12-31 | Test 2022-01-01 -> 2022-12-31 ---
01:38:45  INFO      [LSTMSelector] 1106700 sequences, class dist: {0: 549456, 1: 557244}
01:38:46  INFO      [LSTMSelector] Subsampled to 50000 sequences.
/users/student/pg/pg24/yash.sarang/miniconda3/envs/pairs_trading/lib/python3.10/site-packages/keras/src/layers/rnn/bidirectional.py:107: UserWarning: Do not pass an `input_shape`/`input_dim` argument to a layer. When using Sequential models, prefer using an `Input(shape)` object as the first layer in the model instead.
  super().__init__(**kwargs)
01:40:36  INFO      [LSTMSelector] Training complete.
01:40:51  INFO      [TransformerSelector] 1106700 sequences, class dist: {0: 549456, 1: 557244}
01:40:52  INFO      [TransformerSelector] Subsampled to 50000 sequences.
01:42:15  INFO      [TransformerSelector] Training complete.
01:42:17  INFO          Pairs selected (10): ['ULTRACEMCO-ACC', 'INFY-WIPRO', 'INFY-TECHM', 'TCS-HCLTECH', 'BAJAJ-AUTO-HEROMOTOCO'] ...
01:42:17  INFO          OOS => Gross Sharpe=1.574  Net Sharpe=1.228  Net Ret=7.35%  Trades/yr=91  [sel=231.0s bt=0.1s]
01:42:17  INFO        --- Fold4_2023 | Train 2016-01-01 -> 2022-12-31 | Test 2023-01-01 -> 2023-12-31 ---
01:42:28  INFO      [LSTMSelector] 1323875 sequences, class dist: {0: 657867, 1: 666008}
01:42:28  INFO      [LSTMSelector] Subsampled to 50000 sequences.
/users/student/pg/pg24/yash.sarang/miniconda3/envs/pairs_trading/lib/python3.10/site-packages/keras/src/layers/rnn/bidirectional.py:107: UserWarning: Do not pass an `input_shape`/`input_dim` argument to a layer. When using Sequential models, prefer using an `Input(shape)` object as the first layer in the model instead.
  super().__init__(**kwargs)
01:44:56  INFO      [LSTMSelector] Training complete.
01:45:17  INFO      [TransformerSelector] 1323875 sequences, class dist: {0: 657867, 1: 666008}
01:45:18  INFO      [TransformerSelector] Subsampled to 50000 sequences.
01:47:31  INFO      [TransformerSelector] Training complete.
01:47:33  INFO          Pairs selected (10): ['ITC-COALINDIA', 'ICICIBANK-COALINDIA', 'SBIN-AXISBANK', 'ICICIBANK-SBIN', 'ICICIBANK-INDUSINDBK'] ...
01:47:33  INFO          OOS => Gross Sharpe=1.211  Net Sharpe=0.878  Net Ret=4.30%  Trades/yr=71  [sel=315.9s bt=0.1s]
01:47:33  INFO        --- Fold5_2024 | Train 2016-01-01 -> 2023-12-31 | Test 2024-01-01 -> 2024-12-31 ---
01:47:54  INFO      [LSTMSelector] 1541050 sequences, class dist: {0: 766018, 1: 775032}
01:47:55  INFO      [LSTMSelector] Subsampled to 50000 sequences.
/users/student/pg/pg24/yash.sarang/miniconda3/envs/pairs_trading/lib/python3.10/site-packages/keras/src/layers/rnn/bidirectional.py:107: UserWarning: Do not pass an `input_shape`/`input_dim` argument to a layer. When using Sequential models, prefer using an `Input(shape)` object as the first layer in the model instead.
  super().__init__(**kwargs)
01:49:00  INFO      [LSTMSelector] Training complete.
01:49:08  INFO      [TransformerSelector] 1541050 sequences, class dist: {0: 766018, 1: 775032}
01:49:09  INFO      [TransformerSelector] Subsampled to 50000 sequences.
01:51:16  INFO      [TransformerSelector] Training complete.
01:51:18  INFO          Pairs selected (10): ['BAJAJ-AUTO-HEROMOTOCO', 'IOC-BPCL', 'INFY-TECHM', 'TCS-INFY', 'INDUSINDBK-M&M'] ...
01:51:18  INFO          OOS => Gross Sharpe=-0.970  Net Sharpe=-1.160  Net Ret=-10.38%  Trades/yr=73  [sel=224.5s bt=0.1s]
01:51:18  INFO        --- Fold6_2025 | Train 2016-01-01 -> 2024-12-31 | Test 2025-01-01 -> 2025-12-31 ---
01:51:28  INFO      [LSTMSelector] 1758820 sequences, class dist: {0: 879622, 1: 879198}
01:51:29  INFO      [LSTMSelector] Subsampled to 50000 sequences.
/users/student/pg/pg24/yash.sarang/miniconda3/envs/pairs_trading/lib/python3.10/site-packages/keras/src/layers/rnn/bidirectional.py:107: UserWarning: Do not pass an `input_shape`/`input_dim` argument to a layer. When using Sequential models, prefer using an `Input(shape)` object as the first layer in the model instead.
  super().__init__(**kwargs)
01:52:31  INFO      [LSTMSelector] Training complete.
01:52:38  INFO      [TransformerSelector] 1758820 sequences, class dist: {0: 879622, 1: 879198}
01:52:39  INFO      [TransformerSelector] Subsampled to 50000 sequences.
01:53:31  INFO      [TransformerSelector] Training complete.
01:53:33  INFO          Pairs selected (10): ['HCLTECH-TECHM', 'INFY-TECHM', 'INFY-HCLTECH', 'TECHM-DIVISLAB', 'HCLTECH-DIVISLAB'] ...
01:53:33  INFO          OOS => Gross Sharpe=1.084  Net Sharpe=0.745  Net Ret=4.15%  Trades/yr=86  [sel=135.0s bt=0.1s]
01:53:33  INFO      All folds done in 1490s
01:53:33  INFO      Results saved -> /users/student/pg/pg24/yash.sarang/Hybrid-Pairs-Trading-Ensemble/Implementation/experiments/results/walk_forward_20260506_015333.json
WARNING: All log messages before absl::InitializeLog() is called are written to STDERR
I0000 00:00:1778012622.383456   16934 port.cc:153] oneDNN custom operations are on. You may see slightly different numerical results due to floating-point round-off errors from different computation orders. To turn them off, set the environment variable `TF_ENABLE_ONEDNN_OPTS=0`.
WARNING: All log messages before absl::InitializeLog() is called are written to STDERR
I0000 00:00:1778012625.980263   16934 port.cc:153] oneDNN custom operations are on. You may see slightly different numerical results due to floating-point round-off errors from different computation orders. To turn them off, set the environment variable `TF_ENABLE_ONEDNN_OPTS=0`.
01:53:47  INFO      ================================================================
01:53:47  INFO      Walk-Forward Validation  |  mode=custom({"LSTM":1,"Correlation":1,"Distance":1,"Cointegration":1,"Co)  |  s2=ou_only  |  top_k=10
01:53:47  INFO      S1 weights: {'LSTM': 1, 'Correlation': 1, 'Distance': 1, 'Cointegration': 1}
01:53:47  INFO      Folds: ['Fold1_2020', 'Fold2_2021', 'Fold3_2022', 'Fold4_2023', 'Fold5_2024', 'Fold6_2025']
01:53:47  INFO      min_hold_bars=30  capital=1,000,000
01:53:47  INFO      ================================================================
01:53:47  INFO      [Data] Fetching full 10-year daily prices ...
/users/student/pg/pg24/yash.sarang/Hybrid-Pairs-Trading-Ensemble/Implementation/core/data.py:136: PerformanceWarning: indexing past lexsort depth may impact performance.
  if col in data.columns:
/users/student/pg/pg24/yash.sarang/Hybrid-Pairs-Trading-Ensemble/Implementation/core/data.py:137: PerformanceWarning: indexing past lexsort depth may impact performance.
  s = data[col]
01:53:47  INFO        35 tickers x 3742 bars  (2016-01-01 -> 2026-03-30)
01:53:47  INFO        --- Fold1_2020 | Train 2016-01-01 -> 2019-12-31 | Test 2020-01-01 -> 2020-12-31 ---
01:54:07  INFO      [LSTMSelector] 671755 sequences, class dist: {0: 335187, 1: 336568}
01:54:07  INFO      [LSTMSelector] Subsampled to 50000 sequences.
/users/student/pg/pg24/yash.sarang/miniconda3/envs/pairs_trading/lib/python3.10/site-packages/keras/src/layers/rnn/bidirectional.py:107: UserWarning: Do not pass an `input_shape`/`input_dim` argument to a layer. When using Sequential models, prefer using an `Input(shape)` object as the first layer in the model instead.
  super().__init__(**kwargs)
01:57:16  INFO      [LSTMSelector] Training complete.
01:57:18  INFO          Pairs selected (10): ['ONGC-COALINDIA', 'TATASTEEL-JSWSTEEL', 'MARUTI-BAJAJ-AUTO', 'HINDUNILVR-NESTLEIND', 'M&M-ONGC'] ...
01:57:18  INFO          OOS => Gross Sharpe=0.108  Net Sharpe=-0.127  Net Ret=-1.32%  Trades/yr=106  [sel=210.8s bt=0.1s]
01:57:18  INFO        --- Fold2_2021 | Train 2016-01-01 -> 2020-12-31 | Test 2021-01-01 -> 2021-12-31 ---
01:57:29  INFO      [LSTMSelector] 889525 sequences, class dist: {0: 442602, 1: 446923}
01:57:29  INFO      [LSTMSelector] Subsampled to 50000 sequences.
/users/student/pg/pg24/yash.sarang/miniconda3/envs/pairs_trading/lib/python3.10/site-packages/keras/src/layers/rnn/bidirectional.py:107: UserWarning: Do not pass an `input_shape`/`input_dim` argument to a layer. When using Sequential models, prefer using an `Input(shape)` object as the first layer in the model instead.
  super().__init__(**kwargs)
02:00:36  INFO      [LSTMSelector] Training complete.
02:00:38  INFO          Pairs selected (10): ['TECHM-JSWSTEEL', 'TCS-WIPRO', 'INFY-WIPRO', 'WIPRO-HCLTECH', 'ICICIBANK-AXISBANK'] ...
02:00:38  INFO          OOS => Gross Sharpe=0.386  Net Sharpe=0.144  Net Ret=0.99%  Trades/yr=73  [sel=200.3s bt=0.1s]
02:00:38  INFO        --- Fold3_2022 | Train 2016-01-01 -> 2021-12-31 | Test 2022-01-01 -> 2022-12-31 ---
02:00:48  INFO      [LSTMSelector] 1106700 sequences, class dist: {0: 549456, 1: 557244}
02:00:49  INFO      [LSTMSelector] Subsampled to 50000 sequences.
/users/student/pg/pg24/yash.sarang/miniconda3/envs/pairs_trading/lib/python3.10/site-packages/keras/src/layers/rnn/bidirectional.py:107: UserWarning: Do not pass an `input_shape`/`input_dim` argument to a layer. When using Sequential models, prefer using an `Input(shape)` object as the first layer in the model instead.
  super().__init__(**kwargs)
02:01:59  INFO      [LSTMSelector] Training complete.
02:02:02  INFO          Pairs selected (10): ['ULTRACEMCO-ACC', 'INFY-WIPRO', 'TCS-HCLTECH', 'INFY-TECHM', 'BAJAJ-AUTO-HEROMOTOCO'] ...
02:02:02  INFO          OOS => Gross Sharpe=1.574  Net Sharpe=1.228  Net Ret=7.35%  Trades/yr=91  [sel=83.1s bt=0.1s]
02:02:02  INFO        --- Fold4_2023 | Train 2016-01-01 -> 2022-12-31 | Test 2023-01-01 -> 2023-12-31 ---
02:02:12  INFO      [LSTMSelector] 1323875 sequences, class dist: {0: 657867, 1: 666008}
02:02:12  INFO      [LSTMSelector] Subsampled to 50000 sequences.
/users/student/pg/pg24/yash.sarang/miniconda3/envs/pairs_trading/lib/python3.10/site-packages/keras/src/layers/rnn/bidirectional.py:107: UserWarning: Do not pass an `input_shape`/`input_dim` argument to a layer. When using Sequential models, prefer using an `Input(shape)` object as the first layer in the model instead.
  super().__init__(**kwargs)
02:05:24  INFO      [LSTMSelector] Training complete.
02:05:26  INFO          Pairs selected (10): ['ICICIBANK-COALINDIA', 'ITC-COALINDIA', 'SBIN-AXISBANK', 'ICICIBANK-ITC', 'ICICIBANK-SBIN'] ...
02:05:26  INFO          OOS => Gross Sharpe=1.211  Net Sharpe=0.878  Net Ret=4.30%  Trades/yr=71  [sel=204.6s bt=0.1s]
02:05:26  INFO        --- Fold5_2024 | Train 2016-01-01 -> 2023-12-31 | Test 2024-01-01 -> 2024-12-31 ---
02:05:39  INFO      [LSTMSelector] 1541050 sequences, class dist: {0: 766018, 1: 775032}
02:05:39  INFO      [LSTMSelector] Subsampled to 50000 sequences.
/users/student/pg/pg24/yash.sarang/miniconda3/envs/pairs_trading/lib/python3.10/site-packages/keras/src/layers/rnn/bidirectional.py:107: UserWarning: Do not pass an `input_shape`/`input_dim` argument to a layer. When using Sequential models, prefer using an `Input(shape)` object as the first layer in the model instead.
  super().__init__(**kwargs)
02:06:37  INFO      [LSTMSelector] Training complete.
02:06:40  INFO          Pairs selected (10): ['BAJAJ-AUTO-HEROMOTOCO', 'HEROMOTOCO-IOC', 'INFY-TECHM', 'INDUSINDBK-M&M', 'TCS-INFY'] ...
02:06:40  INFO          OOS => Gross Sharpe=-0.970  Net Sharpe=-1.160  Net Ret=-10.38%  Trades/yr=73  [sel=73.6s bt=0.1s]
02:06:40  INFO        --- Fold6_2025 | Train 2016-01-01 -> 2024-12-31 | Test 2025-01-01 -> 2025-12-31 ---
02:06:50  INFO      [LSTMSelector] 1758820 sequences, class dist: {0: 879622, 1: 879198}
02:06:51  INFO      [LSTMSelector] Subsampled to 50000 sequences.
/users/student/pg/pg24/yash.sarang/miniconda3/envs/pairs_trading/lib/python3.10/site-packages/keras/src/layers/rnn/bidirectional.py:107: UserWarning: Do not pass an `input_shape`/`input_dim` argument to a layer. When using Sequential models, prefer using an `Input(shape)` object as the first layer in the model instead.
  super().__init__(**kwargs)
02:09:20  INFO      [LSTMSelector] Training complete.
02:09:23  INFO          Pairs selected (10): ['HCLTECH-TECHM', 'INFY-TECHM', 'TECHM-DIVISLAB', 'INFY-HCLTECH', 'HCLTECH-DIVISLAB'] ...
02:09:23  INFO          OOS => Gross Sharpe=0.922  Net Sharpe=0.635  Net Ret=4.34%  Trades/yr=88  [sel=163.0s bt=0.1s]
02:09:23  INFO      All folds done in 936s
02:09:23  INFO      Results saved -> /users/student/pg/pg24/yash.sarang/Hybrid-Pairs-Trading-Ensemble/Implementation/experiments/results/walk_forward_20260506_020923.json
WARNING: All log messages before absl::InitializeLog() is called are written to STDERR
I0000 00:00:1778013568.437534   22351 port.cc:153] oneDNN custom operations are on. You may see slightly different numerical results due to floating-point round-off errors from different computation orders. To turn them off, set the environment variable `TF_ENABLE_ONEDNN_OPTS=0`.
WARNING: All log messages before absl::InitializeLog() is called are written to STDERR
I0000 00:00:1778013573.206348   22351 port.cc:153] oneDNN custom operations are on. You may see slightly different numerical results due to floating-point round-off errors from different computation orders. To turn them off, set the environment variable `TF_ENABLE_ONEDNN_OPTS=0`.
02:09:35  INFO      ================================================================
02:09:35  INFO      Walk-Forward Validation  |  mode=custom({"LSTM":1,"Correlation":1,"Distance":0,"Cointegration":0,"Co)  |  s2=ou_only  |  top_k=10
02:09:35  INFO      S1 weights: {'LSTM': 1, 'Correlation': 1}
02:09:35  INFO      Folds: ['Fold1_2020', 'Fold2_2021', 'Fold3_2022', 'Fold4_2023', 'Fold5_2024', 'Fold6_2025']
02:09:35  INFO      min_hold_bars=30  capital=1,000,000
02:09:35  INFO      ================================================================
02:09:35  INFO      [Data] Fetching full 10-year daily prices ...
/users/student/pg/pg24/yash.sarang/Hybrid-Pairs-Trading-Ensemble/Implementation/core/data.py:136: PerformanceWarning: indexing past lexsort depth may impact performance.
  if col in data.columns:
/users/student/pg/pg24/yash.sarang/Hybrid-Pairs-Trading-Ensemble/Implementation/core/data.py:137: PerformanceWarning: indexing past lexsort depth may impact performance.
  s = data[col]
02:09:35  INFO        35 tickers x 3742 bars  (2016-01-01 -> 2026-03-30)
02:09:35  INFO        --- Fold1_2020 | Train 2016-01-01 -> 2019-12-31 | Test 2020-01-01 -> 2020-12-31 ---
02:09:39  INFO      [LSTMSelector] 671755 sequences, class dist: {0: 335187, 1: 336568}
02:09:39  INFO      [LSTMSelector] Subsampled to 50000 sequences.
/users/student/pg/pg24/yash.sarang/miniconda3/envs/pairs_trading/lib/python3.10/site-packages/keras/src/layers/rnn/bidirectional.py:107: UserWarning: Do not pass an `input_shape`/`input_dim` argument to a layer. When using Sequential models, prefer using an `Input(shape)` object as the first layer in the model instead.
  super().__init__(**kwargs)
02:11:24  INFO      [LSTMSelector] Training complete.
02:11:27  INFO          Pairs selected (10): ['JSWSTEEL-ACC', 'JSWSTEEL-HINDALCO', 'HDFCBANK-KOTAKBANK', 'SBIN-ULTRACEMCO', 'SBIN-ACC'] ...
02:11:27  INFO          OOS => Gross Sharpe=2.078  Net Sharpe=1.885  Net Ret=19.62%  Trades/yr=91  [sel=111.8s bt=0.1s]
02:11:27  INFO        --- Fold2_2021 | Train 2016-01-01 -> 2020-12-31 | Test 2021-01-01 -> 2021-12-31 ---
02:11:31  INFO      [LSTMSelector] 889525 sequences, class dist: {0: 442602, 1: 446923}
02:11:31  INFO      [LSTMSelector] Subsampled to 50000 sequences.
/users/student/pg/pg24/yash.sarang/miniconda3/envs/pairs_trading/lib/python3.10/site-packages/keras/src/layers/rnn/bidirectional.py:107: UserWarning: Do not pass an `input_shape`/`input_dim` argument to a layer. When using Sequential models, prefer using an `Input(shape)` object as the first layer in the model instead.
  super().__init__(**kwargs)
02:14:15  INFO      [LSTMSelector] Training complete.
02:14:18  INFO          Pairs selected (10): ['TCS-INFY', 'ICICIBANK-SBIN', 'HDFCBANK-ICICIBANK', 'ICICIBANK-AXISBANK', 'INFY-HCLTECH'] ...
02:14:18  INFO          OOS => Gross Sharpe=1.557  Net Sharpe=1.163  Net Ret=6.12%  Trades/yr=93  [sel=170.9s bt=0.1s]
02:14:18  INFO        --- Fold3_2022 | Train 2016-01-01 -> 2021-12-31 | Test 2022-01-01 -> 2022-12-31 ---
02:14:22  INFO      [LSTMSelector] 1106700 sequences, class dist: {0: 549456, 1: 557244}
02:14:22  INFO      [LSTMSelector] Subsampled to 50000 sequences.
/users/student/pg/pg24/yash.sarang/miniconda3/envs/pairs_trading/lib/python3.10/site-packages/keras/src/layers/rnn/bidirectional.py:107: UserWarning: Do not pass an `input_shape`/`input_dim` argument to a layer. When using Sequential models, prefer using an `Input(shape)` object as the first layer in the model instead.
  super().__init__(**kwargs)
02:15:52  INFO      [LSTMSelector] Training complete.
02:15:55  INFO          Pairs selected (10): ['TATASTEEL-JSWSTEEL', 'TATASTEEL-HINDALCO', 'ULTRACEMCO-ACC', 'JSWSTEEL-HINDALCO', 'IOC-BPCL'] ...
02:15:55  INFO          OOS => Gross Sharpe=0.814  Net Sharpe=0.456  Net Ret=2.46%  Trades/yr=85  [sel=96.9s bt=0.1s]
02:15:55  INFO        --- Fold4_2023 | Train 2016-01-01 -> 2022-12-31 | Test 2023-01-01 -> 2023-12-31 ---
02:16:01  INFO      [LSTMSelector] 1323875 sequences, class dist: {0: 657867, 1: 666008}
02:16:02  INFO      [LSTMSelector] Subsampled to 50000 sequences.
/users/student/pg/pg24/yash.sarang/miniconda3/envs/pairs_trading/lib/python3.10/site-packages/keras/src/layers/rnn/bidirectional.py:107: UserWarning: Do not pass an `input_shape`/`input_dim` argument to a layer. When using Sequential models, prefer using an `Input(shape)` object as the first layer in the model instead.
  super().__init__(**kwargs)
02:18:20  INFO      [LSTMSelector] Training complete.
02:18:23  INFO          Pairs selected (10): ['INFY-HCLTECH', 'TATASTEEL-JSWSTEEL', 'INFY-TECHM', 'TATASTEEL-HINDALCO', 'INFY-WIPRO'] ...
02:18:23  INFO          OOS => Gross Sharpe=0.833  Net Sharpe=0.427  Net Ret=2.26%  Trades/yr=93  [sel=147.9s bt=0.1s]
02:18:23  INFO        --- Fold5_2024 | Train 2016-01-01 -> 2023-12-31 | Test 2024-01-01 -> 2024-12-31 ---
02:18:27  INFO      [LSTMSelector] 1541050 sequences, class dist: {0: 766018, 1: 775032}
02:18:28  INFO      [LSTMSelector] Subsampled to 50000 sequences.
/users/student/pg/pg24/yash.sarang/miniconda3/envs/pairs_trading/lib/python3.10/site-packages/keras/src/layers/rnn/bidirectional.py:107: UserWarning: Do not pass an `input_shape`/`input_dim` argument to a layer. When using Sequential models, prefer using an `Input(shape)` object as the first layer in the model instead.
  super().__init__(**kwargs)
02:20:42  INFO      [LSTMSelector] Training complete.
02:20:44  INFO          Pairs selected (10): ['TATASTEEL-HINDALCO', 'IOC-BPCL', 'TATASTEEL-JSWSTEEL', 'TCS-INFY', 'TCS-HCLTECH'] ...
02:20:45  INFO          OOS => Gross Sharpe=0.342  Net Sharpe=-0.044  Net Ret=-0.24%  Trades/yr=93  [sel=141.9s bt=0.1s]
02:20:45  INFO        --- Fold6_2025 | Train 2016-01-01 -> 2024-12-31 | Test 2025-01-01 -> 2025-12-31 ---
02:20:49  INFO      [LSTMSelector] 1758820 sequences, class dist: {0: 879622, 1: 879198}
02:20:50  INFO      [LSTMSelector] Subsampled to 50000 sequences.
/users/student/pg/pg24/yash.sarang/miniconda3/envs/pairs_trading/lib/python3.10/site-packages/keras/src/layers/rnn/bidirectional.py:107: UserWarning: Do not pass an `input_shape`/`input_dim` argument to a layer. When using Sequential models, prefer using an `Input(shape)` object as the first layer in the model instead.
  super().__init__(**kwargs)
02:22:32  INFO      [LSTMSelector] Training complete.
02:22:35  INFO          Pairs selected (10): ['IOC-BPCL', 'TATASTEEL-JSWSTEEL', 'INFY-HCLTECH', 'ONGC-COALINDIA', 'TATASTEEL-HINDALCO'] ...
02:22:35  INFO          OOS => Gross Sharpe=0.330  Net Sharpe=-0.098  Net Ret=-0.47%  Trades/yr=89  [sel=110.4s bt=0.1s]
02:22:35  INFO      All folds done in 780s
02:22:35  INFO      Results saved -> /users/student/pg/pg24/yash.sarang/Hybrid-Pairs-Trading-Ensemble/Implementation/experiments/results/walk_forward_20260506_022235.json
WARNING: All log messages before absl::InitializeLog() is called are written to STDERR
I0000 00:00:1778014360.487953   27176 port.cc:153] oneDNN custom operations are on. You may see slightly different numerical results due to floating-point round-off errors from different computation orders. To turn them off, set the environment variable `TF_ENABLE_ONEDNN_OPTS=0`.
WARNING: All log messages before absl::InitializeLog() is called are written to STDERR
I0000 00:00:1778014366.249147   27176 port.cc:153] oneDNN custom operations are on. You may see slightly different numerical results due to floating-point round-off errors from different computation orders. To turn them off, set the environment variable `TF_ENABLE_ONEDNN_OPTS=0`.
02:22:48  INFO      ================================================================
02:22:48  INFO      Walk-Forward Validation  |  mode=custom({"LSTM":3,"Correlation":2,"Distance":1,"Cointegration":1,"Co)  |  s2=ou_only  |  top_k=10
02:22:48  INFO      S1 weights: {'LSTM': 3, 'Correlation': 2, 'Distance': 1, 'Cointegration': 1, 'Combined': 0.25, 'Transformer': 1, 'GNN': 0.25}
02:22:48  INFO      Folds: ['Fold1_2020', 'Fold2_2021', 'Fold3_2022', 'Fold4_2023', 'Fold5_2024', 'Fold6_2025']
02:22:48  INFO      min_hold_bars=30  capital=1,000,000
02:22:48  INFO      ================================================================
02:22:48  INFO      [Data] Fetching full 10-year daily prices ...
/users/student/pg/pg24/yash.sarang/Hybrid-Pairs-Trading-Ensemble/Implementation/core/data.py:136: PerformanceWarning: indexing past lexsort depth may impact performance.
  if col in data.columns:
/users/student/pg/pg24/yash.sarang/Hybrid-Pairs-Trading-Ensemble/Implementation/core/data.py:137: PerformanceWarning: indexing past lexsort depth may impact performance.
  s = data[col]
02:22:48  INFO        35 tickers x 3742 bars  (2016-01-01 -> 2026-03-30)
02:22:48  INFO        --- Fold1_2020 | Train 2016-01-01 -> 2019-12-31 | Test 2020-01-01 -> 2020-12-31 ---
02:23:32  INFO      [LSTMSelector] 671755 sequences, class dist: {0: 335187, 1: 336568}
02:23:32  INFO      [LSTMSelector] Subsampled to 50000 sequences.
/users/student/pg/pg24/yash.sarang/miniconda3/envs/pairs_trading/lib/python3.10/site-packages/keras/src/layers/rnn/bidirectional.py:107: UserWarning: Do not pass an `input_shape`/`input_dim` argument to a layer. When using Sequential models, prefer using an `Input(shape)` object as the first layer in the model instead.
  super().__init__(**kwargs)
02:25:42  INFO      [LSTMSelector] Training complete.
02:25:48  INFO      [TransformerSelector] 671755 sequences, class dist: {0: 335187, 1: 336568}
02:25:48  INFO      [TransformerSelector] Subsampled to 50000 sequences.
02:28:02  INFO      [TransformerSelector] Training complete.
02:28:07  INFO      [GNNSelector] Training on 8 snapshots, N=35 stocks.
02:29:48  INFO      [GNNSelector] Training complete.
02:29:48  INFO          Pairs selected (10): ['ONGC-COALINDIA', 'HINDUNILVR-NESTLEIND', 'TATASTEEL-JSWSTEEL', 'MARUTI-BAJAJ-AUTO', 'M&M-ONGC'] ...
02:29:48  INFO          OOS => Gross Sharpe=-0.192  Net Sharpe=-0.418  Net Ret=-4.63%  Trades/yr=108  [sel=420.6s bt=0.1s]
02:29:48  INFO        --- Fold2_2021 | Train 2016-01-01 -> 2020-12-31 | Test 2021-01-01 -> 2021-12-31 ---
02:30:35  INFO      [LSTMSelector] 889525 sequences, class dist: {0: 442602, 1: 446923}
02:30:36  INFO      [LSTMSelector] Subsampled to 50000 sequences.
/users/student/pg/pg24/yash.sarang/miniconda3/envs/pairs_trading/lib/python3.10/site-packages/keras/src/layers/rnn/bidirectional.py:107: UserWarning: Do not pass an `input_shape`/`input_dim` argument to a layer. When using Sequential models, prefer using an `Input(shape)` object as the first layer in the model instead.
  super().__init__(**kwargs)
02:33:48  INFO      [LSTMSelector] Training complete.
02:33:54  INFO      [TransformerSelector] 889525 sequences, class dist: {0: 442602, 1: 446923}
02:33:55  INFO      [TransformerSelector] Subsampled to 50000 sequences.
02:36:21  INFO      [TransformerSelector] Training complete.
02:36:25  INFO      [GNNSelector] Training on 7 snapshots, N=35 stocks.
02:37:55  INFO      [GNNSelector] Training complete.
02:37:55  INFO          Pairs selected (10): ['TCS-WIPRO', 'TECHM-JSWSTEEL', 'INFY-WIPRO', 'ICICIBANK-AXISBANK', 'INFY-HCLTECH'] ...
02:37:55  INFO          OOS => Gross Sharpe=0.576  Net Sharpe=0.340  Net Ret=2.45%  Trades/yr=75  [sel=487.0s bt=0.1s]
02:37:55  INFO        --- Fold3_2022 | Train 2016-01-01 -> 2021-12-31 | Test 2022-01-01 -> 2022-12-31 ---
02:38:35  INFO      [LSTMSelector] 1106700 sequences, class dist: {0: 549456, 1: 557244}
02:38:36  INFO      [LSTMSelector] Subsampled to 50000 sequences.
/users/student/pg/pg24/yash.sarang/miniconda3/envs/pairs_trading/lib/python3.10/site-packages/keras/src/layers/rnn/bidirectional.py:107: UserWarning: Do not pass an `input_shape`/`input_dim` argument to a layer. When using Sequential models, prefer using an `Input(shape)` object as the first layer in the model instead.
  super().__init__(**kwargs)
02:39:46  INFO      [LSTMSelector] Training complete.
02:39:53  INFO      [TransformerSelector] 1106700 sequences, class dist: {0: 549456, 1: 557244}
02:39:53  INFO      [TransformerSelector] Subsampled to 50000 sequences.
02:41:02  INFO      [TransformerSelector] Training complete.
02:41:07  INFO      [GNNSelector] Training on 8 snapshots, N=35 stocks.
02:42:52  INFO      [GNNSelector] Training complete.
02:42:52  INFO          Pairs selected (10): ['ULTRACEMCO-ACC', 'INFY-WIPRO', 'BAJAJ-AUTO-HEROMOTOCO', 'TCS-HCLTECH', 'INFY-TECHM'] ...
02:42:52  INFO          OOS => Gross Sharpe=1.574  Net Sharpe=1.228  Net Ret=7.35%  Trades/yr=91  [sel=296.7s bt=0.1s]
02:42:52  INFO        --- Fold4_2023 | Train 2016-01-01 -> 2022-12-31 | Test 2023-01-01 -> 2023-12-31 ---
02:43:23  INFO      [LSTMSelector] 1323875 sequences, class dist: {0: 657867, 1: 666008}
02:43:23  INFO      [LSTMSelector] Subsampled to 50000 sequences.
/users/student/pg/pg24/yash.sarang/miniconda3/envs/pairs_trading/lib/python3.10/site-packages/keras/src/layers/rnn/bidirectional.py:107: UserWarning: Do not pass an `input_shape`/`input_dim` argument to a layer. When using Sequential models, prefer using an `Input(shape)` object as the first layer in the model instead.
  super().__init__(**kwargs)
02:45:14  INFO      [LSTMSelector] Training complete.
02:45:21  INFO      [TransformerSelector] 1323875 sequences, class dist: {0: 657867, 1: 666008}
02:45:22  INFO      [TransformerSelector] Subsampled to 50000 sequences.
02:47:02  INFO      [TransformerSelector] Training complete.
02:47:07  INFO      [GNNSelector] Training on 8 snapshots, N=35 stocks.
02:48:58  INFO      [GNNSelector] Training complete.
02:48:58  INFO          Pairs selected (10): ['ITC-COALINDIA', 'ICICIBANK-COALINDIA', 'ICICIBANK-SBIN', 'SBIN-AXISBANK', 'TATASTEEL-HINDALCO'] ...
02:48:59  INFO          OOS => Gross Sharpe=1.211  Net Sharpe=0.878  Net Ret=4.30%  Trades/yr=71  [sel=366.2s bt=0.1s]
02:48:59  INFO        --- Fold5_2024 | Train 2016-01-01 -> 2023-12-31 | Test 2024-01-01 -> 2024-12-31 ---
02:49:42  INFO      [LSTMSelector] 1541050 sequences, class dist: {0: 766018, 1: 775032}
02:49:43  INFO      [LSTMSelector] Subsampled to 50000 sequences.
/users/student/pg/pg24/yash.sarang/miniconda3/envs/pairs_trading/lib/python3.10/site-packages/keras/src/layers/rnn/bidirectional.py:107: UserWarning: Do not pass an `input_shape`/`input_dim` argument to a layer. When using Sequential models, prefer using an `Input(shape)` object as the first layer in the model instead.
  super().__init__(**kwargs)
02:50:39  INFO      [LSTMSelector] Training complete.
02:50:47  INFO      [TransformerSelector] 1541050 sequences, class dist: {0: 766018, 1: 775032}
02:50:47  INFO      [TransformerSelector] Subsampled to 50000 sequences.
02:51:55  INFO      [TransformerSelector] Training complete.
02:52:00  INFO      [GNNSelector] Training on 8 snapshots, N=35 stocks.
02:53:48  INFO      [GNNSelector] Training complete.
02:53:48  INFO          Pairs selected (10): ['BAJAJ-AUTO-HEROMOTOCO', 'IOC-BPCL', 'INFY-TECHM', 'INDUSINDBK-M&M', 'TCS-INFY'] ...
02:53:48  INFO          OOS => Gross Sharpe=-0.970  Net Sharpe=-1.160  Net Ret=-10.38%  Trades/yr=73  [sel=289.3s bt=0.1s]
02:53:48  INFO        --- Fold6_2025 | Train 2016-01-01 -> 2024-12-31 | Test 2025-01-01 -> 2025-12-31 ---
02:54:25  INFO      [LSTMSelector] 1758820 sequences, class dist: {0: 879622, 1: 879198}
02:54:26  INFO      [LSTMSelector] Subsampled to 50000 sequences.
/users/student/pg/pg24/yash.sarang/miniconda3/envs/pairs_trading/lib/python3.10/site-packages/keras/src/layers/rnn/bidirectional.py:107: UserWarning: Do not pass an `input_shape`/`input_dim` argument to a layer. When using Sequential models, prefer using an `Input(shape)` object as the first layer in the model instead.
  super().__init__(**kwargs)
02:55:22  INFO      [LSTMSelector] Training complete.
02:55:39  INFO      [TransformerSelector] 1758820 sequences, class dist: {0: 879622, 1: 879198}
02:55:40  INFO      [TransformerSelector] Subsampled to 50000 sequences.
02:57:05  INFO      [TransformerSelector] Training complete.
02:57:10  INFO      [GNNSelector] Training on 8 snapshots, N=35 stocks.
02:59:00  INFO      [GNNSelector] Training complete.
02:59:00  INFO          Pairs selected (10): ['HCLTECH-TECHM', 'INFY-TECHM', 'INFY-HCLTECH', 'TECHM-DIVISLAB', 'HCLTECH-DIVISLAB'] ...
02:59:00  INFO          OOS => Gross Sharpe=1.084  Net Sharpe=0.745  Net Ret=4.15%  Trades/yr=86  [sel=312.1s bt=0.1s]
02:59:00  INFO      All folds done in 2172s
02:59:00  INFO      Results saved -> /users/student/pg/pg24/yash.sarang/Hybrid-Pairs-Trading-Ensemble/Implementation/experiments/results/walk_forward_20260506_025900.json
