==========================================
E7: Weighted Ensemble Walk-Forward
Start time: Wed May  6 01:27:53 AM IST 2026
Hypothesis: LSTM-heavy S1 + OU-only S2 beats equal-weight ensemble
==========================================

--- Config A: LSTM=3, Correlation=2, Distance=1, Cointegration=1, Transformer=1 ---
Loading data from cache: data_cache/daily_prices.parquet

====================================================================================================
  WALK-FORWARD VALIDATION RESULTS  (out-of-sample, expanding window)
====================================================================================================
            Fold  Gross SRGross Ret%    Net SR  Net Ret%Net MaxDD%  Trd/Yr CostDrag
----------------------------------------------------------------------------------------------------
      Fold1_2020     0.108      1.11    -0.127     -1.32     14.56     106     2.43
      Fold2_2021     0.832      5.82     0.597      4.18      5.03      73     1.64
      Fold3_2022     1.574      9.36     1.228      7.35      4.40      91     2.01
      Fold4_2023     1.211      5.89     0.878      4.30      2.55      71     1.59
      Fold5_2024    -0.970     -8.63    -1.160    -10.38     19.92      73     1.75
      Fold6_2025     1.084      6.07     0.745      4.15      5.82      86     1.92
----------------------------------------------------------------------------------------------------

  AGGREGATE ACROSS 6 FOLDS:
  Gross Sharpe :   0.640 +/-0.847 [83% pos]
  Net   Sharpe :   0.360 +/-0.793 [67% pos]
  Gross Ret %  :   3.27 +/-5.84 [83% pos]
  Net   Ret %  :   1.38 +/-5.85 [67% pos]
  Net MaxDD %  :   8.71 +/-6.30 [100% pos]
  Cost Drag pp :   1.89 +/-0.28 [100% pos]

  FULL OOS (all test years stitched, 6 yrs):
    Gross Sharpe  = 0.456  Net Sharpe = 0.197
    Gross Ret %   = 2.99%  Net Ret %  = 1.38%
    Net MaxDD %   = 16.60%
====================================================================================================


--- Config B: LSTM=1, Correlation=1, Distance=1, Cointegration=1 (stat+LSTM, no bad selectors) ---
Loading data from cache: data_cache/daily_prices.parquet

====================================================================================================
  WALK-FORWARD VALIDATION RESULTS  (out-of-sample, expanding window)
====================================================================================================
            Fold  Gross SRGross Ret%    Net SR  Net Ret%Net MaxDD%  Trd/Yr CostDrag
----------------------------------------------------------------------------------------------------
      Fold1_2020     0.108      1.11    -0.127     -1.32     14.56     106     2.43
      Fold2_2021     0.386      2.66     0.144      0.99      6.01      73     1.66
      Fold3_2022     1.574      9.36     1.228      7.35      4.40      91     2.01
      Fold4_2023     1.211      5.89     0.878      4.30      2.55      71     1.59
      Fold5_2024    -0.970     -8.63    -1.160    -10.38     19.92      73     1.75
      Fold6_2025     0.922      6.30     0.635      4.34      6.99      88     1.96
----------------------------------------------------------------------------------------------------

  AGGREGATE ACROSS 6 FOLDS:
  Gross Sharpe :   0.539 +/-0.832 [83% pos]
  Net   Sharpe :   0.266 +/-0.779 [67% pos]
  Gross Ret %  :   2.78 +/-5.75 [83% pos]
  Net   Ret %  :   0.88 +/-5.73 [67% pos]
  Net MaxDD %  :   9.07 +/-6.13 [100% pos]
  Cost Drag pp :   1.90 +/-0.28 [100% pos]

  FULL OOS (all test years stitched, 6 yrs):
    Gross Sharpe  = 0.381  Net Sharpe = 0.126
    Gross Ret %   = 2.59%  Net Ret %  = 0.92%
    Net MaxDD %   = 17.54%
====================================================================================================


--- Config C: LSTM=1, Correlation=1 only ---
Loading data from cache: data_cache/daily_prices.parquet

====================================================================================================
  WALK-FORWARD VALIDATION RESULTS  (out-of-sample, expanding window)
====================================================================================================
            Fold  Gross SRGross Ret%    Net SR  Net Ret%Net MaxDD%  Trd/Yr CostDrag
----------------------------------------------------------------------------------------------------
      Fold1_2020     2.078     21.54     1.885     19.62      7.03      91     1.91
      Fold2_2021     1.557      8.19     1.163      6.12      4.52      93     2.07
      Fold3_2022     0.814      4.38     0.456      2.46      8.49      85     1.92
      Fold4_2023     0.833      4.36     0.427      2.26      4.48      93     2.10
      Fold5_2024     0.342      1.88    -0.044     -0.24      5.15      93     2.12
      Fold6_2025     0.330      1.57    -0.098     -0.47      9.08      89     2.04
----------------------------------------------------------------------------------------------------

  AGGREGATE ACROSS 6 FOLDS:
  Gross Sharpe :   0.992 +/-0.635 [100% pos]
  Net   Sharpe :   0.631 +/-0.697 [67% pos]
  Gross Ret %  :   6.99 +/-6.86 [100% pos]
  Net   Ret %  :   4.96 +/-6.91 [67% pos]
  Net MaxDD %  :   6.46 +/-1.86 [100% pos]
  Cost Drag pp :   2.03 +/-0.08 [100% pos]

  FULL OOS (all test years stitched, 6 yrs):
    Gross Sharpe  = 1.097  Net Sharpe = 0.780
    Gross Ret %   = 5.75%  Net Ret %  = 4.33%
    Net MaxDD %   = 7.03%
====================================================================================================


--- Config D: Full weighted (LSTM=3, Corr=2, Dist=1, Coint=1, Transformer=1, GNN=0.25, Combined=0.25, ML=0) ---
Loading data from cache: data_cache/daily_prices.parquet

====================================================================================================
  WALK-FORWARD VALIDATION RESULTS  (out-of-sample, expanding window)
====================================================================================================
            Fold  Gross SRGross Ret%    Net SR  Net Ret%Net MaxDD%  Trd/Yr CostDrag
----------------------------------------------------------------------------------------------------
      Fold1_2020    -0.192     -2.11    -0.418     -4.63     18.00     108     2.52
      Fold2_2021     0.576      4.13     0.340      2.45      6.68      75     1.68
      Fold3_2022     1.574      9.36     1.228      7.35      4.40      91     2.01
      Fold4_2023     1.211      5.89     0.878      4.30      2.55      71     1.59
      Fold5_2024    -0.970     -8.63    -1.160    -10.38     19.92      73     1.75
      Fold6_2025     1.084      6.07     0.745      4.15      5.82      86     1.92
----------------------------------------------------------------------------------------------------

  AGGREGATE ACROSS 6 FOLDS:
  Gross Sharpe :   0.547 +/-0.879 [67% pos]
  Net   Sharpe :   0.269 +/-0.820 [67% pos]
  Gross Ret %  :   2.45 +/-6.04 [67% pos]
  Net   Ret %  :   0.54 +/-6.10 [67% pos]
  Net MaxDD %  :   9.56 +/-6.79 [100% pos]
  Cost Drag pp :   1.91 +/-0.30 [100% pos]

  FULL OOS (all test years stitched, 6 yrs):
    Gross Sharpe  = 0.336  Net Sharpe = 0.082
    Gross Ret %   = 2.32%  Net Ret %  = 0.60%
    Net MaxDD %   = 18.00%
====================================================================================================

==========================================
E7 complete. End time: Wed May  6 02:59:03 AM IST 2026
==========================================
