==========================================
E7: Weighted Ensemble Walk-Forward
Start time: Mon Apr  6 04:30:46 AM IST 2026
Hypothesis: LSTM-heavy S1 + OU-only S2 beats equal-weight ensemble
==========================================

--- Config A: LSTM=3, Correlation=2, Distance=1, Cointegration=1, Transformer=1 ---
Loading data from cache: data_cache/daily_prices.parquet

====================================================================================================
  WALK-FORWARD VALIDATION RESULTS  (out-of-sample, expanding window)
====================================================================================================
            Fold  Gross SRGross Ret%    Net SR  Net Ret%Net MaxDD%  Trd/Yr CostDrag
----------------------------------------------------------------------------------------------------
      Fold1_2020     0.108      1.11    -0.127     -1.32     14.56     106     2.43
      Fold2_2021     1.087      7.72     0.854      6.08      4.86      74     1.64
      Fold3_2022     1.574      9.36     1.228      7.35      4.40      91     2.01
      Fold4_2023     0.836      4.37     0.499      2.63      2.86      77     1.74
      Fold5_2024    -0.970     -8.63    -1.160    -10.38     19.92      73     1.75
      Fold6_2025     1.084      6.07     0.745      4.15      5.82      86     1.92
----------------------------------------------------------------------------------------------------

  AGGREGATE ACROSS 6 FOLDS:
  Gross Sharpe :   0.620 +/-0.835 [83% pos]
  Net   Sharpe :   0.340 +/-0.786 [67% pos]
  Gross Ret %  :   3.33 +/-5.95 [83% pos]
  Net   Ret %  :   1.42 +/-5.95 [67% pos]
  Net MaxDD %  :   8.74 +/-6.27 [100% pos]
  Cost Drag pp :   1.92 +/-0.26 [100% pos]

  FULL OOS (all test years stitched, 6 yrs):
    Gross Sharpe  = 0.461  Net Sharpe = 0.201
    Gross Ret %   = 3.05%  Net Ret %  = 1.42%
    Net MaxDD %   = 16.55%
====================================================================================================


--- Config B: LSTM=1, Correlation=1, Distance=1, Cointegration=1 (stat+LSTM, no bad selectors) ---
Loading data from cache: data_cache/daily_prices.parquet

====================================================================================================
  WALK-FORWARD VALIDATION RESULTS  (out-of-sample, expanding window)
====================================================================================================
            Fold  Gross SRGross Ret%    Net SR  Net Ret%Net MaxDD%  Trd/Yr CostDrag
----------------------------------------------------------------------------------------------------
      Fold1_2020     0.108      1.11    -0.127     -1.32     14.56     106     2.43
      Fold2_2021     0.386      2.66     0.144      0.99      6.01      73     1.66
      Fold3_2022     1.574      9.36     1.228      7.35      4.40      91     2.01
      Fold4_2023     1.211      5.89     0.878      4.30      2.55      71     1.59
      Fold5_2024    -0.970     -8.63    -1.160    -10.38     19.92      73     1.75
      Fold6_2025     0.922      6.30     0.635      4.34      6.99      88     1.96
----------------------------------------------------------------------------------------------------

  AGGREGATE ACROSS 6 FOLDS:
  Gross Sharpe :   0.539 +/-0.832 [83% pos]
  Net   Sharpe :   0.266 +/-0.779 [67% pos]
  Gross Ret %  :   2.78 +/-5.75 [83% pos]
  Net   Ret %  :   0.88 +/-5.73 [67% pos]
  Net MaxDD %  :   9.07 +/-6.13 [100% pos]
  Cost Drag pp :   1.90 +/-0.28 [100% pos]

  FULL OOS (all test years stitched, 6 yrs):
    Gross Sharpe  = 0.381  Net Sharpe = 0.126
    Gross Ret %   = 2.59%  Net Ret %  = 0.92%
    Net MaxDD %   = 17.54%
====================================================================================================


--- Config C: LSTM=1, Correlation=1 only ---
Loading data from cache: data_cache/daily_prices.parquet

====================================================================================================
  WALK-FORWARD VALIDATION RESULTS  (out-of-sample, expanding window)
====================================================================================================
            Fold  Gross SRGross Ret%    Net SR  Net Ret%Net MaxDD%  Trd/Yr CostDrag
----------------------------------------------------------------------------------------------------
      Fold1_2020     1.158     10.63     0.969      8.95      9.54      76     1.68
      Fold2_2021     1.353      7.91     1.020      5.98      4.18      87     1.93
      Fold3_2022     0.317      1.81     0.025      0.14      7.21      73     1.67
      Fold4_2023     0.833      4.36     0.427      2.26      4.48      93     2.10
      Fold5_2024     0.265      1.53    -0.100     -0.58      7.71      92     2.11
      Fold6_2025     0.480      2.24     0.025      0.11      7.55      93     2.12
----------------------------------------------------------------------------------------------------

  AGGREGATE ACROSS 6 FOLDS:
  Gross Sharpe :   0.735 +/-0.414 [100% pos]
  Net   Sharpe :   0.394 +/-0.455 [83% pos]
  Gross Ret %  :   4.75 +/-3.42 [100% pos]
  Net   Ret %  :   2.81 +/-3.51 [83% pos]
  Net MaxDD %  :   6.78 +/-1.88 [100% pos]
  Cost Drag pp :   1.94 +/-0.20 [100% pos]

  FULL OOS (all test years stitched, 6 yrs):
    Gross Sharpe  = 0.762  Net Sharpe = 0.451
    Gross Ret %   = 4.11%  Net Ret %  = 2.58%
    Net MaxDD %   = 9.54%
====================================================================================================


--- Config D: Full weighted (LSTM=3, Corr=2, Dist=1, Coint=1, Transformer=1, GNN=0.25, Combined=0.25, ML=0) ---
Loading data from cache: data_cache/daily_prices.parquet

====================================================================================================
  WALK-FORWARD VALIDATION RESULTS  (out-of-sample, expanding window)
====================================================================================================
            Fold  Gross SRGross Ret%    Net SR  Net Ret%Net MaxDD%  Trd/Yr CostDrag
----------------------------------------------------------------------------------------------------
      Fold1_2020     0.108      1.11    -0.127     -1.32     14.56     106     2.43
      Fold2_2021     0.576      4.13     0.340      2.45      6.68      75     1.68
      Fold3_2022     1.574      9.36     1.228      7.35      4.40      91     2.01
      Fold4_2023     1.211      5.89     0.878      4.30      2.55      71     1.59
      Fold5_2024    -0.970     -8.63    -1.160    -10.38     19.92      73     1.75
      Fold6_2025     1.084      6.07     0.745      4.15      5.82      86     1.92
----------------------------------------------------------------------------------------------------

  AGGREGATE ACROSS 6 FOLDS:
  Gross Sharpe :   0.597 +/-0.843 [83% pos]
  Net   Sharpe :   0.317 +/-0.786 [67% pos]
  Gross Ret %  :   2.99 +/-5.75 [83% pos]
  Net   Ret %  :   1.09 +/-5.75 [67% pos]
  Net MaxDD %  :   8.99 +/-6.17 [100% pos]
  Cost Drag pp :   1.90 +/-0.28 [100% pos]

  FULL OOS (all test years stitched, 6 yrs):
    Gross Sharpe  = 0.415  Net Sharpe = 0.157
    Gross Ret %   = 2.76%  Net Ret %  = 1.11%
    Net MaxDD %   = 16.93%
====================================================================================================

==========================================
E7 complete. End time: Mon Apr  6 05:14:22 AM IST 2026
==========================================
