WARNING: All log messages before absl::InitializeLog() is called are written to STDERR
I0000 00:00:1778035058.748937   64886 port.cc:153] oneDNN custom operations are on. You may see slightly different numerical results due to floating-point round-off errors from different computation orders. To turn them off, set the environment variable `TF_ENABLE_ONEDNN_OPTS=0`.
WARNING: All log messages before absl::InitializeLog() is called are written to STDERR
I0000 00:00:1778035063.666482   64886 port.cc:153] oneDNN custom operations are on. You may see slightly different numerical results due to floating-point round-off errors from different computation orders. To turn them off, set the environment variable `TF_ENABLE_ONEDNN_OPTS=0`.
08:07:49  INFO      ================================================================
08:07:49  INFO      Walk-Forward Validation  |  mode=custom({"LSTM":1,"Correlation":1,"Distance":0,"Cointegration":0,"Co)  |  s2=rl_only  |  top_k=10
08:07:49  INFO      S1 weights: {'LSTM': 1, 'Correlation': 1}
08:07:49  INFO      Folds: ['Fold1_2020', 'Fold2_2021', 'Fold3_2022', 'Fold4_2023', 'Fold5_2024', 'Fold6_2025']
08:07:49  INFO      min_hold_bars=30  capital=1,000,000
08:07:49  INFO      ================================================================
08:07:49  INFO      [Data] Fetching full 10-year daily prices ...
/users/student/pg/pg24/yash.sarang/Hybrid-Pairs-Trading-Ensemble/Implementation/core/data.py:136: PerformanceWarning: indexing past lexsort depth may impact performance.
  if col in data.columns:
/users/student/pg/pg24/yash.sarang/Hybrid-Pairs-Trading-Ensemble/Implementation/core/data.py:137: PerformanceWarning: indexing past lexsort depth may impact performance.
  s = data[col]
08:07:49  INFO        35 tickers x 3742 bars  (2016-01-01 -> 2026-03-30)
08:07:49  INFO        --- Fold1_2020 | Train 2016-01-01 -> 2019-12-31 | Test 2020-01-01 -> 2020-12-31 ---
08:08:02  INFO      [LSTMSelector] 671755 sequences, class dist: {0: 335187, 1: 336568}
08:08:02  INFO      [LSTMSelector] Subsampled to 50000 sequences.
/users/student/pg/pg24/yash.sarang/miniconda3/envs/pairs_trading/lib/python3.10/site-packages/keras/src/layers/rnn/bidirectional.py:107: UserWarning: Do not pass an `input_shape`/`input_dim` argument to a layer. When using Sequential models, prefer using an `Input(shape)` object as the first layer in the model instead.
  super().__init__(**kwargs)
08:08:44  INFO      [LSTMSelector] Training complete.
08:08:47  INFO          Pairs selected (10): ['HDFCBANK-KOTAKBANK', 'ULTRACEMCO-ACC', 'BAJAJ-AUTO-HEROMOTOCO', 'JSWSTEEL-HINDALCO', 'MARUTI-M&M'] ...
08:11:19  INFO          OOS => Gross Sharpe=-0.070  Net Sharpe=-0.383  Net Ret=-2.66%  Trades/yr=94  [sel=57.2s bt=152.8s]
08:11:19  INFO        --- Fold2_2021 | Train 2016-01-01 -> 2020-12-31 | Test 2021-01-01 -> 2021-12-31 ---
08:11:29  INFO      [LSTMSelector] 889525 sequences, class dist: {0: 442602, 1: 446923}
08:11:29  INFO      [LSTMSelector] Subsampled to 50000 sequences.
/users/student/pg/pg24/yash.sarang/miniconda3/envs/pairs_trading/lib/python3.10/site-packages/keras/src/layers/rnn/bidirectional.py:107: UserWarning: Do not pass an `input_shape`/`input_dim` argument to a layer. When using Sequential models, prefer using an `Input(shape)` object as the first layer in the model instead.
  super().__init__(**kwargs)
08:12:19  INFO      [LSTMSelector] Training complete.
08:12:21  INFO          Pairs selected (10): ['ICICIBANK-SBIN', 'TCS-INFY', 'HDFCBANK-ICICIBANK', 'JSWSTEEL-HINDALCO', 'INFY-HCLTECH'] ...
08:14:51  INFO          OOS => Gross Sharpe=0.416  Net Sharpe=-0.136  Net Ret=-0.73%  Trades/yr=128  [sel=61.6s bt=149.6s]
08:14:51  INFO        --- Fold3_2022 | Train 2016-01-01 -> 2021-12-31 | Test 2022-01-01 -> 2022-12-31 ---
08:15:03  INFO      [LSTMSelector] 1106700 sequences, class dist: {0: 549456, 1: 557244}
08:15:04  INFO      [LSTMSelector] Subsampled to 50000 sequences.
/users/student/pg/pg24/yash.sarang/miniconda3/envs/pairs_trading/lib/python3.10/site-packages/keras/src/layers/rnn/bidirectional.py:107: UserWarning: Do not pass an `input_shape`/`input_dim` argument to a layer. When using Sequential models, prefer using an `Input(shape)` object as the first layer in the model instead.
  super().__init__(**kwargs)
08:16:20  INFO      [LSTMSelector] Training complete.
08:16:22  INFO          Pairs selected (10): ['TATASTEEL-JSWSTEEL', 'TATASTEEL-HINDALCO', 'ULTRACEMCO-ACC', 'JSWSTEEL-HINDALCO', 'IOC-BPCL'] ...
08:18:51  INFO          OOS => Gross Sharpe=-0.202  Net Sharpe=-0.495  Net Ret=-2.77%  Trades/yr=71  [sel=91.3s bt=148.8s]
08:18:51  INFO        --- Fold4_2023 | Train 2016-01-01 -> 2022-12-31 | Test 2023-01-01 -> 2023-12-31 ---
08:19:01  INFO      [LSTMSelector] 1323875 sequences, class dist: {0: 657867, 1: 666008}
08:19:02  INFO      [LSTMSelector] Subsampled to 50000 sequences.
/users/student/pg/pg24/yash.sarang/miniconda3/envs/pairs_trading/lib/python3.10/site-packages/keras/src/layers/rnn/bidirectional.py:107: UserWarning: Do not pass an `input_shape`/`input_dim` argument to a layer. When using Sequential models, prefer using an `Input(shape)` object as the first layer in the model instead.
  super().__init__(**kwargs)
08:20:15  INFO      [LSTMSelector] Training complete.
08:20:18  INFO          Pairs selected (10): ['TCS-INFY', 'INFY-HCLTECH', 'TATASTEEL-JSWSTEEL', 'TCS-HCLTECH', 'TCS-WIPRO'] ...
08:22:47  INFO          OOS => Gross Sharpe=0.033  Net Sharpe=-0.476  Net Ret=-1.74%  Trades/yr=81  [sel=87.1s bt=149.3s]
08:22:47  INFO        --- Fold5_2024 | Train 2016-01-01 -> 2023-12-31 | Test 2024-01-01 -> 2024-12-31 ---
08:22:58  INFO      [LSTMSelector] 1541050 sequences, class dist: {0: 766018, 1: 775032}
08:22:59  INFO      [LSTMSelector] Subsampled to 50000 sequences.
/users/student/pg/pg24/yash.sarang/miniconda3/envs/pairs_trading/lib/python3.10/site-packages/keras/src/layers/rnn/bidirectional.py:107: UserWarning: Do not pass an `input_shape`/`input_dim` argument to a layer. When using Sequential models, prefer using an `Input(shape)` object as the first layer in the model instead.
  super().__init__(**kwargs)
08:23:22  INFO      [LSTMSelector] Training complete.
08:23:25  INFO          Pairs selected (10): ['IOC-BPCL', 'TATASTEEL-HINDALCO', 'TATASTEEL-JSWSTEEL', 'WIPRO-TECHM', 'TCS-INFY'] ...
08:25:54  INFO          OOS => Gross Sharpe=0.148  Net Sharpe=-0.310  Net Ret=-1.46%  Trades/yr=94  [sel=37.6s bt=149.7s]
08:25:54  INFO        --- Fold6_2025 | Train 2016-01-01 -> 2024-12-31 | Test 2025-01-01 -> 2025-12-31 ---
08:25:59  INFO      [LSTMSelector] 1758820 sequences, class dist: {0: 879622, 1: 879198}
08:26:00  INFO      [LSTMSelector] Subsampled to 50000 sequences.
/users/student/pg/pg24/yash.sarang/miniconda3/envs/pairs_trading/lib/python3.10/site-packages/keras/src/layers/rnn/bidirectional.py:107: UserWarning: Do not pass an `input_shape`/`input_dim` argument to a layer. When using Sequential models, prefer using an `Input(shape)` object as the first layer in the model instead.
  super().__init__(**kwargs)
08:26:22  INFO      [LSTMSelector] Training complete.
08:26:25  INFO          Pairs selected (10): ['IOC-BPCL', 'TATASTEEL-JSWSTEEL', 'ONGC-IOC', 'TATASTEEL-HINDALCO', 'ONGC-COALINDIA'] ...
08:28:54  INFO          OOS => Gross Sharpe=0.055  Net Sharpe=-0.412  Net Ret=-2.20%  Trades/yr=108  [sel=30.2s bt=149.3s]
08:28:54  INFO      All folds done in 1265s
08:28:54  INFO      Results saved -> /users/student/pg/pg24/yash.sarang/Hybrid-Pairs-Trading-Ensemble/Implementation/experiments/results/walk_forward_20260506_082854.json
