WARNING: All log messages before absl::InitializeLog() is called are written to STDERR
I0000 00:00:1778041241.678279    5925 port.cc:153] oneDNN custom operations are on. You may see slightly different numerical results due to floating-point round-off errors from different computation orders. To turn them off, set the environment variable `TF_ENABLE_ONEDNN_OPTS=0`.
WARNING: All log messages before absl::InitializeLog() is called are written to STDERR
I0000 00:00:1778041252.159063    5925 port.cc:153] oneDNN custom operations are on. You may see slightly different numerical results due to floating-point round-off errors from different computation orders. To turn them off, set the environment variable `TF_ENABLE_ONEDNN_OPTS=0`.
09:51:10  INFO      ================================================================
09:51:10  INFO      Walk-Forward Validation  |  mode=custom({"LSTM":1,"Correlation":1,"Distance":0,"Cointegration":0,"Co)  |  s2=rl_only  |  top_k=10
09:51:10  INFO      S1 weights: {'LSTM': 1, 'Correlation': 1}
09:51:10  INFO      Folds: ['Fold1_2020', 'Fold2_2021', 'Fold3_2022', 'Fold4_2023', 'Fold5_2024', 'Fold6_2025']
09:51:10  INFO      min_hold_bars=30  capital=1,000,000
09:51:10  INFO      ================================================================
09:51:10  INFO      [Data] Fetching full 10-year daily prices ...
/users/student/pg/pg24/yash.sarang/Hybrid-Pairs-Trading-Ensemble/Implementation/core/data.py:136: PerformanceWarning: indexing past lexsort depth may impact performance.
  if col in data.columns:
/users/student/pg/pg24/yash.sarang/Hybrid-Pairs-Trading-Ensemble/Implementation/core/data.py:137: PerformanceWarning: indexing past lexsort depth may impact performance.
  s = data[col]
09:51:10  INFO        35 tickers x 3742 bars  (2016-01-01 -> 2026-03-30)
09:51:10  INFO        --- Fold1_2020 | Train 2016-01-01 -> 2019-12-31 | Test 2020-01-01 -> 2020-12-31 ---
09:51:21  INFO      [LSTMSelector] 671755 sequences, class dist: {0: 335187, 1: 336568}
09:51:22  INFO      [LSTMSelector] Subsampled to 50000 sequences.
/users/student/pg/pg24/yash.sarang/miniconda3/envs/pairs_trading/lib/python3.10/site-packages/keras/src/layers/rnn/bidirectional.py:107: UserWarning: Do not pass an `input_shape`/`input_dim` argument to a layer. When using Sequential models, prefer using an `Input(shape)` object as the first layer in the model instead.
  super().__init__(**kwargs)
09:52:10  INFO      [LSTMSelector] Training complete.
09:52:13  INFO          Pairs selected (10): ['ULTRACEMCO-ACC', 'JSWSTEEL-HINDALCO', 'ULTRACEMCO-SHREECEM', 'HDFCBANK-KOTAKBANK', 'BAJAJ-AUTO-HEROMOTOCO'] ...
10:00:22  INFO          OOS => Gross Sharpe=-0.348  Net Sharpe=-0.675  Net Ret=-6.38%  Trades/yr=132  [sel=62.5s bt=489.6s]
10:00:22  INFO        --- Fold2_2021 | Train 2016-01-01 -> 2020-12-31 | Test 2021-01-01 -> 2021-12-31 ---
10:00:29  INFO      [LSTMSelector] 889525 sequences, class dist: {0: 442602, 1: 446923}
10:00:29  INFO      [LSTMSelector] Subsampled to 50000 sequences.
/users/student/pg/pg24/yash.sarang/miniconda3/envs/pairs_trading/lib/python3.10/site-packages/keras/src/layers/rnn/bidirectional.py:107: UserWarning: Do not pass an `input_shape`/`input_dim` argument to a layer. When using Sequential models, prefer using an `Input(shape)` object as the first layer in the model instead.
  super().__init__(**kwargs)
10:01:37  INFO      [LSTMSelector] Training complete.
10:01:39  INFO          Pairs selected (10): ['ICICIBANK-SBIN', 'TCS-INFY', 'HDFCBANK-ICICIBANK', 'JSWSTEEL-HINDALCO', 'INFY-HCLTECH'] ...
10:09:41  INFO          OOS => Gross Sharpe=1.383  Net Sharpe=0.802  Net Ret=4.38%  Trades/yr=140  [sel=76.5s bt=481.8s]
10:09:41  INFO        --- Fold3_2022 | Train 2016-01-01 -> 2021-12-31 | Test 2022-01-01 -> 2022-12-31 ---
10:09:49  INFO      [LSTMSelector] 1106700 sequences, class dist: {0: 549456, 1: 557244}
10:09:49  INFO      [LSTMSelector] Subsampled to 50000 sequences.
/users/student/pg/pg24/yash.sarang/miniconda3/envs/pairs_trading/lib/python3.10/site-packages/keras/src/layers/rnn/bidirectional.py:107: UserWarning: Do not pass an `input_shape`/`input_dim` argument to a layer. When using Sequential models, prefer using an `Input(shape)` object as the first layer in the model instead.
  super().__init__(**kwargs)
10:10:49  INFO      [LSTMSelector] Training complete.
10:10:51  INFO          Pairs selected (10): ['TATASTEEL-JSWSTEEL', 'TATASTEEL-HINDALCO', 'ULTRACEMCO-ACC', 'JSWSTEEL-HINDALCO', 'IOC-BPCL'] ...
10:18:53  INFO          OOS => Gross Sharpe=-0.230  Net Sharpe=-0.616  Net Ret=-3.80%  Trades/yr=103  [sel=70.2s bt=482.5s]
10:18:53  INFO        --- Fold4_2023 | Train 2016-01-01 -> 2022-12-31 | Test 2023-01-01 -> 2023-12-31 ---
10:19:02  INFO      [LSTMSelector] 1323875 sequences, class dist: {0: 657867, 1: 666008}
10:19:02  INFO      [LSTMSelector] Subsampled to 50000 sequences.
/users/student/pg/pg24/yash.sarang/miniconda3/envs/pairs_trading/lib/python3.10/site-packages/keras/src/layers/rnn/bidirectional.py:107: UserWarning: Do not pass an `input_shape`/`input_dim` argument to a layer. When using Sequential models, prefer using an `Input(shape)` object as the first layer in the model instead.
  super().__init__(**kwargs)
10:20:32  INFO      [LSTMSelector] Training complete.
10:20:35  INFO          Pairs selected (10): ['TCS-INFY', 'INFY-HCLTECH', 'TATASTEEL-JSWSTEEL', 'TCS-HCLTECH', 'TCS-WIPRO'] ...
10:28:41  INFO          OOS => Gross Sharpe=0.722  Net Sharpe=0.114  Net Ret=0.50%  Trades/yr=118  [sel=101.0s bt=486.2s]
10:28:41  INFO        --- Fold5_2024 | Train 2016-01-01 -> 2023-12-31 | Test 2024-01-01 -> 2024-12-31 ---
10:28:52  INFO      [LSTMSelector] 1541050 sequences, class dist: {0: 766018, 1: 775032}
10:28:52  INFO      [LSTMSelector] Subsampled to 50000 sequences.
/users/student/pg/pg24/yash.sarang/miniconda3/envs/pairs_trading/lib/python3.10/site-packages/keras/src/layers/rnn/bidirectional.py:107: UserWarning: Do not pass an `input_shape`/`input_dim` argument to a layer. When using Sequential models, prefer using an `Input(shape)` object as the first layer in the model instead.
  super().__init__(**kwargs)
10:29:15  INFO      [LSTMSelector] Training complete.
10:29:18  INFO          Pairs selected (10): ['IOC-BPCL', 'TATASTEEL-HINDALCO', 'TATASTEEL-JSWSTEEL', 'WIPRO-TECHM', 'TCS-INFY'] ...
10:37:26  INFO          OOS => Gross Sharpe=-0.188  Net Sharpe=-0.850  Net Ret=-4.13%  Trades/yr=139  [sel=37.3s bt=488.0s]
10:37:26  INFO        --- Fold6_2025 | Train 2016-01-01 -> 2024-12-31 | Test 2025-01-01 -> 2025-12-31 ---
10:37:37  INFO      [LSTMSelector] 1758820 sequences, class dist: {0: 879622, 1: 879198}
10:37:37  INFO      [LSTMSelector] Subsampled to 50000 sequences.
/users/student/pg/pg24/yash.sarang/miniconda3/envs/pairs_trading/lib/python3.10/site-packages/keras/src/layers/rnn/bidirectional.py:107: UserWarning: Do not pass an `input_shape`/`input_dim` argument to a layer. When using Sequential models, prefer using an `Input(shape)` object as the first layer in the model instead.
  super().__init__(**kwargs)
10:38:01  INFO      [LSTMSelector] Training complete.
10:38:03  INFO          Pairs selected (10): ['IOC-BPCL', 'TATASTEEL-JSWSTEEL', 'ONGC-IOC', 'TATASTEEL-HINDALCO', 'ONGC-COALINDIA'] ...
10:46:13  INFO          OOS => Gross Sharpe=-0.636  Net Sharpe=-1.230  Net Ret=-5.94%  Trades/yr=124  [sel=37.1s bt=489.4s]
10:46:13  INFO      All folds done in 3302s
10:46:13  INFO      Results saved -> /users/student/pg/pg24/yash.sarang/Hybrid-Pairs-Trading-Ensemble/Implementation/experiments/results/walk_forward_20260506_104613.json
