WARNING: All log messages before absl::InitializeLog() is called are written to STDERR
I0000 00:00:1775432673.111539  165609 port.cc:153] oneDNN custom operations are on. You may see slightly different numerical results due to floating-point round-off errors from different computation orders. To turn them off, set the environment variable `TF_ENABLE_ONEDNN_OPTS=0`.
WARNING: All log messages before absl::InitializeLog() is called are written to STDERR
I0000 00:00:1775432677.428437  165609 port.cc:153] oneDNN custom operations are on. You may see slightly different numerical results due to floating-point round-off errors from different computation orders. To turn them off, set the environment variable `TF_ENABLE_ONEDNN_OPTS=0`.
05:14:39  INFO      Frequency Comparison Experiment — 2026-04-06 05:14
05:14:39  INFO      Universe : 35 stocks | Period   : 2024-05-06 -> 2026-04-05 | Selectors: full | Top-K    : 10
05:14:39  INFO      ================================================================
05:14:39  INFO        FREQUENCY: 1D   |   universe=35 stocks   |   mode=full
05:14:39  INFO      ================================================================
05:14:39  INFO      [1/5] Fetching price data …
/users/student/pg/pg24/yash.sarang/Hybrid-Pairs-Trading-Ensemble/Implementation/core/data.py:136: PerformanceWarning: indexing past lexsort depth may impact performance.
  if col in data.columns:
/users/student/pg/pg24/yash.sarang/Hybrid-Pairs-Trading-Ensemble/Implementation/core/data.py:137: PerformanceWarning: indexing past lexsort depth may impact performance.
  s = data[col]
05:14:39  INFO          35 tickers × 694 bars  (2024-05-06 -> 2026-03-30)
05:14:39  INFO      [2/5] Generating pair candidates …
05:14:39  INFO          595 candidates from 35 tickers
05:14:39  INFO      [3/5] Stage 1 — pair selection …
05:14:39  INFO          [Correlation] fitting + scoring …
05:14:39  INFO          [Correlation] done in 0.2s
05:14:39  INFO          [Distance] fitting + scoring …
05:14:39  INFO          [Distance] done in 0.0s
05:14:39  INFO          [Cointegration] fitting + scoring …
05:14:44  INFO          [Cointegration] done in 5.1s
05:14:44  INFO          [Combined] fitting + scoring …
05:14:56  INFO          [Combined] done in 11.5s
05:14:56  INFO          [ML] fitting + scoring …
05:15:01  INFO      [MLSelector.fit] y class counts: {0: 257, 1: 338}
/users/student/pg/pg24/yash.sarang/miniconda3/envs/pairs_trading/lib/python3.10/site-packages/xgboost/core.py:751: UserWarning: [05:15:01] WARNING: /__w/xgboost/xgboost/src/common/error_msg.cc:62: Falling back to prediction using DMatrix due to mismatched devices. This might lead to higher memory usage and slower performance. XGBoost is running on: cuda:0, while the input data is on: cpu.
Potential solutions:
- Use a data structure that matches the device ordinal in the booster.
- Set the device for booster before call to inplace_predict.

This warning will only be shown once.

  return func(**kwargs)
05:15:24  INFO          [ML] done in 28.7s
05:15:24  INFO          [LSTM] fitting + scoring …
05:15:35  INFO      [LSTMSelector] 215390 sequences, class dist: {0: 106282, 1: 109108}
05:15:35  INFO      [LSTMSelector] Subsampled to 50000 sequences.
/users/student/pg/pg24/yash.sarang/miniconda3/envs/pairs_trading/lib/python3.10/site-packages/keras/src/layers/rnn/bidirectional.py:107: UserWarning: Do not pass an `input_shape`/`input_dim` argument to a layer. When using Sequential models, prefer using an `Input(shape)` object as the first layer in the model instead.
  super().__init__(**kwargs)
05:16:29  INFO      [LSTMSelector] Training complete.
05:16:33  INFO          [LSTM] done in 68.8s
05:16:33  INFO          [Transformer] fitting + scoring …
05:16:42  INFO      [TransformerSelector] 215390 sequences, class dist: {0: 106282, 1: 109108}
05:16:42  INFO      [TransformerSelector] Subsampled to 50000 sequences.
05:17:31  INFO      [TransformerSelector] Training complete.
05:17:38  INFO          [Transformer] done in 64.9s
05:17:38  INFO          [GNN] fitting + scoring …
05:17:40  INFO      [GNNSelector] Training on 8 snapshots, N=35 stocks.
05:19:47  INFO      [GNNSelector] Training complete.
05:19:48  INFO          [GNN] done in 129.4s
05:19:48  INFO          Top-10 pairs selected. Top 5: ['TCS/WIPRO', 'AXISBANK/IOC', 'HDFCBANK/ACC', 'ITC/CIPLA', 'IOC/BPCL'] …
05:19:48  INFO      [4/5] Stage 2 — backtest …
05:19:48  INFO      [5/5] Computing spread diagnostics …
05:19:48  INFO          Experiment complete in 308.8s
05:19:48  INFO      ================================================================
05:19:48  INFO        FREQUENCY: 1H   |   universe=35 stocks   |   mode=full
05:19:48  INFO      ================================================================
05:19:48  INFO      [1/5] Fetching price data …
/users/student/pg/pg24/yash.sarang/Hybrid-Pairs-Trading-Ensemble/Implementation/core/data.py:136: PerformanceWarning: indexing past lexsort depth may impact performance.
  if col in data.columns:
/users/student/pg/pg24/yash.sarang/Hybrid-Pairs-Trading-Ensemble/Implementation/core/data.py:137: PerformanceWarning: indexing past lexsort depth may impact performance.
  s = data[col]
05:19:48  INFO          35 tickers × 16711 bars  (2024-05-06 -> 2026-04-02)
05:19:48  INFO      [2/5] Generating pair candidates …
05:19:48  INFO          595 candidates from 35 tickers
05:19:48  INFO      [3/5] Stage 1 — pair selection …
05:19:48  INFO          [Correlation] fitting + scoring …
05:19:49  INFO          [Correlation] done in 0.8s
05:19:49  INFO          [Distance] fitting + scoring …
05:19:49  INFO          [Distance] done in 0.0s
05:19:49  INFO          [Cointegration] fitting + scoring …
05:19:54  INFO          [Cointegration] done in 5.5s
05:19:54  INFO          [Combined] fitting + scoring …
05:20:16  INFO          [Combined] done in 21.6s
05:20:16  INFO          [ML] fitting + scoring …
05:27:20  INFO      [MLSelector.fit] y class counts: {0: 357, 1: 238}
05:41:57  INFO          [ML] done in 1301.4s
05:41:57  INFO          [LSTM] fitting + scoring …
/var/spool/slurmd/job02012/slurm_script: line 24: 165609 Killed                  python experiments/freq_comparison.py --mode full
slurmstepd-anandi: error: Detected 1 oom_kill event in StepId=2012.batch. Some of the step tasks have been OOM Killed.
