WARNING: All log messages before absl::InitializeLog() is called are written to STDERR
I0000 00:00:1775418350.659509  120358 port.cc:153] oneDNN custom operations are on. You may see slightly different numerical results due to floating-point round-off errors from different computation orders. To turn them off, set the environment variable `TF_ENABLE_ONEDNN_OPTS=0`.
WARNING: All log messages before absl::InitializeLog() is called are written to STDERR
I0000 00:00:1775418355.489853  120358 port.cc:153] oneDNN custom operations are on. You may see slightly different numerical results due to floating-point round-off errors from different computation orders. To turn them off, set the environment variable `TF_ENABLE_ONEDNN_OPTS=0`.
01:15:57  INFO      Frequency Comparison Experiment — 2026-04-06 01:15
01:15:57  INFO      Universe : 35 stocks | Period   : 2024-05-06 -> 2026-04-05 | Selectors: full | Top-K    : 10
01:15:57  INFO      ================================================================
01:15:57  INFO        FREQUENCY: 1D   |   universe=35 stocks   |   mode=full
01:15:57  INFO      ================================================================
01:15:57  INFO      [1/5] Fetching price data …
/users/student/pg/pg24/yash.sarang/Hybrid-Pairs-Trading-Ensemble/Implementation/core/data.py:136: PerformanceWarning: indexing past lexsort depth may impact performance.
  if col in data.columns:
/users/student/pg/pg24/yash.sarang/Hybrid-Pairs-Trading-Ensemble/Implementation/core/data.py:137: PerformanceWarning: indexing past lexsort depth may impact performance.
  s = data[col]
01:15:57  INFO          35 tickers × 694 bars  (2024-05-06 -> 2026-03-30)
01:15:57  INFO      [2/5] Generating pair candidates …
01:15:57  INFO          595 candidates from 35 tickers
01:15:57  INFO      [3/5] Stage 1 — pair selection …
01:15:57  INFO          [Correlation] fitting + scoring …
01:15:57  INFO          [Correlation] done in 0.2s
01:15:57  INFO          [Distance] fitting + scoring …
01:15:57  INFO          [Distance] done in 0.0s
01:15:57  INFO          [Cointegration] fitting + scoring …
01:16:02  INFO          [Cointegration] done in 5.1s
01:16:02  INFO          [Combined] fitting + scoring …
01:16:07  INFO          [Combined] done in 4.4s
01:16:07  INFO          [ML] fitting + scoring …
01:16:12  INFO      [MLSelector.fit] y class counts: {0: 257, 1: 338}
/users/student/pg/pg24/yash.sarang/miniconda3/envs/pairs_trading/lib/python3.10/site-packages/xgboost/core.py:751: UserWarning: [01:16:12] WARNING: /__w/xgboost/xgboost/src/common/error_msg.cc:62: Falling back to prediction using DMatrix due to mismatched devices. This might lead to higher memory usage and slower performance. XGBoost is running on: cuda:0, while the input data is on: cpu.
Potential solutions:
- Use a data structure that matches the device ordinal in the booster.
- Set the device for booster before call to inplace_predict.

This warning will only be shown once.

  return func(**kwargs)
01:16:37  INFO          [ML] done in 30.0s
01:16:37  INFO          [LSTM] fitting + scoring …
01:16:47  INFO      [LSTMSelector] 215390 sequences, class dist: {0: 106282, 1: 109108}
01:16:47  INFO      [LSTMSelector] Subsampled to 50000 sequences.
/users/student/pg/pg24/yash.sarang/miniconda3/envs/pairs_trading/lib/python3.10/site-packages/keras/src/layers/rnn/bidirectional.py:107: UserWarning: Do not pass an `input_shape`/`input_dim` argument to a layer. When using Sequential models, prefer using an `Input(shape)` object as the first layer in the model instead.
  super().__init__(**kwargs)
01:17:48  INFO      [LSTMSelector] Training complete.
01:17:51  INFO          [LSTM] done in 74.1s
01:17:51  INFO          [Transformer] fitting + scoring …
01:17:58  INFO      [TransformerSelector] 215390 sequences, class dist: {0: 106282, 1: 109108}
01:17:58  INFO      [TransformerSelector] Subsampled to 50000 sequences.
01:17:58  WARNING       [Transformer] FAILED — Exception encountered when calling Lambda.call().

[1mWe could not automatically infer the shape of the Lambda's output. Please specify the `output_shape` argument for this Lambda layer.[0m

Arguments received by Lambda.call():
  • args=('<KerasTensor shape=(None, 60, 32), dtype=float16, sparse=False, ragged=False, name=keras_tensor_18>',)
  • kwargs={'mask': 'None'}
01:17:58  INFO          [GNN] fitting + scoring …
01:18:01  INFO      [GNNSelector] Training on 8 snapshots, N=35 stocks.
01:20:06  INFO      [GNNSelector] Training complete.
01:20:06  INFO          [GNN] done in 128.1s
01:20:06  INFO          Top-10 pairs selected. Top 5: ['TCS/WIPRO', 'AXISBANK/IOC', 'HDFCBANK/ACC', 'IOC/BPCL', 'TCS/INFY'] …
01:20:06  INFO      [4/5] Stage 2 — backtest …
01:20:07  INFO      [5/5] Computing spread diagnostics …
01:20:07  INFO          Experiment complete in 249.5s
01:20:07  INFO      ================================================================
01:20:07  INFO        FREQUENCY: 1H   |   universe=35 stocks   |   mode=full
01:20:07  INFO      ================================================================
01:20:07  INFO      [1/5] Fetching price data …
/users/student/pg/pg24/yash.sarang/Hybrid-Pairs-Trading-Ensemble/Implementation/core/data.py:136: PerformanceWarning: indexing past lexsort depth may impact performance.
  if col in data.columns:
/users/student/pg/pg24/yash.sarang/Hybrid-Pairs-Trading-Ensemble/Implementation/core/data.py:137: PerformanceWarning: indexing past lexsort depth may impact performance.
  s = data[col]
01:20:07  INFO          35 tickers × 16711 bars  (2024-05-06 -> 2026-04-02)
01:20:07  INFO      [2/5] Generating pair candidates …
01:20:07  INFO          595 candidates from 35 tickers
01:20:07  INFO      [3/5] Stage 1 — pair selection …
01:20:07  INFO          [Correlation] fitting + scoring …
01:20:07  INFO          [Correlation] done in 0.8s
01:20:07  INFO          [Distance] fitting + scoring …
01:20:07  INFO          [Distance] done in 0.0s
01:20:07  INFO          [Cointegration] fitting + scoring …
01:20:13  INFO          [Cointegration] done in 5.1s
01:20:13  INFO          [Combined] fitting + scoring …
01:20:29  INFO          [Combined] done in 16.2s
01:20:29  INFO          [ML] fitting + scoring …
01:27:49  INFO      [MLSelector.fit] y class counts: {0: 357, 1: 238}
01:42:59  INFO          [ML] done in 1350.5s
01:42:59  INFO          [LSTM] fitting + scoring …
01:43:10  INFO      [LSTMSelector] 9745505 sequences, class dist: {0: 6382175, 1: 3363330}
/var/spool/slurmd/job02002/slurm_script: line 27: 120358 Killed                  python experiments/freq_comparison.py --mode full --freqs 1D 1H
slurmstepd-anandi: error: Detected 1 oom_kill event in StepId=2002.batch. Some of the step tasks have been OOM Killed.
