WARNING: All log messages before absl::InitializeLog() is called are written to STDERR
I0000 00:00:1775416566.969405  116865 port.cc:153] oneDNN custom operations are on. You may see slightly different numerical results due to floating-point round-off errors from different computation orders. To turn them off, set the environment variable `TF_ENABLE_ONEDNN_OPTS=0`.
WARNING: All log messages before absl::InitializeLog() is called are written to STDERR
I0000 00:00:1775416571.245348  116865 port.cc:153] oneDNN custom operations are on. You may see slightly different numerical results due to floating-point round-off errors from different computation orders. To turn them off, set the environment variable `TF_ENABLE_ONEDNN_OPTS=0`.
00:46:13  INFO      ================================================================
00:46:13  INFO      E3 Ablation  |  mode=stat_ml  |  stage=both  |  top_k=10
00:46:13  INFO      min_hold=30  capital=1,000,000
00:46:13  INFO      ================================================================
00:46:13  INFO      [Data] Fetching full 10-year daily prices ...
/users/student/pg/pg24/yash.sarang/Hybrid-Pairs-Trading-Ensemble/Implementation/core/data.py:136: PerformanceWarning: indexing past lexsort depth may impact performance.
  if col in data.columns:
/users/student/pg/pg24/yash.sarang/Hybrid-Pairs-Trading-Ensemble/Implementation/core/data.py:137: PerformanceWarning: indexing past lexsort depth may impact performance.
  s = data[col]
00:46:13  INFO        35 tickers x 3742 bars
00:46:13  INFO      
--- Running Stage 1 Ablation ---
00:46:13  INFO        Stage 1 ablation: ['Correlation_only', 'Distance_only', 'Cointegration_only', 'Combined_only', 'ML_only', 'S1_Ensemble']
00:46:13  INFO        [S1] Config: Correlation_only
00:46:18  INFO          [Correlation_only] 2020 -> Gross SR=1.082  Net SR=0.683  pairs=10  t=4.9s
00:46:19  INFO          [Correlation_only] 2021 -> Gross SR=1.686  Net SR=1.122  pairs=10  t=1.3s
00:46:20  INFO          [Correlation_only] 2022 -> Gross SR=-0.827  Net SR=-1.345  pairs=10  t=1.5s
00:46:22  INFO          [Correlation_only] 2023 -> Gross SR=0.760  Net SR=0.004  pairs=10  t=1.6s
00:46:24  INFO          [Correlation_only] 2024 -> Gross SR=0.266  Net SR=-0.356  pairs=10  t=1.5s
00:46:25  INFO          [Correlation_only] 2025 -> Gross SR=1.031  Net SR=0.479  pairs=10  t=1.6s
00:46:25  INFO        [S1] Config: Distance_only
00:46:26  INFO          [Distance_only] 2020 -> Gross SR=0.633  Net SR=0.278  pairs=10  t=1.1s
00:46:27  INFO          [Distance_only] 2021 -> Gross SR=-0.080  Net SR=-0.491  pairs=10  t=1.1s
00:46:28  INFO          [Distance_only] 2022 -> Gross SR=-0.328  Net SR=-0.841  pairs=10  t=1.2s
00:46:30  INFO          [Distance_only] 2023 -> Gross SR=0.762  Net SR=0.224  pairs=10  t=1.2s
00:46:31  INFO          [Distance_only] 2024 -> Gross SR=-0.043  Net SR=-0.511  pairs=10  t=1.3s
00:46:32  INFO          [Distance_only] 2025 -> Gross SR=0.675  Net SR=0.189  pairs=10  t=1.3s
00:46:32  INFO        [S1] Config: Cointegration_only
00:46:38  INFO          [Cointegration_only] 2020 -> Gross SR=0.183  Net SR=-0.083  pairs=10  t=6.2s
00:46:45  INFO          [Cointegration_only] 2021 -> Gross SR=0.975  Net SR=0.581  pairs=10  t=6.2s
00:46:51  INFO          [Cointegration_only] 2022 -> Gross SR=-0.919  Net SR=-1.357  pairs=10  t=5.9s
00:46:57  INFO          [Cointegration_only] 2023 -> Gross SR=-0.360  Net SR=-0.818  pairs=10  t=6.5s
00:47:03  INFO          [Cointegration_only] 2024 -> Gross SR=-0.884  Net SR=-1.250  pairs=10  t=6.3s
00:47:11  INFO          [Cointegration_only] 2025 -> Gross SR=1.522  Net SR=1.091  pairs=10  t=7.2s
00:47:11  INFO        [S1] Config: Combined_only
00:47:28  INFO          [Combined_only] 2020 -> Gross SR=-0.389  Net SR=-0.633  pairs=10  t=17.3s
00:47:46  INFO          [Combined_only] 2021 -> Gross SR=0.560  Net SR=0.194  pairs=10  t=17.5s
00:48:01  INFO          [Combined_only] 2022 -> Gross SR=-1.067  Net SR=-1.415  pairs=10  t=15.3s
00:48:28  INFO          [Combined_only] 2023 -> Gross SR=0.322  Net SR=-0.152  pairs=10  t=27.2s
00:48:44  INFO          [Combined_only] 2024 -> Gross SR=-1.978  Net SR=-2.302  pairs=10  t=15.9s
00:48:58  INFO          [Combined_only] 2025 -> Gross SR=-0.112  Net SR=-0.558  pairs=10  t=14.4s
00:48:58  INFO        [S1] Config: ML_only
00:49:11  INFO      [MLSelector.fit] y class counts: {0: 335, 1: 260}
/users/student/pg/pg24/yash.sarang/miniconda3/envs/pairs_trading/lib/python3.10/site-packages/xgboost/core.py:751: UserWarning: [00:49:11] WARNING: /__w/xgboost/xgboost/src/common/error_msg.cc:62: Falling back to prediction using DMatrix due to mismatched devices. This might lead to higher memory usage and slower performance. XGBoost is running on: cuda:0, while the input data is on: cpu.
Potential solutions:
- Use a data structure that matches the device ordinal in the booster.
- Set the device for booster before call to inplace_predict.

This warning will only be shown once.

  return func(**kwargs)
00:50:20  INFO          [ML_only] 2020 -> Gross SR=-1.785  Net SR=-2.065  pairs=10  t=81.8s
00:50:39  INFO      [MLSelector.fit] y class counts: {0: 340, 1: 255}
00:51:32  INFO          [ML_only] 2021 -> Gross SR=1.398  Net SR=1.053  pairs=10  t=71.9s
00:52:02  INFO      [MLSelector.fit] y class counts: {0: 306, 1: 289}
00:53:10  INFO          [ML_only] 2022 -> Gross SR=0.242  Net SR=-0.079  pairs=10  t=97.9s
00:53:44  INFO      [MLSelector.fit] y class counts: {0: 250, 1: 345}
00:54:56  INFO          [ML_only] 2023 -> Gross SR=1.891  Net SR=1.487  pairs=10  t=106.4s
00:55:39  INFO      [MLSelector.fit] y class counts: {0: 281, 1: 314}
00:56:58  INFO          [ML_only] 2024 -> Gross SR=-0.536  Net SR=-0.864  pairs=10  t=121.7s
00:57:58  INFO      [MLSelector.fit] y class counts: {0: 297, 1: 298}
00:59:45  INFO          [ML_only] 2025 -> Gross SR=0.906  Net SR=0.333  pairs=10  t=167.0s
00:59:45  INFO        [S1] Config: S1_Ensemble
01:00:19  INFO      [MLSelector.fit] y class counts: {0: 335, 1: 260}
01:00:59  INFO          [S1_Ensemble] 2020 -> Gross SR=-0.661  Net SR=-0.990  pairs=10  t=73.9s
01:01:42  INFO      [MLSelector.fit] y class counts: {0: 340, 1: 255}
01:02:32  INFO          [S1_Ensemble] 2021 -> Gross SR=-0.120  Net SR=-0.611  pairs=10  t=92.5s
01:03:15  INFO      [MLSelector.fit] y class counts: {0: 306, 1: 289}
01:04:13  INFO          [S1_Ensemble] 2022 -> Gross SR=-0.614  Net SR=-1.122  pairs=10  t=101.7s
01:05:10  INFO      [MLSelector.fit] y class counts: {0: 250, 1: 345}
01:06:26  INFO          [S1_Ensemble] 2023 -> Gross SR=0.642  Net SR=0.111  pairs=10  t=132.8s
01:07:40  INFO      [MLSelector.fit] y class counts: {0: 281, 1: 314}
01:09:12  INFO          [S1_Ensemble] 2024 -> Gross SR=-0.819  Net SR=-1.208  pairs=10  t=166.4s
01:10:41  INFO      [MLSelector.fit] y class counts: {0: 297, 1: 298}
01:12:22  INFO          [S1_Ensemble] 2025 -> Gross SR=0.488  Net SR=0.040  pairs=10  t=189.9s
01:12:22  INFO      
--- Running Stage 2 Ablation ---
01:12:22  INFO        [S2] Pre-selecting pairs per fold ...
01:12:58  INFO      [MLSelector.fit] y class counts: {0: 335, 1: 260}
01:13:43  INFO          2020: 10 pairs — ['M&M-ONGC', 'TATASTEEL-JSWSTEEL', 'MARUTI-BAJAJ-AUTO', 'ONGC-COALINDIA'] ...
01:14:22  INFO      [MLSelector.fit] y class counts: {0: 340, 1: 255}
01:15:17  INFO          2021: 10 pairs — ['ICICIBANK-AXISBANK', 'TECHM-JSWSTEEL', 'HDFCBANK-AXISBANK', 'KOTAKBANK-AXISBANK'] ...
01:16:06  INFO      [MLSelector.fit] y class counts: {0: 306, 1: 289}
01:17:08  INFO          2022: 10 pairs — ['ULTRACEMCO-ACC', 'SUNPHARMA-HINDALCO', 'HINDUNILVR-BRITANNIA', 'BAJAJ-AUTO-HEROMOTOCO'] ...
01:18:16  INFO      [MLSelector.fit] y class counts: {0: 250, 1: 345}
01:19:36  INFO          2023: 10 pairs — ['ITC-COALINDIA', 'ICICIBANK-COALINDIA', 'TATASTEEL-HINDALCO', 'CIPLA-COALINDIA'] ...
01:20:48  INFO      [MLSelector.fit] y class counts: {0: 281, 1: 314}
01:22:19  INFO          2024: 10 pairs — ['INDUSINDBK-M&M', 'HEROMOTOCO-IOC', 'INFY-TECHM', 'TCS-INFY'] ...
01:23:32  INFO      [MLSelector.fit] y class counts: {0: 297, 1: 298}
01:25:14  INFO          2025: 10 pairs — ['HCLTECH-TECHM', 'IOC-COALINDIA', 'INFY-TECHM', 'TECHM-DIVISLAB'] ...
01:25:14  INFO        [S2] Config: ZScore_only
01:25:14  INFO          [ZScore_only] 2020 -> Gross SR=0.260  Net SR=-0.027  t=0.1s
01:25:14  INFO          [ZScore_only] 2021 -> Gross SR=-0.278  Net SR=-0.755  t=0.1s
01:25:15  INFO          [ZScore_only] 2022 -> Gross SR=0.433  Net SR=-0.020  t=0.1s
01:25:15  INFO          [ZScore_only] 2023 -> Gross SR=-0.600  Net SR=-1.087  t=0.1s
01:25:15  INFO          [ZScore_only] 2024 -> Gross SR=-0.468  Net SR=-0.856  t=0.1s
01:25:15  INFO          [ZScore_only] 2025 -> Gross SR=1.033  Net SR=0.559  t=0.1s
01:25:15  INFO        [S2] Config: OU_only
01:25:15  INFO          [OU_only] 2020 -> Gross SR=-0.057  Net SR=-0.269  t=0.1s
01:25:15  INFO          [OU_only] 2021 -> Gross SR=0.344  Net SR=0.080  t=0.1s
01:25:15  INFO          [OU_only] 2022 -> Gross SR=1.746  Net SR=1.375  t=0.1s
01:25:15  INFO          [OU_only] 2023 -> Gross SR=1.322  Net SR=0.927  t=0.1s
01:25:15  INFO          [OU_only] 2024 -> Gross SR=-1.138  Net SR=-1.338  t=0.1s
01:25:15  INFO          [OU_only] 2025 -> Gross SR=1.075  Net SR=0.757  t=0.1s
01:25:15  INFO        [S2] Config: Kalman_only
01:25:15  INFO          [Kalman_only] 2020 -> Gross SR=1.202  Net SR=0.835  t=0.2s
01:25:16  INFO          [Kalman_only] 2021 -> Gross SR=-0.359  Net SR=-0.806  t=0.2s
01:25:16  INFO          [Kalman_only] 2022 -> Gross SR=1.015  Net SR=0.491  t=0.3s
01:25:16  INFO          [Kalman_only] 2023 -> Gross SR=-0.900  Net SR=-1.357  t=0.3s
01:25:16  INFO          [Kalman_only] 2024 -> Gross SR=0.796  Net SR=0.383  t=0.3s
01:25:17  INFO          [Kalman_only] 2025 -> Gross SR=-0.387  Net SR=-0.803  t=0.4s
01:25:17  INFO        [S2] Config: ML_only
01:25:18  INFO          [ML_only] 2020 -> Gross SR=-0.015  Net SR=-0.237  t=0.9s
01:25:19  INFO          [ML_only] 2021 -> Gross SR=-0.769  Net SR=-1.124  t=0.9s
01:25:20  INFO          [ML_only] 2022 -> Gross SR=0.081  Net SR=-0.283  t=1.0s
01:25:21  INFO          [ML_only] 2023 -> Gross SR=-0.574  Net SR=-0.927  t=1.0s
01:25:22  INFO          [ML_only] 2024 -> Gross SR=-0.544  Net SR=-0.882  t=1.0s
01:25:23  INFO          [ML_only] 2025 -> Gross SR=-0.137  Net SR=-0.477  t=1.0s
01:25:23  INFO        [S2] Config: S2_Ensemble
01:25:24  INFO          [S2_Ensemble] 2020 -> Gross SR=-0.661  Net SR=-0.990  t=1.1s
01:25:25  INFO          [S2_Ensemble] 2021 -> Gross SR=-0.120  Net SR=-0.611  t=1.2s
01:25:26  INFO          [S2_Ensemble] 2022 -> Gross SR=-0.614  Net SR=-1.122  t=1.2s
01:25:27  INFO          [S2_Ensemble] 2023 -> Gross SR=0.642  Net SR=0.111  t=1.3s
01:25:29  INFO          [S2_Ensemble] 2024 -> Gross SR=-0.819  Net SR=-1.208  t=1.3s
01:25:30  INFO          [S2_Ensemble] 2025 -> Gross SR=0.488  Net SR=0.040  t=1.4s
01:25:30  INFO      Total ablation time: 2357s
01:25:30  INFO      Results saved -> /users/student/pg/pg24/yash.sarang/Hybrid-Pairs-Trading-Ensemble/Implementation/experiments/results/ablation_20260406_012530.json
WARNING: All log messages before absl::InitializeLog() is called are written to STDERR
I0000 00:00:1775418936.373317  121358 port.cc:153] oneDNN custom operations are on. You may see slightly different numerical results due to floating-point round-off errors from different computation orders. To turn them off, set the environment variable `TF_ENABLE_ONEDNN_OPTS=0`.
WARNING: All log messages before absl::InitializeLog() is called are written to STDERR
I0000 00:00:1775418940.566317  121358 port.cc:153] oneDNN custom operations are on. You may see slightly different numerical results due to floating-point round-off errors from different computation orders. To turn them off, set the environment variable `TF_ENABLE_ONEDNN_OPTS=0`.
01:25:42  INFO      ================================================================
01:25:42  INFO      E3 Ablation  |  mode=full  |  stage=both  |  top_k=10
01:25:42  INFO      min_hold=30  capital=1,000,000
01:25:42  INFO      ================================================================
01:25:42  INFO      [Data] Fetching full 10-year daily prices ...
/users/student/pg/pg24/yash.sarang/Hybrid-Pairs-Trading-Ensemble/Implementation/core/data.py:136: PerformanceWarning: indexing past lexsort depth may impact performance.
  if col in data.columns:
/users/student/pg/pg24/yash.sarang/Hybrid-Pairs-Trading-Ensemble/Implementation/core/data.py:137: PerformanceWarning: indexing past lexsort depth may impact performance.
  s = data[col]
01:25:42  INFO        35 tickers x 3742 bars
01:25:42  INFO      
--- Running Stage 1 Ablation ---
01:25:42  INFO        Stage 1 ablation: ['Correlation_only', 'Distance_only', 'Cointegration_only', 'Combined_only', 'ML_only', 'LSTM_only', 'Transformer_only', 'GNN_only', 'S1_Ensemble']
01:25:42  INFO        [S1] Config: Correlation_only
01:25:44  INFO          [Correlation_only] 2020 -> Gross SR=1.082  Net SR=0.683  pairs=10  t=1.6s
01:25:45  INFO          [Correlation_only] 2021 -> Gross SR=1.686  Net SR=1.122  pairs=10  t=1.4s
01:25:46  INFO          [Correlation_only] 2022 -> Gross SR=-0.827  Net SR=-1.345  pairs=10  t=1.4s
01:25:48  INFO          [Correlation_only] 2023 -> Gross SR=0.760  Net SR=0.004  pairs=10  t=1.5s
01:25:49  INFO          [Correlation_only] 2024 -> Gross SR=0.266  Net SR=-0.356  pairs=10  t=1.5s
01:25:51  INFO          [Correlation_only] 2025 -> Gross SR=1.031  Net SR=0.479  pairs=10  t=1.6s
01:25:51  INFO        [S1] Config: Distance_only
01:25:52  INFO          [Distance_only] 2020 -> Gross SR=0.633  Net SR=0.278  pairs=10  t=1.1s
01:25:53  INFO          [Distance_only] 2021 -> Gross SR=-0.080  Net SR=-0.491  pairs=10  t=1.1s
01:25:54  INFO          [Distance_only] 2022 -> Gross SR=-0.328  Net SR=-0.841  pairs=10  t=1.2s
01:25:56  INFO          [Distance_only] 2023 -> Gross SR=0.762  Net SR=0.224  pairs=10  t=1.2s
01:25:57  INFO          [Distance_only] 2024 -> Gross SR=-0.043  Net SR=-0.511  pairs=10  t=1.3s
01:25:58  INFO          [Distance_only] 2025 -> Gross SR=0.675  Net SR=0.189  pairs=10  t=1.3s
01:25:58  INFO        [S1] Config: Cointegration_only
01:26:04  INFO          [Cointegration_only] 2020 -> Gross SR=0.183  Net SR=-0.083  pairs=10  t=5.9s
01:26:10  INFO          [Cointegration_only] 2021 -> Gross SR=0.975  Net SR=0.581  pairs=10  t=5.9s
01:26:16  INFO          [Cointegration_only] 2022 -> Gross SR=-0.919  Net SR=-1.357  pairs=10  t=6.0s
01:26:22  INFO          [Cointegration_only] 2023 -> Gross SR=-0.360  Net SR=-0.818  pairs=10  t=6.0s
01:26:28  INFO          [Cointegration_only] 2024 -> Gross SR=-0.884  Net SR=-1.250  pairs=10  t=6.1s
01:26:34  INFO          [Cointegration_only] 2025 -> Gross SR=1.522  Net SR=1.091  pairs=10  t=6.3s
01:26:34  INFO        [S1] Config: Combined_only
01:26:40  INFO          [Combined_only] 2020 -> Gross SR=-0.389  Net SR=-0.633  pairs=10  t=5.5s
01:26:59  INFO          [Combined_only] 2021 -> Gross SR=0.560  Net SR=0.194  pairs=10  t=18.8s
01:27:20  INFO          [Combined_only] 2022 -> Gross SR=-1.067  Net SR=-1.415  pairs=10  t=20.8s
01:27:37  INFO          [Combined_only] 2023 -> Gross SR=0.322  Net SR=-0.152  pairs=10  t=17.6s
01:27:56  INFO          [Combined_only] 2024 -> Gross SR=-1.978  Net SR=-2.302  pairs=10  t=19.3s
01:28:12  INFO          [Combined_only] 2025 -> Gross SR=-0.112  Net SR=-0.558  pairs=10  t=15.4s
01:28:12  INFO        [S1] Config: ML_only
01:28:22  INFO      [MLSelector.fit] y class counts: {0: 335, 1: 260}
/users/student/pg/pg24/yash.sarang/miniconda3/envs/pairs_trading/lib/python3.10/site-packages/xgboost/core.py:751: UserWarning: [01:28:22] WARNING: /__w/xgboost/xgboost/src/common/error_msg.cc:62: Falling back to prediction using DMatrix due to mismatched devices. This might lead to higher memory usage and slower performance. XGBoost is running on: cuda:0, while the input data is on: cpu.
Potential solutions:
- Use a data structure that matches the device ordinal in the booster.
- Set the device for booster before call to inplace_predict.

This warning will only be shown once.

  return func(**kwargs)
01:29:06  INFO          [ML_only] 2020 -> Gross SR=-1.785  Net SR=-2.065  pairs=10  t=54.5s
01:29:24  INFO      [MLSelector.fit] y class counts: {0: 340, 1: 255}
01:30:14  INFO          [ML_only] 2021 -> Gross SR=1.398  Net SR=1.053  pairs=10  t=67.9s
01:30:38  INFO      [MLSelector.fit] y class counts: {0: 306, 1: 289}
01:31:34  INFO          [ML_only] 2022 -> Gross SR=0.242  Net SR=-0.079  pairs=10  t=79.7s
01:32:07  INFO      [MLSelector.fit] y class counts: {0: 250, 1: 345}
01:33:18  INFO          [ML_only] 2023 -> Gross SR=1.891  Net SR=1.487  pairs=10  t=104.0s
01:34:01  INFO      [MLSelector.fit] y class counts: {0: 281, 1: 314}
01:35:29  INFO          [ML_only] 2024 -> Gross SR=-0.536  Net SR=-0.864  pairs=10  t=130.9s
01:36:22  INFO      [MLSelector.fit] y class counts: {0: 297, 1: 298}
01:38:59  INFO          [ML_only] 2025 -> Gross SR=0.906  Net SR=0.333  pairs=10  t=210.5s
01:38:59  INFO        [S1] Config: LSTM_only
01:39:11  INFO      [LSTMSelector] 671755 sequences, class dist: {0: 335187, 1: 336568}
01:39:11  INFO      [LSTMSelector] Subsampled to 50000 sequences.
/users/student/pg/pg24/yash.sarang/miniconda3/envs/pairs_trading/lib/python3.10/site-packages/keras/src/layers/rnn/bidirectional.py:107: UserWarning: Do not pass an `input_shape`/`input_dim` argument to a layer. When using Sequential models, prefer using an `Input(shape)` object as the first layer in the model instead.
  super().__init__(**kwargs)
01:40:06  INFO      [LSTMSelector] Training complete.
01:40:11  INFO          [LSTM_only] 2020 -> Gross SR=0.379  Net SR=0.118  pairs=10  t=71.4s
01:40:22  INFO      [LSTMSelector] 889525 sequences, class dist: {0: 442602, 1: 446923}
01:40:22  INFO      [LSTMSelector] Subsampled to 50000 sequences.
/users/student/pg/pg24/yash.sarang/miniconda3/envs/pairs_trading/lib/python3.10/site-packages/keras/src/layers/rnn/bidirectional.py:107: UserWarning: Do not pass an `input_shape`/`input_dim` argument to a layer. When using Sequential models, prefer using an `Input(shape)` object as the first layer in the model instead.
  super().__init__(**kwargs)
01:40:59  INFO      [LSTMSelector] Training complete.
01:41:03  INFO          [LSTM_only] 2021 -> Gross SR=0.485  Net SR=0.240  pairs=10  t=52.2s
01:41:16  INFO      [LSTMSelector] 1106700 sequences, class dist: {0: 549456, 1: 557244}
01:41:16  INFO      [LSTMSelector] Subsampled to 50000 sequences.
/users/student/pg/pg24/yash.sarang/miniconda3/envs/pairs_trading/lib/python3.10/site-packages/keras/src/layers/rnn/bidirectional.py:107: UserWarning: Do not pass an `input_shape`/`input_dim` argument to a layer. When using Sequential models, prefer using an `Input(shape)` object as the first layer in the model instead.
  super().__init__(**kwargs)
01:41:46  INFO      [LSTMSelector] Training complete.
01:41:50  INFO          [LSTM_only] 2022 -> Gross SR=1.717  Net SR=1.242  pairs=10  t=47.1s
01:42:00  INFO      [LSTMSelector] 1323875 sequences, class dist: {0: 657867, 1: 666008}
01:42:01  INFO      [LSTMSelector] Subsampled to 50000 sequences.
/users/student/pg/pg24/yash.sarang/miniconda3/envs/pairs_trading/lib/python3.10/site-packages/keras/src/layers/rnn/bidirectional.py:107: UserWarning: Do not pass an `input_shape`/`input_dim` argument to a layer. When using Sequential models, prefer using an `Input(shape)` object as the first layer in the model instead.
  super().__init__(**kwargs)
01:42:44  INFO      [LSTMSelector] Training complete.
01:42:48  INFO          [LSTM_only] 2023 -> Gross SR=0.809  Net SR=0.329  pairs=10  t=58.5s
01:42:59  INFO      [LSTMSelector] 1541050 sequences, class dist: {0: 766018, 1: 775032}
01:43:00  INFO      [LSTMSelector] Subsampled to 50000 sequences.
/users/student/pg/pg24/yash.sarang/miniconda3/envs/pairs_trading/lib/python3.10/site-packages/keras/src/layers/rnn/bidirectional.py:107: UserWarning: Do not pass an `input_shape`/`input_dim` argument to a layer. When using Sequential models, prefer using an `Input(shape)` object as the first layer in the model instead.
  super().__init__(**kwargs)
01:43:18  INFO      [LSTMSelector] Training complete.
01:43:22  INFO          [LSTM_only] 2024 -> Gross SR=1.008  Net SR=0.679  pairs=10  t=33.6s
01:43:30  INFO      [LSTMSelector] 1758820 sequences, class dist: {0: 879622, 1: 879198}
01:43:30  INFO      [LSTMSelector] Subsampled to 50000 sequences.
/users/student/pg/pg24/yash.sarang/miniconda3/envs/pairs_trading/lib/python3.10/site-packages/keras/src/layers/rnn/bidirectional.py:107: UserWarning: Do not pass an `input_shape`/`input_dim` argument to a layer. When using Sequential models, prefer using an `Input(shape)` object as the first layer in the model instead.
  super().__init__(**kwargs)
01:43:59  INFO      [LSTMSelector] Training complete.
01:44:03  INFO          [LSTM_only] 2025 -> Gross SR=-0.036  Net SR=-0.473  pairs=10  t=41.1s
01:44:03  INFO        [S1] Config: Transformer_only
01:44:07  INFO      [TransformerSelector] 671755 sequences, class dist: {0: 335187, 1: 336568}
01:44:07  INFO      [TransformerSelector] Subsampled to 50000 sequences.
01:44:07  WARNING         [Transformer] selector failed: Exception encountered when calling Lambda.call().

[1mWe could not automatically infer the shape of the Lambda's output. Please specify the `output_shape` argument for this Lambda layer.[0m

Arguments received by Lambda.call():
  • args=('<KerasTensor shape=(None, 60, 32), dtype=float16, sparse=False, ragged=False, name=keras_tensor_98>',)
  • kwargs={'mask': 'None'}
01:44:07  WARNING       [Transformer_only] 2020: no pairs selected
01:44:13  INFO      [TransformerSelector] 889525 sequences, class dist: {0: 442602, 1: 446923}
01:44:13  INFO      [TransformerSelector] Subsampled to 50000 sequences.
01:44:13  WARNING         [Transformer] selector failed: Exception encountered when calling Lambda.call().

[1mWe could not automatically infer the shape of the Lambda's output. Please specify the `output_shape` argument for this Lambda layer.[0m

Arguments received by Lambda.call():
  • args=('<KerasTensor shape=(None, 60, 32), dtype=float16, sparse=False, ragged=False, name=keras_tensor_102>',)
  • kwargs={'mask': 'None'}
01:44:13  WARNING       [Transformer_only] 2021: no pairs selected
01:44:27  INFO      [TransformerSelector] 1106700 sequences, class dist: {0: 549456, 1: 557244}
01:44:27  INFO      [TransformerSelector] Subsampled to 50000 sequences.
01:44:27  WARNING         [Transformer] selector failed: Exception encountered when calling Lambda.call().

[1mWe could not automatically infer the shape of the Lambda's output. Please specify the `output_shape` argument for this Lambda layer.[0m

Arguments received by Lambda.call():
  • args=('<KerasTensor shape=(None, 60, 32), dtype=float16, sparse=False, ragged=False, name=keras_tensor_106>',)
  • kwargs={'mask': 'None'}
01:44:27  WARNING       [Transformer_only] 2022: no pairs selected
01:44:39  INFO      [TransformerSelector] 1323875 sequences, class dist: {0: 657867, 1: 666008}
01:44:39  INFO      [TransformerSelector] Subsampled to 50000 sequences.
01:44:39  WARNING         [Transformer] selector failed: Exception encountered when calling Lambda.call().

[1mWe could not automatically infer the shape of the Lambda's output. Please specify the `output_shape` argument for this Lambda layer.[0m

Arguments received by Lambda.call():
  • args=('<KerasTensor shape=(None, 60, 32), dtype=float16, sparse=False, ragged=False, name=keras_tensor_110>',)
  • kwargs={'mask': 'None'}
01:44:39  WARNING       [Transformer_only] 2023: no pairs selected
01:44:49  INFO      [TransformerSelector] 1541050 sequences, class dist: {0: 766018, 1: 775032}
01:44:49  INFO      [TransformerSelector] Subsampled to 50000 sequences.
01:44:49  WARNING         [Transformer] selector failed: Exception encountered when calling Lambda.call().

[1mWe could not automatically infer the shape of the Lambda's output. Please specify the `output_shape` argument for this Lambda layer.[0m

Arguments received by Lambda.call():
  • args=('<KerasTensor shape=(None, 60, 32), dtype=float16, sparse=False, ragged=False, name=keras_tensor_114>',)
  • kwargs={'mask': 'None'}
01:44:49  WARNING       [Transformer_only] 2024: no pairs selected
01:45:03  INFO      [TransformerSelector] 1758820 sequences, class dist: {0: 879622, 1: 879198}
01:45:04  INFO      [TransformerSelector] Subsampled to 50000 sequences.
01:45:04  WARNING         [Transformer] selector failed: Exception encountered when calling Lambda.call().

[1mWe could not automatically infer the shape of the Lambda's output. Please specify the `output_shape` argument for this Lambda layer.[0m

Arguments received by Lambda.call():
  • args=('<KerasTensor shape=(None, 60, 32), dtype=float16, sparse=False, ragged=False, name=keras_tensor_118>',)
  • kwargs={'mask': 'None'}
01:45:04  WARNING       [Transformer_only] 2025: no pairs selected
01:45:04  INFO        [S1] Config: GNN_only
01:45:07  INFO      [GNNSelector] Training on 8 snapshots, N=35 stocks.
01:47:14  INFO      [GNNSelector] Training complete.
01:47:15  INFO          [GNN_only] 2020 -> Gross SR=-0.804  Net SR=-1.007  pairs=10  t=130.9s
01:47:17  INFO      [GNNSelector] Training on 7 snapshots, N=35 stocks.
01:49:07  INFO      [GNNSelector] Training complete.
01:49:08  INFO          [GNN_only] 2021 -> Gross SR=0.684  Net SR=0.400  pairs=10  t=112.9s
01:49:10  INFO      [GNNSelector] Training on 8 snapshots, N=35 stocks.
01:51:16  INFO      [GNNSelector] Training complete.
01:51:18  INFO          [GNN_only] 2022 -> Gross SR=0.069  Net SR=-0.216  pairs=10  t=129.6s
01:51:20  INFO      [GNNSelector] Training on 8 snapshots, N=35 stocks.
01:53:26  INFO      [GNNSelector] Training complete.
01:53:28  INFO          [GNN_only] 2023 -> Gross SR=0.005  Net SR=-0.470  pairs=10  t=130.0s
01:53:30  INFO      [GNNSelector] Training on 8 snapshots, N=35 stocks.
01:55:36  INFO      [GNNSelector] Training complete.
01:55:38  INFO          [GNN_only] 2024 -> Gross SR=-0.374  Net SR=-0.712  pairs=10  t=130.0s
01:55:40  INFO      [GNNSelector] Training on 8 snapshots, N=35 stocks.
01:57:46  INFO      [GNNSelector] Training complete.
01:57:48  INFO          [GNN_only] 2025 -> Gross SR=-0.127  Net SR=-0.486  pairs=10  t=130.1s
01:57:48  INFO        [S1] Config: S1_Ensemble
01:58:26  INFO      [MLSelector.fit] y class counts: {0: 335, 1: 260}
01:59:26  INFO      [LSTMSelector] 671755 sequences, class dist: {0: 335187, 1: 336568}
01:59:26  INFO      [LSTMSelector] Subsampled to 50000 sequences.
/users/student/pg/pg24/yash.sarang/miniconda3/envs/pairs_trading/lib/python3.10/site-packages/keras/src/layers/rnn/bidirectional.py:107: UserWarning: Do not pass an `input_shape`/`input_dim` argument to a layer. When using Sequential models, prefer using an `Input(shape)` object as the first layer in the model instead.
  super().__init__(**kwargs)
02:00:12  INFO      [LSTMSelector] Training complete.
02:00:19  INFO      [TransformerSelector] 671755 sequences, class dist: {0: 335187, 1: 336568}
02:00:19  INFO      [TransformerSelector] Subsampled to 50000 sequences.
02:00:19  WARNING         [Transformer] selector failed: Exception encountered when calling Lambda.call().

[1mWe could not automatically infer the shape of the Lambda's output. Please specify the `output_shape` argument for this Lambda layer.[0m

Arguments received by Lambda.call():
  • args=('<KerasTensor shape=(None, 60, 32), dtype=float16, sparse=False, ragged=False, name=keras_tensor_138>',)
  • kwargs={'mask': 'None'}
02:00:21  INFO      [GNNSelector] Training on 8 snapshots, N=35 stocks.
02:02:28  INFO      [GNNSelector] Training complete.
02:02:30  INFO          [S1_Ensemble] 2020 -> Gross SR=-0.661  Net SR=-0.990  pairs=10  t=282.6s
02:03:13  INFO      [MLSelector.fit] y class counts: {0: 340, 1: 255}
02:04:14  INFO      [LSTMSelector] 889525 sequences, class dist: {0: 442602, 1: 446923}
02:04:15  INFO      [LSTMSelector] Subsampled to 50000 sequences.
/users/student/pg/pg24/yash.sarang/miniconda3/envs/pairs_trading/lib/python3.10/site-packages/keras/src/layers/rnn/bidirectional.py:107: UserWarning: Do not pass an `input_shape`/`input_dim` argument to a layer. When using Sequential models, prefer using an `Input(shape)` object as the first layer in the model instead.
  super().__init__(**kwargs)
02:04:28  INFO      [LSTMSelector] Training complete.
02:04:39  INFO      [TransformerSelector] 889525 sequences, class dist: {0: 442602, 1: 446923}
02:04:39  INFO      [TransformerSelector] Subsampled to 50000 sequences.
02:04:39  WARNING         [Transformer] selector failed: Exception encountered when calling Lambda.call().

[1mWe could not automatically infer the shape of the Lambda's output. Please specify the `output_shape` argument for this Lambda layer.[0m

Arguments received by Lambda.call():
  • args=('<KerasTensor shape=(None, 60, 32), dtype=float16, sparse=False, ragged=False, name=keras_tensor_158>',)
  • kwargs={'mask': 'None'}
02:04:41  INFO      [GNNSelector] Training on 7 snapshots, N=35 stocks.
02:06:33  INFO      [GNNSelector] Training complete.
02:06:35  INFO          [S1_Ensemble] 2021 -> Gross SR=-0.120  Net SR=-0.611  pairs=10  t=244.4s
02:07:29  INFO      [MLSelector.fit] y class counts: {0: 306, 1: 289}
02:08:44  INFO      [LSTMSelector] 1106700 sequences, class dist: {0: 549456, 1: 557244}
02:08:44  INFO      [LSTMSelector] Subsampled to 50000 sequences.
/users/student/pg/pg24/yash.sarang/miniconda3/envs/pairs_trading/lib/python3.10/site-packages/keras/src/layers/rnn/bidirectional.py:107: UserWarning: Do not pass an `input_shape`/`input_dim` argument to a layer. When using Sequential models, prefer using an `Input(shape)` object as the first layer in the model instead.
  super().__init__(**kwargs)
02:09:32  INFO      [LSTMSelector] Training complete.
02:09:43  INFO      [TransformerSelector] 1106700 sequences, class dist: {0: 549456, 1: 557244}
02:09:44  INFO      [TransformerSelector] Subsampled to 50000 sequences.
02:09:44  WARNING         [Transformer] selector failed: Exception encountered when calling Lambda.call().

[1mWe could not automatically infer the shape of the Lambda's output. Please specify the `output_shape` argument for this Lambda layer.[0m

Arguments received by Lambda.call():
  • args=('<KerasTensor shape=(None, 60, 32), dtype=float16, sparse=False, ragged=False, name=keras_tensor_178>',)
  • kwargs={'mask': 'None'}
02:09:46  INFO      [GNNSelector] Training on 8 snapshots, N=35 stocks.
02:11:53  INFO      [GNNSelector] Training complete.
02:11:57  INFO          [S1_Ensemble] 2022 -> Gross SR=-1.066  Net SR=-1.574  pairs=10  t=322.3s
02:12:53  INFO      [MLSelector.fit] y class counts: {0: 250, 1: 345}
02:14:08  INFO      [LSTMSelector] 1323875 sequences, class dist: {0: 657867, 1: 666008}
02:14:09  INFO      [LSTMSelector] Subsampled to 50000 sequences.
/users/student/pg/pg24/yash.sarang/miniconda3/envs/pairs_trading/lib/python3.10/site-packages/keras/src/layers/rnn/bidirectional.py:107: UserWarning: Do not pass an `input_shape`/`input_dim` argument to a layer. When using Sequential models, prefer using an `Input(shape)` object as the first layer in the model instead.
  super().__init__(**kwargs)
02:14:52  INFO      [LSTMSelector] Training complete.
02:15:01  INFO      [TransformerSelector] 1323875 sequences, class dist: {0: 657867, 1: 666008}
02:15:01  INFO      [TransformerSelector] Subsampled to 50000 sequences.
02:15:02  WARNING         [Transformer] selector failed: Exception encountered when calling Lambda.call().

[1mWe could not automatically infer the shape of the Lambda's output. Please specify the `output_shape` argument for this Lambda layer.[0m

Arguments received by Lambda.call():
  • args=('<KerasTensor shape=(None, 60, 32), dtype=float16, sparse=False, ragged=False, name=keras_tensor_198>',)
  • kwargs={'mask': 'None'}
02:15:04  INFO      [GNNSelector] Training on 8 snapshots, N=35 stocks.
02:17:11  INFO      [GNNSelector] Training complete.
02:17:13  INFO          [S1_Ensemble] 2023 -> Gross SR=0.642  Net SR=0.111  pairs=10  t=315.7s
02:18:15  INFO      [MLSelector.fit] y class counts: {0: 281, 1: 314}
02:19:53  INFO      [LSTMSelector] 1541050 sequences, class dist: {0: 766018, 1: 775032}
02:19:54  INFO      [LSTMSelector] Subsampled to 50000 sequences.
/users/student/pg/pg24/yash.sarang/miniconda3/envs/pairs_trading/lib/python3.10/site-packages/keras/src/layers/rnn/bidirectional.py:107: UserWarning: Do not pass an `input_shape`/`input_dim` argument to a layer. When using Sequential models, prefer using an `Input(shape)` object as the first layer in the model instead.
  super().__init__(**kwargs)
02:20:29  INFO      [LSTMSelector] Training complete.
02:20:38  INFO      [TransformerSelector] 1541050 sequences, class dist: {0: 766018, 1: 775032}
02:20:39  INFO      [TransformerSelector] Subsampled to 50000 sequences.
02:20:39  WARNING         [Transformer] selector failed: Exception encountered when calling Lambda.call().

[1mWe could not automatically infer the shape of the Lambda's output. Please specify the `output_shape` argument for this Lambda layer.[0m

Arguments received by Lambda.call():
  • args=('<KerasTensor shape=(None, 60, 32), dtype=float16, sparse=False, ragged=False, name=keras_tensor_218>',)
  • kwargs={'mask': 'None'}
02:20:41  INFO      [GNNSelector] Training on 8 snapshots, N=35 stocks.
02:22:49  INFO      [GNNSelector] Training complete.
02:22:51  INFO          [S1_Ensemble] 2024 -> Gross SR=-0.819  Net SR=-1.208  pairs=10  t=338.1s
02:24:07  INFO      [MLSelector.fit] y class counts: {0: 297, 1: 298}
02:26:04  INFO      [LSTMSelector] 1758820 sequences, class dist: {0: 879622, 1: 879198}
02:26:05  INFO      [LSTMSelector] Subsampled to 50000 sequences.
/users/student/pg/pg24/yash.sarang/miniconda3/envs/pairs_trading/lib/python3.10/site-packages/keras/src/layers/rnn/bidirectional.py:107: UserWarning: Do not pass an `input_shape`/`input_dim` argument to a layer. When using Sequential models, prefer using an `Input(shape)` object as the first layer in the model instead.
  super().__init__(**kwargs)
02:26:22  INFO      [LSTMSelector] Training complete.
02:26:32  INFO      [TransformerSelector] 1758820 sequences, class dist: {0: 879622, 1: 879198}
02:26:33  INFO      [TransformerSelector] Subsampled to 50000 sequences.
02:26:33  WARNING         [Transformer] selector failed: Exception encountered when calling Lambda.call().

[1mWe could not automatically infer the shape of the Lambda's output. Please specify the `output_shape` argument for this Lambda layer.[0m

Arguments received by Lambda.call():
  • args=('<KerasTensor shape=(None, 60, 32), dtype=float16, sparse=False, ragged=False, name=keras_tensor_238>',)
  • kwargs={'mask': 'None'}
02:26:35  INFO      [GNNSelector] Training on 8 snapshots, N=35 stocks.
02:28:43  INFO      [GNNSelector] Training complete.
02:28:45  INFO          [S1_Ensemble] 2025 -> Gross SR=0.488  Net SR=0.040  pairs=10  t=354.2s
02:28:45  INFO      
--- Running Stage 2 Ablation ---
02:28:45  INFO        [S2] Pre-selecting pairs per fold ...
02:29:25  INFO      [MLSelector.fit] y class counts: {0: 335, 1: 260}
02:30:30  INFO      [LSTMSelector] 671755 sequences, class dist: {0: 335187, 1: 336568}
02:30:30  INFO      [LSTMSelector] Subsampled to 50000 sequences.
/users/student/pg/pg24/yash.sarang/miniconda3/envs/pairs_trading/lib/python3.10/site-packages/keras/src/layers/rnn/bidirectional.py:107: UserWarning: Do not pass an `input_shape`/`input_dim` argument to a layer. When using Sequential models, prefer using an `Input(shape)` object as the first layer in the model instead.
  super().__init__(**kwargs)
02:31:14  INFO      [LSTMSelector] Training complete.
02:31:30  INFO      [TransformerSelector] 671755 sequences, class dist: {0: 335187, 1: 336568}
02:31:30  INFO      [TransformerSelector] Subsampled to 50000 sequences.
02:31:30  WARNING         [Transformer] selector failed: Exception encountered when calling Lambda.call().

[1mWe could not automatically infer the shape of the Lambda's output. Please specify the `output_shape` argument for this Lambda layer.[0m

Arguments received by Lambda.call():
  • args=('<KerasTensor shape=(None, 60, 32), dtype=float16, sparse=False, ragged=False, name=keras_tensor_258>',)
  • kwargs={'mask': 'None'}
02:31:33  INFO      [GNNSelector] Training on 8 snapshots, N=35 stocks.
02:33:39  INFO      [GNNSelector] Training complete.
02:33:39  INFO          2020: 10 pairs — ['M&M-ONGC', 'TATASTEEL-JSWSTEEL', 'MARUTI-BAJAJ-AUTO', 'ONGC-COALINDIA'] ...
02:34:06  INFO      [MLSelector.fit] y class counts: {0: 340, 1: 255}
02:35:12  INFO      [LSTMSelector] 889525 sequences, class dist: {0: 442602, 1: 446923}
02:35:12  INFO      [LSTMSelector] Subsampled to 50000 sequences.
/users/student/pg/pg24/yash.sarang/miniconda3/envs/pairs_trading/lib/python3.10/site-packages/keras/src/layers/rnn/bidirectional.py:107: UserWarning: Do not pass an `input_shape`/`input_dim` argument to a layer. When using Sequential models, prefer using an `Input(shape)` object as the first layer in the model instead.
  super().__init__(**kwargs)
02:35:27  INFO      [LSTMSelector] Training complete.
02:35:38  INFO      [TransformerSelector] 889525 sequences, class dist: {0: 442602, 1: 446923}
02:35:39  INFO      [TransformerSelector] Subsampled to 50000 sequences.
02:35:39  WARNING         [Transformer] selector failed: Exception encountered when calling Lambda.call().

[1mWe could not automatically infer the shape of the Lambda's output. Please specify the `output_shape` argument for this Lambda layer.[0m

Arguments received by Lambda.call():
  • args=('<KerasTensor shape=(None, 60, 32), dtype=float16, sparse=False, ragged=False, name=keras_tensor_278>',)
  • kwargs={'mask': 'None'}
02:35:41  INFO      [GNNSelector] Training on 7 snapshots, N=35 stocks.
02:37:31  INFO      [GNNSelector] Training complete.
02:37:32  INFO          2021: 10 pairs — ['ICICIBANK-AXISBANK', 'TECHM-JSWSTEEL', 'HDFCBANK-AXISBANK', 'TATASTEEL-HINDALCO'] ...
02:38:23  INFO      [MLSelector.fit] y class counts: {0: 306, 1: 289}
02:39:38  INFO      [LSTMSelector] 1106700 sequences, class dist: {0: 549456, 1: 557244}
02:39:39  INFO      [LSTMSelector] Subsampled to 50000 sequences.
/users/student/pg/pg24/yash.sarang/miniconda3/envs/pairs_trading/lib/python3.10/site-packages/keras/src/layers/rnn/bidirectional.py:107: UserWarning: Do not pass an `input_shape`/`input_dim` argument to a layer. When using Sequential models, prefer using an `Input(shape)` object as the first layer in the model instead.
  super().__init__(**kwargs)
02:40:10  INFO      [LSTMSelector] Training complete.
02:40:20  INFO      [TransformerSelector] 1106700 sequences, class dist: {0: 549456, 1: 557244}
02:40:20  INFO      [TransformerSelector] Subsampled to 50000 sequences.
02:40:20  WARNING         [Transformer] selector failed: Exception encountered when calling Lambda.call().

[1mWe could not automatically infer the shape of the Lambda's output. Please specify the `output_shape` argument for this Lambda layer.[0m

Arguments received by Lambda.call():
  • args=('<KerasTensor shape=(None, 60, 32), dtype=float16, sparse=False, ragged=False, name=keras_tensor_298>',)
  • kwargs={'mask': 'None'}
02:40:23  INFO      [GNNSelector] Training on 8 snapshots, N=35 stocks.
02:42:30  INFO      [GNNSelector] Training complete.
02:42:30  INFO          2022: 10 pairs — ['ULTRACEMCO-ACC', 'SUNPHARMA-HINDALCO', 'HINDUNILVR-BRITANNIA', 'BAJAJ-AUTO-HEROMOTOCO'] ...
02:43:12  INFO      [MLSelector.fit] y class counts: {0: 250, 1: 345}
02:44:30  INFO      [LSTMSelector] 1323875 sequences, class dist: {0: 657867, 1: 666008}
02:44:30  INFO      [LSTMSelector] Subsampled to 50000 sequences.
/users/student/pg/pg24/yash.sarang/miniconda3/envs/pairs_trading/lib/python3.10/site-packages/keras/src/layers/rnn/bidirectional.py:107: UserWarning: Do not pass an `input_shape`/`input_dim` argument to a layer. When using Sequential models, prefer using an `Input(shape)` object as the first layer in the model instead.
  super().__init__(**kwargs)
02:45:10  INFO      [LSTMSelector] Training complete.
02:45:20  INFO      [TransformerSelector] 1323875 sequences, class dist: {0: 657867, 1: 666008}
02:45:20  INFO      [TransformerSelector] Subsampled to 50000 sequences.
02:45:20  WARNING         [Transformer] selector failed: Exception encountered when calling Lambda.call().

[1mWe could not automatically infer the shape of the Lambda's output. Please specify the `output_shape` argument for this Lambda layer.[0m

Arguments received by Lambda.call():
  • args=('<KerasTensor shape=(None, 60, 32), dtype=float16, sparse=False, ragged=False, name=keras_tensor_318>',)
  • kwargs={'mask': 'None'}
02:45:23  INFO      [GNNSelector] Training on 8 snapshots, N=35 stocks.
02:47:31  INFO      [GNNSelector] Training complete.
02:47:31  INFO          2023: 10 pairs — ['ITC-COALINDIA', 'ICICIBANK-COALINDIA', 'TATASTEEL-HINDALCO', 'CIPLA-COALINDIA'] ...
02:48:21  INFO      [MLSelector.fit] y class counts: {0: 281, 1: 314}
02:49:58  INFO      [LSTMSelector] 1541050 sequences, class dist: {0: 766018, 1: 775032}
02:49:58  INFO      [LSTMSelector] Subsampled to 50000 sequences.
/users/student/pg/pg24/yash.sarang/miniconda3/envs/pairs_trading/lib/python3.10/site-packages/keras/src/layers/rnn/bidirectional.py:107: UserWarning: Do not pass an `input_shape`/`input_dim` argument to a layer. When using Sequential models, prefer using an `Input(shape)` object as the first layer in the model instead.
  super().__init__(**kwargs)
02:50:44  INFO      [LSTMSelector] Training complete.
02:50:59  INFO      [TransformerSelector] 1541050 sequences, class dist: {0: 766018, 1: 775032}
02:51:00  INFO      [TransformerSelector] Subsampled to 50000 sequences.
02:51:00  WARNING         [Transformer] selector failed: Exception encountered when calling Lambda.call().

[1mWe could not automatically infer the shape of the Lambda's output. Please specify the `output_shape` argument for this Lambda layer.[0m

Arguments received by Lambda.call():
  • args=('<KerasTensor shape=(None, 60, 32), dtype=float16, sparse=False, ragged=False, name=keras_tensor_338>',)
  • kwargs={'mask': 'None'}
02:51:02  INFO      [GNNSelector] Training on 8 snapshots, N=35 stocks.
02:53:11  INFO      [GNNSelector] Training complete.
02:53:11  INFO          2024: 10 pairs — ['INDUSINDBK-M&M', 'HEROMOTOCO-IOC', 'INFY-TECHM', 'TCS-INFY'] ...
02:54:26  INFO      [MLSelector.fit] y class counts: {0: 297, 1: 298}
02:56:03  INFO      [LSTMSelector] 1758820 sequences, class dist: {0: 879622, 1: 879198}
02:56:04  INFO      [LSTMSelector] Subsampled to 50000 sequences.
/users/student/pg/pg24/yash.sarang/miniconda3/envs/pairs_trading/lib/python3.10/site-packages/keras/src/layers/rnn/bidirectional.py:107: UserWarning: Do not pass an `input_shape`/`input_dim` argument to a layer. When using Sequential models, prefer using an `Input(shape)` object as the first layer in the model instead.
  super().__init__(**kwargs)
02:56:30  INFO      [LSTMSelector] Training complete.
02:56:44  INFO      [TransformerSelector] 1758820 sequences, class dist: {0: 879622, 1: 879198}
02:56:45  INFO      [TransformerSelector] Subsampled to 50000 sequences.
02:56:45  WARNING         [Transformer] selector failed: Exception encountered when calling Lambda.call().

[1mWe could not automatically infer the shape of the Lambda's output. Please specify the `output_shape` argument for this Lambda layer.[0m

Arguments received by Lambda.call():
  • args=('<KerasTensor shape=(None, 60, 32), dtype=float16, sparse=False, ragged=False, name=keras_tensor_358>',)
  • kwargs={'mask': 'None'}
02:56:47  INFO      [GNNSelector] Training on 8 snapshots, N=35 stocks.
02:58:55  INFO      [GNNSelector] Training complete.
02:58:55  INFO          2025: 10 pairs — ['HCLTECH-TECHM', 'IOC-COALINDIA', 'INFY-TECHM', 'TECHM-DIVISLAB'] ...
02:58:55  INFO        [S2] Config: ZScore_only
02:58:55  INFO          [ZScore_only] 2020 -> Gross SR=0.260  Net SR=-0.027  t=0.1s
02:58:55  INFO          [ZScore_only] 2021 -> Gross SR=-0.278  Net SR=-0.755  t=0.1s
02:58:55  INFO          [ZScore_only] 2022 -> Gross SR=0.433  Net SR=-0.020  t=0.1s
02:58:55  INFO          [ZScore_only] 2023 -> Gross SR=-0.685  Net SR=-1.184  t=0.1s
02:58:55  INFO          [ZScore_only] 2024 -> Gross SR=-0.468  Net SR=-0.856  t=0.1s
02:58:55  INFO          [ZScore_only] 2025 -> Gross SR=1.033  Net SR=0.559  t=0.1s
02:58:55  INFO        [S2] Config: OU_only
02:58:55  INFO          [OU_only] 2020 -> Gross SR=-0.057  Net SR=-0.269  t=0.1s
02:58:55  INFO          [OU_only] 2021 -> Gross SR=0.344  Net SR=0.080  t=0.1s
02:58:56  INFO          [OU_only] 2022 -> Gross SR=1.746  Net SR=1.375  t=0.1s
02:58:56  INFO          [OU_only] 2023 -> Gross SR=1.288  Net SR=0.890  t=0.1s
02:58:56  INFO          [OU_only] 2024 -> Gross SR=-1.138  Net SR=-1.338  t=0.1s
02:58:56  INFO          [OU_only] 2025 -> Gross SR=1.075  Net SR=0.757  t=0.1s
02:58:56  INFO        [S2] Config: Kalman_only
02:58:56  INFO          [Kalman_only] 2020 -> Gross SR=1.202  Net SR=0.835  t=0.2s
02:58:56  INFO          [Kalman_only] 2021 -> Gross SR=-0.359  Net SR=-0.806  t=0.2s
02:58:56  INFO          [Kalman_only] 2022 -> Gross SR=1.015  Net SR=0.491  t=0.3s
02:58:57  INFO          [Kalman_only] 2023 -> Gross SR=-0.788  Net SR=-1.288  t=0.3s
02:58:57  INFO          [Kalman_only] 2024 -> Gross SR=0.796  Net SR=0.383  t=0.3s
02:58:57  INFO          [Kalman_only] 2025 -> Gross SR=-0.387  Net SR=-0.803  t=0.4s
02:58:57  INFO        [S2] Config: ML_only
02:58:59  INFO          [ML_only] 2020 -> Gross SR=-0.015  Net SR=-0.237  t=1.8s
02:59:00  INFO          [ML_only] 2021 -> Gross SR=-0.769  Net SR=-1.124  t=1.0s
02:59:01  INFO          [ML_only] 2022 -> Gross SR=0.081  Net SR=-0.283  t=1.0s
02:59:02  INFO          [ML_only] 2023 -> Gross SR=-0.710  Net SR=-1.085  t=1.0s
02:59:03  INFO          [ML_only] 2024 -> Gross SR=-0.544  Net SR=-0.882  t=1.0s
02:59:04  INFO          [ML_only] 2025 -> Gross SR=-0.137  Net SR=-0.477  t=1.0s
02:59:04  INFO        [S2] Config: S2_Ensemble
02:59:05  INFO          [S2_Ensemble] 2020 -> Gross SR=-0.661  Net SR=-0.990  t=1.1s
02:59:06  INFO          [S2_Ensemble] 2021 -> Gross SR=-0.120  Net SR=-0.611  t=1.2s
02:59:08  INFO          [S2_Ensemble] 2022 -> Gross SR=-0.614  Net SR=-1.122  t=1.2s
02:59:09  INFO          [S2_Ensemble] 2023 -> Gross SR=0.185  Net SR=-0.323  t=1.3s
02:59:10  INFO          [S2_Ensemble] 2024 -> Gross SR=-0.819  Net SR=-1.208  t=1.3s
02:59:12  INFO          [S2_Ensemble] 2025 -> Gross SR=0.488  Net SR=0.040  t=1.4s
02:59:12  INFO      Total ablation time: 5610s
02:59:12  INFO      Results saved -> /users/student/pg/pg24/yash.sarang/Hybrid-Pairs-Trading-Ensemble/Implementation/experiments/results/ablation_20260406_025912.json
