==========================================
E8: RL Signal Model (PPO)
Start time: Wed May  6 09:50:26 AM IST 2026
Config: LSTM+Correlation S1 + RL S2
==========================================
Loading data from cache: data_cache/daily_prices.parquet

====================================================================================================
  WALK-FORWARD VALIDATION RESULTS  (out-of-sample, expanding window)
====================================================================================================
            Fold  Gross SRGross Ret%    Net SR  Net Ret%Net MaxDD%  Trd/Yr CostDrag
----------------------------------------------------------------------------------------------------
      Fold1_2020    -0.348     -3.28    -0.675     -6.38     16.38     132     3.10
      Fold2_2021     1.383      7.50     0.802      4.38      8.58     140     3.13
      Fold3_2022    -0.230     -1.41    -0.616     -3.80     10.16     103     2.39
      Fold4_2023     0.722      3.19     0.114      0.50      4.63     118     2.68
      Fold5_2024    -0.188     -0.90    -0.850     -4.13      7.78     139     3.22
      Fold6_2025    -0.636     -3.05    -1.230     -5.94     10.39     124     2.89
----------------------------------------------------------------------------------------------------

  AGGREGATE ACROSS 6 FOLDS:
  Gross Sharpe :   0.117 +/-0.703 [33% pos]
  Net   Sharpe :   -0.409 +/-0.674 [33% pos]
  Gross Ret %  :   0.34 +/-3.84 [33% pos]
  Net   Ret %  :   -2.56 +/-3.82 [33% pos]
  Net MaxDD %  :   9.65 +/-3.56 [100% pos]
  Cost Drag pp :   2.90 +/-0.29 [100% pos]

  FULL OOS (all test years stitched, 6 yrs):
    Gross Sharpe  = 0.061  Net Sharpe = -0.415
    Gross Ret %   = 0.37%  Net Ret %  = -2.80%
    Net MaxDD %   = 26.50%
====================================================================================================

==========================================
E8 complete. End time: Wed May  6 10:46:28 AM IST 2026
==========================================
