==========================================
E8: RL Signal Model (PPO)
Start time: Wed May  6 08:07:31 AM IST 2026
Config: LSTM+Correlation S1 + RL S2
==========================================
Loading data from cache: data_cache/daily_prices.parquet

====================================================================================================
  WALK-FORWARD VALIDATION RESULTS  (out-of-sample, expanding window)
====================================================================================================
            Fold  Gross SRGross Ret%    Net SR  Net Ret%Net MaxDD%  Trd/Yr CostDrag
----------------------------------------------------------------------------------------------------
      Fold1_2020    -0.070     -0.49    -0.383     -2.66      7.92      94     2.18
      Fold2_2021     0.416      2.20    -0.136     -0.73      8.40     128     2.93
      Fold3_2022    -0.202     -1.13    -0.495     -2.77      7.68      71     1.64
      Fold4_2023     0.033      0.12    -0.476     -1.74      3.89      81     1.86
      Fold5_2024     0.148      0.70    -0.310     -1.46      7.01      94     2.17
      Fold6_2025     0.055      0.29    -0.412     -2.20      8.35     108     2.49
----------------------------------------------------------------------------------------------------

  AGGREGATE ACROSS 6 FOLDS:
  Gross Sharpe :   0.063 +/-0.192 [67% pos]
  Net   Sharpe :   -0.369 +/-0.120 [0% pos]
  Gross Ret %  :   0.28 +/-1.04 [67% pos]
  Net   Ret %  :   -1.93 +/-0.71 [0% pos]
  Net MaxDD %  :   7.21 +/-1.55 [100% pos]
  Cost Drag pp :   2.21 +/-0.42 [100% pos]

  FULL OOS (all test years stitched, 6 yrs):
    Gross Sharpe  = 0.054  Net Sharpe = -0.359
    Gross Ret %   = 0.28%  Net Ret %  = -2.08%
    Net MaxDD %   = 21.95%
====================================================================================================

==========================================
E8 complete. End time: Wed May  6 08:28:56 AM IST 2026
==========================================
