WARNING: All log messages before absl::InitializeLog() is called are written to STDERR
I0000 00:00:1775333378.882597   75378 port.cc:153] oneDNN custom operations are on. You may see slightly different numerical results due to floating-point round-off errors from different computation orders. To turn them off, set the environment variable `TF_ENABLE_ONEDNN_OPTS=0`.
WARNING: All log messages before absl::InitializeLog() is called are written to STDERR
I0000 00:00:1775333382.791382   75378 port.cc:153] oneDNN custom operations are on. You may see slightly different numerical results due to floating-point round-off errors from different computation orders. To turn them off, set the environment variable `TF_ENABLE_ONEDNN_OPTS=0`.
01:39:44  INFO      Frequency Comparison Experiment — 2026-04-05 01:39
01:39:44  INFO      Universe : 35 stocks | Period   : 2024-05-05 -> 2026-04-04 | Selectors: full | Top-K    : 10
01:39:44  INFO      ================================================================
01:39:44  INFO        FREQUENCY: 1D   |   universe=35 stocks   |   mode=full
01:39:44  INFO      ================================================================
01:39:44  INFO      [1/5] Fetching price data …
01:39:44  ERROR     
35 Failed downloads:
01:39:44  ERROR     ['SUNPHARMA.NS', 'ICICIBANK.NS', 'RELIANCE.NS', 'BPCL.NS', 'AXISBANK.NS', 'CIPLA.NS', 'COALINDIA.NS', 'INFY.NS', 'TATASTEEL.NS', 'DIVISLAB.NS', 'INDUSINDBK.NS', 'EICHERMOT.NS', 'HEROMOTOCO.NS', 'BRITANNIA.NS', 'HINDALCO.NS', 'SHREECEM.NS', 'JSWSTEEL.NS', 'HDFCBANK.NS', 'IOC.NS', 'ULTRACEMCO.NS', 'BAJAJ-AUTO.NS', 'ACC.NS', 'HCLTECH.NS', 'HINDUNILVR.NS', 'DRREDDY.NS', 'ONGC.NS', 'MARUTI.NS', 'ITC.NS', 'M&M.NS', 'NESTLEIND.NS', 'TCS.NS', 'SBIN.NS', 'WIPRO.NS', 'KOTAKBANK.NS', 'TECHM.NS']: TypeError("'NoneType' object is not subscriptable")
Traceback (most recent call last):
  File "/users/student/pg/pg24/yash.sarang/Hybrid-Pairs-Trading-Ensemble/Implementation/experiments/freq_comparison.py", line 539, in <module>
    main()
  File "/users/student/pg/pg24/yash.sarang/Hybrid-Pairs-Trading-Ensemble/Implementation/experiments/freq_comparison.py", line 517, in main
    results[freq] = run_experiment(
  File "/users/student/pg/pg24/yash.sarang/Hybrid-Pairs-Trading-Ensemble/Implementation/experiments/freq_comparison.py", line 268, in run_experiment
    raise RuntimeError(
RuntimeError: No price data returned for freq=1D. For 1H data yfinance enforces a 730-day hard limit — check that FREQ_COMPARISON_LOOKBACK_DAYS ≤ 728 in config.py.
