WARNING: All log messages before absl::InitializeLog() is called are written to STDERR
I0000 00:00:1775335529.554915   79394 port.cc:153] oneDNN custom operations are on. You may see slightly different numerical results due to floating-point round-off errors from different computation orders. To turn them off, set the environment variable `TF_ENABLE_ONEDNN_OPTS=0`.
WARNING: All log messages before absl::InitializeLog() is called are written to STDERR
I0000 00:00:1775335558.726333   79394 port.cc:153] oneDNN custom operations are on. You may see slightly different numerical results due to floating-point round-off errors from different computation orders. To turn them off, set the environment variable `TF_ENABLE_ONEDNN_OPTS=0`.
02:16:13  INFO      Frequency Comparison Experiment — 2026-04-05 02:16
02:16:13  INFO      Universe : 35 stocks | Period   : 2024-05-05 -> 2026-04-04 | Selectors: full | Top-K    : 10
02:16:13  INFO      ================================================================
02:16:13  INFO        FREQUENCY: 1D   |   universe=35 stocks   |   mode=full
02:16:13  INFO      ================================================================
02:16:13  INFO      [1/5] Fetching price data …
/users/student/pg/pg24/yash.sarang/Hybrid-Pairs-Trading-Ensemble/Implementation/core/data.py:136: PerformanceWarning: indexing past lexsort depth may impact performance.
  if col in data.columns:
/users/student/pg/pg24/yash.sarang/Hybrid-Pairs-Trading-Ensemble/Implementation/core/data.py:137: PerformanceWarning: indexing past lexsort depth may impact performance.
  s = data[col]
02:16:13  INFO          35 tickers × 694 bars  (2024-05-06 -> 2026-03-30)
02:16:13  INFO      [2/5] Generating pair candidates …
02:16:13  INFO          595 candidates from 35 tickers
02:16:13  INFO      [3/5] Stage 1 — pair selection …
02:16:13  INFO          [Correlation] fitting + scoring …
02:16:13  INFO          [Correlation] done in 0.2s
02:16:13  INFO          [Distance] fitting + scoring …
02:16:13  INFO          [Distance] done in 0.0s
02:16:13  INFO          [Cointegration] fitting + scoring …
02:16:18  INFO          [Cointegration] done in 5.1s
02:16:18  INFO          [Combined] fitting + scoring …
02:16:33  INFO          [Combined] done in 15.0s
02:16:33  INFO          [ML] fitting + scoring …
02:16:39  INFO      [MLSelector.fit] y class counts: {0: 257, 1: 338}
/users/student/pg/pg24/yash.sarang/miniconda3/envs/pairs_trading/lib/python3.10/site-packages/xgboost/core.py:751: UserWarning: [02:16:39] WARNING: /__w/xgboost/xgboost/src/common/error_msg.cc:62: Falling back to prediction using DMatrix due to mismatched devices. This might lead to higher memory usage and slower performance. XGBoost is running on: cuda:0, while the input data is on: cpu.
Potential solutions:
- Use a data structure that matches the device ordinal in the booster.
- Set the device for booster before call to inplace_predict.

This warning will only be shown once.

  return func(**kwargs)
02:17:07  INFO          [ML] done in 34.0s
02:17:07  INFO          [LSTM] fitting + scoring …
02:17:18  INFO      [LSTMSelector] 215390 sequences, class dist: {0: 106282, 1: 109108}
02:17:18  INFO      [LSTMSelector] Subsampled to 50000 sequences.
/users/student/pg/pg24/yash.sarang/miniconda3/envs/pairs_trading/lib/python3.10/site-packages/keras/src/layers/rnn/bidirectional.py:107: UserWarning: Do not pass an `input_shape`/`input_dim` argument to a layer. When using Sequential models, prefer using an `Input(shape)` object as the first layer in the model instead.
  super().__init__(**kwargs)
02:18:14  INFO      [LSTMSelector] Training complete.
02:18:18  INFO          [LSTM] done in 70.9s
02:18:18  INFO          [Transformer] fitting + scoring …
02:18:28  INFO      [TransformerSelector] 215390 sequences, class dist: {0: 106282, 1: 109108}
02:18:28  INFO      [TransformerSelector] Subsampled to 50000 sequences.
02:18:29  WARNING       [Transformer] FAILED — Exception encountered when calling Lambda.call().

[1mWe could not automatically infer the shape of the Lambda's output. Please specify the `output_shape` argument for this Lambda layer.[0m

Arguments received by Lambda.call():
  • args=('<KerasTensor shape=(None, 60, 32), dtype=float16, sparse=False, ragged=False, name=keras_tensor_18>',)
  • kwargs={'mask': 'None'}
02:18:29  INFO          [GNN] fitting + scoring …
02:18:31  INFO      [GNNSelector] Training on 8 snapshots, N=35 stocks.
02:20:41  INFO      [GNNSelector] Training complete.
02:20:41  INFO          [GNN] done in 132.1s
02:20:41  INFO          Top-10 pairs selected. Top 5: ['TCS/WIPRO', 'AXISBANK/IOC', 'HDFCBANK/ACC', 'IOC/BPCL', 'TCS/INFY'] …
02:20:41  INFO      [4/5] Stage 2 — backtest …
02:20:41  INFO      [5/5] Computing spread diagnostics …
02:20:41  INFO          Experiment complete in 268.4s
02:20:41  INFO      ================================================================
02:20:41  INFO        FREQUENCY: 1H   |   universe=35 stocks   |   mode=full
02:20:41  INFO      ================================================================
02:20:41  INFO      [1/5] Fetching price data …
/users/student/pg/pg24/yash.sarang/Hybrid-Pairs-Trading-Ensemble/Implementation/core/data.py:136: PerformanceWarning: indexing past lexsort depth may impact performance.
  if col in data.columns:
/users/student/pg/pg24/yash.sarang/Hybrid-Pairs-Trading-Ensemble/Implementation/core/data.py:137: PerformanceWarning: indexing past lexsort depth may impact performance.
  s = data[col]
02:20:42  INFO          35 tickers × 16711 bars  (2024-05-06 -> 2026-04-02)
02:20:42  INFO      [2/5] Generating pair candidates …
02:20:42  INFO          595 candidates from 35 tickers
02:20:42  INFO      [3/5] Stage 1 — pair selection …
02:20:42  INFO          [Correlation] fitting + scoring …
02:20:43  INFO          [Correlation] done in 0.9s
02:20:43  INFO          [Distance] fitting + scoring …
02:20:43  INFO          [Distance] done in 0.0s
02:20:43  INFO          [Cointegration] fitting + scoring …
02:20:48  INFO          [Cointegration] done in 5.4s
02:20:48  INFO          [Combined] fitting + scoring …
02:21:08  INFO          [Combined] done in 19.8s
02:21:08  INFO          [ML] fitting + scoring …
02:28:20  INFO      [MLSelector.fit] y class counts: {0: 357, 1: 238}
02:43:35  INFO          [ML] done in 1346.3s
02:43:35  INFO          [LSTM] fitting + scoring …
/var/spool/slurmd/job01938/slurm_script: line 27: 79394 Killed                  python experiments/freq_comparison.py --mode full --freqs 1D 1H
slurmstepd-anandi: error: Detected 1 oom_kill event in StepId=1938.batch. Some of the step tasks have been OOM Killed.
