WARNING: All log messages before absl::InitializeLog() is called are written to STDERR
I0000 00:00:1775332518.948778   74712 port.cc:153] oneDNN custom operations are on. You may see slightly different numerical results due to floating-point round-off errors from different computation orders. To turn them off, set the environment variable `TF_ENABLE_ONEDNN_OPTS=0`.
WARNING: All log messages before absl::InitializeLog() is called are written to STDERR
I0000 00:00:1775332521.357254   74712 port.cc:153] oneDNN custom operations are on. You may see slightly different numerical results due to floating-point round-off errors from different computation orders. To turn them off, set the environment variable `TF_ENABLE_ONEDNN_OPTS=0`.
01:25:22  INFO      Frequency Comparison Experiment — 2026-04-05 01:25
01:25:22  INFO      Universe : 35 stocks | Period   : 2024-05-05 -> 2026-04-04 | Selectors: full | Top-K    : 10
01:25:22  INFO      ================================================================
01:25:22  INFO        FREQUENCY: 1D   |   universe=35 stocks   |   mode=full
01:25:22  INFO      ================================================================
01:25:22  INFO      [1/5] Fetching price data …
01:25:22  ERROR     Failed to get ticker 'WIPRO.NS' reason: Impersonating chrome136 is not supported
01:25:22  ERROR     Failed to get ticker 'ACC.NS' reason: Impersonating chrome136 is not supported
01:25:22  ERROR     Failed to get ticker 'DIVISLAB.NS' reason: Impersonating chrome136 is not supported
01:25:22  ERROR     $DIVISLAB.NS: possibly delisted; no timezone found
01:25:22  ERROR     Failed to get ticker 'NESTLEIND.NS' reason: Impersonating chrome136 is not supported
01:25:22  ERROR     $NESTLEIND.NS: possibly delisted; no timezone found
01:25:22  ERROR     Failed to get ticker 'ITC.NS' reason: Impersonating chrome136 is not supported
01:25:22  ERROR     $ITC.NS: possibly delisted; no timezone found
01:25:22  ERROR     Failed to get ticker 'JSWSTEEL.NS' reason: Impersonating chrome136 is not supported
01:25:22  ERROR     $JSWSTEEL.NS: possibly delisted; no timezone found
01:25:22  ERROR     Failed to get ticker 'IOC.NS' reason: Impersonating chrome136 is not supported
01:25:22  ERROR     $IOC.NS: possibly delisted; no timezone found
01:25:22  ERROR     Failed to get ticker 'CIPLA.NS' reason: Impersonating chrome136 is not supported
01:25:22  ERROR     $CIPLA.NS: possibly delisted; no timezone found
01:25:22  ERROR     Failed to get ticker 'M&M.NS' reason: Impersonating chrome136 is not supported
01:25:22  ERROR     $M&M.NS: possibly delisted; no timezone found
01:25:22  ERROR     Failed to get ticker 'COALINDIA.NS' reason: Impersonating chrome136 is not supported
01:25:22  ERROR     $COALINDIA.NS: possibly delisted; no timezone found
01:25:22  ERROR     Failed to get ticker 'ONGC.NS' reason: Impersonating chrome136 is not supported
01:25:22  ERROR     $ONGC.NS: possibly delisted; no timezone found
01:25:22  ERROR     Failed to get ticker 'HCLTECH.NS' reason: Impersonating chrome136 is not supported
01:25:22  ERROR     $HCLTECH.NS: possibly delisted; no timezone found
01:25:22  ERROR     Failed to get ticker 'SBIN.NS' reason: Impersonating chrome136 is not supported
01:25:22  ERROR     $SBIN.NS: possibly delisted; no timezone found
01:25:22  ERROR     Failed to get ticker 'INDUSINDBK.NS' reason: Impersonating chrome136 is not supported
01:25:22  ERROR     $INDUSINDBK.NS: possibly delisted; no timezone found
01:25:22  ERROR     Failed to get ticker 'TATASTEEL.NS' reason: Impersonating chrome136 is not supported
01:25:22  ERROR     $TATASTEEL.NS: possibly delisted; no timezone found
01:25:22  ERROR     Failed to get ticker 'DRREDDY.NS' reason: Impersonating chrome136 is not supported
01:25:22  ERROR     $DRREDDY.NS: possibly delisted; no timezone found
01:25:22  ERROR     Failed to get ticker 'AXISBANK.NS' reason: Impersonating chrome136 is not supported
01:25:22  ERROR     $AXISBANK.NS: possibly delisted; no timezone found
01:25:23  ERROR     Failed to get ticker 'HEROMOTOCO.NS' reason: Impersonating chrome136 is not supported
01:25:23  ERROR     $HEROMOTOCO.NS: possibly delisted; no timezone found
01:25:23  ERROR     Failed to get ticker 'SUNPHARMA.NS' reason: Impersonating chrome136 is not supported
01:25:23  ERROR     $SUNPHARMA.NS: possibly delisted; no timezone found
01:25:23  ERROR     Failed to get ticker 'ULTRACEMCO.NS' reason: Impersonating chrome136 is not supported
01:25:23  ERROR     $ULTRACEMCO.NS: possibly delisted; no timezone found
01:25:23  ERROR     Failed to get ticker 'RELIANCE.NS' reason: Impersonating chrome136 is not supported
01:25:23  ERROR     $RELIANCE.NS: possibly delisted; no timezone found
01:25:23  ERROR     Failed to get ticker 'HDFCBANK.NS' reason: Impersonating chrome136 is not supported
01:25:23  ERROR     $HDFCBANK.NS: possibly delisted; no timezone found
01:25:23  ERROR     Failed to get ticker 'EICHERMOT.NS' reason: Impersonating chrome136 is not supported
01:25:23  ERROR     $EICHERMOT.NS: possibly delisted; no timezone found
01:25:23  ERROR     Failed to get ticker 'BPCL.NS' reason: Impersonating chrome136 is not supported
01:25:23  ERROR     $BPCL.NS: possibly delisted; no timezone found
01:25:23  ERROR     Failed to get ticker 'TECHM.NS' reason: Impersonating chrome136 is not supported
01:25:23  ERROR     $TECHM.NS: possibly delisted; no timezone found
01:25:23  ERROR     Failed to get ticker 'MARUTI.NS' reason: Impersonating chrome136 is not supported
01:25:23  ERROR     $MARUTI.NS: possibly delisted; no timezone found
01:25:23  ERROR     Failed to get ticker 'SHREECEM.NS' reason: Impersonating chrome136 is not supported
01:25:23  ERROR     $SHREECEM.NS: possibly delisted; no timezone found
01:25:23  ERROR     Failed to get ticker 'HINDUNILVR.NS' reason: Impersonating chrome136 is not supported
01:25:23  ERROR     $HINDUNILVR.NS: possibly delisted; no timezone found
01:25:23  ERROR     Failed to get ticker 'BAJAJ-AUTO.NS' reason: Impersonating chrome136 is not supported
01:25:23  ERROR     $BAJAJ-AUTO.NS: possibly delisted; no timezone found
01:25:23  ERROR     Failed to get ticker 'KOTAKBANK.NS' reason: Impersonating chrome136 is not supported
01:25:23  ERROR     $KOTAKBANK.NS: possibly delisted; no timezone found
01:25:23  ERROR     Failed to get ticker 'BRITANNIA.NS' reason: Impersonating chrome136 is not supported
01:25:23  ERROR     $BRITANNIA.NS: possibly delisted; no timezone found
01:25:23  ERROR     Failed to get ticker 'INFY.NS' reason: Impersonating chrome136 is not supported
01:25:23  ERROR     $INFY.NS: possibly delisted; no timezone found
01:25:23  ERROR     Failed to get ticker 'HINDALCO.NS' reason: Impersonating chrome136 is not supported
01:25:23  ERROR     $HINDALCO.NS: possibly delisted; no timezone found
01:25:23  ERROR     Failed to get ticker 'ICICIBANK.NS' reason: Impersonating chrome136 is not supported
01:25:23  ERROR     $ICICIBANK.NS: possibly delisted; no timezone found
01:25:23  ERROR     Failed to get ticker 'TCS.NS' reason: Impersonating chrome136 is not supported
01:25:23  ERROR     $TCS.NS: possibly delisted; no timezone found
01:25:23  ERROR     
35 Failed downloads:
01:25:23  ERROR     ['DIVISLAB.NS', 'NESTLEIND.NS', 'ITC.NS', 'JSWSTEEL.NS', 'IOC.NS', 'CIPLA.NS', 'M&M.NS', 'COALINDIA.NS', 'ONGC.NS', 'HCLTECH.NS', 'SBIN.NS', 'INDUSINDBK.NS', 'TATASTEEL.NS', 'DRREDDY.NS', 'AXISBANK.NS', 'HEROMOTOCO.NS', 'SUNPHARMA.NS', 'ULTRACEMCO.NS', 'RELIANCE.NS', 'HDFCBANK.NS', 'EICHERMOT.NS', 'BPCL.NS', 'TECHM.NS', 'MARUTI.NS', 'SHREECEM.NS', 'HINDUNILVR.NS', 'BAJAJ-AUTO.NS', 'KOTAKBANK.NS', 'BRITANNIA.NS', 'INFY.NS', 'HINDALCO.NS', 'ICICIBANK.NS', 'TCS.NS']: possibly delisted; no timezone found
01:25:23  ERROR     ['WIPRO.NS', 'ACC.NS']: ImpersonateError('Impersonating chrome136 is not supported')
Traceback (most recent call last):
  File "/users/student/pg/pg24/yash.sarang/Hybrid-Pairs-Trading-Ensemble/Implementation/experiments/freq_comparison.py", line 539, in <module>
    main()
  File "/users/student/pg/pg24/yash.sarang/Hybrid-Pairs-Trading-Ensemble/Implementation/experiments/freq_comparison.py", line 517, in main
    results[freq] = run_experiment(
  File "/users/student/pg/pg24/yash.sarang/Hybrid-Pairs-Trading-Ensemble/Implementation/experiments/freq_comparison.py", line 268, in run_experiment
    raise RuntimeError(
RuntimeError: No price data returned for freq=1D. For 1H data yfinance enforces a 730-day hard limit — check that FREQ_COMPARISON_LOOKBACK_DAYS ≤ 728 in config.py.
