WARNING: All log messages before absl::InitializeLog() is called are written to STDERR
I0000 00:00:1775332503.431701   74574 port.cc:153] oneDNN custom operations are on. You may see slightly different numerical results due to floating-point round-off errors from different computation orders. To turn them off, set the environment variable `TF_ENABLE_ONEDNN_OPTS=0`.
WARNING: All log messages before absl::InitializeLog() is called are written to STDERR
I0000 00:00:1775332511.228654   74574 port.cc:153] oneDNN custom operations are on. You may see slightly different numerical results due to floating-point round-off errors from different computation orders. To turn them off, set the environment variable `TF_ENABLE_ONEDNN_OPTS=0`.
01:25:13  INFO      ================================================================
01:25:13  INFO      E3 Ablation  |  mode=stat_ml  |  stage=both  |  top_k=10
01:25:13  INFO      min_hold=30  capital=1,000,000
01:25:13  INFO      ================================================================
01:25:13  INFO      [Data] Fetching full 10-year daily prices ...
01:25:13  INFO      Failed to create TzCache, reason: Error creating TzCache folder: '/users/student/pg/pg24/yash.sarang/.cache/py-yfinance' reason: [Errno 17] File exists: '/users/student/pg/pg24/yash.sarang/.cache/py-yfinance'. TzCache will not be used. Tip: You can direct cache to use a different location with 'set_tz_cache_location(mylocation)'
01:25:13  INFO      Failed to create TzCache, reason: Error creating TzCache folder: '/users/student/pg/pg24/yash.sarang/.cache/py-yfinance' reason: [Errno 17] File exists: '/users/student/pg/pg24/yash.sarang/.cache/py-yfinance'. TzCache will not be used. Tip: You can direct cache to use a different location with 'set_tz_cache_location(mylocation)'
01:25:13  INFO      Failed to create TzCache, reason: Error creating TzCache folder: '/users/student/pg/pg24/yash.sarang/.cache/py-yfinance' reason: [Errno 17] File exists: '/users/student/pg/pg24/yash.sarang/.cache/py-yfinance'. TzCache will not be used. Tip: You can direct cache to use a different location with 'set_tz_cache_location(mylocation)'
01:25:13  INFO      Failed to create TzCache, reason: Error creating TzCache folder: '/users/student/pg/pg24/yash.sarang/.cache/py-yfinance' reason: [Errno 17] File exists: '/users/student/pg/pg24/yash.sarang/.cache/py-yfinance'. TzCache will not be used. Tip: You can direct cache to use a different location with 'set_tz_cache_location(mylocation)'
01:25:13  INFO      Failed to create TzCache, reason: Error creating TzCache folder: '/users/student/pg/pg24/yash.sarang/.cache/py-yfinance' reason: [Errno 17] File exists: '/users/student/pg/pg24/yash.sarang/.cache/py-yfinance'. TzCache will not be used. Tip: You can direct cache to use a different location with 'set_tz_cache_location(mylocation)'
01:25:13  INFO      Failed to create TzCache, reason: Error creating TzCache folder: '/users/student/pg/pg24/yash.sarang/.cache/py-yfinance' reason: [Errno 17] File exists: '/users/student/pg/pg24/yash.sarang/.cache/py-yfinance'. TzCache will not be used. Tip: You can direct cache to use a different location with 'set_tz_cache_location(mylocation)'
01:25:13  INFO      Failed to create TzCache, reason: Error creating TzCache folder: '/users/student/pg/pg24/yash.sarang/.cache/py-yfinance' reason: [Errno 17] File exists: '/users/student/pg/pg24/yash.sarang/.cache/py-yfinance'. TzCache will not be used. Tip: You can direct cache to use a different location with 'set_tz_cache_location(mylocation)'
01:25:13  INFO      Failed to create TzCache, reason: Error creating TzCache folder: '/users/student/pg/pg24/yash.sarang/.cache/py-yfinance' reason: [Errno 17] File exists: '/users/student/pg/pg24/yash.sarang/.cache/py-yfinance'. TzCache will not be used. Tip: You can direct cache to use a different location with 'set_tz_cache_location(mylocation)'
01:25:13  INFO      Failed to create TzCache, reason: Error creating TzCache folder: '/users/student/pg/pg24/yash.sarang/.cache/py-yfinance' reason: [Errno 17] File exists: '/users/student/pg/pg24/yash.sarang/.cache/py-yfinance'. TzCache will not be used. Tip: You can direct cache to use a different location with 'set_tz_cache_location(mylocation)'
01:25:13  ERROR     Failed to get ticker 'ULTRACEMCO.NS' reason: Impersonating chrome136 is not supported
01:25:13  ERROR     Failed to get ticker 'TECHM.NS' reason: Impersonating chrome136 is not supported
01:25:13  ERROR     Failed to get ticker 'ONGC.NS' reason: Impersonating chrome136 is not supported
01:25:13  ERROR     $ONGC.NS: possibly delisted; no timezone found
01:25:13  ERROR     Failed to get ticker 'ITC.NS' reason: Impersonating chrome136 is not supported
01:25:13  ERROR     $ITC.NS: possibly delisted; no timezone found
01:25:13  ERROR     Failed to get ticker 'AXISBANK.NS' reason: Impersonating chrome136 is not supported
01:25:13  ERROR     $AXISBANK.NS: possibly delisted; no timezone found
01:25:13  ERROR     Failed to get ticker 'MARUTI.NS' reason: Impersonating chrome136 is not supported
01:25:13  ERROR     $MARUTI.NS: possibly delisted; no timezone found
01:25:13  ERROR     Failed to get ticker 'TATASTEEL.NS' reason: Impersonating chrome136 is not supported
01:25:13  ERROR     $TATASTEEL.NS: possibly delisted; no timezone found
01:25:13  ERROR     Failed to get ticker 'INFY.NS' reason: Impersonating chrome136 is not supported
01:25:13  ERROR     $INFY.NS: possibly delisted; no timezone found
01:25:13  ERROR     Failed to get ticker 'CIPLA.NS' reason: Impersonating chrome136 is not supported
01:25:13  ERROR     $CIPLA.NS: possibly delisted; no timezone found
01:25:13  ERROR     Failed to get ticker 'NESTLEIND.NS' reason: Impersonating chrome136 is not supported
01:25:13  ERROR     $NESTLEIND.NS: possibly delisted; no timezone found
01:25:13  ERROR     Failed to get ticker 'BAJAJ-AUTO.NS' reason: Impersonating chrome136 is not supported
01:25:13  ERROR     $BAJAJ-AUTO.NS: possibly delisted; no timezone found
01:25:13  ERROR     Failed to get ticker 'INDUSINDBK.NS' reason: Impersonating chrome136 is not supported
01:25:13  ERROR     $INDUSINDBK.NS: possibly delisted; no timezone found
01:25:13  ERROR     Failed to get ticker 'JSWSTEEL.NS' reason: Impersonating chrome136 is not supported
01:25:13  ERROR     $JSWSTEEL.NS: possibly delisted; no timezone found
01:25:13  ERROR     Failed to get ticker 'SUNPHARMA.NS' reason: Impersonating chrome136 is not supported
01:25:13  ERROR     $SUNPHARMA.NS: possibly delisted; no timezone found
01:25:13  ERROR     Failed to get ticker 'ICICIBANK.NS' reason: Impersonating chrome136 is not supported
01:25:13  ERROR     $ICICIBANK.NS: possibly delisted; no timezone found
01:25:13  ERROR     Failed to get ticker 'HEROMOTOCO.NS' reason: Impersonating chrome136 is not supported
01:25:13  ERROR     $HEROMOTOCO.NS: possibly delisted; no timezone found
01:25:14  ERROR     Failed to get ticker 'ACC.NS' reason: Impersonating chrome136 is not supported
01:25:14  ERROR     $ACC.NS: possibly delisted; no timezone found
01:25:14  ERROR     Failed to get ticker 'DRREDDY.NS' reason: Impersonating chrome136 is not supported
01:25:14  ERROR     $DRREDDY.NS: possibly delisted; no timezone found
01:25:14  ERROR     Failed to get ticker 'BPCL.NS' reason: Impersonating chrome136 is not supported
01:25:14  ERROR     $BPCL.NS: possibly delisted; no timezone found
01:25:14  ERROR     Failed to get ticker 'HDFCBANK.NS' reason: Impersonating chrome136 is not supported
01:25:14  ERROR     $HDFCBANK.NS: possibly delisted; no timezone found
01:25:14  ERROR     Failed to get ticker 'COALINDIA.NS' reason: Impersonating chrome136 is not supported
01:25:14  ERROR     $COALINDIA.NS: possibly delisted; no timezone found
01:25:14  ERROR     Failed to get ticker 'HCLTECH.NS' reason: Impersonating chrome136 is not supported
01:25:14  ERROR     $HCLTECH.NS: possibly delisted; no timezone found
01:25:14  ERROR     Failed to get ticker 'M&M.NS' reason: Impersonating chrome136 is not supported
01:25:14  ERROR     $M&M.NS: possibly delisted; no timezone found
01:25:14  ERROR     Failed to get ticker 'SBIN.NS' reason: Impersonating chrome136 is not supported
01:25:14  ERROR     $SBIN.NS: possibly delisted; no timezone found
01:25:14  ERROR     Failed to get ticker 'HINDUNILVR.NS' reason: Impersonating chrome136 is not supported
01:25:14  ERROR     $HINDUNILVR.NS: possibly delisted; no timezone found
01:25:14  ERROR     Failed to get ticker 'WIPRO.NS' reason: Impersonating chrome136 is not supported
01:25:14  ERROR     $WIPRO.NS: possibly delisted; no timezone found
01:25:14  ERROR     Failed to get ticker 'DIVISLAB.NS' reason: Impersonating chrome136 is not supported
01:25:14  ERROR     $DIVISLAB.NS: possibly delisted; no timezone found
01:25:14  ERROR     Failed to get ticker 'SHREECEM.NS' reason: Impersonating chrome136 is not supported
01:25:14  ERROR     $SHREECEM.NS: possibly delisted; no timezone found
01:25:14  ERROR     Failed to get ticker 'RELIANCE.NS' reason: Impersonating chrome136 is not supported
01:25:14  ERROR     $RELIANCE.NS: possibly delisted; no timezone found
01:25:14  ERROR     Failed to get ticker 'TCS.NS' reason: Impersonating chrome136 is not supported
01:25:14  ERROR     $TCS.NS: possibly delisted; no timezone found
01:25:14  ERROR     Failed to get ticker 'EICHERMOT.NS' reason: Impersonating chrome136 is not supported
01:25:14  ERROR     $EICHERMOT.NS: possibly delisted; no timezone found
01:25:14  ERROR     Failed to get ticker 'BRITANNIA.NS' reason: Impersonating chrome136 is not supported
01:25:14  ERROR     $BRITANNIA.NS: possibly delisted; no timezone found
01:25:14  ERROR     Failed to get ticker 'KOTAKBANK.NS' reason: Impersonating chrome136 is not supported
01:25:14  ERROR     $KOTAKBANK.NS: possibly delisted; no timezone found
01:25:14  ERROR     Failed to get ticker 'IOC.NS' reason: Impersonating chrome136 is not supported
01:25:14  ERROR     $IOC.NS: possibly delisted; no timezone found
01:25:14  ERROR     
35 Failed downloads:
01:25:14  ERROR     ['HINDALCO.NS']: OperationalError('database is locked')
01:25:14  ERROR     ['ONGC.NS', 'ITC.NS', 'AXISBANK.NS', 'MARUTI.NS', 'TATASTEEL.NS', 'INFY.NS', 'CIPLA.NS', 'NESTLEIND.NS', 'BAJAJ-AUTO.NS', 'INDUSINDBK.NS', 'JSWSTEEL.NS', 'SUNPHARMA.NS', 'ICICIBANK.NS', 'HEROMOTOCO.NS', 'ACC.NS', 'DRREDDY.NS', 'BPCL.NS', 'HDFCBANK.NS', 'COALINDIA.NS', 'HCLTECH.NS', 'M&M.NS', 'SBIN.NS', 'HINDUNILVR.NS', 'WIPRO.NS', 'DIVISLAB.NS', 'SHREECEM.NS', 'RELIANCE.NS', 'TCS.NS', 'EICHERMOT.NS', 'BRITANNIA.NS', 'KOTAKBANK.NS', 'IOC.NS']: possibly delisted; no timezone found
01:25:14  ERROR     ['ULTRACEMCO.NS', 'TECHM.NS']: ImpersonateError('Impersonating chrome136 is not supported')
01:25:14  INFO        0 tickers x 0 bars
01:25:14  INFO      
--- Running Stage 1 Ablation ---
01:25:14  INFO        Stage 1 ablation: ['Correlation_only', 'Distance_only', 'Cointegration_only', 'Combined_only', 'ML_only', 'S1_Ensemble']
01:25:14  INFO        [S1] Config: Correlation_only
01:25:14  INFO        [S1] Config: Distance_only
01:25:14  INFO        [S1] Config: Cointegration_only
01:25:14  INFO        [S1] Config: Combined_only
01:25:14  INFO        [S1] Config: ML_only
01:25:14  INFO        [S1] Config: S1_Ensemble
01:25:14  INFO      
--- Running Stage 2 Ablation ---
01:25:14  INFO        [S2] Pre-selecting pairs per fold ...
01:25:14  INFO        [S2] Config: ZScore_only
01:25:14  INFO        [S2] Config: OU_only
01:25:14  INFO        [S2] Config: Kalman_only
01:25:14  INFO        [S2] Config: ML_only
01:25:14  INFO        [S2] Config: S2_Ensemble
01:25:14  INFO      Total ablation time: 0s
01:25:14  INFO      Results saved -> /users/student/pg/pg24/yash.sarang/Hybrid-Pairs-Trading-Ensemble/Implementation/experiments/results/ablation_20260405_012514.json
WARNING: All log messages before absl::InitializeLog() is called are written to STDERR
I0000 00:00:1775332516.535497   74690 port.cc:153] oneDNN custom operations are on. You may see slightly different numerical results due to floating-point round-off errors from different computation orders. To turn them off, set the environment variable `TF_ENABLE_ONEDNN_OPTS=0`.
WARNING: All log messages before absl::InitializeLog() is called are written to STDERR
I0000 00:00:1775332518.607236   74690 port.cc:153] oneDNN custom operations are on. You may see slightly different numerical results due to floating-point round-off errors from different computation orders. To turn them off, set the environment variable `TF_ENABLE_ONEDNN_OPTS=0`.
01:25:20  INFO      ================================================================
01:25:20  INFO      E3 Ablation  |  mode=full  |  stage=both  |  top_k=10
01:25:20  INFO      min_hold=30  capital=1,000,000
01:25:20  INFO      ================================================================
01:25:20  INFO      [Data] Fetching full 10-year daily prices ...
01:25:22  ERROR     Failed to get ticker 'HCLTECH.NS' reason: Impersonating chrome136 is not supported
01:25:22  ERROR     Failed to get ticker 'BPCL.NS' reason: Impersonating chrome136 is not supported
01:25:22  ERROR     Failed to get ticker 'AXISBANK.NS' reason: Impersonating chrome136 is not supported
01:25:22  ERROR     $AXISBANK.NS: possibly delisted; no timezone found
01:25:22  ERROR     Failed to get ticker 'KOTAKBANK.NS' reason: Impersonating chrome136 is not supported
01:25:22  ERROR     $KOTAKBANK.NS: possibly delisted; no timezone found
01:25:22  ERROR     Failed to get ticker 'ITC.NS' reason: Impersonating chrome136 is not supported
01:25:22  ERROR     $ITC.NS: possibly delisted; no timezone found
01:25:22  ERROR     Failed to get ticker 'DIVISLAB.NS' reason: Impersonating chrome136 is not supported
01:25:22  ERROR     $DIVISLAB.NS: possibly delisted; no timezone found
01:25:22  ERROR     Failed to get ticker 'ICICIBANK.NS' reason: Impersonating chrome136 is not supported
01:25:22  ERROR     $ICICIBANK.NS: possibly delisted; no timezone found
01:25:22  ERROR     Failed to get ticker 'JSWSTEEL.NS' reason: Impersonating chrome136 is not supported
01:25:22  ERROR     $JSWSTEEL.NS: possibly delisted; no timezone found
01:25:22  ERROR     Failed to get ticker 'TECHM.NS' reason: Impersonating chrome136 is not supported
01:25:22  ERROR     $TECHM.NS: possibly delisted; no timezone found
01:25:22  ERROR     Failed to get ticker 'TCS.NS' reason: Impersonating chrome136 is not supported
01:25:22  ERROR     $TCS.NS: possibly delisted; no timezone found
01:25:22  ERROR     Failed to get ticker 'SUNPHARMA.NS' reason: Impersonating chrome136 is not supported
01:25:22  ERROR     $SUNPHARMA.NS: possibly delisted; no timezone found
01:25:22  ERROR     Failed to get ticker 'M&M.NS' reason: Impersonating chrome136 is not supported
01:25:22  ERROR     $M&M.NS: possibly delisted; no timezone found
01:25:22  ERROR     Failed to get ticker 'BAJAJ-AUTO.NS' reason: Impersonating chrome136 is not supported
01:25:22  ERROR     $BAJAJ-AUTO.NS: possibly delisted; no timezone found
01:25:22  ERROR     Failed to get ticker 'HINDUNILVR.NS' reason: Impersonating chrome136 is not supported
01:25:22  ERROR     $HINDUNILVR.NS: possibly delisted; no timezone found
01:25:22  ERROR     Failed to get ticker 'COALINDIA.NS' reason: Impersonating chrome136 is not supported
01:25:22  ERROR     $COALINDIA.NS: possibly delisted; no timezone found
01:25:22  ERROR     Failed to get ticker 'ONGC.NS' reason: Impersonating chrome136 is not supported
01:25:22  ERROR     $ONGC.NS: possibly delisted; no timezone found
01:25:23  ERROR     Failed to get ticker 'HEROMOTOCO.NS' reason: Impersonating chrome136 is not supported
01:25:23  ERROR     $HEROMOTOCO.NS: possibly delisted; no timezone found
01:25:23  ERROR     Failed to get ticker 'WIPRO.NS' reason: Impersonating chrome136 is not supported
01:25:23  ERROR     $WIPRO.NS: possibly delisted; no timezone found
01:25:23  ERROR     Failed to get ticker 'IOC.NS' reason: Impersonating chrome136 is not supported
01:25:23  ERROR     $IOC.NS: possibly delisted; no timezone found
01:25:23  ERROR     Failed to get ticker 'SHREECEM.NS' reason: Impersonating chrome136 is not supported
01:25:23  ERROR     $SHREECEM.NS: possibly delisted; no timezone found
01:25:23  ERROR     Failed to get ticker 'SBIN.NS' reason: Impersonating chrome136 is not supported
01:25:23  ERROR     $SBIN.NS: possibly delisted; no timezone found
01:25:23  ERROR     Failed to get ticker 'MARUTI.NS' reason: Impersonating chrome136 is not supported
01:25:23  ERROR     $MARUTI.NS: possibly delisted; no timezone found
01:25:23  ERROR     Failed to get ticker 'EICHERMOT.NS' reason: Impersonating chrome136 is not supported
01:25:23  ERROR     $EICHERMOT.NS: possibly delisted; no timezone found
01:25:23  ERROR     Failed to get ticker 'BRITANNIA.NS' reason: Impersonating chrome136 is not supported
01:25:23  ERROR     $BRITANNIA.NS: possibly delisted; no timezone found
01:25:23  ERROR     Failed to get ticker 'ULTRACEMCO.NS' reason: Impersonating chrome136 is not supported
01:25:23  ERROR     $ULTRACEMCO.NS: possibly delisted; no timezone found
01:25:23  ERROR     Failed to get ticker 'NESTLEIND.NS' reason: Impersonating chrome136 is not supported
01:25:23  ERROR     $NESTLEIND.NS: possibly delisted; no timezone found
01:25:23  ERROR     Failed to get ticker 'RELIANCE.NS' reason: Impersonating chrome136 is not supported
01:25:23  ERROR     $RELIANCE.NS: possibly delisted; no timezone found
01:25:23  ERROR     Failed to get ticker 'ACC.NS' reason: Impersonating chrome136 is not supported
01:25:23  ERROR     $ACC.NS: possibly delisted; no timezone found
01:25:23  ERROR     Failed to get ticker 'DRREDDY.NS' reason: Impersonating chrome136 is not supported
01:25:23  ERROR     $DRREDDY.NS: possibly delisted; no timezone found
01:25:23  ERROR     Failed to get ticker 'HDFCBANK.NS' reason: Impersonating chrome136 is not supported
01:25:23  ERROR     $HDFCBANK.NS: possibly delisted; no timezone found
01:25:23  ERROR     Failed to get ticker 'CIPLA.NS' reason: Impersonating chrome136 is not supported
01:25:23  ERROR     $CIPLA.NS: possibly delisted; no timezone found
01:25:23  ERROR     Failed to get ticker 'INFY.NS' reason: Impersonating chrome136 is not supported
01:25:23  ERROR     $INFY.NS: possibly delisted; no timezone found
01:25:23  ERROR     Failed to get ticker 'INDUSINDBK.NS' reason: Impersonating chrome136 is not supported
01:25:23  ERROR     $INDUSINDBK.NS: possibly delisted; no timezone found
01:25:23  ERROR     Failed to get ticker 'HINDALCO.NS' reason: Impersonating chrome136 is not supported
01:25:23  ERROR     $HINDALCO.NS: possibly delisted; no timezone found
01:25:23  ERROR     Failed to get ticker 'TATASTEEL.NS' reason: Impersonating chrome136 is not supported
01:25:23  ERROR     $TATASTEEL.NS: possibly delisted; no timezone found
01:25:23  ERROR     
35 Failed downloads:
01:25:23  ERROR     ['AXISBANK.NS', 'KOTAKBANK.NS', 'ITC.NS', 'DIVISLAB.NS', 'ICICIBANK.NS', 'JSWSTEEL.NS', 'TECHM.NS', 'TCS.NS', 'SUNPHARMA.NS', 'M&M.NS', 'BAJAJ-AUTO.NS', 'HINDUNILVR.NS', 'COALINDIA.NS', 'ONGC.NS', 'HEROMOTOCO.NS', 'WIPRO.NS', 'IOC.NS', 'SHREECEM.NS', 'SBIN.NS', 'MARUTI.NS', 'EICHERMOT.NS', 'BRITANNIA.NS', 'ULTRACEMCO.NS', 'NESTLEIND.NS', 'RELIANCE.NS', 'ACC.NS', 'DRREDDY.NS', 'HDFCBANK.NS', 'CIPLA.NS', 'INFY.NS', 'INDUSINDBK.NS', 'HINDALCO.NS', 'TATASTEEL.NS']: possibly delisted; no timezone found
01:25:23  ERROR     ['HCLTECH.NS', 'BPCL.NS']: ImpersonateError('Impersonating chrome136 is not supported')
01:25:23  INFO        0 tickers x 0 bars
01:25:23  INFO      
--- Running Stage 1 Ablation ---
01:25:23  INFO        Stage 1 ablation: ['Correlation_only', 'Distance_only', 'Cointegration_only', 'Combined_only', 'ML_only', 'LSTM_only', 'Transformer_only', 'GNN_only', 'S1_Ensemble']
01:25:23  INFO        [S1] Config: Correlation_only
01:25:23  INFO        [S1] Config: Distance_only
01:25:23  INFO        [S1] Config: Cointegration_only
01:25:23  INFO        [S1] Config: Combined_only
01:25:23  INFO        [S1] Config: ML_only
01:25:23  INFO        [S1] Config: LSTM_only
01:25:23  INFO        [S1] Config: Transformer_only
01:25:23  INFO        [S1] Config: GNN_only
01:25:23  INFO        [S1] Config: S1_Ensemble
01:25:23  INFO      
--- Running Stage 2 Ablation ---
01:25:23  INFO        [S2] Pre-selecting pairs per fold ...
01:25:23  INFO        [S2] Config: ZScore_only
01:25:23  INFO        [S2] Config: OU_only
01:25:23  INFO        [S2] Config: Kalman_only
01:25:23  INFO        [S2] Config: ML_only
01:25:23  INFO        [S2] Config: S2_Ensemble
01:25:23  INFO      Total ablation time: 0s
01:25:23  INFO      Results saved -> /users/student/pg/pg24/yash.sarang/Hybrid-Pairs-Trading-Ensemble/Implementation/experiments/results/ablation_20260405_012523.json
