WARNING: All log messages before absl::InitializeLog() is called are written to STDERR
I0000 00:00:1775333647.923914   75760 port.cc:153] oneDNN custom operations are on. You may see slightly different numerical results due to floating-point round-off errors from different computation orders. To turn them off, set the environment variable `TF_ENABLE_ONEDNN_OPTS=0`.
WARNING: All log messages before absl::InitializeLog() is called are written to STDERR
I0000 00:00:1775333651.884159   75760 port.cc:153] oneDNN custom operations are on. You may see slightly different numerical results due to floating-point round-off errors from different computation orders. To turn them off, set the environment variable `TF_ENABLE_ONEDNN_OPTS=0`.
01:44:13  INFO      ================================================================
01:44:13  INFO      E3 Ablation  |  mode=stat_ml  |  stage=both  |  top_k=10
01:44:13  INFO      min_hold=30  capital=1,000,000
01:44:13  INFO      ================================================================
01:44:13  INFO      [Data] Fetching full 10-year daily prices ...
/users/student/pg/pg24/yash.sarang/Hybrid-Pairs-Trading-Ensemble/Implementation/core/data.py:136: PerformanceWarning: indexing past lexsort depth may impact performance.
  if col in data.columns:
/users/student/pg/pg24/yash.sarang/Hybrid-Pairs-Trading-Ensemble/Implementation/core/data.py:137: PerformanceWarning: indexing past lexsort depth may impact performance.
  s = data[col]
01:44:14  INFO        35 tickers x 3742 bars
01:44:14  INFO      
--- Running Stage 1 Ablation ---
01:44:14  INFO        Stage 1 ablation: ['Correlation_only', 'Distance_only', 'Cointegration_only', 'Combined_only', 'ML_only', 'S1_Ensemble']
01:44:14  INFO        [S1] Config: Correlation_only
01:44:16  INFO          [Correlation_only] 2020 -> Gross SR=1.082  Net SR=0.683  pairs=10  t=2.5s
01:44:17  INFO          [Correlation_only] 2021 -> Gross SR=1.686  Net SR=1.122  pairs=10  t=1.4s
01:44:19  INFO          [Correlation_only] 2022 -> Gross SR=-0.827  Net SR=-1.345  pairs=10  t=1.4s
01:44:21  INFO          [Correlation_only] 2023 -> Gross SR=0.760  Net SR=0.004  pairs=10  t=1.6s
01:44:22  INFO          [Correlation_only] 2024 -> Gross SR=0.266  Net SR=-0.356  pairs=10  t=1.6s
01:44:24  INFO          [Correlation_only] 2025 -> Gross SR=1.031  Net SR=0.479  pairs=10  t=1.6s
01:44:24  INFO        [S1] Config: Distance_only
01:44:25  INFO          [Distance_only] 2020 -> Gross SR=0.633  Net SR=0.278  pairs=10  t=1.1s
01:44:26  INFO          [Distance_only] 2021 -> Gross SR=-0.080  Net SR=-0.491  pairs=10  t=1.2s
01:44:27  INFO          [Distance_only] 2022 -> Gross SR=-0.328  Net SR=-0.841  pairs=10  t=1.2s
01:44:29  INFO          [Distance_only] 2023 -> Gross SR=0.762  Net SR=0.224  pairs=10  t=1.3s
01:44:30  INFO          [Distance_only] 2024 -> Gross SR=-0.043  Net SR=-0.511  pairs=10  t=1.5s
01:44:31  INFO          [Distance_only] 2025 -> Gross SR=0.675  Net SR=0.189  pairs=10  t=1.4s
01:44:31  INFO        [S1] Config: Cointegration_only
01:44:38  INFO          [Cointegration_only] 2020 -> Gross SR=0.183  Net SR=-0.083  pairs=10  t=6.1s
01:44:44  INFO          [Cointegration_only] 2021 -> Gross SR=0.975  Net SR=0.581  pairs=10  t=6.1s
01:44:50  INFO          [Cointegration_only] 2022 -> Gross SR=-0.919  Net SR=-1.357  pairs=10  t=6.0s
01:44:56  INFO          [Cointegration_only] 2023 -> Gross SR=-0.360  Net SR=-0.818  pairs=10  t=6.0s
01:45:02  INFO          [Cointegration_only] 2024 -> Gross SR=-0.884  Net SR=-1.250  pairs=10  t=6.1s
01:45:08  INFO          [Cointegration_only] 2025 -> Gross SR=1.522  Net SR=1.091  pairs=10  t=6.1s
01:45:08  INFO        [S1] Config: Combined_only
01:45:24  INFO          [Combined_only] 2020 -> Gross SR=-0.389  Net SR=-0.633  pairs=10  t=15.7s
01:45:41  INFO          [Combined_only] 2021 -> Gross SR=0.560  Net SR=0.194  pairs=10  t=17.8s
01:46:01  INFO          [Combined_only] 2022 -> Gross SR=-1.067  Net SR=-1.415  pairs=10  t=19.3s
01:46:21  INFO          [Combined_only] 2023 -> Gross SR=0.322  Net SR=-0.152  pairs=10  t=20.6s
01:46:38  INFO          [Combined_only] 2024 -> Gross SR=-1.978  Net SR=-2.302  pairs=10  t=16.8s
01:46:58  INFO          [Combined_only] 2025 -> Gross SR=-0.112  Net SR=-0.558  pairs=10  t=19.9s
01:46:58  INFO        [S1] Config: ML_only
01:47:09  INFO      [MLSelector.fit] y class counts: {0: 335, 1: 260}
/users/student/pg/pg24/yash.sarang/miniconda3/envs/pairs_trading/lib/python3.10/site-packages/xgboost/core.py:751: UserWarning: [01:47:09] WARNING: /__w/xgboost/xgboost/src/common/error_msg.cc:62: Falling back to prediction using DMatrix due to mismatched devices. This might lead to higher memory usage and slower performance. XGBoost is running on: cuda:0, while the input data is on: cpu.
Potential solutions:
- Use a data structure that matches the device ordinal in the booster.
- Set the device for booster before call to inplace_predict.

This warning will only be shown once.

  return func(**kwargs)
01:47:57  INFO          [ML_only] 2020 -> Gross SR=-1.785  Net SR=-2.065  pairs=10  t=59.0s
01:48:15  INFO      [MLSelector.fit] y class counts: {0: 340, 1: 255}
01:49:18  INFO          [ML_only] 2021 -> Gross SR=1.398  Net SR=1.053  pairs=10  t=81.3s
01:49:46  INFO      [MLSelector.fit] y class counts: {0: 306, 1: 289}
01:50:52  INFO          [ML_only] 2022 -> Gross SR=0.242  Net SR=-0.079  pairs=10  t=94.1s
01:51:31  INFO      [MLSelector.fit] y class counts: {0: 250, 1: 345}
01:52:53  INFO          [ML_only] 2023 -> Gross SR=1.891  Net SR=1.487  pairs=10  t=120.9s
01:53:44  INFO      [MLSelector.fit] y class counts: {0: 281, 1: 314}
01:55:12  INFO          [ML_only] 2024 -> Gross SR=-0.536  Net SR=-0.864  pairs=10  t=138.2s
01:56:13  INFO      [MLSelector.fit] y class counts: {0: 297, 1: 298}
01:58:11  INFO          [ML_only] 2025 -> Gross SR=0.906  Net SR=0.333  pairs=10  t=179.6s
01:58:11  INFO        [S1] Config: S1_Ensemble
01:58:47  INFO      [MLSelector.fit] y class counts: {0: 335, 1: 260}
01:59:34  INFO          [S1_Ensemble] 2020 -> Gross SR=-0.661  Net SR=-0.990  pairs=10  t=82.5s
02:00:18  INFO      [MLSelector.fit] y class counts: {0: 340, 1: 255}
02:01:12  INFO          [S1_Ensemble] 2021 -> Gross SR=-0.120  Net SR=-0.611  pairs=10  t=98.7s
02:02:08  INFO      [MLSelector.fit] y class counts: {0: 306, 1: 289}
02:03:27  INFO          [S1_Ensemble] 2022 -> Gross SR=-0.614  Net SR=-1.122  pairs=10  t=134.5s
02:04:34  INFO      [MLSelector.fit] y class counts: {0: 250, 1: 345}
02:05:53  INFO          [S1_Ensemble] 2023 -> Gross SR=0.642  Net SR=0.111  pairs=10  t=145.7s
02:07:01  INFO      [MLSelector.fit] y class counts: {0: 281, 1: 314}
02:08:28  INFO          [S1_Ensemble] 2024 -> Gross SR=-0.819  Net SR=-1.208  pairs=10  t=155.1s
02:09:38  INFO      [MLSelector.fit] y class counts: {0: 297, 1: 298}
02:11:17  INFO          [S1_Ensemble] 2025 -> Gross SR=0.488  Net SR=0.040  pairs=10  t=169.1s
02:11:17  INFO      
--- Running Stage 2 Ablation ---
02:11:17  INFO        [S2] Pre-selecting pairs per fold ...
02:11:37  INFO      [MLSelector.fit] y class counts: {0: 335, 1: 260}
02:12:21  INFO          2020: 10 pairs — ['M&M-ONGC', 'TATASTEEL-JSWSTEEL', 'MARUTI-BAJAJ-AUTO', 'ONGC-COALINDIA'] ...
02:13:06  INFO      [MLSelector.fit] y class counts: {0: 340, 1: 255}
02:14:08  INFO          2021: 10 pairs — ['ICICIBANK-AXISBANK', 'TECHM-JSWSTEEL', 'HDFCBANK-AXISBANK', 'KOTAKBANK-AXISBANK'] ...
02:15:00  INFO      [MLSelector.fit] y class counts: {0: 306, 1: 289}
02:16:24  INFO          2022: 10 pairs — ['ULTRACEMCO-ACC', 'SUNPHARMA-HINDALCO', 'HINDUNILVR-BRITANNIA', 'BAJAJ-AUTO-HEROMOTOCO'] ...
02:17:26  INFO      [MLSelector.fit] y class counts: {0: 250, 1: 345}
02:18:50  INFO          2023: 10 pairs — ['ITC-COALINDIA', 'ICICIBANK-COALINDIA', 'TATASTEEL-HINDALCO', 'CIPLA-COALINDIA'] ...
02:20:07  INFO      [MLSelector.fit] y class counts: {0: 281, 1: 314}
02:21:42  INFO          2024: 10 pairs — ['INDUSINDBK-M&M', 'HEROMOTOCO-IOC', 'INFY-TECHM', 'TCS-INFY'] ...
02:23:13  INFO      [MLSelector.fit] y class counts: {0: 297, 1: 298}
02:25:02  INFO          2025: 10 pairs — ['HCLTECH-TECHM', 'IOC-COALINDIA', 'INFY-TECHM', 'TECHM-DIVISLAB'] ...
02:25:02  INFO        [S2] Config: ZScore_only
02:25:02  INFO          [ZScore_only] 2020 -> Gross SR=0.260  Net SR=-0.027  t=0.1s
02:25:02  INFO          [ZScore_only] 2021 -> Gross SR=-0.278  Net SR=-0.755  t=0.1s
02:25:02  INFO          [ZScore_only] 2022 -> Gross SR=0.433  Net SR=-0.020  t=0.1s
02:25:02  INFO          [ZScore_only] 2023 -> Gross SR=-0.600  Net SR=-1.087  t=0.1s
02:25:02  INFO          [ZScore_only] 2024 -> Gross SR=-0.468  Net SR=-0.856  t=0.1s
02:25:03  INFO          [ZScore_only] 2025 -> Gross SR=1.033  Net SR=0.559  t=0.1s
02:25:03  INFO        [S2] Config: OU_only
02:25:03  INFO          [OU_only] 2020 -> Gross SR=-0.057  Net SR=-0.269  t=0.1s
02:25:03  INFO          [OU_only] 2021 -> Gross SR=0.344  Net SR=0.080  t=0.1s
02:25:03  INFO          [OU_only] 2022 -> Gross SR=1.746  Net SR=1.375  t=0.1s
02:25:03  INFO          [OU_only] 2023 -> Gross SR=1.322  Net SR=0.927  t=0.1s
02:25:03  INFO          [OU_only] 2024 -> Gross SR=-1.138  Net SR=-1.338  t=0.1s
02:25:03  INFO          [OU_only] 2025 -> Gross SR=1.075  Net SR=0.757  t=0.1s
02:25:03  INFO        [S2] Config: Kalman_only
02:25:03  INFO          [Kalman_only] 2020 -> Gross SR=1.202  Net SR=0.835  t=0.2s
02:25:03  INFO          [Kalman_only] 2021 -> Gross SR=-0.359  Net SR=-0.806  t=0.2s
02:25:04  INFO          [Kalman_only] 2022 -> Gross SR=1.015  Net SR=0.491  t=0.3s
02:25:04  INFO          [Kalman_only] 2023 -> Gross SR=-0.900  Net SR=-1.357  t=0.3s
02:25:04  INFO          [Kalman_only] 2024 -> Gross SR=0.796  Net SR=0.383  t=0.3s
02:25:05  INFO          [Kalman_only] 2025 -> Gross SR=-0.387  Net SR=-0.803  t=0.4s
02:25:05  INFO        [S2] Config: ML_only
02:25:06  INFO          [ML_only] 2020 -> Gross SR=-0.015  Net SR=-0.237  t=0.9s
02:25:06  INFO          [ML_only] 2021 -> Gross SR=-0.769  Net SR=-1.124  t=0.9s
02:25:07  INFO          [ML_only] 2022 -> Gross SR=0.081  Net SR=-0.283  t=1.0s
02:25:08  INFO          [ML_only] 2023 -> Gross SR=-0.574  Net SR=-0.927  t=1.0s
02:25:09  INFO          [ML_only] 2024 -> Gross SR=-0.544  Net SR=-0.882  t=1.0s
02:25:10  INFO          [ML_only] 2025 -> Gross SR=-0.137  Net SR=-0.477  t=1.0s
02:25:10  INFO        [S2] Config: S2_Ensemble
02:25:11  INFO          [S2_Ensemble] 2020 -> Gross SR=-0.661  Net SR=-0.990  t=1.1s
02:25:13  INFO          [S2_Ensemble] 2021 -> Gross SR=-0.120  Net SR=-0.611  t=1.2s
02:25:14  INFO          [S2_Ensemble] 2022 -> Gross SR=-0.614  Net SR=-1.122  t=1.2s
02:25:15  INFO          [S2_Ensemble] 2023 -> Gross SR=0.642  Net SR=0.111  t=1.3s
02:25:16  INFO          [S2_Ensemble] 2024 -> Gross SR=-0.819  Net SR=-1.208  t=1.3s
02:25:18  INFO          [S2_Ensemble] 2025 -> Gross SR=0.488  Net SR=0.040  t=1.4s
02:25:18  INFO      Total ablation time: 2464s
02:25:18  INFO      Results saved -> /users/student/pg/pg24/yash.sarang/Hybrid-Pairs-Trading-Ensemble/Implementation/experiments/results/ablation_20260405_022518.json
WARNING: All log messages before absl::InitializeLog() is called are written to STDERR
I0000 00:00:1775336139.887505   80402 port.cc:153] oneDNN custom operations are on. You may see slightly different numerical results due to floating-point round-off errors from different computation orders. To turn them off, set the environment variable `TF_ENABLE_ONEDNN_OPTS=0`.
WARNING: All log messages before absl::InitializeLog() is called are written to STDERR
I0000 00:00:1775336169.007650   80402 port.cc:153] oneDNN custom operations are on. You may see slightly different numerical results due to floating-point round-off errors from different computation orders. To turn them off, set the environment variable `TF_ENABLE_ONEDNN_OPTS=0`.
02:26:23  INFO      ================================================================
02:26:23  INFO      E3 Ablation  |  mode=full  |  stage=both  |  top_k=10
02:26:23  INFO      min_hold=30  capital=1,000,000
02:26:23  INFO      ================================================================
02:26:23  INFO      [Data] Fetching full 10-year daily prices ...
/users/student/pg/pg24/yash.sarang/Hybrid-Pairs-Trading-Ensemble/Implementation/core/data.py:136: PerformanceWarning: indexing past lexsort depth may impact performance.
  if col in data.columns:
/users/student/pg/pg24/yash.sarang/Hybrid-Pairs-Trading-Ensemble/Implementation/core/data.py:137: PerformanceWarning: indexing past lexsort depth may impact performance.
  s = data[col]
02:26:23  INFO        35 tickers x 3742 bars
02:26:23  INFO      
--- Running Stage 1 Ablation ---
02:26:23  INFO        Stage 1 ablation: ['Correlation_only', 'Distance_only', 'Cointegration_only', 'Combined_only', 'ML_only', 'LSTM_only', 'Transformer_only', 'GNN_only', 'S1_Ensemble']
02:26:23  INFO        [S1] Config: Correlation_only
02:26:25  INFO          [Correlation_only] 2020 -> Gross SR=1.082  Net SR=0.683  pairs=10  t=2.3s
02:26:26  INFO          [Correlation_only] 2021 -> Gross SR=1.686  Net SR=1.122  pairs=10  t=1.4s
02:26:28  INFO          [Correlation_only] 2022 -> Gross SR=-0.827  Net SR=-1.345  pairs=10  t=1.4s
02:26:29  INFO          [Correlation_only] 2023 -> Gross SR=0.760  Net SR=0.004  pairs=10  t=1.5s
02:26:31  INFO          [Correlation_only] 2024 -> Gross SR=0.266  Net SR=-0.356  pairs=10  t=1.6s
02:26:33  INFO          [Correlation_only] 2025 -> Gross SR=1.031  Net SR=0.479  pairs=10  t=1.9s
02:26:33  INFO        [S1] Config: Distance_only
02:26:34  INFO          [Distance_only] 2020 -> Gross SR=0.633  Net SR=0.278  pairs=10  t=1.1s
02:26:35  INFO          [Distance_only] 2021 -> Gross SR=-0.080  Net SR=-0.491  pairs=10  t=1.2s
02:26:36  INFO          [Distance_only] 2022 -> Gross SR=-0.328  Net SR=-0.841  pairs=10  t=1.2s
02:26:37  INFO          [Distance_only] 2023 -> Gross SR=0.762  Net SR=0.224  pairs=10  t=1.3s
02:26:39  INFO          [Distance_only] 2024 -> Gross SR=-0.043  Net SR=-0.511  pairs=10  t=1.3s
02:26:40  INFO          [Distance_only] 2025 -> Gross SR=0.675  Net SR=0.189  pairs=10  t=1.4s
02:26:40  INFO        [S1] Config: Cointegration_only
02:26:46  INFO          [Cointegration_only] 2020 -> Gross SR=0.183  Net SR=-0.083  pairs=10  t=6.0s
02:26:52  INFO          [Cointegration_only] 2021 -> Gross SR=0.975  Net SR=0.581  pairs=10  t=5.9s
02:26:58  INFO          [Cointegration_only] 2022 -> Gross SR=-0.919  Net SR=-1.357  pairs=10  t=6.3s
02:27:05  INFO          [Cointegration_only] 2023 -> Gross SR=-0.360  Net SR=-0.818  pairs=10  t=6.5s
02:27:12  INFO          [Cointegration_only] 2024 -> Gross SR=-0.884  Net SR=-1.250  pairs=10  t=6.7s
02:27:18  INFO          [Cointegration_only] 2025 -> Gross SR=1.522  Net SR=1.091  pairs=10  t=6.7s
02:27:18  INFO        [S1] Config: Combined_only
02:27:25  INFO          [Combined_only] 2020 -> Gross SR=-0.389  Net SR=-0.633  pairs=10  t=6.5s
02:27:42  INFO          [Combined_only] 2021 -> Gross SR=0.560  Net SR=0.194  pairs=10  t=17.7s
02:28:02  INFO          [Combined_only] 2022 -> Gross SR=-1.067  Net SR=-1.415  pairs=10  t=19.2s
02:28:09  INFO          [Combined_only] 2023 -> Gross SR=0.322  Net SR=-0.152  pairs=10  t=7.0s
02:28:27  INFO          [Combined_only] 2024 -> Gross SR=-1.978  Net SR=-2.302  pairs=10  t=18.0s
02:28:45  INFO          [Combined_only] 2025 -> Gross SR=-0.112  Net SR=-0.558  pairs=10  t=18.0s
02:28:45  INFO        [S1] Config: ML_only
02:28:55  INFO      [MLSelector.fit] y class counts: {0: 335, 1: 260}
/users/student/pg/pg24/yash.sarang/miniconda3/envs/pairs_trading/lib/python3.10/site-packages/xgboost/core.py:751: UserWarning: [02:28:55] WARNING: /__w/xgboost/xgboost/src/common/error_msg.cc:62: Falling back to prediction using DMatrix due to mismatched devices. This might lead to higher memory usage and slower performance. XGBoost is running on: cuda:0, while the input data is on: cpu.
Potential solutions:
- Use a data structure that matches the device ordinal in the booster.
- Set the device for booster before call to inplace_predict.

This warning will only be shown once.

  return func(**kwargs)
02:29:44  INFO          [ML_only] 2020 -> Gross SR=-1.785  Net SR=-2.065  pairs=10  t=58.9s
02:30:03  INFO      [MLSelector.fit] y class counts: {0: 340, 1: 255}
02:31:00  INFO          [ML_only] 2021 -> Gross SR=1.398  Net SR=1.053  pairs=10  t=76.0s
02:31:24  INFO      [MLSelector.fit] y class counts: {0: 306, 1: 289}
02:33:17  INFO          [ML_only] 2022 -> Gross SR=0.242  Net SR=-0.079  pairs=10  t=137.7s
02:33:56  INFO      [MLSelector.fit] y class counts: {0: 250, 1: 345}
02:35:20  INFO          [ML_only] 2023 -> Gross SR=1.891  Net SR=1.487  pairs=10  t=122.5s
02:36:15  INFO      [MLSelector.fit] y class counts: {0: 281, 1: 314}
02:37:52  INFO          [ML_only] 2024 -> Gross SR=-0.536  Net SR=-0.864  pairs=10  t=152.4s
02:39:00  INFO      [MLSelector.fit] y class counts: {0: 297, 1: 298}
02:40:53  INFO          [ML_only] 2025 -> Gross SR=0.906  Net SR=0.333  pairs=10  t=180.9s
02:40:53  INFO        [S1] Config: LSTM_only
02:41:05  INFO      [LSTMSelector] 671755 sequences, class dist: {0: 335187, 1: 336568}
02:41:06  INFO      [LSTMSelector] Subsampled to 50000 sequences.
/users/student/pg/pg24/yash.sarang/miniconda3/envs/pairs_trading/lib/python3.10/site-packages/keras/src/layers/rnn/bidirectional.py:107: UserWarning: Do not pass an `input_shape`/`input_dim` argument to a layer. When using Sequential models, prefer using an `Input(shape)` object as the first layer in the model instead.
  super().__init__(**kwargs)
02:41:56  INFO      [LSTMSelector] Training complete.
02:42:01  INFO          [LSTM_only] 2020 -> Gross SR=0.139  Net SR=-0.117  pairs=10  t=67.6s
02:42:12  INFO      [LSTMSelector] 889525 sequences, class dist: {0: 442602, 1: 446923}
02:42:13  INFO      [LSTMSelector] Subsampled to 50000 sequences.
/users/student/pg/pg24/yash.sarang/miniconda3/envs/pairs_trading/lib/python3.10/site-packages/keras/src/layers/rnn/bidirectional.py:107: UserWarning: Do not pass an `input_shape`/`input_dim` argument to a layer. When using Sequential models, prefer using an `Input(shape)` object as the first layer in the model instead.
  super().__init__(**kwargs)
02:42:37  INFO      [LSTMSelector] Training complete.
02:42:41  INFO          [LSTM_only] 2021 -> Gross SR=-0.092  Net SR=-0.364  pairs=10  t=39.9s
02:42:54  INFO      [LSTMSelector] 1106700 sequences, class dist: {0: 549456, 1: 557244}
02:42:54  INFO      [LSTMSelector] Subsampled to 50000 sequences.
/users/student/pg/pg24/yash.sarang/miniconda3/envs/pairs_trading/lib/python3.10/site-packages/keras/src/layers/rnn/bidirectional.py:107: UserWarning: Do not pass an `input_shape`/`input_dim` argument to a layer. When using Sequential models, prefer using an `Input(shape)` object as the first layer in the model instead.
  super().__init__(**kwargs)
02:43:33  INFO      [LSTMSelector] Training complete.
02:43:37  INFO          [LSTM_only] 2022 -> Gross SR=0.973  Net SR=0.653  pairs=10  t=56.6s
02:43:50  INFO      [LSTMSelector] 1323875 sequences, class dist: {0: 657867, 1: 666008}
02:43:50  INFO      [LSTMSelector] Subsampled to 50000 sequences.
/users/student/pg/pg24/yash.sarang/miniconda3/envs/pairs_trading/lib/python3.10/site-packages/keras/src/layers/rnn/bidirectional.py:107: UserWarning: Do not pass an `input_shape`/`input_dim` argument to a layer. When using Sequential models, prefer using an `Input(shape)` object as the first layer in the model instead.
  super().__init__(**kwargs)
02:44:10  INFO      [LSTMSelector] Training complete.
02:44:14  INFO          [LSTM_only] 2023 -> Gross SR=0.655  Net SR=0.131  pairs=10  t=36.8s
02:44:28  INFO      [LSTMSelector] 1541050 sequences, class dist: {0: 766018, 1: 775032}
02:44:28  INFO      [LSTMSelector] Subsampled to 50000 sequences.
/users/student/pg/pg24/yash.sarang/miniconda3/envs/pairs_trading/lib/python3.10/site-packages/keras/src/layers/rnn/bidirectional.py:107: UserWarning: Do not pass an `input_shape`/`input_dim` argument to a layer. When using Sequential models, prefer using an `Input(shape)` object as the first layer in the model instead.
  super().__init__(**kwargs)
02:44:56  INFO      [LSTMSelector] Training complete.
02:45:00  INFO          [LSTM_only] 2024 -> Gross SR=0.408  Net SR=0.087  pairs=10  t=46.3s
02:45:14  INFO      [LSTMSelector] 1758820 sequences, class dist: {0: 879622, 1: 879198}
02:45:15  INFO      [LSTMSelector] Subsampled to 50000 sequences.
/users/student/pg/pg24/yash.sarang/miniconda3/envs/pairs_trading/lib/python3.10/site-packages/keras/src/layers/rnn/bidirectional.py:107: UserWarning: Do not pass an `input_shape`/`input_dim` argument to a layer. When using Sequential models, prefer using an `Input(shape)` object as the first layer in the model instead.
  super().__init__(**kwargs)
02:45:56  INFO      [LSTMSelector] Training complete.
02:46:00  INFO          [LSTM_only] 2025 -> Gross SR=-1.164  Net SR=-1.677  pairs=10  t=60.1s
02:46:00  INFO        [S1] Config: Transformer_only
02:46:10  INFO      [TransformerSelector] 671755 sequences, class dist: {0: 335187, 1: 336568}
02:46:10  INFO      [TransformerSelector] Subsampled to 50000 sequences.
02:46:10  WARNING         [Transformer] selector failed: Exception encountered when calling Lambda.call().

[1mWe could not automatically infer the shape of the Lambda's output. Please specify the `output_shape` argument for this Lambda layer.[0m

Arguments received by Lambda.call():
  • args=('<KerasTensor shape=(None, 60, 32), dtype=float16, sparse=False, ragged=False, name=keras_tensor_98>',)
  • kwargs={'mask': 'None'}
02:46:10  WARNING       [Transformer_only] 2020: no pairs selected
02:46:19  INFO      [TransformerSelector] 889525 sequences, class dist: {0: 442602, 1: 446923}
02:46:19  INFO      [TransformerSelector] Subsampled to 50000 sequences.
02:46:19  WARNING         [Transformer] selector failed: Exception encountered when calling Lambda.call().

[1mWe could not automatically infer the shape of the Lambda's output. Please specify the `output_shape` argument for this Lambda layer.[0m

Arguments received by Lambda.call():
  • args=('<KerasTensor shape=(None, 60, 32), dtype=float16, sparse=False, ragged=False, name=keras_tensor_102>',)
  • kwargs={'mask': 'None'}
02:46:19  WARNING       [Transformer_only] 2021: no pairs selected
02:46:26  INFO      [TransformerSelector] 1106700 sequences, class dist: {0: 549456, 1: 557244}
02:46:27  INFO      [TransformerSelector] Subsampled to 50000 sequences.
02:46:27  WARNING         [Transformer] selector failed: Exception encountered when calling Lambda.call().

[1mWe could not automatically infer the shape of the Lambda's output. Please specify the `output_shape` argument for this Lambda layer.[0m

Arguments received by Lambda.call():
  • args=('<KerasTensor shape=(None, 60, 32), dtype=float16, sparse=False, ragged=False, name=keras_tensor_106>',)
  • kwargs={'mask': 'None'}
02:46:27  WARNING       [Transformer_only] 2022: no pairs selected
02:46:39  INFO      [TransformerSelector] 1323875 sequences, class dist: {0: 657867, 1: 666008}
02:46:39  INFO      [TransformerSelector] Subsampled to 50000 sequences.
02:46:39  WARNING         [Transformer] selector failed: Exception encountered when calling Lambda.call().

[1mWe could not automatically infer the shape of the Lambda's output. Please specify the `output_shape` argument for this Lambda layer.[0m

Arguments received by Lambda.call():
  • args=('<KerasTensor shape=(None, 60, 32), dtype=float16, sparse=False, ragged=False, name=keras_tensor_110>',)
  • kwargs={'mask': 'None'}
02:46:39  WARNING       [Transformer_only] 2023: no pairs selected
02:46:50  INFO      [TransformerSelector] 1541050 sequences, class dist: {0: 766018, 1: 775032}
02:46:50  INFO      [TransformerSelector] Subsampled to 50000 sequences.
02:46:50  WARNING         [Transformer] selector failed: Exception encountered when calling Lambda.call().

[1mWe could not automatically infer the shape of the Lambda's output. Please specify the `output_shape` argument for this Lambda layer.[0m

Arguments received by Lambda.call():
  • args=('<KerasTensor shape=(None, 60, 32), dtype=float16, sparse=False, ragged=False, name=keras_tensor_114>',)
  • kwargs={'mask': 'None'}
02:46:50  WARNING       [Transformer_only] 2024: no pairs selected
02:47:03  INFO      [TransformerSelector] 1758820 sequences, class dist: {0: 879622, 1: 879198}
02:47:04  INFO      [TransformerSelector] Subsampled to 50000 sequences.
02:47:04  WARNING         [Transformer] selector failed: Exception encountered when calling Lambda.call().

[1mWe could not automatically infer the shape of the Lambda's output. Please specify the `output_shape` argument for this Lambda layer.[0m

Arguments received by Lambda.call():
  • args=('<KerasTensor shape=(None, 60, 32), dtype=float16, sparse=False, ragged=False, name=keras_tensor_118>',)
  • kwargs={'mask': 'None'}
02:47:04  WARNING       [Transformer_only] 2025: no pairs selected
02:47:04  INFO        [S1] Config: GNN_only
02:47:07  INFO      [GNNSelector] Training on 8 snapshots, N=35 stocks.
02:49:13  INFO      [GNNSelector] Training complete.
02:49:14  INFO          [GNN_only] 2020 -> Gross SR=-0.804  Net SR=-1.007  pairs=10  t=130.0s
02:49:16  INFO      [GNNSelector] Training on 7 snapshots, N=35 stocks.
02:51:04  INFO      [GNNSelector] Training complete.
02:51:05  INFO          [GNN_only] 2021 -> Gross SR=0.684  Net SR=0.400  pairs=10  t=111.4s
02:51:07  INFO      [GNNSelector] Training on 8 snapshots, N=35 stocks.
02:53:12  INFO      [GNNSelector] Training complete.
02:53:13  INFO          [GNN_only] 2022 -> Gross SR=0.069  Net SR=-0.216  pairs=10  t=127.7s
02:53:15  INFO      [GNNSelector] Training on 8 snapshots, N=35 stocks.
02:55:19  INFO      [GNNSelector] Training complete.
02:55:20  INFO          [GNN_only] 2023 -> Gross SR=0.005  Net SR=-0.470  pairs=10  t=127.0s
02:55:22  INFO      [GNNSelector] Training on 8 snapshots, N=35 stocks.
02:57:26  INFO      [GNNSelector] Training complete.
02:57:27  INFO          [GNN_only] 2024 -> Gross SR=-0.374  Net SR=-0.712  pairs=10  t=127.2s
02:57:29  INFO      [GNNSelector] Training on 8 snapshots, N=35 stocks.
02:59:33  INFO      [GNNSelector] Training complete.
02:59:35  INFO          [GNN_only] 2025 -> Gross SR=-0.127  Net SR=-0.486  pairs=10  t=127.7s
02:59:35  INFO        [S1] Config: S1_Ensemble
03:00:11  INFO      [MLSelector.fit] y class counts: {0: 335, 1: 260}
03:01:15  INFO      [LSTMSelector] 671755 sequences, class dist: {0: 335187, 1: 336568}
03:01:15  INFO      [LSTMSelector] Subsampled to 50000 sequences.
/users/student/pg/pg24/yash.sarang/miniconda3/envs/pairs_trading/lib/python3.10/site-packages/keras/src/layers/rnn/bidirectional.py:107: UserWarning: Do not pass an `input_shape`/`input_dim` argument to a layer. When using Sequential models, prefer using an `Input(shape)` object as the first layer in the model instead.
  super().__init__(**kwargs)
03:01:45  INFO      [LSTMSelector] Training complete.
03:01:59  INFO      [TransformerSelector] 671755 sequences, class dist: {0: 335187, 1: 336568}
03:01:59  INFO      [TransformerSelector] Subsampled to 50000 sequences.
03:01:59  WARNING         [Transformer] selector failed: Exception encountered when calling Lambda.call().

[1mWe could not automatically infer the shape of the Lambda's output. Please specify the `output_shape` argument for this Lambda layer.[0m

Arguments received by Lambda.call():
  • args=('<KerasTensor shape=(None, 60, 32), dtype=float16, sparse=False, ragged=False, name=keras_tensor_138>',)
  • kwargs={'mask': 'None'}
03:02:01  INFO      [GNNSelector] Training on 8 snapshots, N=35 stocks.
03:04:06  INFO      [GNNSelector] Training complete.
03:04:08  INFO          [S1_Ensemble] 2020 -> Gross SR=-0.661  Net SR=-0.990  pairs=10  t=272.5s
03:04:52  INFO      [MLSelector.fit] y class counts: {0: 340, 1: 255}
03:06:01  INFO      [LSTMSelector] 889525 sequences, class dist: {0: 442602, 1: 446923}
03:06:01  INFO      [LSTMSelector] Subsampled to 50000 sequences.
/users/student/pg/pg24/yash.sarang/miniconda3/envs/pairs_trading/lib/python3.10/site-packages/keras/src/layers/rnn/bidirectional.py:107: UserWarning: Do not pass an `input_shape`/`input_dim` argument to a layer. When using Sequential models, prefer using an `Input(shape)` object as the first layer in the model instead.
  super().__init__(**kwargs)
03:06:40  INFO      [LSTMSelector] Training complete.
03:06:52  INFO      [TransformerSelector] 889525 sequences, class dist: {0: 442602, 1: 446923}
03:06:52  INFO      [TransformerSelector] Subsampled to 50000 sequences.
03:06:52  WARNING         [Transformer] selector failed: Exception encountered when calling Lambda.call().

[1mWe could not automatically infer the shape of the Lambda's output. Please specify the `output_shape` argument for this Lambda layer.[0m

Arguments received by Lambda.call():
  • args=('<KerasTensor shape=(None, 60, 32), dtype=float16, sparse=False, ragged=False, name=keras_tensor_158>',)
  • kwargs={'mask': 'None'}
03:06:54  INFO      [GNNSelector] Training on 7 snapshots, N=35 stocks.
03:08:44  INFO      [GNNSelector] Training complete.
03:08:46  INFO          [S1_Ensemble] 2021 -> Gross SR=-0.120  Net SR=-0.611  pairs=10  t=278.6s
03:09:35  INFO      [MLSelector.fit] y class counts: {0: 306, 1: 289}
03:10:54  INFO      [LSTMSelector] 1106700 sequences, class dist: {0: 549456, 1: 557244}
03:10:54  INFO      [LSTMSelector] Subsampled to 50000 sequences.
/users/student/pg/pg24/yash.sarang/miniconda3/envs/pairs_trading/lib/python3.10/site-packages/keras/src/layers/rnn/bidirectional.py:107: UserWarning: Do not pass an `input_shape`/`input_dim` argument to a layer. When using Sequential models, prefer using an `Input(shape)` object as the first layer in the model instead.
  super().__init__(**kwargs)
03:11:31  INFO      [LSTMSelector] Training complete.
03:11:48  INFO      [TransformerSelector] 1106700 sequences, class dist: {0: 549456, 1: 557244}
03:11:48  INFO      [TransformerSelector] Subsampled to 50000 sequences.
03:11:48  WARNING         [Transformer] selector failed: Exception encountered when calling Lambda.call().

[1mWe could not automatically infer the shape of the Lambda's output. Please specify the `output_shape` argument for this Lambda layer.[0m

Arguments received by Lambda.call():
  • args=('<KerasTensor shape=(None, 60, 32), dtype=float16, sparse=False, ragged=False, name=keras_tensor_178>',)
  • kwargs={'mask': 'None'}
03:11:50  INFO      [GNNSelector] Training on 8 snapshots, N=35 stocks.
03:13:56  INFO      [GNNSelector] Training complete.
03:13:57  INFO          [S1_Ensemble] 2022 -> Gross SR=-0.614  Net SR=-1.122  pairs=10  t=311.3s
03:14:52  INFO      [MLSelector.fit] y class counts: {0: 250, 1: 345}
03:16:33  INFO      [LSTMSelector] 1323875 sequences, class dist: {0: 657867, 1: 666008}
03:16:34  INFO      [LSTMSelector] Subsampled to 50000 sequences.
/users/student/pg/pg24/yash.sarang/miniconda3/envs/pairs_trading/lib/python3.10/site-packages/keras/src/layers/rnn/bidirectional.py:107: UserWarning: Do not pass an `input_shape`/`input_dim` argument to a layer. When using Sequential models, prefer using an `Input(shape)` object as the first layer in the model instead.
  super().__init__(**kwargs)
03:17:03  INFO      [LSTMSelector] Training complete.
03:17:18  INFO      [TransformerSelector] 1323875 sequences, class dist: {0: 657867, 1: 666008}
03:17:18  INFO      [TransformerSelector] Subsampled to 50000 sequences.
03:17:19  WARNING         [Transformer] selector failed: Exception encountered when calling Lambda.call().

[1mWe could not automatically infer the shape of the Lambda's output. Please specify the `output_shape` argument for this Lambda layer.[0m

Arguments received by Lambda.call():
  • args=('<KerasTensor shape=(None, 60, 32), dtype=float16, sparse=False, ragged=False, name=keras_tensor_198>',)
  • kwargs={'mask': 'None'}
03:17:21  INFO      [GNNSelector] Training on 8 snapshots, N=35 stocks.
03:19:27  INFO      [GNNSelector] Training complete.
03:19:29  INFO          [S1_Ensemble] 2023 -> Gross SR=0.642  Net SR=0.111  pairs=10  t=331.8s
03:20:30  INFO      [MLSelector.fit] y class counts: {0: 281, 1: 314}
03:22:06  INFO      [LSTMSelector] 1541050 sequences, class dist: {0: 766018, 1: 775032}
03:22:07  INFO      [LSTMSelector] Subsampled to 50000 sequences.
/users/student/pg/pg24/yash.sarang/miniconda3/envs/pairs_trading/lib/python3.10/site-packages/keras/src/layers/rnn/bidirectional.py:107: UserWarning: Do not pass an `input_shape`/`input_dim` argument to a layer. When using Sequential models, prefer using an `Input(shape)` object as the first layer in the model instead.
  super().__init__(**kwargs)
03:22:42  INFO      [LSTMSelector] Training complete.
03:22:54  INFO      [TransformerSelector] 1541050 sequences, class dist: {0: 766018, 1: 775032}
03:22:54  INFO      [TransformerSelector] Subsampled to 50000 sequences.
03:22:55  WARNING         [Transformer] selector failed: Exception encountered when calling Lambda.call().

[1mWe could not automatically infer the shape of the Lambda's output. Please specify the `output_shape` argument for this Lambda layer.[0m

Arguments received by Lambda.call():
  • args=('<KerasTensor shape=(None, 60, 32), dtype=float16, sparse=False, ragged=False, name=keras_tensor_218>',)
  • kwargs={'mask': 'None'}
03:22:57  INFO      [GNNSelector] Training on 8 snapshots, N=35 stocks.
03:25:02  INFO      [GNNSelector] Training complete.
03:25:04  INFO          [S1_Ensemble] 2024 -> Gross SR=-0.819  Net SR=-1.208  pairs=10  t=334.7s
03:26:27  INFO      [MLSelector.fit] y class counts: {0: 297, 1: 298}
03:28:19  INFO      [LSTMSelector] 1758820 sequences, class dist: {0: 879622, 1: 879198}
03:28:20  INFO      [LSTMSelector] Subsampled to 50000 sequences.
/users/student/pg/pg24/yash.sarang/miniconda3/envs/pairs_trading/lib/python3.10/site-packages/keras/src/layers/rnn/bidirectional.py:107: UserWarning: Do not pass an `input_shape`/`input_dim` argument to a layer. When using Sequential models, prefer using an `Input(shape)` object as the first layer in the model instead.
  super().__init__(**kwargs)
03:28:57  INFO      [LSTMSelector] Training complete.
03:29:13  INFO      [TransformerSelector] 1758820 sequences, class dist: {0: 879622, 1: 879198}
03:29:14  INFO      [TransformerSelector] Subsampled to 50000 sequences.
03:29:14  WARNING         [Transformer] selector failed: Exception encountered when calling Lambda.call().

[1mWe could not automatically infer the shape of the Lambda's output. Please specify the `output_shape` argument for this Lambda layer.[0m

Arguments received by Lambda.call():
  • args=('<KerasTensor shape=(None, 60, 32), dtype=float16, sparse=False, ragged=False, name=keras_tensor_238>',)
  • kwargs={'mask': 'None'}
03:29:16  INFO      [GNNSelector] Training on 8 snapshots, N=35 stocks.
03:31:21  INFO      [GNNSelector] Training complete.
03:31:23  INFO          [S1_Ensemble] 2025 -> Gross SR=0.488  Net SR=0.040  pairs=10  t=378.8s
03:31:23  INFO      
--- Running Stage 2 Ablation ---
03:31:23  INFO        [S2] Pre-selecting pairs per fold ...
03:31:57  INFO      [MLSelector.fit] y class counts: {0: 335, 1: 260}
03:32:54  INFO      [LSTMSelector] 671755 sequences, class dist: {0: 335187, 1: 336568}
03:32:54  INFO      [LSTMSelector] Subsampled to 50000 sequences.
/users/student/pg/pg24/yash.sarang/miniconda3/envs/pairs_trading/lib/python3.10/site-packages/keras/src/layers/rnn/bidirectional.py:107: UserWarning: Do not pass an `input_shape`/`input_dim` argument to a layer. When using Sequential models, prefer using an `Input(shape)` object as the first layer in the model instead.
  super().__init__(**kwargs)
03:33:21  INFO      [LSTMSelector] Training complete.
03:33:32  INFO      [TransformerSelector] 671755 sequences, class dist: {0: 335187, 1: 336568}
03:33:32  INFO      [TransformerSelector] Subsampled to 50000 sequences.
03:33:32  WARNING         [Transformer] selector failed: Exception encountered when calling Lambda.call().

[1mWe could not automatically infer the shape of the Lambda's output. Please specify the `output_shape` argument for this Lambda layer.[0m

Arguments received by Lambda.call():
  • args=('<KerasTensor shape=(None, 60, 32), dtype=float16, sparse=False, ragged=False, name=keras_tensor_258>',)
  • kwargs={'mask': 'None'}
03:33:35  INFO      [GNNSelector] Training on 8 snapshots, N=35 stocks.
03:35:40  INFO      [GNNSelector] Training complete.
03:35:40  INFO          2020: 10 pairs — ['M&M-ONGC', 'TATASTEEL-JSWSTEEL', 'MARUTI-BAJAJ-AUTO', 'ONGC-COALINDIA'] ...
03:36:10  INFO      [MLSelector.fit] y class counts: {0: 340, 1: 255}
03:37:23  INFO      [LSTMSelector] 889525 sequences, class dist: {0: 442602, 1: 446923}
03:37:23  INFO      [LSTMSelector] Subsampled to 50000 sequences.
/users/student/pg/pg24/yash.sarang/miniconda3/envs/pairs_trading/lib/python3.10/site-packages/keras/src/layers/rnn/bidirectional.py:107: UserWarning: Do not pass an `input_shape`/`input_dim` argument to a layer. When using Sequential models, prefer using an `Input(shape)` object as the first layer in the model instead.
  super().__init__(**kwargs)
03:38:13  INFO      [LSTMSelector] Training complete.
03:38:27  INFO      [TransformerSelector] 889525 sequences, class dist: {0: 442602, 1: 446923}
03:38:28  INFO      [TransformerSelector] Subsampled to 50000 sequences.
03:38:28  WARNING         [Transformer] selector failed: Exception encountered when calling Lambda.call().

[1mWe could not automatically infer the shape of the Lambda's output. Please specify the `output_shape` argument for this Lambda layer.[0m

Arguments received by Lambda.call():
  • args=('<KerasTensor shape=(None, 60, 32), dtype=float16, sparse=False, ragged=False, name=keras_tensor_278>',)
  • kwargs={'mask': 'None'}
03:38:30  INFO      [GNNSelector] Training on 7 snapshots, N=35 stocks.
03:40:29  INFO      [GNNSelector] Training complete.
03:40:29  INFO          2021: 10 pairs — ['ICICIBANK-AXISBANK', 'TECHM-JSWSTEEL', 'HDFCBANK-AXISBANK', 'KOTAKBANK-AXISBANK'] ...
03:41:19  INFO      [MLSelector.fit] y class counts: {0: 306, 1: 289}
03:42:36  INFO      [LSTMSelector] 1106700 sequences, class dist: {0: 549456, 1: 557244}
03:42:37  INFO      [LSTMSelector] Subsampled to 50000 sequences.
/users/student/pg/pg24/yash.sarang/miniconda3/envs/pairs_trading/lib/python3.10/site-packages/keras/src/layers/rnn/bidirectional.py:107: UserWarning: Do not pass an `input_shape`/`input_dim` argument to a layer. When using Sequential models, prefer using an `Input(shape)` object as the first layer in the model instead.
  super().__init__(**kwargs)
03:43:12  INFO      [LSTMSelector] Training complete.
03:43:27  INFO      [TransformerSelector] 1106700 sequences, class dist: {0: 549456, 1: 557244}
03:43:28  INFO      [TransformerSelector] Subsampled to 50000 sequences.
03:43:28  WARNING         [Transformer] selector failed: Exception encountered when calling Lambda.call().

[1mWe could not automatically infer the shape of the Lambda's output. Please specify the `output_shape` argument for this Lambda layer.[0m

Arguments received by Lambda.call():
  • args=('<KerasTensor shape=(None, 60, 32), dtype=float16, sparse=False, ragged=False, name=keras_tensor_298>',)
  • kwargs={'mask': 'None'}
03:43:30  INFO      [GNNSelector] Training on 8 snapshots, N=35 stocks.
03:45:47  INFO      [GNNSelector] Training complete.
03:45:47  INFO          2022: 10 pairs — ['ULTRACEMCO-ACC', 'SUNPHARMA-HINDALCO', 'HINDUNILVR-BRITANNIA', 'BAJAJ-AUTO-HEROMOTOCO'] ...
03:46:42  INFO      [MLSelector.fit] y class counts: {0: 250, 1: 345}
03:48:01  INFO      [LSTMSelector] 1323875 sequences, class dist: {0: 657867, 1: 666008}
03:48:01  INFO      [LSTMSelector] Subsampled to 50000 sequences.
/users/student/pg/pg24/yash.sarang/miniconda3/envs/pairs_trading/lib/python3.10/site-packages/keras/src/layers/rnn/bidirectional.py:107: UserWarning: Do not pass an `input_shape`/`input_dim` argument to a layer. When using Sequential models, prefer using an `Input(shape)` object as the first layer in the model instead.
  super().__init__(**kwargs)
03:48:20  INFO      [LSTMSelector] Training complete.
03:48:34  INFO      [TransformerSelector] 1323875 sequences, class dist: {0: 657867, 1: 666008}
03:48:35  INFO      [TransformerSelector] Subsampled to 50000 sequences.
03:48:35  WARNING         [Transformer] selector failed: Exception encountered when calling Lambda.call().

[1mWe could not automatically infer the shape of the Lambda's output. Please specify the `output_shape` argument for this Lambda layer.[0m

Arguments received by Lambda.call():
  • args=('<KerasTensor shape=(None, 60, 32), dtype=float16, sparse=False, ragged=False, name=keras_tensor_318>',)
  • kwargs={'mask': 'None'}
03:48:37  INFO      [GNNSelector] Training on 8 snapshots, N=35 stocks.
03:50:46  INFO      [GNNSelector] Training complete.
03:50:46  INFO          2023: 10 pairs — ['ITC-COALINDIA', 'ICICIBANK-COALINDIA', 'TATASTEEL-HINDALCO', 'CIPLA-COALINDIA'] ...
03:51:42  INFO      [MLSelector.fit] y class counts: {0: 281, 1: 314}
03:53:17  INFO      [LSTMSelector] 1541050 sequences, class dist: {0: 766018, 1: 775032}
03:53:18  INFO      [LSTMSelector] Subsampled to 50000 sequences.
/users/student/pg/pg24/yash.sarang/miniconda3/envs/pairs_trading/lib/python3.10/site-packages/keras/src/layers/rnn/bidirectional.py:107: UserWarning: Do not pass an `input_shape`/`input_dim` argument to a layer. When using Sequential models, prefer using an `Input(shape)` object as the first layer in the model instead.
  super().__init__(**kwargs)
03:53:36  INFO      [LSTMSelector] Training complete.
03:53:52  INFO      [TransformerSelector] 1541050 sequences, class dist: {0: 766018, 1: 775032}
03:53:53  INFO      [TransformerSelector] Subsampled to 50000 sequences.
03:53:53  WARNING         [Transformer] selector failed: Exception encountered when calling Lambda.call().

[1mWe could not automatically infer the shape of the Lambda's output. Please specify the `output_shape` argument for this Lambda layer.[0m

Arguments received by Lambda.call():
  • args=('<KerasTensor shape=(None, 60, 32), dtype=float16, sparse=False, ragged=False, name=keras_tensor_338>',)
  • kwargs={'mask': 'None'}
03:53:55  INFO      [GNNSelector] Training on 8 snapshots, N=35 stocks.
03:56:01  INFO      [GNNSelector] Training complete.
03:56:01  INFO          2024: 10 pairs — ['INDUSINDBK-M&M', 'HEROMOTOCO-IOC', 'INFY-TECHM', 'TCS-INFY'] ...
03:57:15  INFO      [MLSelector.fit] y class counts: {0: 297, 1: 298}
03:59:13  INFO      [LSTMSelector] 1758820 sequences, class dist: {0: 879622, 1: 879198}
03:59:14  INFO      [LSTMSelector] Subsampled to 50000 sequences.
/users/student/pg/pg24/yash.sarang/miniconda3/envs/pairs_trading/lib/python3.10/site-packages/keras/src/layers/rnn/bidirectional.py:107: UserWarning: Do not pass an `input_shape`/`input_dim` argument to a layer. When using Sequential models, prefer using an `Input(shape)` object as the first layer in the model instead.
  super().__init__(**kwargs)
03:59:32  INFO      [LSTMSelector] Training complete.
03:59:46  INFO      [TransformerSelector] 1758820 sequences, class dist: {0: 879622, 1: 879198}
03:59:47  INFO      [TransformerSelector] Subsampled to 50000 sequences.
03:59:47  WARNING         [Transformer] selector failed: Exception encountered when calling Lambda.call().

[1mWe could not automatically infer the shape of the Lambda's output. Please specify the `output_shape` argument for this Lambda layer.[0m

Arguments received by Lambda.call():
  • args=('<KerasTensor shape=(None, 60, 32), dtype=float16, sparse=False, ragged=False, name=keras_tensor_358>',)
  • kwargs={'mask': 'None'}
03:59:49  INFO      [GNNSelector] Training on 8 snapshots, N=35 stocks.
04:01:55  INFO      [GNNSelector] Training complete.
04:01:55  INFO          2025: 10 pairs — ['HCLTECH-TECHM', 'IOC-COALINDIA', 'INFY-TECHM', 'TECHM-DIVISLAB'] ...
04:01:55  INFO        [S2] Config: ZScore_only
04:01:55  INFO          [ZScore_only] 2020 -> Gross SR=0.260  Net SR=-0.027  t=0.1s
04:01:55  INFO          [ZScore_only] 2021 -> Gross SR=-0.278  Net SR=-0.755  t=0.1s
04:01:55  INFO          [ZScore_only] 2022 -> Gross SR=0.433  Net SR=-0.020  t=0.1s
04:01:55  INFO          [ZScore_only] 2023 -> Gross SR=-0.600  Net SR=-1.087  t=0.1s
04:01:55  INFO          [ZScore_only] 2024 -> Gross SR=-0.468  Net SR=-0.856  t=0.1s
04:01:55  INFO          [ZScore_only] 2025 -> Gross SR=1.033  Net SR=0.559  t=0.1s
04:01:55  INFO        [S2] Config: OU_only
04:01:55  INFO          [OU_only] 2020 -> Gross SR=-0.057  Net SR=-0.269  t=0.1s
04:01:55  INFO          [OU_only] 2021 -> Gross SR=0.344  Net SR=0.080  t=0.1s
04:01:55  INFO          [OU_only] 2022 -> Gross SR=1.746  Net SR=1.375  t=0.1s
04:01:56  INFO          [OU_only] 2023 -> Gross SR=1.322  Net SR=0.927  t=0.1s
04:01:56  INFO          [OU_only] 2024 -> Gross SR=-1.138  Net SR=-1.338  t=0.1s
04:01:56  INFO          [OU_only] 2025 -> Gross SR=1.075  Net SR=0.757  t=0.1s
04:01:56  INFO        [S2] Config: Kalman_only
04:01:56  INFO          [Kalman_only] 2020 -> Gross SR=1.202  Net SR=0.835  t=0.2s
04:01:56  INFO          [Kalman_only] 2021 -> Gross SR=-0.359  Net SR=-0.806  t=0.2s
04:01:56  INFO          [Kalman_only] 2022 -> Gross SR=1.015  Net SR=0.491  t=0.3s
04:01:57  INFO          [Kalman_only] 2023 -> Gross SR=-0.900  Net SR=-1.357  t=0.3s
04:01:57  INFO          [Kalman_only] 2024 -> Gross SR=0.796  Net SR=0.383  t=0.3s
04:01:57  INFO          [Kalman_only] 2025 -> Gross SR=-0.387  Net SR=-0.803  t=0.4s
04:01:57  INFO        [S2] Config: ML_only
04:01:58  INFO          [ML_only] 2020 -> Gross SR=-0.015  Net SR=-0.237  t=0.9s
04:01:59  INFO          [ML_only] 2021 -> Gross SR=-0.769  Net SR=-1.124  t=1.0s
04:02:00  INFO          [ML_only] 2022 -> Gross SR=0.081  Net SR=-0.283  t=1.0s
04:02:01  INFO          [ML_only] 2023 -> Gross SR=-0.574  Net SR=-0.927  t=1.0s
04:02:02  INFO          [ML_only] 2024 -> Gross SR=-0.544  Net SR=-0.882  t=1.0s
04:02:03  INFO          [ML_only] 2025 -> Gross SR=-0.137  Net SR=-0.477  t=1.0s
04:02:03  INFO        [S2] Config: S2_Ensemble
04:02:04  INFO          [S2_Ensemble] 2020 -> Gross SR=-0.661  Net SR=-0.990  t=1.1s
04:02:06  INFO          [S2_Ensemble] 2021 -> Gross SR=-0.120  Net SR=-0.611  t=1.2s
04:02:07  INFO          [S2_Ensemble] 2022 -> Gross SR=-0.614  Net SR=-1.122  t=1.2s
04:02:08  INFO          [S2_Ensemble] 2023 -> Gross SR=0.642  Net SR=0.111  t=1.3s
04:02:09  INFO          [S2_Ensemble] 2024 -> Gross SR=-0.819  Net SR=-1.208  t=1.3s
04:02:11  INFO          [S2_Ensemble] 2025 -> Gross SR=0.488  Net SR=0.040  t=1.4s
04:02:11  INFO      Total ablation time: 5748s
04:02:11  INFO      Results saved -> /users/student/pg/pg24/yash.sarang/Hybrid-Pairs-Trading-Ensemble/Implementation/experiments/results/ablation_20260405_040211.json
