[E1] stat_only + ou_only baseline

====================================================================================================
  WALK-FORWARD VALIDATION RESULTS  (out-of-sample, expanding window)
====================================================================================================
            Fold  Gross SRGross Ret%    Net SR  Net Ret%Net MaxDD%  Trd/Yr CostDrag
----------------------------------------------------------------------------------------------------
      Fold1_2018     0.073      0.61     0.021      0.18      6.77      53     0.43
      Fold2_2019     0.533      3.89     0.462      3.37      4.66      64     0.52
      Fold3_2020     0.657      5.75     0.572      5.00     12.97      91     0.74
      Fold4_2021     2.061     15.04     1.972     14.42      5.41      76     0.62
      Fold5_2022    -0.633     -4.67    -0.707     -5.21      7.33      67     0.55
 Fold6_2023-2024     0.642      4.27     0.564      3.75      4.85      65     0.51
----------------------------------------------------------------------------------------------------

  AGGREGATE ACROSS 6 FOLDS:
  Gross Sharpe :   0.556 +/-0.809 [83% pos]
  Net   Sharpe :   0.481 +/-0.802 [83% pos]
  Gross Ret %  :   4.15 +/-5.94 [83% pos]
  Net   Ret %  :   3.58 +/-5.89 [83% pos]
  Net MaxDD %  :   7.00 +/-2.84 [100% pos]
  Cost Drag pp :   0.56 +/-0.10 [100% pos]

  FULL OOS (all test years stitched, 6 yrs):
    Gross Sharpe  = 0.555  Net Sharpe = 0.480
    Gross Ret %   = 3.75%  Net Ret %  = 3.30%
    Net MaxDD %   = 12.72%
====================================================================================================

[E1] DONE
