[E1] stat_only + ou_only baseline

====================================================================================================
  WALK-FORWARD VALIDATION RESULTS  (out-of-sample, expanding window)
====================================================================================================
            Fold  Gross SRGross Ret%    Net SR  Net Ret%Net MaxDD%  Trd/Yr CostDrag
----------------------------------------------------------------------------------------------------
      Fold1_2018    -0.847    -10.26    -0.884    -10.73     15.51      57     0.47
      Fold2_2019     0.261      2.18     0.198      1.66      9.47      64     0.52
      Fold3_2020     2.494     27.89     2.441     27.28      5.10      74     0.61
      Fold4_2021    -0.080     -0.66    -0.151     -1.25      8.00      72     0.59
      Fold5_2022     0.106      0.83     0.053      0.41      6.46      51     0.41
 Fold6_2023-2024     0.449      4.35     0.402      3.89      9.35      58     0.45
----------------------------------------------------------------------------------------------------

  AGGREGATE ACROSS 6 FOLDS:
  Gross Sharpe :   0.397 +/-1.023 [67% pos]
  Net   Sharpe :   0.343 +/-1.021 [67% pos]
  Gross Ret %  :   4.05 +/-11.61 [67% pos]
  Net   Ret %  :   3.54 +/-11.57 [67% pos]
  Net MaxDD %  :   8.98 +/-3.30 [100% pos]
  Cost Drag pp :   0.51 +/-0.07 [100% pos]

  FULL OOS (all test years stitched, 6 yrs):
    Gross Sharpe  = 0.427  Net Sharpe = 0.375
    Gross Ret %   = 3.74%  Net Ret %  = 3.33%
    Net MaxDD %   = 19.26%
====================================================================================================

[E1] DONE
