[E3] ablation stat_only

==============================================================================================================
  STAGE 1 ABLATION — Out-of-Sample Results (mean +/- std across 6 folds, 2020-2025)
==============================================================================================================
                Config    GrossSharpeMean      NetSharpeMean    NetRet% Mean   MaxDD% Mean    Trd/YrMean   FullOOS GrossSR   FullOOS NetSR
--------------------------------------------------------------------------------------------------------------
      Correlation_only  0.658 +/-1.554 [40%]  0.368 +/-1.494 [40%]  0.91 +/-11.55 [40%]  9.33 +/-5.24 [100%]  143 +/-18 [100%]             0.369           0.097
Distance_only [BEST IND]  0.463 +/-1.426 [60%]  0.217 +/-1.406 [60%]  1.34 +/-13.81 [60%]  11.99 +/-5.93 [100%]  148 +/-14 [100%]             0.350           0.126
    Cointegration_only  0.311 +/-1.085 [40%]  0.099 +/-1.073 [40%]  0.52 +/-11.39 [40%]  11.93 +/-3.91 [100%]  141 +/-8 [100%]             0.246           0.045
         Combined_only  0.368 +/-0.597 [80%]  0.174 +/-0.532 [60%]  -0.56 +/-8.20 [60%]  13.61 +/-10.32 [100%]  136 +/-9 [100%]             0.107          -0.042
S1_Ensemble [ENSEMBLE]  0.431 +/-1.097 [60%]  0.169 +/-1.069 [60%]  0.63 +/-10.53 [60%]  13.15 +/-6.69 [100%]  146 +/-15 [100%]             0.309           0.066
--------------------------------------------------------------------------------------------------------------

  Verdict: BEST INDIVIDUAL >= ENSEMBLE  (ensemble full-OOS Net SR 0.066  vs  best individual 0.126;  margin=-0.060)
==============================================================================================================

[E3] ablation stat_ml

==============================================================================================================
  STAGE 1 ABLATION — Out-of-Sample Results (mean +/- std across 6 folds, 2020-2025)
==============================================================================================================
                Config    GrossSharpeMean      NetSharpeMean    NetRet% Mean   MaxDD% Mean    Trd/YrMean   FullOOS GrossSR   FullOOS NetSR
--------------------------------------------------------------------------------------------------------------
      Correlation_only  0.658 +/-1.554 [40%]  0.368 +/-1.494 [40%]  0.91 +/-11.55 [40%]  9.33 +/-5.24 [100%]  143 +/-18 [100%]             0.369           0.097
         Distance_only  0.463 +/-1.426 [60%]  0.217 +/-1.406 [60%]  1.34 +/-13.81 [60%]  11.99 +/-5.93 [100%]  148 +/-14 [100%]             0.350           0.126
    Cointegration_only  0.311 +/-1.085 [40%]  0.099 +/-1.073 [40%]  0.52 +/-11.39 [40%]  11.93 +/-3.91 [100%]  141 +/-8 [100%]             0.246           0.045
         Combined_only  0.368 +/-0.597 [80%]  0.174 +/-0.532 [60%]  -0.56 +/-8.20 [60%]  13.61 +/-10.32 [100%]  136 +/-9 [100%]             0.107          -0.042
    ML_only [BEST IND]  1.473 +/-0.740 [100%]  1.268 +/-0.693 [100%]  13.92 +/-6.22 [100%]  8.79 +/-4.30 [100%]  146 +/-26 [100%]             1.333           1.140
S1_Ensemble [ENSEMBLE]  0.292 +/-0.958 [60%]  0.047 +/-0.935 [60%]  -0.30 +/-9.90 [60%]  13.12 +/-6.74 [100%]  148 +/-17 [100%]             0.206          -0.027
--------------------------------------------------------------------------------------------------------------

  Verdict: BEST INDIVIDUAL >= ENSEMBLE  (ensemble full-OOS Net SR -0.027  vs  best individual 1.140;  margin=-1.167)
==============================================================================================================

[E3] ablation full (CPU ML)
