2026-06-04 10:34:48,186 INFO Cache already exists: /users/student/pg/pg24/yash.sarang/Hybrid-Pairs-Trading-Ensemble/Implementation/experiments/data/nse_nifty100/prices_2015-01-01_2024-12-31.parquet
2026-06-04 10:34:48,279 INFO   Shape: (2466, 89), dates: 2015-01-01 → 2024-12-30
WARNING: All log messages before absl::InitializeLog() is called are written to STDERR
I0000 00:00:1780549491.766332 2242316 port.cc:153] oneDNN custom operations are on. You may see slightly different numerical results due to floating-point round-off errors from different computation orders. To turn them off, set the environment variable `TF_ENABLE_ONEDNN_OPTS=0`.
I0000 00:00:1780549491.770379 2242316 cudart_stub.cc:31] Could not find cuda drivers on your machine, GPU will not be used.
WARNING: All log messages before absl::InitializeLog() is called are written to STDERR
I0000 00:00:1780549497.286103 2242316 port.cc:153] oneDNN custom operations are on. You may see slightly different numerical results due to floating-point round-off errors from different computation orders. To turn them off, set the environment variable `TF_ENABLE_ONEDNN_OPTS=0`.
I0000 00:00:1780549497.286731 2242316 cudart_stub.cc:31] Could not find cuda drivers on your machine, GPU will not be used.
E0000 00:00:1780549498.841849 2242316 cuda_platform.cc:52] failed call to cuInit: INTERNAL: CUDA error: Failed call to cuInit: CUDA_ERROR_NO_DEVICE: no CUDA-capable device is detected
10:34:59  INFO      ================================================================
10:34:59  INFO      E3 Ablation  |  mode=stat_only  |  stage=both  |  top_k=10
10:34:59  INFO      min_hold=30  capital=1,000,000
10:34:59  INFO      ================================================================
10:34:59  INFO      [Data] Fetching full 10-year daily prices ...
10:34:59  INFO        35 tickers x 2466 bars
10:34:59  INFO      
--- Running Stage 1 Ablation ---
10:34:59  INFO        Stage 1 ablation: ['Correlation_only', 'Distance_only', 'Cointegration_only', 'Combined_only', 'S1_Ensemble']
10:34:59  INFO        [S1] Config: Correlation_only
10:35:00  INFO          [Correlation_only] 2020 -> Gross SR=-0.955  Net SR=-1.188  pairs=10  t=1.3s
10:35:01  INFO          [Correlation_only] 2021 -> Gross SR=2.079  Net SR=1.749  pairs=10  t=1.2s
10:35:02  INFO          [Correlation_only] 2022 -> Gross SR=-0.602  Net SR=-0.857  pairs=10  t=1.1s
10:35:03  INFO          [Correlation_only] 2023 -> Gross SR=2.933  Net SR=2.542  pairs=10  t=1.0s
10:35:04  INFO          [Correlation_only] 2024 -> Gross SR=-0.167  Net SR=-0.407  pairs=10  t=1.0s
10:35:05  WARNING       [Correlation_only] 2025 -> empty metrics (skipped)
10:35:05  INFO        [S1] Config: Distance_only
10:35:06  INFO          [Distance_only] 2020 -> Gross SR=0.306  Net SR=0.084  pairs=10  t=0.7s
10:35:07  INFO          [Distance_only] 2021 -> Gross SR=2.748  Net SR=2.513  pairs=10  t=0.8s
10:35:08  INFO          [Distance_only] 2022 -> Gross SR=-1.281  Net SR=-1.531  pairs=10  t=0.8s
10:35:09  INFO          [Distance_only] 2023 -> Gross SR=1.222  Net SR=0.859  pairs=10  t=0.8s
10:35:09  INFO          [Distance_only] 2024 -> Gross SR=-0.679  Net SR=-0.841  pairs=10  t=0.8s
10:35:10  WARNING       [Distance_only] 2025 -> empty metrics (skipped)
10:35:10  INFO        [S1] Config: Cointegration_only
10:35:20  INFO          [Cointegration_only] 2020 -> Gross SR=-0.632  Net SR=-0.802  pairs=10  t=9.6s
10:35:30  INFO          [Cointegration_only] 2021 -> Gross SR=2.203  Net SR=1.955  pairs=10  t=9.9s
10:35:40  INFO          [Cointegration_only] 2022 -> Gross SR=0.856  Net SR=0.674  pairs=10  t=10.3s
10:35:49  INFO          [Cointegration_only] 2023 -> Gross SR=-0.377  Net SR=-0.649  pairs=10  t=9.2s
10:35:59  INFO          [Cointegration_only] 2024 -> Gross SR=-0.495  Net SR=-0.683  pairs=10  t=9.9s
10:36:10  WARNING       [Cointegration_only] 2025 -> empty metrics (skipped)
10:36:10  INFO        [S1] Config: Combined_only
10:36:35  INFO          [Combined_only] 2020 -> Gross SR=-0.525  Net SR=-0.618  pairs=10  t=25.3s
10:37:02  INFO          [Combined_only] 2021 -> Gross SR=0.366  Net SR=0.171  pairs=10  t=26.3s
10:37:28  INFO          [Combined_only] 2022 -> Gross SR=0.545  Net SR=0.367  pairs=10  t=26.1s
10:37:54  INFO          [Combined_only] 2023 -> Gross SR=1.318  Net SR=1.009  pairs=10  t=26.2s
10:38:20  INFO          [Combined_only] 2024 -> Gross SR=0.139  Net SR=-0.060  pairs=10  t=26.3s
10:38:47  WARNING       [Combined_only] 2025 -> empty metrics (skipped)
10:38:47  INFO        [S1] Config: S1_Ensemble
10:39:22  INFO          [S1_Ensemble] 2020 -> Gross SR=0.402  Net SR=0.144  pairs=10  t=35.5s
10:39:57  INFO          [S1_Ensemble] 2021 -> Gross SR=2.129  Net SR=1.871  pairs=10  t=35.4s
10:40:33  INFO          [S1_Ensemble] 2022 -> Gross SR=-0.509  Net SR=-0.785  pairs=10  t=35.4s
10:41:09  INFO          [S1_Ensemble] 2023 -> Gross SR=1.062  Net SR=0.712  pairs=10  t=36.0s
10:41:45  INFO          [S1_Ensemble] 2024 -> Gross SR=-0.929  Net SR=-1.100  pairs=10  t=36.0s
10:42:21  WARNING       [S1_Ensemble] 2025 -> empty metrics (skipped)
10:42:21  INFO      
--- Running Stage 2 Ablation ---
10:42:21  INFO        [S2] Pre-selecting pairs per fold ...
10:42:56  INFO          2020: 10 pairs — ['TATASTEEL-JSWSTEEL', 'HDFCBANK-KOTAKBANK', 'HINDUNILVR-NESTLEIND', 'ONGC-COALINDIA'] ...
10:43:31  INFO          2021: 10 pairs — ['INFY-HCLTECH', 'AXISBANK-INDUSINDBK', 'TCS-HCLTECH', 'SBIN-AXISBANK'] ...
10:44:06  INFO          2022: 10 pairs — ['WIPRO-SUNPHARMA', 'INFY-WIPRO', 'TCS-HCLTECH', 'ICICIBANK-SBIN'] ...
10:44:42  INFO          2023: 10 pairs — ['ITC-COALINDIA', 'WIPRO-TECHM', 'M&M-ITC', 'ICICIBANK-SBIN'] ...
10:45:18  INFO          2024: 10 pairs — ['BAJAJ-AUTO-ULTRACEMCO', 'HEROMOTOCO-IOC', 'IOC-BPCL', 'BAJAJ-AUTO-NESTLEIND'] ...
10:45:53  INFO          2025: 10 pairs — ['TECHM-DIVISLAB', 'HINDUNILVR-BRITANNIA', 'INFY-TECHM', 'ICICIBANK-M&M'] ...
10:45:53  INFO        [S2] Config: ZScore_only
10:45:53  INFO          [ZScore_only] 2020 -> Gross SR=0.749  Net SR=0.530  t=0.1s
10:45:53  INFO          [ZScore_only] 2021 -> Gross SR=1.402  Net SR=1.143  t=0.1s
10:45:53  INFO          [ZScore_only] 2022 -> Gross SR=1.432  Net SR=1.185  t=0.1s
10:45:53  INFO          [ZScore_only] 2023 -> Gross SR=0.391  Net SR=0.073  t=0.1s
10:45:53  INFO          [ZScore_only] 2024 -> Gross SR=0.118  Net SR=-0.025  t=0.1s
Traceback (most recent call last):
  File "/users/student/pg/pg24/yash.sarang/Hybrid-Pairs-Trading-Ensemble/Implementation/experiments/ablation.py", line 730, in <module>
    main()
    ~~~~^^
  File "/users/student/pg/pg24/yash.sarang/Hybrid-Pairs-Trading-Ensemble/Implementation/experiments/ablation.py", line 697, in main
    s2_results = run_stage2_ablation(prices, args.mode, args.top_k, costs)
  File "/users/student/pg/pg24/yash.sarang/Hybrid-Pairs-Trading-Ensemble/Implementation/experiments/ablation.py", line 567, in run_stage2_ablation
    f"Gross SR={m.get('gross_sharpe','?'):.3f}  "
               ^^^^^^^^^^^^^^^^^^^^^^^^^^^^^^^
ValueError: Unknown format code 'f' for object of type 'str'
WARNING: All log messages before absl::InitializeLog() is called are written to STDERR
I0000 00:00:1780550158.728975 2243603 port.cc:153] oneDNN custom operations are on. You may see slightly different numerical results due to floating-point round-off errors from different computation orders. To turn them off, set the environment variable `TF_ENABLE_ONEDNN_OPTS=0`.
I0000 00:00:1780550158.731808 2243603 cudart_stub.cc:31] Could not find cuda drivers on your machine, GPU will not be used.
WARNING: All log messages before absl::InitializeLog() is called are written to STDERR
I0000 00:00:1780550163.638077 2243603 port.cc:153] oneDNN custom operations are on. You may see slightly different numerical results due to floating-point round-off errors from different computation orders. To turn them off, set the environment variable `TF_ENABLE_ONEDNN_OPTS=0`.
I0000 00:00:1780550163.638525 2243603 cudart_stub.cc:31] Could not find cuda drivers on your machine, GPU will not be used.
E0000 00:00:1780550164.889729 2243603 cuda_platform.cc:52] failed call to cuInit: INTERNAL: CUDA error: Failed call to cuInit: CUDA_ERROR_NO_DEVICE: no CUDA-capable device is detected
10:46:05  INFO      ================================================================
10:46:05  INFO      E3 Ablation  |  mode=stat_ml  |  stage=both  |  top_k=10
10:46:05  INFO      min_hold=30  capital=1,000,000
10:46:05  INFO      ================================================================
10:46:05  INFO      [Data] Fetching full 10-year daily prices ...
10:46:05  INFO        35 tickers x 2466 bars
10:46:05  INFO      
--- Running Stage 1 Ablation ---
10:46:05  INFO        Stage 1 ablation: ['Correlation_only', 'Distance_only', 'Cointegration_only', 'Combined_only', 'ML_only', 'S1_Ensemble']
10:46:05  INFO        [S1] Config: Correlation_only
10:46:06  INFO          [Correlation_only] 2020 -> Gross SR=-0.955  Net SR=-1.188  pairs=10  t=1.2s
10:46:07  INFO          [Correlation_only] 2021 -> Gross SR=2.079  Net SR=1.749  pairs=10  t=1.0s
10:46:08  INFO          [Correlation_only] 2022 -> Gross SR=-0.602  Net SR=-0.857  pairs=10  t=1.0s
10:46:09  INFO          [Correlation_only] 2023 -> Gross SR=2.933  Net SR=2.542  pairs=10  t=1.0s
10:46:10  INFO          [Correlation_only] 2024 -> Gross SR=-0.167  Net SR=-0.407  pairs=10  t=1.0s
10:46:11  WARNING       [Correlation_only] 2025 -> empty metrics (skipped)
10:46:11  INFO        [S1] Config: Distance_only
10:46:12  INFO          [Distance_only] 2020 -> Gross SR=0.306  Net SR=0.084  pairs=10  t=0.7s
10:46:12  INFO          [Distance_only] 2021 -> Gross SR=2.748  Net SR=2.513  pairs=10  t=0.8s
10:46:13  INFO          [Distance_only] 2022 -> Gross SR=-1.281  Net SR=-1.531  pairs=10  t=0.8s
10:46:14  INFO          [Distance_only] 2023 -> Gross SR=1.222  Net SR=0.859  pairs=10  t=0.8s
10:46:15  INFO          [Distance_only] 2024 -> Gross SR=-0.679  Net SR=-0.841  pairs=10  t=0.8s
10:46:16  WARNING       [Distance_only] 2025 -> empty metrics (skipped)
10:46:16  INFO        [S1] Config: Cointegration_only
10:46:25  INFO          [Cointegration_only] 2020 -> Gross SR=-0.632  Net SR=-0.802  pairs=10  t=9.5s
10:46:36  INFO          [Cointegration_only] 2021 -> Gross SR=2.203  Net SR=1.955  pairs=10  t=10.6s
10:46:46  INFO          [Cointegration_only] 2022 -> Gross SR=0.856  Net SR=0.674  pairs=10  t=10.3s
10:46:56  INFO          [Cointegration_only] 2023 -> Gross SR=-0.377  Net SR=-0.649  pairs=10  t=9.8s
10:47:06  INFO          [Cointegration_only] 2024 -> Gross SR=-0.495  Net SR=-0.683  pairs=10  t=9.8s
10:47:16  WARNING       [Cointegration_only] 2025 -> empty metrics (skipped)
10:47:16  INFO        [S1] Config: Combined_only
10:47:41  INFO          [Combined_only] 2020 -> Gross SR=-0.525  Net SR=-0.618  pairs=10  t=25.1s
10:48:07  INFO          [Combined_only] 2021 -> Gross SR=0.366  Net SR=0.171  pairs=10  t=25.5s
10:48:28  INFO          [Combined_only] 2022 -> Gross SR=0.545  Net SR=0.367  pairs=10  t=21.7s
10:48:50  INFO          [Combined_only] 2023 -> Gross SR=1.318  Net SR=1.009  pairs=10  t=22.2s
10:49:13  INFO          [Combined_only] 2024 -> Gross SR=0.139  Net SR=-0.060  pairs=10  t=22.5s
10:49:37  WARNING       [Combined_only] 2025 -> empty metrics (skipped)
10:49:37  INFO        [S1] Config: ML_only
10:49:44  INFO      [MLSelector.fit] y class counts: {0: 328, 1: 267}
10:50:11  INFO          [ML_only] 2020 -> Gross SR=1.342  Net SR=1.129  pairs=10  t=33.8s
10:50:21  INFO      [MLSelector.fit] y class counts: {0: 318, 1: 277}
10:50:50  INFO          [ML_only] 2021 -> Gross SR=1.119  Net SR=0.933  pairs=10  t=39.6s
10:51:04  INFO      [MLSelector.fit] y class counts: {0: 245, 1: 350}
10:51:39  INFO          [ML_only] 2022 -> Gross SR=2.234  Net SR=2.036  pairs=10  t=49.0s
10:51:56  INFO      [MLSelector.fit] y class counts: {0: 238, 1: 357}
10:52:40  INFO          [ML_only] 2023 -> Gross SR=2.329  Net SR=2.026  pairs=10  t=61.1s
10:53:02  INFO      [MLSelector.fit] y class counts: {0: 290, 1: 305}
10:53:57  INFO          [ML_only] 2024 -> Gross SR=0.341  Net SR=0.215  pairs=10  t=77.2s
10:54:24  INFO      [MLSelector.fit] y class counts: {0: 320, 1: 275}
10:55:31  WARNING       [ML_only] 2025 -> empty metrics (skipped)
10:55:31  INFO        [S1] Config: S1_Ensemble
10:56:12  INFO      [MLSelector.fit] y class counts: {0: 328, 1: 267}
10:56:38  INFO          [S1_Ensemble] 2020 -> Gross SR=0.296  Net SR=0.045  pairs=10  t=67.1s
10:57:23  INFO      [MLSelector.fit] y class counts: {0: 318, 1: 277}
10:57:54  INFO          [S1_Ensemble] 2021 -> Gross SR=1.741  Net SR=1.510  pairs=10  t=75.5s
10:58:42  INFO      [MLSelector.fit] y class counts: {0: 245, 1: 350}
10:59:18  INFO          [S1_Ensemble] 2022 -> Gross SR=-0.518  Net SR=-0.770  pairs=10  t=84.7s
11:00:11  INFO      [MLSelector.fit] y class counts: {0: 238, 1: 357}
11:00:54  INFO          [S1_Ensemble] 2023 -> Gross SR=0.873  Net SR=0.548  pairs=10  t=96.1s
11:01:51  INFO      [MLSelector.fit] y class counts: {0: 290, 1: 305}
11:02:48  INFO          [S1_Ensemble] 2024 -> Gross SR=-0.929  Net SR=-1.100  pairs=10  t=113.3s
11:03:49  INFO      [MLSelector.fit] y class counts: {0: 320, 1: 275}
11:04:55  WARNING       [S1_Ensemble] 2025 -> empty metrics (skipped)
11:04:55  INFO      
--- Running Stage 2 Ablation ---
11:04:55  INFO        [S2] Pre-selecting pairs per fold ...
11:05:36  INFO      [MLSelector.fit] y class counts: {0: 328, 1: 267}
11:06:01  INFO          2020: 10 pairs — ['TATASTEEL-JSWSTEEL', 'HDFCBANK-KOTAKBANK', 'HINDUNILVR-NESTLEIND', 'ONGC-COALINDIA'] ...
11:06:48  INFO      [MLSelector.fit] y class counts: {0: 318, 1: 277}
11:07:17  INFO          2021: 10 pairs — ['AXISBANK-INDUSINDBK', 'INFY-HCLTECH', 'SBIN-AXISBANK', 'TECHM-JSWSTEEL'] ...
11:08:05  INFO      [MLSelector.fit] y class counts: {0: 245, 1: 350}
11:08:40  INFO          2022: 10 pairs — ['WIPRO-SUNPHARMA', 'ICICIBANK-SBIN', 'ONGC-IOC', 'ULTRACEMCO-ACC'] ...
11:09:30  INFO      [MLSelector.fit] y class counts: {0: 238, 1: 357}
11:10:13  INFO          2023: 10 pairs — ['WIPRO-TECHM', 'M&M-ITC', 'TCS-TECHM', 'ITC-COALINDIA'] ...
11:11:09  INFO      [MLSelector.fit] y class counts: {0: 290, 1: 305}
11:12:06  INFO          2024: 10 pairs — ['IOC-BPCL', 'BAJAJ-AUTO-ULTRACEMCO', 'BAJAJ-AUTO-NESTLEIND', 'HEROMOTOCO-IOC'] ...
11:13:05  INFO      [MLSelector.fit] y class counts: {0: 320, 1: 275}
11:14:11  INFO          2025: 10 pairs — ['TECHM-DIVISLAB', 'INFY-TECHM', 'M&M-EICHERMOT', 'HINDUNILVR-BRITANNIA'] ...
11:14:11  INFO        [S2] Config: ZScore_only
11:14:11  INFO          [ZScore_only] 2020 -> Gross SR=0.584  Net SR=0.357  t=0.1s
11:14:11  INFO          [ZScore_only] 2021 -> Gross SR=1.057  Net SR=0.818  t=0.0s
11:14:11  INFO          [ZScore_only] 2022 -> Gross SR=1.150  Net SR=0.941  t=0.0s
11:14:11  INFO          [ZScore_only] 2023 -> Gross SR=0.694  Net SR=0.408  t=0.0s
11:14:11  INFO          [ZScore_only] 2024 -> Gross SR=0.118  Net SR=-0.025  t=0.0s
Traceback (most recent call last):
  File "/users/student/pg/pg24/yash.sarang/Hybrid-Pairs-Trading-Ensemble/Implementation/experiments/ablation.py", line 730, in <module>
    main()
    ~~~~^^
  File "/users/student/pg/pg24/yash.sarang/Hybrid-Pairs-Trading-Ensemble/Implementation/experiments/ablation.py", line 697, in main
    s2_results = run_stage2_ablation(prices, args.mode, args.top_k, costs)
  File "/users/student/pg/pg24/yash.sarang/Hybrid-Pairs-Trading-Ensemble/Implementation/experiments/ablation.py", line 567, in run_stage2_ablation
    f"Gross SR={m.get('gross_sharpe','?'):.3f}  "
               ^^^^^^^^^^^^^^^^^^^^^^^^^^^^^^^
ValueError: Unknown format code 'f' for object of type 'str'
WARNING: All log messages before absl::InitializeLog() is called are written to STDERR
I0000 00:00:1780551860.151940 2250907 port.cc:153] oneDNN custom operations are on. You may see slightly different numerical results due to floating-point round-off errors from different computation orders. To turn them off, set the environment variable `TF_ENABLE_ONEDNN_OPTS=0`.
I0000 00:00:1780551860.153538 2250907 cudart_stub.cc:31] Could not find cuda drivers on your machine, GPU will not be used.
WARNING: All log messages before absl::InitializeLog() is called are written to STDERR
I0000 00:00:1780551863.969741 2250907 port.cc:153] oneDNN custom operations are on. You may see slightly different numerical results due to floating-point round-off errors from different computation orders. To turn them off, set the environment variable `TF_ENABLE_ONEDNN_OPTS=0`.
I0000 00:00:1780551863.970596 2250907 cudart_stub.cc:31] Could not find cuda drivers on your machine, GPU will not be used.
E0000 00:00:1780551865.508710 2250907 cuda_platform.cc:52] failed call to cuInit: INTERNAL: CUDA error: Failed call to cuInit: CUDA_ERROR_NO_DEVICE: no CUDA-capable device is detected
11:14:25  INFO      ================================================================
11:14:25  INFO      E3 Ablation  |  mode=full  |  stage=both  |  top_k=10
11:14:25  INFO      min_hold=30  capital=1,000,000
11:14:25  INFO      ================================================================
11:14:25  INFO      [Data] Fetching full 10-year daily prices ...
11:14:26  INFO        35 tickers x 2466 bars
11:14:26  INFO      
--- Running Stage 1 Ablation ---
11:14:26  INFO        Stage 1 ablation: ['Correlation_only', 'Distance_only', 'Cointegration_only', 'Combined_only', 'ML_only', 'LSTM_only', 'Transformer_only', 'GNN_only', 'S1_Ensemble']
11:14:26  INFO        [S1] Config: Correlation_only
11:14:27  INFO          [Correlation_only] 2020 -> Gross SR=-0.955  Net SR=-1.188  pairs=10  t=1.0s
11:14:28  INFO          [Correlation_only] 2021 -> Gross SR=2.079  Net SR=1.749  pairs=10  t=1.0s
11:14:29  INFO          [Correlation_only] 2022 -> Gross SR=-0.602  Net SR=-0.857  pairs=10  t=1.0s
11:14:30  INFO          [Correlation_only] 2023 -> Gross SR=2.933  Net SR=2.542  pairs=10  t=1.0s
11:14:31  INFO          [Correlation_only] 2024 -> Gross SR=-0.167  Net SR=-0.407  pairs=10  t=1.1s
11:14:32  WARNING       [Correlation_only] 2025 -> empty metrics (skipped)
11:14:32  INFO        [S1] Config: Distance_only
11:14:32  INFO          [Distance_only] 2020 -> Gross SR=0.306  Net SR=0.084  pairs=10  t=0.8s
11:14:33  INFO          [Distance_only] 2021 -> Gross SR=2.748  Net SR=2.513  pairs=10  t=0.8s
11:14:34  INFO          [Distance_only] 2022 -> Gross SR=-1.281  Net SR=-1.531  pairs=10  t=0.8s
11:14:35  INFO          [Distance_only] 2023 -> Gross SR=1.222  Net SR=0.859  pairs=10  t=0.8s
11:14:36  INFO          [Distance_only] 2024 -> Gross SR=-0.679  Net SR=-0.841  pairs=10  t=0.9s
11:14:37  WARNING       [Distance_only] 2025 -> empty metrics (skipped)
11:14:37  INFO        [S1] Config: Cointegration_only
11:14:46  INFO          [Cointegration_only] 2020 -> Gross SR=-0.632  Net SR=-0.802  pairs=10  t=9.6s
11:14:56  INFO          [Cointegration_only] 2021 -> Gross SR=2.203  Net SR=1.955  pairs=10  t=9.4s
11:15:06  INFO          [Cointegration_only] 2022 -> Gross SR=0.856  Net SR=0.674  pairs=10  t=10.3s
11:15:16  INFO          [Cointegration_only] 2023 -> Gross SR=-0.377  Net SR=-0.649  pairs=10  t=10.5s
11:15:26  INFO          [Cointegration_only] 2024 -> Gross SR=-0.495  Net SR=-0.683  pairs=10  t=9.5s
11:15:37  WARNING       [Cointegration_only] 2025 -> empty metrics (skipped)
11:15:37  INFO        [S1] Config: Combined_only
11:15:58  INFO          [Combined_only] 2020 -> Gross SR=-0.525  Net SR=-0.618  pairs=10  t=21.1s
11:16:21  INFO          [Combined_only] 2021 -> Gross SR=0.366  Net SR=0.171  pairs=10  t=23.4s
11:16:43  INFO          [Combined_only] 2022 -> Gross SR=0.545  Net SR=0.367  pairs=10  t=21.4s
11:17:05  INFO          [Combined_only] 2023 -> Gross SR=1.318  Net SR=1.009  pairs=10  t=22.8s
11:17:26  INFO          [Combined_only] 2024 -> Gross SR=0.139  Net SR=-0.060  pairs=10  t=20.8s
11:17:49  WARNING       [Combined_only] 2025 -> empty metrics (skipped)
11:17:49  INFO        [S1] Config: ML_only
11:17:56  INFO      [MLSelector.fit] y class counts: {0: 328, 1: 267}
11:18:24  INFO          [ML_only] 2020 -> Gross SR=1.342  Net SR=1.129  pairs=10  t=35.4s
11:18:35  INFO      [MLSelector.fit] y class counts: {0: 318, 1: 277}
11:19:05  INFO          [ML_only] 2021 -> Gross SR=1.119  Net SR=0.933  pairs=10  t=41.1s
11:19:20  INFO      [MLSelector.fit] y class counts: {0: 245, 1: 350}
11:19:56  INFO          [ML_only] 2022 -> Gross SR=2.234  Net SR=2.036  pairs=10  t=50.4s
11:20:14  INFO      [MLSelector.fit] y class counts: {0: 238, 1: 357}
11:20:59  INFO          [ML_only] 2023 -> Gross SR=2.329  Net SR=2.026  pairs=10  t=62.9s
11:21:20  INFO      [MLSelector.fit] y class counts: {0: 290, 1: 305}
11:22:18  INFO          [ML_only] 2024 -> Gross SR=0.341  Net SR=0.215  pairs=10  t=79.3s
11:22:45  INFO      [MLSelector.fit] y class counts: {0: 320, 1: 275}
11:23:53  WARNING       [ML_only] 2025 -> empty metrics (skipped)
11:23:53  INFO        [S1] Config: LSTM_only
11:24:06  INFO      [LSTMSelector] 533715 sequences, class dist: {0: 266946, 1: 266769}
11:24:06  INFO      [LSTMSelector] Subsampled to 50000 sequences.
/users/student/pg/pg24/yash.sarang/miniconda3/lib/python3.13/site-packages/keras/src/layers/rnn/bidirectional.py:107: UserWarning: Do not pass an `input_shape`/`input_dim` argument to a layer. When using Sequential models, prefer using an `Input(shape)` object as the first layer in the model instead.
  super().__init__(**kwargs)
11:27:21  INFO      [LSTMSelector] Training complete.
E0000 00:00:1780552642.686165 2250907 node_def_util.cc:682] NodeDef mentions attribute use_unbounded_threadpool which is not in the op definition: Op<name=MapDataset; signature=input_dataset:variant, other_arguments: -> handle:variant; attr=f:func; attr=Targuments:list(type),min=0; attr=output_types:list(type),min=1; attr=output_shapes:list(shape),min=1; attr=use_inter_op_parallelism:bool,default=true; attr=preserve_cardinality:bool,default=false; attr=force_synchronous:bool,default=false; attr=metadata:string,default=""> This may be expected if your graph generating binary is newer  than this binary. Unknown attributes will be ignored. NodeDef: {{node ParallelMapDatasetV2/_14}}
11:27:23  INFO          [LSTM_only] 2020 -> Gross SR=-0.590  Net SR=-0.797  pairs=10  t=210.9s
11:27:35  INFO      [LSTMSelector] 683060 sequences, class dist: {0: 338645, 1: 344415}
11:27:35  INFO      [LSTMSelector] Subsampled to 50000 sequences.
/users/student/pg/pg24/yash.sarang/miniconda3/lib/python3.13/site-packages/keras/src/layers/rnn/bidirectional.py:107: UserWarning: Do not pass an `input_shape`/`input_dim` argument to a layer. When using Sequential models, prefer using an `Input(shape)` object as the first layer in the model instead.
  super().__init__(**kwargs)
11:30:36  INFO      [LSTMSelector] Training complete.
E0000 00:00:1780552837.799505 2250907 node_def_util.cc:682] NodeDef mentions attribute use_unbounded_threadpool which is not in the op definition: Op<name=MapDataset; signature=input_dataset:variant, other_arguments: -> handle:variant; attr=f:func; attr=Targuments:list(type),min=0; attr=output_types:list(type),min=1; attr=output_shapes:list(shape),min=1; attr=use_inter_op_parallelism:bool,default=true; attr=preserve_cardinality:bool,default=false; attr=force_synchronous:bool,default=false; attr=metadata:string,default=""> This may be expected if your graph generating binary is newer  than this binary. Unknown attributes will be ignored. NodeDef: {{node ParallelMapDatasetV2/_14}}
11:30:38  INFO          [LSTM_only] 2021 -> Gross SR=-0.457  Net SR=-0.692  pairs=10  t=195.1s
11:30:51  INFO      [LSTMSelector] 830620 sequences, class dist: {0: 410671, 1: 419949}
11:30:51  INFO      [LSTMSelector] Subsampled to 50000 sequences.
/users/student/pg/pg24/yash.sarang/miniconda3/lib/python3.13/site-packages/keras/src/layers/rnn/bidirectional.py:107: UserWarning: Do not pass an `input_shape`/`input_dim` argument to a layer. When using Sequential models, prefer using an `Input(shape)` object as the first layer in the model instead.
  super().__init__(**kwargs)
11:33:55  INFO      [LSTMSelector] Training complete.
E0000 00:00:1780553037.555495 2250907 node_def_util.cc:682] NodeDef mentions attribute use_unbounded_threadpool which is not in the op definition: Op<name=MapDataset; signature=input_dataset:variant, other_arguments: -> handle:variant; attr=f:func; attr=Targuments:list(type),min=0; attr=output_types:list(type),min=1; attr=output_shapes:list(shape),min=1; attr=use_inter_op_parallelism:bool,default=true; attr=preserve_cardinality:bool,default=false; attr=force_synchronous:bool,default=false; attr=metadata:string,default=""> This may be expected if your graph generating binary is newer  than this binary. Unknown attributes will be ignored. NodeDef: {{node ParallelMapDatasetV2/_14}}
11:33:59  INFO          [LSTM_only] 2022 -> Gross SR=1.675  Net SR=1.480  pairs=10  t=200.1s
11:34:15  INFO      [LSTMSelector] 978180 sequences, class dist: {0: 484837, 1: 493343}
11:34:16  INFO      [LSTMSelector] Subsampled to 50000 sequences.
/users/student/pg/pg24/yash.sarang/miniconda3/lib/python3.13/site-packages/keras/src/layers/rnn/bidirectional.py:107: UserWarning: Do not pass an `input_shape`/`input_dim` argument to a layer. When using Sequential models, prefer using an `Input(shape)` object as the first layer in the model instead.
  super().__init__(**kwargs)
11:36:48  INFO      [LSTMSelector] Training complete.
E0000 00:00:1780553210.128539 2250907 node_def_util.cc:682] NodeDef mentions attribute use_unbounded_threadpool which is not in the op definition: Op<name=MapDataset; signature=input_dataset:variant, other_arguments: -> handle:variant; attr=f:func; attr=Targuments:list(type),min=0; attr=output_types:list(type),min=1; attr=output_shapes:list(shape),min=1; attr=use_inter_op_parallelism:bool,default=true; attr=preserve_cardinality:bool,default=false; attr=force_synchronous:bool,default=false; attr=metadata:string,default=""> This may be expected if your graph generating binary is newer  than this binary. Unknown attributes will be ignored. NodeDef: {{node ParallelMapDatasetV2/_14}}
11:36:51  INFO          [LSTM_only] 2023 -> Gross SR=1.825  Net SR=1.529  pairs=10  t=172.5s
11:37:08  INFO      [LSTMSelector] 1123955 sequences, class dist: {0: 557896, 1: 566059}
11:37:08  INFO      [LSTMSelector] Subsampled to 50000 sequences.
/users/student/pg/pg24/yash.sarang/miniconda3/lib/python3.13/site-packages/keras/src/layers/rnn/bidirectional.py:107: UserWarning: Do not pass an `input_shape`/`input_dim` argument to a layer. When using Sequential models, prefer using an `Input(shape)` object as the first layer in the model instead.
  super().__init__(**kwargs)
11:40:30  INFO      [LSTMSelector] Training complete.
E0000 00:00:1780553432.778235 2250907 node_def_util.cc:682] NodeDef mentions attribute use_unbounded_threadpool which is not in the op definition: Op<name=MapDataset; signature=input_dataset:variant, other_arguments: -> handle:variant; attr=f:func; attr=Targuments:list(type),min=0; attr=output_types:list(type),min=1; attr=output_shapes:list(shape),min=1; attr=use_inter_op_parallelism:bool,default=true; attr=preserve_cardinality:bool,default=false; attr=force_synchronous:bool,default=false; attr=metadata:string,default=""> This may be expected if your graph generating binary is newer  than this binary. Unknown attributes will be ignored. NodeDef: {{node ParallelMapDatasetV2/_14}}
11:40:34  INFO          [LSTM_only] 2024 -> Gross SR=1.502  Net SR=1.317  pairs=10  t=222.7s
11:40:50  INFO      [LSTMSelector] 1269730 sequences, class dist: {0: 634227, 1: 635503}
11:40:51  INFO      [LSTMSelector] Subsampled to 50000 sequences.
/users/student/pg/pg24/yash.sarang/miniconda3/lib/python3.13/site-packages/keras/src/layers/rnn/bidirectional.py:107: UserWarning: Do not pass an `input_shape`/`input_dim` argument to a layer. When using Sequential models, prefer using an `Input(shape)` object as the first layer in the model instead.
  super().__init__(**kwargs)
11:44:11  INFO      [LSTMSelector] Training complete.
E0000 00:00:1780553653.391057 2250907 node_def_util.cc:682] NodeDef mentions attribute use_unbounded_threadpool which is not in the op definition: Op<name=MapDataset; signature=input_dataset:variant, other_arguments: -> handle:variant; attr=f:func; attr=Targuments:list(type),min=0; attr=output_types:list(type),min=1; attr=output_shapes:list(shape),min=1; attr=use_inter_op_parallelism:bool,default=true; attr=preserve_cardinality:bool,default=false; attr=force_synchronous:bool,default=false; attr=metadata:string,default=""> This may be expected if your graph generating binary is newer  than this binary. Unknown attributes will be ignored. NodeDef: {{node ParallelMapDatasetV2/_14}}
11:44:14  WARNING       [LSTM_only] 2025 -> empty metrics (skipped)
11:44:14  INFO        [S1] Config: Transformer_only
11:44:29  INFO      [TransformerSelector] 533715 sequences, class dist: {0: 266946, 1: 266769}
11:44:29  INFO      [TransformerSelector] Subsampled to 50000 sequences.
11:45:04  INFO      [TransformerSelector] Training complete.
E0000 00:00:1780553706.287057 2250907 node_def_util.cc:682] NodeDef mentions attribute use_unbounded_threadpool which is not in the op definition: Op<name=MapDataset; signature=input_dataset:variant, other_arguments: -> handle:variant; attr=f:func; attr=Targuments:list(type),min=0; attr=output_types:list(type),min=1; attr=output_shapes:list(shape),min=1; attr=use_inter_op_parallelism:bool,default=true; attr=preserve_cardinality:bool,default=false; attr=force_synchronous:bool,default=false; attr=metadata:string,default=""> This may be expected if your graph generating binary is newer  than this binary. Unknown attributes will be ignored. NodeDef: {{node ParallelMapDatasetV2/_14}}
11:45:07  INFO          [Transformer_only] 2020 -> Gross SR=1.264  Net SR=1.111  pairs=10  t=52.4s
11:45:22  INFO      [TransformerSelector] 683060 sequences, class dist: {0: 338645, 1: 344415}
11:45:22  INFO      [TransformerSelector] Subsampled to 50000 sequences.
11:47:29  INFO      [TransformerSelector] Training complete.
E0000 00:00:1780553851.110855 2250907 node_def_util.cc:682] NodeDef mentions attribute use_unbounded_threadpool which is not in the op definition: Op<name=MapDataset; signature=input_dataset:variant, other_arguments: -> handle:variant; attr=f:func; attr=Targuments:list(type),min=0; attr=output_types:list(type),min=1; attr=output_shapes:list(shape),min=1; attr=use_inter_op_parallelism:bool,default=true; attr=preserve_cardinality:bool,default=false; attr=force_synchronous:bool,default=false; attr=metadata:string,default=""> This may be expected if your graph generating binary is newer  than this binary. Unknown attributes will be ignored. NodeDef: {{node ParallelMapDatasetV2/_14}}
11:47:32  INFO          [Transformer_only] 2021 -> Gross SR=-0.329  Net SR=-0.487  pairs=10  t=144.8s
11:47:46  INFO      [TransformerSelector] 830620 sequences, class dist: {0: 410671, 1: 419949}
11:47:47  INFO      [TransformerSelector] Subsampled to 50000 sequences.
11:49:11  INFO      [TransformerSelector] Training complete.
E0000 00:00:1780553952.811498 2250907 node_def_util.cc:682] NodeDef mentions attribute use_unbounded_threadpool which is not in the op definition: Op<name=MapDataset; signature=input_dataset:variant, other_arguments: -> handle:variant; attr=f:func; attr=Targuments:list(type),min=0; attr=output_types:list(type),min=1; attr=output_shapes:list(shape),min=1; attr=use_inter_op_parallelism:bool,default=true; attr=preserve_cardinality:bool,default=false; attr=force_synchronous:bool,default=false; attr=metadata:string,default=""> This may be expected if your graph generating binary is newer  than this binary. Unknown attributes will be ignored. NodeDef: {{node ParallelMapDatasetV2/_14}}
11:49:13  INFO          [Transformer_only] 2022 -> Gross SR=0.900  Net SR=0.700  pairs=10  t=101.8s
11:49:28  INFO      [TransformerSelector] 978180 sequences, class dist: {0: 484837, 1: 493343}
11:49:29  INFO      [TransformerSelector] Subsampled to 50000 sequences.
11:50:29  INFO      [TransformerSelector] Training complete.
E0000 00:00:1780554030.793369 2250907 node_def_util.cc:682] NodeDef mentions attribute use_unbounded_threadpool which is not in the op definition: Op<name=MapDataset; signature=input_dataset:variant, other_arguments: -> handle:variant; attr=f:func; attr=Targuments:list(type),min=0; attr=output_types:list(type),min=1; attr=output_shapes:list(shape),min=1; attr=use_inter_op_parallelism:bool,default=true; attr=preserve_cardinality:bool,default=false; attr=force_synchronous:bool,default=false; attr=metadata:string,default=""> This may be expected if your graph generating binary is newer  than this binary. Unknown attributes will be ignored. NodeDef: {{node ParallelMapDatasetV2/_14}}
11:50:31  INFO          [Transformer_only] 2023 -> Gross SR=0.724  Net SR=0.490  pairs=10  t=78.0s
11:50:47  INFO      [TransformerSelector] 1123955 sequences, class dist: {0: 557896, 1: 566059}
11:50:47  INFO      [TransformerSelector] Subsampled to 50000 sequences.
11:52:05  INFO      [TransformerSelector] Training complete.
E0000 00:00:1780554127.518145 2250907 node_def_util.cc:682] NodeDef mentions attribute use_unbounded_threadpool which is not in the op definition: Op<name=MapDataset; signature=input_dataset:variant, other_arguments: -> handle:variant; attr=f:func; attr=Targuments:list(type),min=0; attr=output_types:list(type),min=1; attr=output_shapes:list(shape),min=1; attr=use_inter_op_parallelism:bool,default=true; attr=preserve_cardinality:bool,default=false; attr=force_synchronous:bool,default=false; attr=metadata:string,default=""> This may be expected if your graph generating binary is newer  than this binary. Unknown attributes will be ignored. NodeDef: {{node ParallelMapDatasetV2/_14}}
11:52:08  INFO          [Transformer_only] 2024 -> Gross SR=2.111  Net SR=1.840  pairs=10  t=96.7s
11:52:23  INFO      [TransformerSelector] 1269730 sequences, class dist: {0: 634227, 1: 635503}
11:52:23  INFO      [TransformerSelector] Subsampled to 50000 sequences.
11:53:29  INFO      [TransformerSelector] Training complete.
E0000 00:00:1780554211.603172 2250907 node_def_util.cc:682] NodeDef mentions attribute use_unbounded_threadpool which is not in the op definition: Op<name=MapDataset; signature=input_dataset:variant, other_arguments: -> handle:variant; attr=f:func; attr=Targuments:list(type),min=0; attr=output_types:list(type),min=1; attr=output_shapes:list(shape),min=1; attr=use_inter_op_parallelism:bool,default=true; attr=preserve_cardinality:bool,default=false; attr=force_synchronous:bool,default=false; attr=metadata:string,default=""> This may be expected if your graph generating binary is newer  than this binary. Unknown attributes will be ignored. NodeDef: {{node ParallelMapDatasetV2/_14}}
11:53:32  WARNING       [Transformer_only] 2025 -> empty metrics (skipped)
11:53:32  INFO        [S1] Config: GNN_only
11:53:34  INFO      [GNNSelector] Training on 8 snapshots, N=35 stocks.
11:55:11  INFO      [GNNSelector] Training complete.
11:55:12  INFO          [GNN_only] 2020 -> Gross SR=1.286  Net SR=1.131  pairs=10  t=100.1s
11:55:14  INFO      [GNNSelector] Training on 8 snapshots, N=35 stocks.
11:56:53  INFO      [GNNSelector] Training complete.
11:56:54  INFO          [GNN_only] 2021 -> Gross SR=1.516  Net SR=1.307  pairs=10  t=101.9s
11:56:56  INFO      [GNNSelector] Training on 8 snapshots, N=35 stocks.
11:58:36  INFO      [GNNSelector] Training complete.
11:58:37  INFO          [GNN_only] 2022 -> Gross SR=0.169  Net SR=0.030  pairs=10  t=102.3s
11:58:38  INFO      [GNNSelector] Training on 8 snapshots, N=35 stocks.
12:00:19  INFO      [GNNSelector] Training complete.
12:00:20  INFO          [GNN_only] 2023 -> Gross SR=0.569  Net SR=0.357  pairs=10  t=103.3s
12:00:21  INFO      [GNNSelector] Training on 8 snapshots, N=35 stocks.
12:02:01  INFO      [GNNSelector] Training complete.
12:02:02  INFO          [GNN_only] 2024 -> Gross SR=-0.652  Net SR=-0.814  pairs=10  t=102.2s
12:02:03  INFO      [GNNSelector] Training on 8 snapshots, N=35 stocks.
12:03:42  INFO      [GNNSelector] Training complete.
12:03:43  WARNING       [GNN_only] 2025 -> empty metrics (skipped)
12:03:43  INFO        [S1] Config: S1_Ensemble
12:04:24  INFO      [MLSelector.fit] y class counts: {0: 328, 1: 267}
12:05:02  INFO      [LSTMSelector] 533715 sequences, class dist: {0: 266946, 1: 266769}
12:05:02  INFO      [LSTMSelector] Subsampled to 50000 sequences.
/users/student/pg/pg24/yash.sarang/miniconda3/lib/python3.13/site-packages/keras/src/layers/rnn/bidirectional.py:107: UserWarning: Do not pass an `input_shape`/`input_dim` argument to a layer. When using Sequential models, prefer using an `Input(shape)` object as the first layer in the model instead.
  super().__init__(**kwargs)
12:08:32  INFO      [LSTMSelector] Training complete.
E0000 00:00:1780555114.237879 2250907 node_def_util.cc:682] NodeDef mentions attribute use_unbounded_threadpool which is not in the op definition: Op<name=MapDataset; signature=input_dataset:variant, other_arguments: -> handle:variant; attr=f:func; attr=Targuments:list(type),min=0; attr=output_types:list(type),min=1; attr=output_shapes:list(shape),min=1; attr=use_inter_op_parallelism:bool,default=true; attr=preserve_cardinality:bool,default=false; attr=force_synchronous:bool,default=false; attr=metadata:string,default=""> This may be expected if your graph generating binary is newer  than this binary. Unknown attributes will be ignored. NodeDef: {{node ParallelMapDatasetV2/_14}}
12:08:50  INFO      [TransformerSelector] 533715 sequences, class dist: {0: 266946, 1: 266769}
12:08:50  INFO      [TransformerSelector] Subsampled to 50000 sequences.
12:10:46  INFO      [TransformerSelector] Training complete.
E0000 00:00:1780555247.638215 2250907 node_def_util.cc:682] NodeDef mentions attribute use_unbounded_threadpool which is not in the op definition: Op<name=MapDataset; signature=input_dataset:variant, other_arguments: -> handle:variant; attr=f:func; attr=Targuments:list(type),min=0; attr=output_types:list(type),min=1; attr=output_shapes:list(shape),min=1; attr=use_inter_op_parallelism:bool,default=true; attr=preserve_cardinality:bool,default=false; attr=force_synchronous:bool,default=false; attr=metadata:string,default=""> This may be expected if your graph generating binary is newer  than this binary. Unknown attributes will be ignored. NodeDef: {{node ParallelMapDatasetV2/_14}}
12:10:49  INFO      [GNNSelector] Training on 8 snapshots, N=35 stocks.
12:12:37  INFO      [GNNSelector] Training complete.
12:12:38  INFO          [S1_Ensemble] 2020 -> Gross SR=0.296  Net SR=0.045  pairs=10  t=535.6s
