[E3] ablation stat_only

==============================================================================================================
  STAGE 1 ABLATION — Out-of-Sample Results (mean +/- std across 6 folds, 2020-2025)
==============================================================================================================
                Config    GrossSharpeMean      NetSharpeMean    NetRet% Mean   MaxDD% Mean    Trd/YrMean   FullOOS GrossSR   FullOOS NetSR
--------------------------------------------------------------------------------------------------------------
      Correlation_only  0.435 +/-0.415 [80%]  0.160 +/-0.406 [80%]  1.47 +/-3.43 [80%]  8.44 +/-1.53 [100%]  148 +/-12 [100%]             0.433           0.165
Distance_only [BEST IND]  1.022 +/-1.061 [60%]  0.829 +/-1.063 [60%]  11.39 +/-14.37 [60%]  9.54 +/-3.58 [100%]  142 +/-15 [100%]             1.080           0.899
    Cointegration_only  0.096 +/-0.782 [40%]  -0.088 +/-0.753 [40%]  -3.30 +/-9.85 [40%]  16.12 +/-10.39 [100%]  145 +/-11 [100%]            -0.070          -0.240
         Combined_only  -0.058 +/-1.200 [60%]  -0.223 +/-1.205 [60%]  -1.53 +/-16.53 [60%]  16.79 +/-9.70 [100%]  136 +/-12 [100%]             0.049          -0.093
S1_Ensemble [ENSEMBLE]  0.463 +/-1.044 [80%]  0.256 +/-1.068 [80%]  5.86 +/-16.00 [80%]  11.13 +/-3.53 [100%]  140 +/-14 [100%]             0.688           0.498
--------------------------------------------------------------------------------------------------------------

  Verdict: BEST INDIVIDUAL >= ENSEMBLE  (ensemble full-OOS Net SR 0.498  vs  best individual 0.899;  margin=-0.402)
==============================================================================================================


==============================================================================================================
  STAGE 2 ABLATION — Out-of-Sample Results (mean +/- std across 6 folds, 2020-2025)
==============================================================================================================
                Config    GrossSharpeMean      NetSharpeMean    NetRet% Mean   MaxDD% Mean    Trd/YrMean   FullOOS GrossSR   FullOOS NetSR
--------------------------------------------------------------------------------------------------------------
           ZScore_only  -0.083 +/-0.502 [40%]  -0.275 +/-0.527 [40%]  -2.00 +/-4.77 [40%]  12.03 +/-1.36 [100%]  112 +/-14 [100%]            -0.018          -0.204
    OU_only [BEST IND]  0.396 +/-1.067 [40%]  0.283 +/-1.073 [40%]  3.45 +/-11.84 [40%]  8.06 +/-2.78 [100%]  64 +/-9 [100%]             0.490           0.379
           Kalman_only  -0.033 +/-0.831 [40%]  -0.257 +/-0.843 [40%]  -3.26 +/-8.20 [40%]  12.03 +/-4.40 [100%]  127 +/-29 [100%]            -0.130          -0.344
               ML_only  -0.234 +/-0.700 [40%]  -0.405 +/-0.695 [20%]  -5.96 +/-9.89 [20%]  13.63 +/-8.75 [100%]  116 +/-12 [100%]            -0.338          -0.493
S2_Ensemble [ENSEMBLE]  0.463 +/-1.044 [80%]  0.256 +/-1.068 [80%]  5.86 +/-16.00 [80%]  11.13 +/-3.53 [100%]  140 +/-14 [100%]             0.688           0.498
--------------------------------------------------------------------------------------------------------------

  Verdict: ENSEMBLE > BEST INDIVIDUAL  (ensemble full-OOS Net SR 0.498  vs  best individual 0.379;  margin=+0.119)
==============================================================================================================

[E3] ablation stat_ml

==============================================================================================================
  STAGE 1 ABLATION — Out-of-Sample Results (mean +/- std across 6 folds, 2020-2025)
==============================================================================================================
                Config    GrossSharpeMean      NetSharpeMean    NetRet% Mean   MaxDD% Mean    Trd/YrMean   FullOOS GrossSR   FullOOS NetSR
--------------------------------------------------------------------------------------------------------------
      Correlation_only  0.435 +/-0.415 [80%]  0.160 +/-0.406 [80%]  1.47 +/-3.43 [80%]  8.44 +/-1.53 [100%]  148 +/-12 [100%]             0.433           0.165
Distance_only [BEST IND]  1.022 +/-1.061 [60%]  0.829 +/-1.063 [60%]  11.39 +/-14.37 [60%]  9.54 +/-3.58 [100%]  142 +/-15 [100%]             1.080           0.899
    Cointegration_only  0.096 +/-0.782 [40%]  -0.088 +/-0.753 [40%]  -3.30 +/-9.85 [40%]  16.12 +/-10.39 [100%]  145 +/-11 [100%]            -0.070          -0.240
         Combined_only  -0.058 +/-1.200 [60%]  -0.223 +/-1.205 [60%]  -1.53 +/-16.53 [60%]  16.79 +/-9.70 [100%]  136 +/-12 [100%]             0.049          -0.093
               ML_only  0.399 +/-1.063 [60%]  0.217 +/-1.053 [60%]  1.83 +/-15.01 [60%]  12.44 +/-6.95 [100%]  141 +/-16 [100%]             0.301           0.131
S1_Ensemble [ENSEMBLE]  -0.114 +/-1.195 [20%]  -0.311 +/-1.221 [20%]  -0.17 +/-19.11 [20%]  14.06 +/-2.32 [100%]  142 +/-17 [100%]             0.175          -0.004
--------------------------------------------------------------------------------------------------------------

  Verdict: BEST INDIVIDUAL >= ENSEMBLE  (ensemble full-OOS Net SR -0.004  vs  best individual 0.899;  margin=-0.904)
==============================================================================================================


==============================================================================================================
  STAGE 2 ABLATION — Out-of-Sample Results (mean +/- std across 6 folds, 2020-2025)
==============================================================================================================
                Config    GrossSharpeMean      NetSharpeMean    NetRet% Mean   MaxDD% Mean    Trd/YrMean   FullOOS GrossSR   FullOOS NetSR
--------------------------------------------------------------------------------------------------------------
           ZScore_only  0.119 +/-0.644 [60%]  -0.066 +/-0.671 [60%]  0.02 +/-6.06 [60%]  10.84 +/-1.67 [100%]  112 +/-14 [100%]             0.178           0.004
    OU_only [BEST IND]  0.161 +/-1.003 [40%]  0.060 +/-1.010 [40%]  1.14 +/-12.92 [40%]  9.80 +/-6.65 [100%]  63 +/-12 [100%]             0.206           0.113
           Kalman_only  -0.460 +/-0.708 [40%]  -0.653 +/-0.740 [40%]  -6.23 +/-7.46 [40%]  15.26 +/-4.15 [100%]  118 +/-27 [100%]            -0.426          -0.615
               ML_only  -0.308 +/-0.636 [40%]  -0.470 +/-0.621 [20%]  -7.17 +/-8.89 [20%]  14.41 +/-8.05 [100%]  115 +/-14 [100%]            -0.420          -0.568
S2_Ensemble [ENSEMBLE]  -0.114 +/-1.195 [20%]  -0.311 +/-1.221 [20%]  -0.17 +/-19.11 [20%]  14.06 +/-2.32 [100%]  142 +/-17 [100%]             0.175          -0.004
--------------------------------------------------------------------------------------------------------------

  Verdict: BEST INDIVIDUAL >= ENSEMBLE  (ensemble full-OOS Net SR -0.004  vs  best individual 0.113;  margin=-0.117)
==============================================================================================================

[E3] ablation full (CPU ML)
[E3] DONE
