2026-06-04 12:42:20,999 INFO Cache already exists: /users/student/pg/pg24/yash.sarang/Hybrid-Pairs-Trading-Ensemble/Implementation/experiments/data/nse_nifty100/prices_2015-01-01_2024-12-31.parquet
2026-06-04 12:42:21,079 INFO   Shape: (2466, 89), dates: 2015-01-01 → 2024-12-30
WARNING: All log messages before absl::InitializeLog() is called are written to STDERR
I0000 00:00:1780557144.540055 2273207 port.cc:153] oneDNN custom operations are on. You may see slightly different numerical results due to floating-point round-off errors from different computation orders. To turn them off, set the environment variable `TF_ENABLE_ONEDNN_OPTS=0`.
I0000 00:00:1780557144.542923 2273207 cudart_stub.cc:31] Could not find cuda drivers on your machine, GPU will not be used.
WARNING: All log messages before absl::InitializeLog() is called are written to STDERR
I0000 00:00:1780557148.777653 2273207 port.cc:153] oneDNN custom operations are on. You may see slightly different numerical results due to floating-point round-off errors from different computation orders. To turn them off, set the environment variable `TF_ENABLE_ONEDNN_OPTS=0`.
I0000 00:00:1780557148.778076 2273207 cudart_stub.cc:31] Could not find cuda drivers on your machine, GPU will not be used.
E0000 00:00:1780557150.430313 2273207 cuda_platform.cc:52] failed call to cuInit: INTERNAL: CUDA error: Failed call to cuInit: CUDA_ERROR_NO_DEVICE: no CUDA-capable device is detected
12:42:30  INFO      ================================================================
12:42:30  INFO      E3 Ablation  |  mode=stat_only  |  stage=both  |  top_k=10
12:42:30  INFO      min_hold=30  capital=1,000,000
12:42:30  INFO      ================================================================
12:42:30  INFO      [Data] Fetching full 10-year daily prices ...
12:42:30  INFO        84 tickers x 2466 bars
12:42:30  INFO      
--- Running Stage 1 Ablation ---
12:42:30  INFO        Stage 1 ablation: ['Correlation_only', 'Distance_only', 'Cointegration_only', 'Combined_only', 'S1_Ensemble']
12:42:30  INFO        [S1] Config: Correlation_only
12:42:32  INFO          [Correlation_only] 2020 -> Gross SR=0.461  Net SR=0.222  pairs=10  t=1.9s
12:42:34  INFO          [Correlation_only] 2021 -> Gross SR=1.147  Net SR=0.856  pairs=10  t=1.9s
12:42:36  INFO          [Correlation_only] 2022 -> Gross SR=-0.148  Net SR=-0.403  pairs=10  t=1.9s
12:42:38  INFO          [Correlation_only] 2023 -> Gross SR=0.337  Net SR=0.057  pairs=10  t=2.0s
12:42:40  INFO          [Correlation_only] 2024 -> Gross SR=0.380  Net SR=0.069  pairs=10  t=2.0s
12:42:42  WARNING       [Correlation_only] 2025 -> empty metrics (skipped)
12:42:42  INFO        [S1] Config: Distance_only
12:42:43  INFO          [Distance_only] 2020 -> Gross SR=2.023  Net SR=1.880  pairs=10  t=1.0s
12:42:44  INFO          [Distance_only] 2021 -> Gross SR=2.323  Net SR=2.079  pairs=10  t=0.9s
12:42:45  INFO          [Distance_only] 2022 -> Gross SR=-0.312  Net SR=-0.501  pairs=10  t=0.9s
12:42:46  INFO          [Distance_only] 2023 -> Gross SR=-0.048  Net SR=-0.267  pairs=10  t=0.9s
12:42:47  INFO          [Distance_only] 2024 -> Gross SR=1.122  Net SR=0.954  pairs=10  t=0.9s
12:42:48  WARNING       [Distance_only] 2025 -> empty metrics (skipped)
12:42:48  INFO        [S1] Config: Cointegration_only
12:43:47  INFO          [Cointegration_only] 2020 -> Gross SR=-0.720  Net SR=-0.854  pairs=10  t=59.2s
12:44:47  INFO          [Cointegration_only] 2021 -> Gross SR=0.603  Net SR=0.374  pairs=10  t=59.9s
12:45:46  INFO          [Cointegration_only] 2022 -> Gross SR=1.351  Net SR=1.135  pairs=10  t=59.5s
12:46:44  INFO          [Cointegration_only] 2023 -> Gross SR=-0.615  Net SR=-0.793  pairs=10  t=57.8s
12:47:43  INFO          [Cointegration_only] 2024 -> Gross SR=-0.141  Net SR=-0.302  pairs=10  t=59.2s
12:48:43  WARNING       [Cointegration_only] 2025 -> empty metrics (skipped)
12:48:43  INFO        [S1] Config: Combined_only
12:50:33  INFO          [Combined_only] 2020 -> Gross SR=0.642  Net SR=0.539  pairs=10  t=109.4s
12:52:23  INFO          [Combined_only] 2021 -> Gross SR=1.134  Net SR=0.964  pairs=10  t=110.2s
12:54:13  INFO          [Combined_only] 2022 -> Gross SR=0.322  Net SR=0.116  pairs=10  t=110.5s
12:56:03  INFO          [Combined_only] 2023 -> Gross SR=-0.061  Net SR=-0.241  pairs=10  t=109.9s
12:57:54  INFO          [Combined_only] 2024 -> Gross SR=-2.325  Net SR=-2.493  pairs=10  t=110.3s
12:59:43  WARNING       [Combined_only] 2025 -> empty metrics (skipped)
12:59:43  INFO        [S1] Config: S1_Ensemble
13:02:32  INFO          [S1_Ensemble] 2020 -> Gross SR=2.200  Net SR=2.053  pairs=10  t=168.2s
13:05:20  INFO          [S1_Ensemble] 2021 -> Gross SR=0.283  Net SR=0.040  pairs=10  t=168.3s
13:08:08  INFO          [S1_Ensemble] 2022 -> Gross SR=-1.080  Net SR=-1.292  pairs=10  t=168.3s
13:10:56  INFO          [S1_Ensemble] 2023 -> Gross SR=0.369  Net SR=0.123  pairs=10  t=167.4s
13:13:45  INFO          [S1_Ensemble] 2024 -> Gross SR=0.541  Net SR=0.357  pairs=10  t=169.6s
13:16:34  WARNING       [S1_Ensemble] 2025 -> empty metrics (skipped)
13:16:34  INFO      
--- Running Stage 2 Ablation ---
13:16:34  INFO        [S2] Pre-selecting pairs per fold ...
13:19:21  INFO          2020: 10 pairs — ['HDFCBANK-BAJAJFINSV', 'TATASTEEL-SAIL', 'KOTAKBANK-BAJFINANCE', 'CANBK-BANKBARODA'] ...
13:22:07  INFO          2021: 10 pairs — ['INFY-HCLTECH', 'INFY-MPHASIS', 'HCLTECH-PERSISTENT', 'AXISBANK-INDUSINDBK'] ...
13:24:54  INFO          2022: 10 pairs — ['ACC-AMBUJACEM', 'WIPRO-SUNPHARMA', 'TITAN-OBEROIRLTY', 'BAJFINANCE-BAJAJFINSV'] ...
13:27:41  INFO          2023: 10 pairs — ['ITC-PHOENIXLTD', 'ULTRACEMCO-JKCEMENT', 'WIPRO-MUTHOOTFIN', 'COALINDIA-BEL'] ...
13:30:29  INFO          2024: 10 pairs — ['PNB-CANBK', 'TRENT-OBEROIRLTY', 'BAJAJ-AUTO-DLF', 'GODREJPROP-MUTHOOTFIN'] ...
13:33:18  INFO          2025: 10 pairs — ['TORNTPHARM-LUPIN', 'BHARTIARTL-TRENT', 'ICICIBANK-BHARTIARTL', 'INFY-MPHASIS'] ...
13:33:18  INFO        [S2] Config: ZScore_only
13:33:18  INFO          [ZScore_only] 2020 -> Gross SR=0.318  Net SR=0.150  t=0.1s
13:33:18  INFO          [ZScore_only] 2021 -> Gross SR=-0.277  Net SR=-0.506  t=0.1s
13:33:18  INFO          [ZScore_only] 2022 -> Gross SR=-0.835  Net SR=-1.035  t=0.1s
13:33:18  INFO          [ZScore_only] 2023 -> Gross SR=-0.226  Net SR=-0.450  t=0.1s
13:33:18  INFO          [ZScore_only] 2024 -> Gross SR=0.606  Net SR=0.464  t=0.1s
13:33:18  INFO          [ZScore_only] 2025 -> Gross SR=0.000  Net SR=0.000  t=0.1s
13:33:18  INFO        [S2] Config: OU_only
13:33:18  INFO          [OU_only] 2020 -> Gross SR=2.494  Net SR=2.391  t=0.1s
13:33:18  INFO          [OU_only] 2021 -> Gross SR=-0.080  Net SR=-0.216  t=0.1s
13:33:18  INFO          [OU_only] 2022 -> Gross SR=0.106  Net SR=0.010  t=0.1s
13:33:19  INFO          [OU_only] 2023 -> Gross SR=-0.046  Net SR=-0.176  t=0.1s
13:33:19  INFO          [OU_only] 2024 -> Gross SR=-0.492  Net SR=-0.596  t=0.1s
13:33:19  INFO          [OU_only] 2025 -> Gross SR=0.000  Net SR=0.000  t=0.1s
13:33:19  INFO        [S2] Config: Kalman_only
13:33:19  INFO          [Kalman_only] 2020 -> Gross SR=-0.941  Net SR=-1.141  t=0.2s
13:33:19  INFO          [Kalman_only] 2021 -> Gross SR=-0.955  Net SR=-1.252  t=0.2s
13:33:19  INFO          [Kalman_only] 2022 -> Gross SR=-0.054  Net SR=-0.238  t=0.2s
13:33:20  INFO          [Kalman_only] 2023 -> Gross SR=1.070  Net SR=0.827  t=0.2s
13:33:20  INFO          [Kalman_only] 2024 -> Gross SR=0.716  Net SR=0.521  t=0.3s
13:33:20  INFO          [Kalman_only] 2025 -> Gross SR=0.000  Net SR=0.000  t=0.3s
13:33:20  INFO        [S2] Config: ML_only
13:33:21  INFO          [ML_only] 2020 -> Gross SR=-1.149  Net SR=-1.268  t=0.6s
13:33:21  INFO          [ML_only] 2021 -> Gross SR=-0.803  Net SR=-1.026  t=0.7s
13:33:22  INFO          [ML_only] 2022 -> Gross SR=0.843  Net SR=0.683  t=0.7s
13:33:23  INFO          [ML_only] 2023 -> Gross SR=0.121  Net SR=-0.094  t=0.7s
13:33:23  INFO          [ML_only] 2024 -> Gross SR=-0.180  Net SR=-0.320  t=0.6s
13:33:24  INFO          [ML_only] 2025 -> Gross SR=0.000  Net SR=0.000  t=0.7s
13:33:24  INFO        [S2] Config: S2_Ensemble
13:33:25  INFO          [S2_Ensemble] 2020 -> Gross SR=2.200  Net SR=2.053  t=0.8s
13:33:26  INFO          [S2_Ensemble] 2021 -> Gross SR=0.283  Net SR=0.040  t=0.8s
13:33:26  INFO          [S2_Ensemble] 2022 -> Gross SR=-1.080  Net SR=-1.292  t=0.8s
13:33:27  INFO          [S2_Ensemble] 2023 -> Gross SR=0.369  Net SR=0.123  t=0.9s
13:33:28  INFO          [S2_Ensemble] 2024 -> Gross SR=0.541  Net SR=0.357  t=0.9s
13:33:29  INFO          [S2_Ensemble] 2025 -> Gross SR=0.000  Net SR=0.000  t=0.9s
13:33:29  INFO      Total ablation time: 3059s
13:33:29  INFO      Results saved -> /users/student/pg/pg24/yash.sarang/Hybrid-Pairs-Trading-Ensemble/Implementation/experiments/results/ablation_20260604_133329.json
WARNING: All log messages before absl::InitializeLog() is called are written to STDERR
I0000 00:00:1780560213.240205 2278154 port.cc:153] oneDNN custom operations are on. You may see slightly different numerical results due to floating-point round-off errors from different computation orders. To turn them off, set the environment variable `TF_ENABLE_ONEDNN_OPTS=0`.
I0000 00:00:1780560213.242102 2278154 cudart_stub.cc:31] Could not find cuda drivers on your machine, GPU will not be used.
WARNING: All log messages before absl::InitializeLog() is called are written to STDERR
I0000 00:00:1780560216.903474 2278154 port.cc:153] oneDNN custom operations are on. You may see slightly different numerical results due to floating-point round-off errors from different computation orders. To turn them off, set the environment variable `TF_ENABLE_ONEDNN_OPTS=0`.
I0000 00:00:1780560216.903902 2278154 cudart_stub.cc:31] Could not find cuda drivers on your machine, GPU will not be used.
E0000 00:00:1780560217.951309 2278154 cuda_platform.cc:52] failed call to cuInit: INTERNAL: CUDA error: Failed call to cuInit: CUDA_ERROR_NO_DEVICE: no CUDA-capable device is detected
13:33:38  INFO      ================================================================
13:33:38  INFO      E3 Ablation  |  mode=stat_ml  |  stage=both  |  top_k=10
13:33:38  INFO      min_hold=30  capital=1,000,000
13:33:38  INFO      ================================================================
13:33:38  INFO      [Data] Fetching full 10-year daily prices ...
13:33:38  INFO        84 tickers x 2466 bars
13:33:38  INFO      
--- Running Stage 1 Ablation ---
13:33:38  INFO        Stage 1 ablation: ['Correlation_only', 'Distance_only', 'Cointegration_only', 'Combined_only', 'ML_only', 'S1_Ensemble']
13:33:38  INFO        [S1] Config: Correlation_only
13:33:40  INFO          [Correlation_only] 2020 -> Gross SR=0.461  Net SR=0.222  pairs=10  t=1.8s
13:33:41  INFO          [Correlation_only] 2021 -> Gross SR=1.147  Net SR=0.856  pairs=10  t=2.0s
13:33:43  INFO          [Correlation_only] 2022 -> Gross SR=-0.148  Net SR=-0.403  pairs=10  t=1.9s
13:33:45  INFO          [Correlation_only] 2023 -> Gross SR=0.337  Net SR=0.057  pairs=10  t=2.0s
13:33:47  INFO          [Correlation_only] 2024 -> Gross SR=0.380  Net SR=0.069  pairs=10  t=2.1s
13:33:50  WARNING       [Correlation_only] 2025 -> empty metrics (skipped)
13:33:50  INFO        [S1] Config: Distance_only
13:33:51  INFO          [Distance_only] 2020 -> Gross SR=2.023  Net SR=1.880  pairs=10  t=1.0s
13:33:51  INFO          [Distance_only] 2021 -> Gross SR=2.323  Net SR=2.079  pairs=10  t=0.9s
13:33:52  INFO          [Distance_only] 2022 -> Gross SR=-0.312  Net SR=-0.501  pairs=10  t=0.9s
13:33:53  INFO          [Distance_only] 2023 -> Gross SR=-0.048  Net SR=-0.267  pairs=10  t=0.9s
13:33:54  INFO          [Distance_only] 2024 -> Gross SR=1.122  Net SR=0.954  pairs=10  t=1.0s
13:33:55  WARNING       [Distance_only] 2025 -> empty metrics (skipped)
13:33:55  INFO        [S1] Config: Cointegration_only
13:34:52  INFO          [Cointegration_only] 2020 -> Gross SR=-0.720  Net SR=-0.854  pairs=10  t=56.5s
13:35:49  INFO          [Cointegration_only] 2021 -> Gross SR=0.603  Net SR=0.374  pairs=10  t=57.0s
13:36:45  INFO          [Cointegration_only] 2022 -> Gross SR=1.351  Net SR=1.135  pairs=10  t=56.4s
13:37:43  INFO          [Cointegration_only] 2023 -> Gross SR=-0.615  Net SR=-0.793  pairs=10  t=57.9s
13:38:42  INFO          [Cointegration_only] 2024 -> Gross SR=-0.141  Net SR=-0.302  pairs=10  t=58.6s
13:39:39  WARNING       [Cointegration_only] 2025 -> empty metrics (skipped)
13:39:39  INFO        [S1] Config: Combined_only
13:41:28  INFO          [Combined_only] 2020 -> Gross SR=0.642  Net SR=0.539  pairs=10  t=108.7s
13:43:17  INFO          [Combined_only] 2021 -> Gross SR=1.134  Net SR=0.964  pairs=10  t=109.4s
13:45:07  INFO          [Combined_only] 2022 -> Gross SR=0.322  Net SR=0.116  pairs=10  t=109.3s
13:46:56  INFO          [Combined_only] 2023 -> Gross SR=-0.061  Net SR=-0.241  pairs=10  t=109.1s
13:48:45  INFO          [Combined_only] 2024 -> Gross SR=-2.325  Net SR=-2.493  pairs=10  t=109.0s
13:50:33  WARNING       [Combined_only] 2025 -> empty metrics (skipped)
13:50:33  INFO        [S1] Config: ML_only
13:51:16  INFO      [MLSelector.fit] y class counts: {0: 2053, 1: 1433}
13:53:54  INFO          [ML_only] 2020 -> Gross SR=-1.256  Net SR=-1.424  pairs=10  t=200.7s
13:54:59  INFO      [MLSelector.fit] y class counts: {0: 1664, 1: 1822}
13:57:57  INFO          [ML_only] 2021 -> Gross SR=1.367  Net SR=1.220  pairs=10  t=242.8s
13:59:20  INFO      [MLSelector.fit] y class counts: {0: 1713, 1: 1773}
14:02:55  INFO          [ML_only] 2022 -> Gross SR=0.905  Net SR=0.751  pairs=10  t=298.5s
14:04:40  INFO      [MLSelector.fit] y class counts: {0: 1752, 1: 1734}
14:09:00  INFO          [ML_only] 2023 -> Gross SR=1.412  Net SR=1.151  pairs=10  t=364.2s
14:11:05  INFO      [MLSelector.fit] y class counts: {0: 1860, 1: 1626}
14:16:38  INFO          [ML_only] 2024 -> Gross SR=-0.433  Net SR=-0.612  pairs=10  t=458.0s
14:19:21  INFO      [MLSelector.fit] y class counts: {0: 1371, 1: 2115}
14:25:54  WARNING       [ML_only] 2025 -> empty metrics (skipped)
14:25:54  INFO        [S1] Config: S1_Ensemble
14:29:22  INFO      [MLSelector.fit] y class counts: {0: 2053, 1: 1433}
14:32:00  INFO          [S1_Ensemble] 2020 -> Gross SR=2.235  Net SR=2.088  pairs=10  t=365.9s
14:35:56  INFO      [MLSelector.fit] y class counts: {0: 1664, 1: 1822}
14:38:53  INFO          [S1_Ensemble] 2021 -> Gross SR=-0.792  Net SR=-1.030  pairs=10  t=412.8s
14:43:11  INFO      [MLSelector.fit] y class counts: {0: 1713, 1: 1773}
14:46:47  INFO          [S1_Ensemble] 2022 -> Gross SR=-1.044  Net SR=-1.224  pairs=10  t=474.0s
14:51:18  INFO      [MLSelector.fit] y class counts: {0: 1752, 1: 1734}
14:55:39  INFO          [S1_Ensemble] 2023 -> Gross SR=-0.593  Net SR=-0.860  pairs=10  t=531.9s
15:00:47  INFO      [MLSelector.fit] y class counts: {0: 1860, 1: 1626}
15:06:20  INFO          [S1_Ensemble] 2024 -> Gross SR=-0.375  Net SR=-0.527  pairs=10  t=641.1s
15:11:55  INFO      [MLSelector.fit] y class counts: {0: 1371, 1: 2115}
15:18:31  WARNING       [S1_Ensemble] 2025 -> empty metrics (skipped)
15:18:31  INFO      
--- Running Stage 2 Ablation ---
15:18:31  INFO        [S2] Pre-selecting pairs per fold ...
15:22:00  INFO      [MLSelector.fit] y class counts: {0: 2053, 1: 1433}
15:24:38  INFO          2020: 10 pairs — ['TATASTEEL-SAIL', 'HDFCBANK-BAJAJFINSV', 'ICICIBANK-BHARTIARTL', 'KOTAKBANK-BAJFINANCE'] ...
15:28:29  INFO      [MLSelector.fit] y class counts: {0: 1664, 1: 1822}
15:31:27  INFO          2021: 10 pairs — ['AXISBANK-INDUSINDBK', 'SBIN-AXISBANK', 'INFY-HCLTECH', 'INFY-MPHASIS'] ...
15:35:39  INFO      [MLSelector.fit] y class counts: {0: 1713, 1: 1773}
15:39:13  INFO          2022: 10 pairs — ['ACC-AMBUJACEM', 'TITAN-OBEROIRLTY', 'BAJFINANCE-BAJAJFINSV', 'NATIONALUM-BEL'] ...
15:43:48  INFO      [MLSelector.fit] y class counts: {0: 1752, 1: 1734}
15:48:11  INFO          2023: 10 pairs — ['ITC-PHOENIXLTD', 'ULTRACEMCO-JKCEMENT', 'WIPRO-MUTHOOTFIN', 'COALINDIA-BEL'] ...
15:53:08  INFO      [MLSelector.fit] y class counts: {0: 1860, 1: 1626}
15:58:37  INFO          2024: 10 pairs — ['PNB-CANBK', 'TRENT-OBEROIRLTY', 'GODREJPROP-MUTHOOTFIN', 'OBEROIRLTY-PHOENIXLTD'] ...
16:04:13  INFO      [MLSelector.fit] y class counts: {0: 1371, 1: 2115}
16:10:48  INFO          2025: 10 pairs — ['ICICIBANK-BHARTIARTL', 'INFY-MPHASIS', 'TORNTPHARM-LUPIN', 'BHARTIARTL-TRENT'] ...
16:10:48  INFO        [S2] Config: ZScore_only
16:10:48  INFO          [ZScore_only] 2020 -> Gross SR=0.660  Net SR=0.493  t=0.0s
16:10:48  INFO          [ZScore_only] 2021 -> Gross SR=-0.476  Net SR=-0.678  t=0.0s
16:10:48  INFO          [ZScore_only] 2022 -> Gross SR=0.875  Net SR=0.686  t=0.0s
16:10:48  INFO          [ZScore_only] 2023 -> Gross SR=-0.783  Net SR=-1.028  t=0.0s
16:10:48  INFO          [ZScore_only] 2024 -> Gross SR=0.319  Net SR=0.196  t=0.0s
16:10:48  INFO          [ZScore_only] 2025 -> Gross SR=0.000  Net SR=0.000  t=0.0s
16:10:48  INFO        [S2] Config: OU_only
16:10:48  INFO          [OU_only] 2020 -> Gross SR=1.806  Net SR=1.718  t=0.1s
16:10:48  INFO          [OU_only] 2021 -> Gross SR=-0.399  Net SR=-0.533  t=0.1s
16:10:48  INFO          [OU_only] 2022 -> Gross SR=0.806  Net SR=0.718  t=0.1s
16:10:48  INFO          [OU_only] 2023 -> Gross SR=-0.489  Net SR=-0.603  t=0.1s
16:10:48  INFO          [OU_only] 2024 -> Gross SR=-0.921  Net SR=-1.002  t=0.1s
16:10:48  INFO          [OU_only] 2025 -> Gross SR=0.000  Net SR=0.000  t=0.1s
16:10:48  INFO        [S2] Config: Kalman_only
16:10:48  INFO          [Kalman_only] 2020 -> Gross SR=-0.891  Net SR=-1.097  t=0.2s
16:10:49  INFO          [Kalman_only] 2021 -> Gross SR=-1.466  Net SR=-1.706  t=0.2s
16:10:49  INFO          [Kalman_only] 2022 -> Gross SR=0.460  Net SR=0.311  t=0.2s
16:10:49  INFO          [Kalman_only] 2023 -> Gross SR=-0.607  Net SR=-0.813  t=0.2s
16:10:49  INFO          [Kalman_only] 2024 -> Gross SR=0.206  Net SR=0.037  t=0.2s
16:10:49  INFO          [Kalman_only] 2025 -> Gross SR=0.000  Net SR=0.000  t=0.2s
16:10:49  INFO        [S2] Config: ML_only
16:10:50  INFO          [ML_only] 2020 -> Gross SR=-0.903  Net SR=-1.027  t=0.6s
16:10:51  INFO          [ML_only] 2021 -> Gross SR=0.101  Net SR=-0.095  t=0.6s
16:10:51  INFO          [ML_only] 2022 -> Gross SR=0.696  Net SR=0.538  t=0.6s
16:10:52  INFO          [ML_only] 2023 -> Gross SR=-0.429  Net SR=-0.633  t=0.6s
16:10:53  INFO          [ML_only] 2024 -> Gross SR=-1.003  Net SR=-1.132  t=0.7s
16:10:53  INFO          [ML_only] 2025 -> Gross SR=0.000  Net SR=0.000  t=0.6s
16:10:53  INFO        [S2] Config: S2_Ensemble
16:10:54  INFO          [S2_Ensemble] 2020 -> Gross SR=2.235  Net SR=2.088  t=0.7s
16:10:55  INFO          [S2_Ensemble] 2021 -> Gross SR=-0.792  Net SR=-1.030  t=0.8s
16:10:56  INFO          [S2_Ensemble] 2022 -> Gross SR=-1.044  Net SR=-1.224  t=0.8s
16:10:56  INFO          [S2_Ensemble] 2023 -> Gross SR=-0.593  Net SR=-0.860  t=0.8s
16:10:57  INFO          [S2_Ensemble] 2024 -> Gross SR=-0.375  Net SR=-0.527  t=0.9s
16:10:58  INFO          [S2_Ensemble] 2025 -> Gross SR=0.000  Net SR=0.000  t=0.9s
16:10:58  INFO      Total ablation time: 9440s
16:10:58  INFO      Results saved -> /users/student/pg/pg24/yash.sarang/Hybrid-Pairs-Trading-Ensemble/Implementation/experiments/results/ablation_20260604_161058.json
WARNING: All log messages before absl::InitializeLog() is called are written to STDERR
I0000 00:00:1780569662.259860 2292349 port.cc:153] oneDNN custom operations are on. You may see slightly different numerical results due to floating-point round-off errors from different computation orders. To turn them off, set the environment variable `TF_ENABLE_ONEDNN_OPTS=0`.
I0000 00:00:1780569662.261788 2292349 cudart_stub.cc:31] Could not find cuda drivers on your machine, GPU will not be used.
WARNING: All log messages before absl::InitializeLog() is called are written to STDERR
I0000 00:00:1780569670.051701 2292349 port.cc:153] oneDNN custom operations are on. You may see slightly different numerical results due to floating-point round-off errors from different computation orders. To turn them off, set the environment variable `TF_ENABLE_ONEDNN_OPTS=0`.
I0000 00:00:1780569670.052624 2292349 cudart_stub.cc:31] Could not find cuda drivers on your machine, GPU will not be used.
E0000 00:00:1780569671.361759 2292349 cuda_platform.cc:52] failed call to cuInit: INTERNAL: CUDA error: Failed call to cuInit: CUDA_ERROR_NO_DEVICE: no CUDA-capable device is detected
16:11:11  INFO      ================================================================
16:11:11  INFO      E3 Ablation  |  mode=full  |  stage=both  |  top_k=10
16:11:11  INFO      min_hold=30  capital=1,000,000
16:11:11  INFO      ================================================================
16:11:11  INFO      [Data] Fetching full 10-year daily prices ...
16:11:11  INFO        84 tickers x 2466 bars
16:11:11  INFO      
--- Running Stage 1 Ablation ---
16:11:11  INFO        Stage 1 ablation: ['Correlation_only', 'Distance_only', 'Cointegration_only', 'Combined_only', 'ML_only', 'LSTM_only', 'Transformer_only', 'GNN_only', 'S1_Ensemble']
16:11:11  INFO        [S1] Config: Correlation_only
16:11:13  INFO          [Correlation_only] 2020 -> Gross SR=0.461  Net SR=0.222  pairs=10  t=1.9s
16:11:15  INFO          [Correlation_only] 2021 -> Gross SR=1.147  Net SR=0.856  pairs=10  t=2.0s
16:11:17  INFO          [Correlation_only] 2022 -> Gross SR=-0.148  Net SR=-0.403  pairs=10  t=2.0s
16:11:19  INFO          [Correlation_only] 2023 -> Gross SR=0.337  Net SR=0.057  pairs=10  t=2.0s
16:11:21  INFO          [Correlation_only] 2024 -> Gross SR=0.380  Net SR=0.069  pairs=10  t=2.0s
16:11:23  WARNING       [Correlation_only] 2025 -> empty metrics (skipped)
16:11:23  INFO        [S1] Config: Distance_only
16:11:24  INFO          [Distance_only] 2020 -> Gross SR=2.023  Net SR=1.880  pairs=10  t=1.0s
16:11:25  INFO          [Distance_only] 2021 -> Gross SR=2.323  Net SR=2.079  pairs=10  t=0.9s
16:11:26  INFO          [Distance_only] 2022 -> Gross SR=-0.312  Net SR=-0.501  pairs=10  t=0.9s
16:11:27  INFO          [Distance_only] 2023 -> Gross SR=-0.048  Net SR=-0.267  pairs=10  t=0.9s
16:11:28  INFO          [Distance_only] 2024 -> Gross SR=1.122  Net SR=0.954  pairs=10  t=0.9s
16:11:29  WARNING       [Distance_only] 2025 -> empty metrics (skipped)
16:11:29  INFO        [S1] Config: Cointegration_only
16:12:27  INFO          [Cointegration_only] 2020 -> Gross SR=-0.720  Net SR=-0.854  pairs=10  t=58.3s
16:13:26  INFO          [Cointegration_only] 2021 -> Gross SR=0.603  Net SR=0.374  pairs=10  t=59.1s
16:14:25  INFO          [Cointegration_only] 2022 -> Gross SR=1.351  Net SR=1.135  pairs=10  t=58.9s
16:15:24  INFO          [Cointegration_only] 2023 -> Gross SR=-0.615  Net SR=-0.793  pairs=10  t=59.1s
16:16:24  INFO          [Cointegration_only] 2024 -> Gross SR=-0.141  Net SR=-0.302  pairs=10  t=59.9s
16:17:23  WARNING       [Cointegration_only] 2025 -> empty metrics (skipped)
16:17:23  INFO        [S1] Config: Combined_only
16:19:15  INFO          [Combined_only] 2020 -> Gross SR=0.642  Net SR=0.539  pairs=10  t=111.3s
16:21:06  INFO          [Combined_only] 2021 -> Gross SR=1.134  Net SR=0.964  pairs=10  t=111.5s
16:22:58  INFO          [Combined_only] 2022 -> Gross SR=0.322  Net SR=0.116  pairs=10  t=111.7s
16:24:49  INFO          [Combined_only] 2023 -> Gross SR=-0.061  Net SR=-0.241  pairs=10  t=110.7s
16:26:40  INFO          [Combined_only] 2024 -> Gross SR=-2.325  Net SR=-2.493  pairs=10  t=111.4s
16:28:31  WARNING       [Combined_only] 2025 -> empty metrics (skipped)
16:28:31  INFO        [S1] Config: ML_only
16:29:15  INFO      [MLSelector.fit] y class counts: {0: 2053, 1: 1433}
16:31:54  INFO          [ML_only] 2020 -> Gross SR=-1.256  Net SR=-1.424  pairs=10  t=203.0s
16:33:06  INFO      [MLSelector.fit] y class counts: {0: 1664, 1: 1822}
16:36:07  INFO          [ML_only] 2021 -> Gross SR=1.367  Net SR=1.220  pairs=10  t=252.7s
16:37:32  INFO      [MLSelector.fit] y class counts: {0: 1713, 1: 1773}
16:41:11  INFO          [ML_only] 2022 -> Gross SR=0.905  Net SR=0.751  pairs=10  t=303.7s
16:42:55  INFO      [MLSelector.fit] y class counts: {0: 1752, 1: 1734}
16:47:24  INFO          [ML_only] 2023 -> Gross SR=1.412  Net SR=1.151  pairs=10  t=373.1s
16:49:40  INFO      [MLSelector.fit] y class counts: {0: 1860, 1: 1626}
16:55:15  INFO          [ML_only] 2024 -> Gross SR=-0.433  Net SR=-0.612  pairs=10  t=470.9s
16:58:04  INFO      [MLSelector.fit] y class counts: {0: 1371, 1: 2115}
17:04:41  WARNING       [ML_only] 2025 -> empty metrics (skipped)
17:04:41  INFO        [S1] Config: LSTM_only
17:05:41  INFO      [LSTMSelector] 3074115 sequences, class dist: {0: 1543473, 1: 1530642}
17:05:43  INFO      [LSTMSelector] Subsampled to 50000 sequences.
/users/student/pg/pg24/yash.sarang/miniconda3/lib/python3.13/site-packages/keras/src/layers/rnn/bidirectional.py:107: UserWarning: Do not pass an `input_shape`/`input_dim` argument to a layer. When using Sequential models, prefer using an `Input(shape)` object as the first layer in the model instead.
  super().__init__(**kwargs)
17:07:52  INFO      [LSTMSelector] Training complete.
E0000 00:00:1780573083.043242 2292349 node_def_util.cc:682] NodeDef mentions attribute use_unbounded_threadpool which is not in the op definition: Op<name=MapDataset; signature=input_dataset:variant, other_arguments: -> handle:variant; attr=f:func; attr=Targuments:list(type),min=0; attr=output_types:list(type),min=1; attr=output_shapes:list(shape),min=1; attr=use_inter_op_parallelism:bool,default=true; attr=preserve_cardinality:bool,default=false; attr=force_synchronous:bool,default=false; attr=metadata:string,default=""> This may be expected if your graph generating binary is newer  than this binary. Unknown attributes will be ignored. NodeDef: {{node ParallelMapDatasetV2/_14}}
17:08:04  INFO          [LSTM_only] 2020 -> Gross SR=-0.926  Net SR=-1.059  pairs=10  t=203.5s
17:09:07  INFO      [LSTMSelector] 3949101 sequences, class dist: {0: 1988355, 1: 1960746}
/var/spool/slurmd/job08730/slurm_script: line 35: 2292349 Killed                  python Implementation/experiments/ablation.py --mode full
slurmstepd-anandi: error: Detected 1 oom_kill event in StepId=8730.batch. Some of the step tasks have been OOM Killed.
