2026-06-04 10:18:58,621 INFO Cache already exists: /users/student/pg/pg24/yash.sarang/Hybrid-Pairs-Trading-Ensemble/Implementation/experiments/data/nse_nifty100/prices_2015-01-01_2024-12-31.parquet
2026-06-04 10:18:58,680 INFO   Shape: (2466, 89), dates: 2015-01-01 → 2024-12-30
WARNING: All log messages before absl::InitializeLog() is called are written to STDERR
I0000 00:00:1780548541.531345 2240660 port.cc:153] oneDNN custom operations are on. You may see slightly different numerical results due to floating-point round-off errors from different computation orders. To turn them off, set the environment variable `TF_ENABLE_ONEDNN_OPTS=0`.
I0000 00:00:1780548541.535460 2240660 cudart_stub.cc:31] Could not find cuda drivers on your machine, GPU will not be used.
WARNING: All log messages before absl::InitializeLog() is called are written to STDERR
I0000 00:00:1780548546.359035 2240660 port.cc:153] oneDNN custom operations are on. You may see slightly different numerical results due to floating-point round-off errors from different computation orders. To turn them off, set the environment variable `TF_ENABLE_ONEDNN_OPTS=0`.
I0000 00:00:1780548546.360598 2240660 cudart_stub.cc:31] Could not find cuda drivers on your machine, GPU will not be used.
E0000 00:00:1780548547.987358 2240660 cuda_platform.cc:52] failed call to cuInit: INTERNAL: CUDA error: Failed call to cuInit: CUDA_ERROR_NO_DEVICE: no CUDA-capable device is detected
10:19:08  INFO      ================================================================
10:19:08  INFO      E3 Ablation  |  mode=stat_only  |  stage=both  |  top_k=10
10:19:08  INFO      min_hold=30  capital=1,000,000
10:19:08  INFO      ================================================================
10:19:08  INFO      [Data] Fetching full 10-year daily prices ...
10:19:08  INFO        35 tickers x 2466 bars
10:19:08  INFO      
--- Running Stage 1 Ablation ---
10:19:08  INFO        Stage 1 ablation: ['Correlation_only', 'Distance_only', 'Cointegration_only', 'Combined_only', 'S1_Ensemble']
10:19:08  INFO        [S1] Config: Correlation_only
10:19:09  INFO          [Correlation_only] 2020 -> Gross SR=-0.955  Net SR=-1.188  pairs=10  t=0.9s
10:19:10  INFO          [Correlation_only] 2021 -> Gross SR=2.079  Net SR=1.749  pairs=10  t=0.9s
10:19:11  INFO          [Correlation_only] 2022 -> Gross SR=-0.602  Net SR=-0.857  pairs=10  t=1.0s
10:19:12  INFO          [Correlation_only] 2023 -> Gross SR=2.933  Net SR=2.542  pairs=10  t=1.0s
10:19:13  INFO          [Correlation_only] 2024 -> Gross SR=-0.167  Net SR=-0.407  pairs=10  t=1.0s
Traceback (most recent call last):
  File "/users/student/pg/pg24/yash.sarang/Hybrid-Pairs-Trading-Ensemble/Implementation/experiments/ablation.py", line 726, in <module>
    main()
    ~~~~^^
  File "/users/student/pg/pg24/yash.sarang/Hybrid-Pairs-Trading-Ensemble/Implementation/experiments/ablation.py", line 688, in main
    s1_results = run_stage1_ablation(prices, args.mode, args.top_k, costs)
  File "/users/student/pg/pg24/yash.sarang/Hybrid-Pairs-Trading-Ensemble/Implementation/experiments/ablation.py", line 475, in run_stage1_ablation
    f"Gross SR={float(m['gross_sharpe']):.3f}  "
                      ~^^^^^^^^^^^^^^^^
KeyError: 'gross_sharpe'
WARNING: All log messages before absl::InitializeLog() is called are written to STDERR
I0000 00:00:1780548555.817831 2240735 port.cc:153] oneDNN custom operations are on. You may see slightly different numerical results due to floating-point round-off errors from different computation orders. To turn them off, set the environment variable `TF_ENABLE_ONEDNN_OPTS=0`.
I0000 00:00:1780548555.818400 2240735 cudart_stub.cc:31] Could not find cuda drivers on your machine, GPU will not be used.
WARNING: All log messages before absl::InitializeLog() is called are written to STDERR
I0000 00:00:1780548556.746216 2240735 port.cc:153] oneDNN custom operations are on. You may see slightly different numerical results due to floating-point round-off errors from different computation orders. To turn them off, set the environment variable `TF_ENABLE_ONEDNN_OPTS=0`.
I0000 00:00:1780548556.746535 2240735 cudart_stub.cc:31] Could not find cuda drivers on your machine, GPU will not be used.
E0000 00:00:1780548557.045295 2240735 cuda_platform.cc:52] failed call to cuInit: INTERNAL: CUDA error: Failed call to cuInit: CUDA_ERROR_NO_DEVICE: no CUDA-capable device is detected
10:19:17  INFO      ================================================================
10:19:17  INFO      E3 Ablation  |  mode=stat_ml  |  stage=both  |  top_k=10
10:19:17  INFO      min_hold=30  capital=1,000,000
10:19:17  INFO      ================================================================
10:19:17  INFO      [Data] Fetching full 10-year daily prices ...
10:19:17  INFO        35 tickers x 2466 bars
10:19:17  INFO      
--- Running Stage 1 Ablation ---
10:19:17  INFO        Stage 1 ablation: ['Correlation_only', 'Distance_only', 'Cointegration_only', 'Combined_only', 'ML_only', 'S1_Ensemble']
10:19:17  INFO        [S1] Config: Correlation_only
10:19:18  INFO          [Correlation_only] 2020 -> Gross SR=-0.955  Net SR=-1.188  pairs=10  t=0.9s
10:19:19  INFO          [Correlation_only] 2021 -> Gross SR=2.079  Net SR=1.749  pairs=10  t=0.9s
10:19:20  INFO          [Correlation_only] 2022 -> Gross SR=-0.602  Net SR=-0.857  pairs=10  t=0.9s
10:19:21  INFO          [Correlation_only] 2023 -> Gross SR=2.933  Net SR=2.542  pairs=10  t=1.0s
10:19:22  INFO          [Correlation_only] 2024 -> Gross SR=-0.167  Net SR=-0.407  pairs=10  t=1.0s
Traceback (most recent call last):
  File "/users/student/pg/pg24/yash.sarang/Hybrid-Pairs-Trading-Ensemble/Implementation/experiments/ablation.py", line 726, in <module>
    main()
    ~~~~^^
  File "/users/student/pg/pg24/yash.sarang/Hybrid-Pairs-Trading-Ensemble/Implementation/experiments/ablation.py", line 688, in main
    s1_results = run_stage1_ablation(prices, args.mode, args.top_k, costs)
  File "/users/student/pg/pg24/yash.sarang/Hybrid-Pairs-Trading-Ensemble/Implementation/experiments/ablation.py", line 475, in run_stage1_ablation
    f"Gross SR={float(m['gross_sharpe']):.3f}  "
                      ~^^^^^^^^^^^^^^^^
KeyError: 'gross_sharpe'
WARNING: All log messages before absl::InitializeLog() is called are written to STDERR
I0000 00:00:1780548564.602113 2240831 port.cc:153] oneDNN custom operations are on. You may see slightly different numerical results due to floating-point round-off errors from different computation orders. To turn them off, set the environment variable `TF_ENABLE_ONEDNN_OPTS=0`.
I0000 00:00:1780548564.602664 2240831 cudart_stub.cc:31] Could not find cuda drivers on your machine, GPU will not be used.
WARNING: All log messages before absl::InitializeLog() is called are written to STDERR
I0000 00:00:1780548565.505179 2240831 port.cc:153] oneDNN custom operations are on. You may see slightly different numerical results due to floating-point round-off errors from different computation orders. To turn them off, set the environment variable `TF_ENABLE_ONEDNN_OPTS=0`.
I0000 00:00:1780548565.505496 2240831 cudart_stub.cc:31] Could not find cuda drivers on your machine, GPU will not be used.
E0000 00:00:1780548565.821482 2240831 cuda_platform.cc:52] failed call to cuInit: INTERNAL: CUDA error: Failed call to cuInit: CUDA_ERROR_NO_DEVICE: no CUDA-capable device is detected
10:19:26  INFO      ================================================================
10:19:26  INFO      E3 Ablation  |  mode=full  |  stage=both  |  top_k=10
10:19:26  INFO      min_hold=30  capital=1,000,000
10:19:26  INFO      ================================================================
10:19:26  INFO      [Data] Fetching full 10-year daily prices ...
10:19:26  INFO        35 tickers x 2466 bars
10:19:26  INFO      
--- Running Stage 1 Ablation ---
10:19:26  INFO        Stage 1 ablation: ['Correlation_only', 'Distance_only', 'Cointegration_only', 'Combined_only', 'ML_only', 'LSTM_only', 'Transformer_only', 'GNN_only', 'S1_Ensemble']
10:19:26  INFO        [S1] Config: Correlation_only
10:19:27  INFO          [Correlation_only] 2020 -> Gross SR=-0.955  Net SR=-1.188  pairs=10  t=0.9s
10:19:27  INFO          [Correlation_only] 2021 -> Gross SR=2.079  Net SR=1.749  pairs=10  t=0.9s
10:19:28  INFO          [Correlation_only] 2022 -> Gross SR=-0.602  Net SR=-0.857  pairs=10  t=0.9s
10:19:29  INFO          [Correlation_only] 2023 -> Gross SR=2.933  Net SR=2.542  pairs=10  t=1.0s
10:19:30  INFO          [Correlation_only] 2024 -> Gross SR=-0.167  Net SR=-0.407  pairs=10  t=1.0s
Traceback (most recent call last):
  File "/users/student/pg/pg24/yash.sarang/Hybrid-Pairs-Trading-Ensemble/Implementation/experiments/ablation.py", line 726, in <module>
    main()
    ~~~~^^
  File "/users/student/pg/pg24/yash.sarang/Hybrid-Pairs-Trading-Ensemble/Implementation/experiments/ablation.py", line 688, in main
    s1_results = run_stage1_ablation(prices, args.mode, args.top_k, costs)
  File "/users/student/pg/pg24/yash.sarang/Hybrid-Pairs-Trading-Ensemble/Implementation/experiments/ablation.py", line 475, in run_stage1_ablation
    f"Gross SR={float(m['gross_sharpe']):.3f}  "
                      ~^^^^^^^^^^^^^^^^
KeyError: 'gross_sharpe'
