2026-06-04 06:50:39,870 INFO Cache already exists: /users/student/pg/pg24/yash.sarang/Hybrid-Pairs-Trading-Ensemble/Implementation/experiments/data/nse_nifty100/prices_2015-01-01_2024-12-31.parquet
2026-06-04 06:50:40,278 INFO   Shape: (2466, 89), dates: 2015-01-01 → 2024-12-30
WARNING: All log messages before absl::InitializeLog() is called are written to STDERR
I0000 00:00:1780536070.542516 2178609 port.cc:153] oneDNN custom operations are on. You may see slightly different numerical results due to floating-point round-off errors from different computation orders. To turn them off, set the environment variable `TF_ENABLE_ONEDNN_OPTS=0`.
I0000 00:00:1780536070.545676 2178609 cudart_stub.cc:31] Could not find cuda drivers on your machine, GPU will not be used.
WARNING: All log messages before absl::InitializeLog() is called are written to STDERR
I0000 00:00:1780536089.061478 2178609 port.cc:153] oneDNN custom operations are on. You may see slightly different numerical results due to floating-point round-off errors from different computation orders. To turn them off, set the environment variable `TF_ENABLE_ONEDNN_OPTS=0`.
I0000 00:00:1780536089.062433 2178609 cudart_stub.cc:31] Could not find cuda drivers on your machine, GPU will not be used.
E0000 00:00:1780536090.450874 2178609 cuda_platform.cc:52] failed call to cuInit: INTERNAL: CUDA error: Failed call to cuInit: CUDA_ERROR_NO_DEVICE: no CUDA-capable device is detected
06:51:30  INFO      ================================================================
06:51:30  INFO      Walk-Forward Validation  |  mode=stat_only  |  s2=ou_only  |  top_k=10
06:51:30  INFO      S1 weights: {'Correlation': 1.0, 'Distance': 1.0, 'Cointegration': 1.0, 'Combined': 1.0}
06:51:30  INFO      Folds: ['Fold1_2018', 'Fold2_2019', 'Fold3_2020', 'Fold4_2021', 'Fold5_2022', 'Fold6_2023-2024']
06:51:30  INFO      min_hold_bars=30  capital=1,000,000
06:51:30  INFO      ================================================================
06:51:30  INFO      [Data] Fetching full 10-year daily prices ...
06:51:30  INFO        35 tickers x 2466 bars  (2015-01-01 -> 2024-12-30)
06:51:30  INFO        --- Fold1_2018 | Train 2015-01-01 -> 2017-12-31 | Test 2018-01-01 -> 2018-12-31 ---
06:51:41  INFO          Pairs selected (10): ['JSWSTEEL-HINDALCO', 'TATASTEEL-JSWSTEEL', 'INDUSINDBK-EICHERMOT', 'HDFCBANK-INDUSINDBK', 'HDFCBANK-KOTAKBANK'] ...
06:51:41  INFO          OOS => Gross Sharpe=0.073  Net Sharpe=0.021  Net Ret=0.18%  Trades/yr=53  [sel=10.6s bt=0.1s]
06:51:41  INFO        --- Fold2_2019 | Train 2015-01-01 -> 2018-12-31 | Test 2019-01-01 -> 2019-12-31 ---
06:51:50  INFO          Pairs selected (10): ['TCS-INFY', 'HINDUNILVR-NESTLEIND', 'NESTLEIND-BRITANNIA', 'IOC-BPCL', 'ULTRACEMCO-SHREECEM'] ...
06:51:50  INFO          OOS => Gross Sharpe=0.533  Net Sharpe=0.462  Net Ret=3.37%  Trades/yr=64  [sel=9.3s bt=0.1s]
06:51:50  INFO        --- Fold3_2020 | Train 2015-01-01 -> 2019-12-31 | Test 2020-01-01 -> 2020-12-31 ---
06:52:00  INFO          Pairs selected (10): ['TATASTEEL-JSWSTEEL', 'HDFCBANK-KOTAKBANK', 'HINDUNILVR-NESTLEIND', 'ONGC-COALINDIA', 'ONGC-IOC'] ...
06:52:00  INFO          OOS => Gross Sharpe=0.657  Net Sharpe=0.572  Net Ret=5.00%  Trades/yr=91  [sel=9.6s bt=0.1s]
06:52:00  INFO        --- Fold4_2021 | Train 2015-01-01 -> 2020-12-31 | Test 2021-01-01 -> 2021-12-31 ---
06:52:09  INFO          Pairs selected (10): ['INFY-HCLTECH', 'AXISBANK-INDUSINDBK', 'TCS-HCLTECH', 'SBIN-AXISBANK', 'TCS-INFY'] ...
06:52:09  INFO          OOS => Gross Sharpe=2.061  Net Sharpe=1.972  Net Ret=14.42%  Trades/yr=76  [sel=9.3s bt=0.1s]
06:52:09  INFO        --- Fold5_2022 | Train 2015-01-01 -> 2021-12-31 | Test 2022-01-01 -> 2022-12-31 ---
06:52:19  INFO          Pairs selected (10): ['WIPRO-SUNPHARMA', 'INFY-WIPRO', 'TCS-HCLTECH', 'ICICIBANK-SBIN', 'ONGC-IOC'] ...
06:52:19  INFO          OOS => Gross Sharpe=-0.633  Net Sharpe=-0.707  Net Ret=-5.21%  Trades/yr=67  [sel=9.8s bt=0.1s]
06:52:19  INFO        --- Fold6_2023-2024 | Train 2015-01-01 -> 2022-12-31 | Test 2023-01-01 -> 2024-12-31 ---
06:52:29  INFO          Pairs selected (10): ['ITC-COALINDIA', 'WIPRO-TECHM', 'M&M-ITC', 'ICICIBANK-SBIN', 'TCS-TECHM'] ...
06:52:29  INFO          OOS => Gross Sharpe=0.642  Net Sharpe=0.564  Net Ret=3.75%  Trades/yr=65  [sel=9.3s bt=0.1s]
06:52:29  INFO      All folds done in 58s
06:52:29  INFO      Results saved -> /users/student/pg/pg24/yash.sarang/Hybrid-Pairs-Trading-Ensemble/Implementation/experiments/results/walk_forward_20260604_065229.json
WARNING: All log messages before absl::InitializeLog() is called are written to STDERR
I0000 00:00:1780536155.903070 2179292 port.cc:153] oneDNN custom operations are on. You may see slightly different numerical results due to floating-point round-off errors from different computation orders. To turn them off, set the environment variable `TF_ENABLE_ONEDNN_OPTS=0`.
I0000 00:00:1780536155.904698 2179292 cudart_stub.cc:31] Could not find cuda drivers on your machine, GPU will not be used.
WARNING: All log messages before absl::InitializeLog() is called are written to STDERR
I0000 00:00:1780536159.130128 2179292 port.cc:153] oneDNN custom operations are on. You may see slightly different numerical results due to floating-point round-off errors from different computation orders. To turn them off, set the environment variable `TF_ENABLE_ONEDNN_OPTS=0`.
I0000 00:00:1780536159.130878 2179292 cudart_stub.cc:31] Could not find cuda drivers on your machine, GPU will not be used.
E0000 00:00:1780536160.116882 2179292 cuda_platform.cc:52] failed call to cuInit: INTERNAL: CUDA error: Failed call to cuInit: CUDA_ERROR_NO_DEVICE: no CUDA-capable device is detected
06:52:40  INFO      ================================================================
06:52:40  INFO      Walk-Forward Validation  |  mode=stat_only  |  s2=all  |  top_k=10
06:52:40  INFO      S1 weights: {'Correlation': 1.0, 'Distance': 1.0, 'Cointegration': 1.0, 'Combined': 1.0}
06:52:40  INFO      Folds: ['Fold1_2018', 'Fold2_2019', 'Fold3_2020', 'Fold4_2021', 'Fold5_2022', 'Fold6_2023-2024']
06:52:40  INFO      min_hold_bars=30  capital=1,000,000
06:52:40  INFO      ================================================================
06:52:40  INFO      [Data] Fetching full 10-year daily prices ...
06:52:40  INFO        35 tickers x 2466 bars  (2015-01-01 -> 2024-12-30)
06:52:40  INFO        --- Fold1_2018 | Train 2015-01-01 -> 2017-12-31 | Test 2018-01-01 -> 2018-12-31 ---
06:52:50  INFO          Pairs selected (10): ['JSWSTEEL-HINDALCO', 'TATASTEEL-JSWSTEEL', 'INDUSINDBK-EICHERMOT', 'HDFCBANK-INDUSINDBK', 'HDFCBANK-KOTAKBANK'] ...
06:52:51  INFO          OOS => Gross Sharpe=0.502  Net Sharpe=0.350  Net Ret=3.34%  Trades/yr=178  [sel=9.9s bt=0.8s]
06:52:51  INFO        --- Fold2_2019 | Train 2015-01-01 -> 2018-12-31 | Test 2019-01-01 -> 2019-12-31 ---
06:53:00  INFO          Pairs selected (10): ['TCS-INFY', 'HINDUNILVR-NESTLEIND', 'NESTLEIND-BRITANNIA', 'IOC-BPCL', 'ULTRACEMCO-SHREECEM'] ...
06:53:01  INFO          OOS => Gross Sharpe=0.412  Net Sharpe=0.236  Net Ret=1.98%  Trades/yr=181  [sel=9.8s bt=0.8s]
06:53:01  INFO        --- Fold3_2020 | Train 2015-01-01 -> 2019-12-31 | Test 2020-01-01 -> 2020-12-31 ---
06:53:11  INFO          Pairs selected (10): ['TATASTEEL-JSWSTEEL', 'HDFCBANK-KOTAKBANK', 'HINDUNILVR-NESTLEIND', 'ONGC-COALINDIA', 'ONGC-IOC'] ...
06:53:12  INFO          OOS => Gross Sharpe=0.402  Net Sharpe=0.242  Net Ret=2.64%  Trades/yr=214  [sel=9.8s bt=0.9s]
06:53:12  INFO        --- Fold4_2021 | Train 2015-01-01 -> 2020-12-31 | Test 2021-01-01 -> 2021-12-31 ---
06:53:22  INFO          Pairs selected (10): ['INFY-HCLTECH', 'AXISBANK-INDUSINDBK', 'TCS-HCLTECH', 'SBIN-AXISBANK', 'TCS-INFY'] ...
06:53:23  INFO          OOS => Gross Sharpe=2.129  Net Sharpe=1.964  Net Ret=17.78%  Trades/yr=187  [sel=9.9s bt=0.9s]
06:53:23  INFO        --- Fold5_2022 | Train 2015-01-01 -> 2021-12-31 | Test 2022-01-01 -> 2022-12-31 ---
06:53:33  INFO          Pairs selected (10): ['WIPRO-SUNPHARMA', 'INFY-WIPRO', 'TCS-HCLTECH', 'ICICIBANK-SBIN', 'ONGC-IOC'] ...
06:53:34  INFO          OOS => Gross Sharpe=-0.509  Net Sharpe=-0.681  Net Ret=-5.13%  Trades/yr=159  [sel=9.9s bt=0.9s]
06:53:34  INFO        --- Fold6_2023-2024 | Train 2015-01-01 -> 2022-12-31 | Test 2023-01-01 -> 2024-12-31 ---
06:53:43  INFO          Pairs selected (10): ['ITC-COALINDIA', 'WIPRO-TECHM', 'M&M-ITC', 'ICICIBANK-SBIN', 'TCS-TECHM'] ...
06:53:44  INFO          OOS => Gross Sharpe=0.108  Net Sharpe=-0.070  Net Ret=-0.58%  Trades/yr=181  [sel=9.2s bt=1.0s]
06:53:44  INFO      All folds done in 64s
06:53:44  INFO      Results saved -> /users/student/pg/pg24/yash.sarang/Hybrid-Pairs-Trading-Ensemble/Implementation/experiments/results/walk_forward_20260604_065344.json
