[E4a] WFV stat_only + ou_only

====================================================================================================
  WALK-FORWARD VALIDATION RESULTS  (out-of-sample, expanding window)
====================================================================================================
            Fold  Gross SRGross Ret%    Net SR  Net Ret%Net MaxDD%  Trd/Yr CostDrag
----------------------------------------------------------------------------------------------------
      Fold1_2018     0.073      0.61     0.021      0.18      6.77      53     0.43
      Fold2_2019     0.533      3.89     0.462      3.37      4.66      64     0.52
      Fold3_2020     0.657      5.75     0.572      5.00     12.97      91     0.74
      Fold4_2021     2.061     15.04     1.972     14.42      5.41      76     0.62
      Fold5_2022    -0.633     -4.67    -0.707     -5.21      7.33      67     0.55
 Fold6_2023-2024     0.642      4.27     0.564      3.75      4.85      65     0.51
----------------------------------------------------------------------------------------------------

  AGGREGATE ACROSS 6 FOLDS:
  Gross Sharpe :   0.556 +/-0.809 [83% pos]
  Net   Sharpe :   0.481 +/-0.802 [83% pos]
  Gross Ret %  :   4.15 +/-5.94 [83% pos]
  Net   Ret %  :   3.58 +/-5.89 [83% pos]
  Net MaxDD %  :   7.00 +/-2.84 [100% pos]
  Cost Drag pp :   0.56 +/-0.10 [100% pos]

  FULL OOS (all test years stitched, 6 yrs):
    Gross Sharpe  = 0.555  Net Sharpe = 0.480
    Gross Ret %   = 3.75%  Net Ret %  = 3.30%
    Net MaxDD %   = 12.72%
====================================================================================================

[E4a] WFV stat_only + all signals

====================================================================================================
  WALK-FORWARD VALIDATION RESULTS  (out-of-sample, expanding window)
====================================================================================================
            Fold  Gross SRGross Ret%    Net SR  Net Ret%Net MaxDD%  Trd/Yr CostDrag
----------------------------------------------------------------------------------------------------
      Fold1_2018     0.502      4.79     0.350      3.34      7.57     178     1.45
      Fold2_2019     0.412      3.46     0.236      1.98      9.02     181     1.48
      Fold3_2020     0.402      4.38     0.242      2.64     12.95     214     1.74
      Fold4_2021     2.129     19.30     1.964     17.78      5.48     187     1.53
      Fold5_2022    -0.509     -3.84    -0.681     -5.13     10.18     159     1.29
 Fold6_2023-2024     0.108      0.89    -0.070     -0.58     15.01     181     1.47
----------------------------------------------------------------------------------------------------

  AGGREGATE ACROSS 6 FOLDS:
  Gross Sharpe :   0.507 +/-0.800 [83% pos]
  Net   Sharpe :   0.340 +/-0.803 [67% pos]
  Gross Ret %  :   4.83 +/-7.10 [83% pos]
  Net   Ret %  :   3.34 +/-7.05 [67% pos]
  Net MaxDD %  :   10.03 +/-3.19 [100% pos]
  Cost Drag pp :   1.49 +/-0.13 [100% pos]

  FULL OOS (all test years stitched, 6 yrs):
    Gross Sharpe  = 0.479  Net Sharpe = 0.312
    Gross Ret %   = 3.82%  Net Ret %  = 2.58%
    Net MaxDD %   = 19.32%
====================================================================================================

[E4a] DONE
