2026-06-04 06:53:53,581 INFO Cache already exists: /users/student/pg/pg24/yash.sarang/Hybrid-Pairs-Trading-Ensemble/Implementation/experiments/data/nse_nifty100/prices_2015-01-01_2024-12-31.parquet
2026-06-04 06:53:53,631 INFO   Shape: (2466, 89), dates: 2015-01-01 → 2024-12-30
WARNING: All log messages before absl::InitializeLog() is called are written to STDERR
I0000 00:00:1780536236.953109 2179569 port.cc:153] oneDNN custom operations are on. You may see slightly different numerical results due to floating-point round-off errors from different computation orders. To turn them off, set the environment variable `TF_ENABLE_ONEDNN_OPTS=0`.
I0000 00:00:1780536236.956004 2179569 cudart_stub.cc:31] Could not find cuda drivers on your machine, GPU will not be used.
WARNING: All log messages before absl::InitializeLog() is called are written to STDERR
I0000 00:00:1780536241.472454 2179569 port.cc:153] oneDNN custom operations are on. You may see slightly different numerical results due to floating-point round-off errors from different computation orders. To turn them off, set the environment variable `TF_ENABLE_ONEDNN_OPTS=0`.
I0000 00:00:1780536241.472818 2179569 cudart_stub.cc:31] Could not find cuda drivers on your machine, GPU will not be used.
E0000 00:00:1780536243.620875 2179569 cuda_platform.cc:52] failed call to cuInit: INTERNAL: CUDA error: Failed call to cuInit: CUDA_ERROR_NO_DEVICE: no CUDA-capable device is detected
06:54:03  INFO      ================================================================
06:54:03  INFO      Walk-Forward Validation  |  mode=stat_ml  |  s2=ou_only  |  top_k=10
06:54:03  INFO      S1 weights: {'Correlation': 1.0, 'Distance': 1.0, 'Cointegration': 1.0, 'Combined': 1.0, 'ML': 1.0}
06:54:03  INFO      Folds: ['Fold1_2018', 'Fold2_2019', 'Fold3_2020', 'Fold4_2021', 'Fold5_2022', 'Fold6_2023-2024']
06:54:03  INFO      min_hold_bars=30  capital=1,000,000
06:54:03  INFO      ================================================================
06:54:03  INFO      [Data] Fetching full 10-year daily prices ...
06:54:03  INFO        35 tickers x 2466 bars  (2015-01-01 -> 2024-12-30)
06:54:03  INFO        --- Fold1_2018 | Train 2015-01-01 -> 2017-12-31 | Test 2018-01-01 -> 2018-12-31 ---
06:54:21  INFO      [MLSelector.fit] y class counts: {0: 323, 1: 272}
06:54:40  INFO          Pairs selected (10): ['HDFCBANK-INDUSINDBK', 'MARUTI-HINDUNILVR', 'JSWSTEEL-HINDALCO', 'TATASTEEL-JSWSTEEL', 'INDUSINDBK-EICHERMOT'] ...
06:54:40  INFO          OOS => Gross Sharpe=0.742  Net Sharpe=0.685  Net Ret=5.26%  Trades/yr=53  [sel=36.4s bt=0.1s]
06:54:40  INFO        --- Fold2_2019 | Train 2015-01-01 -> 2018-12-31 | Test 2019-01-01 -> 2019-12-31 ---
06:55:00  INFO      [MLSelector.fit] y class counts: {0: 240, 1: 355}
06:55:23  INFO          Pairs selected (10): ['TCS-INFY', 'HINDUNILVR-NESTLEIND', 'NESTLEIND-BRITANNIA', 'HINDUNILVR-BRITANNIA', 'IOC-BPCL'] ...
06:55:23  INFO          OOS => Gross Sharpe=0.381  Net Sharpe=0.302  Net Ret=2.08%  Trades/yr=67  [sel=43.0s bt=0.1s]
06:55:23  INFO        --- Fold3_2020 | Train 2015-01-01 -> 2019-12-31 | Test 2020-01-01 -> 2020-12-31 ---
06:55:42  INFO      [MLSelector.fit] y class counts: {0: 328, 1: 267}
06:56:08  INFO          Pairs selected (10): ['TATASTEEL-JSWSTEEL', 'HDFCBANK-KOTAKBANK', 'HINDUNILVR-NESTLEIND', 'ONGC-COALINDIA', 'ONGC-IOC'] ...
06:56:08  INFO          OOS => Gross Sharpe=0.177  Net Sharpe=0.099  Net Ret=1.02%  Trades/yr=99  [sel=44.7s bt=0.1s]
06:56:08  INFO        --- Fold4_2021 | Train 2015-01-01 -> 2020-12-31 | Test 2021-01-01 -> 2021-12-31 ---
06:56:30  INFO      [MLSelector.fit] y class counts: {0: 318, 1: 277}
06:57:00  INFO          Pairs selected (10): ['AXISBANK-INDUSINDBK', 'INFY-HCLTECH', 'SBIN-AXISBANK', 'TECHM-JSWSTEEL', 'INFY-WIPRO'] ...
06:57:00  INFO          OOS => Gross Sharpe=1.922  Net Sharpe=1.838  Net Ret=14.44%  Trades/yr=79  [sel=51.9s bt=0.1s]
06:57:00  INFO        --- Fold5_2022 | Train 2015-01-01 -> 2021-12-31 | Test 2022-01-01 -> 2022-12-31 ---
06:57:25  INFO      [MLSelector.fit] y class counts: {0: 245, 1: 350}
06:58:05  INFO          Pairs selected (10): ['WIPRO-SUNPHARMA', 'ICICIBANK-SBIN', 'ONGC-IOC', 'ULTRACEMCO-ACC', 'INFY-WIPRO'] ...
06:58:05  INFO          OOS => Gross Sharpe=-0.711  Net Sharpe=-0.769  Net Ret=-6.68%  Trades/yr=63  [sel=65.2s bt=0.1s]
06:58:05  INFO        --- Fold6_2023-2024 | Train 2015-01-01 -> 2022-12-31 | Test 2023-01-01 -> 2024-12-31 ---
06:58:36  INFO      [MLSelector.fit] y class counts: {0: 238, 1: 357}
06:59:31  INFO          Pairs selected (10): ['WIPRO-TECHM', 'M&M-ITC', 'TCS-TECHM', 'ITC-COALINDIA', 'M&M-EICHERMOT'] ...
06:59:31  INFO          OOS => Gross Sharpe=0.625  Net Sharpe=0.561  Net Ret=4.33%  Trades/yr=62  [sel=86.1s bt=0.1s]
06:59:31  INFO      All folds done in 328s
06:59:31  INFO      Results saved -> /users/student/pg/pg24/yash.sarang/Hybrid-Pairs-Trading-Ensemble/Implementation/experiments/results/walk_forward_20260604_065931.json
WARNING: All log messages before absl::InitializeLog() is called are written to STDERR
I0000 00:00:1780536577.342792 2181721 port.cc:153] oneDNN custom operations are on. You may see slightly different numerical results due to floating-point round-off errors from different computation orders. To turn them off, set the environment variable `TF_ENABLE_ONEDNN_OPTS=0`.
I0000 00:00:1780536577.352545 2181721 cudart_stub.cc:31] Could not find cuda drivers on your machine, GPU will not be used.
WARNING: All log messages before absl::InitializeLog() is called are written to STDERR
I0000 00:00:1780536582.498400 2181721 port.cc:153] oneDNN custom operations are on. You may see slightly different numerical results due to floating-point round-off errors from different computation orders. To turn them off, set the environment variable `TF_ENABLE_ONEDNN_OPTS=0`.
I0000 00:00:1780536582.499260 2181721 cudart_stub.cc:31] Could not find cuda drivers on your machine, GPU will not be used.
E0000 00:00:1780536584.194971 2181721 cuda_platform.cc:52] failed call to cuInit: INTERNAL: CUDA error: Failed call to cuInit: CUDA_ERROR_NO_DEVICE: no CUDA-capable device is detected
06:59:44  INFO      ================================================================
06:59:44  INFO      Walk-Forward Validation  |  mode=stat_ml  |  s2=ou_only  |  top_k=10
06:59:44  INFO      S1 weights: {'Correlation': 1.0, 'Distance': 1.0, 'Cointegration': 1.0, 'Combined': 1.0, 'ML': 1.0}
06:59:44  INFO      Folds: ['Fold1_2018', 'Fold2_2019', 'Fold3_2020', 'Fold4_2021', 'Fold5_2022', 'Fold6_2023-2024']
06:59:44  INFO      min_hold_bars=30  capital=1,000,000
06:59:44  INFO      ================================================================
06:59:44  INFO      [Data] Fetching full 10-year daily prices ...
06:59:44  INFO        35 tickers x 2466 bars  (2015-01-01 -> 2024-12-30)
06:59:44  INFO        --- Fold1_2018 | Train 2015-01-01 -> 2017-12-31 | Test 2018-01-01 -> 2018-12-31 ---
07:00:01  INFO      [MLSelector.fit] y class counts: {0: 323, 1: 272}
07:00:20  INFO          Pairs selected (10): ['HDFCBANK-INDUSINDBK', 'MARUTI-HINDUNILVR', 'JSWSTEEL-HINDALCO', 'TATASTEEL-JSWSTEEL', 'INDUSINDBK-EICHERMOT'] ...
07:00:20  INFO          OOS => Gross Sharpe=0.742  Net Sharpe=0.685  Net Ret=5.26%  Trades/yr=53  [sel=35.5s bt=0.1s]
07:00:20  INFO        --- Fold2_2019 | Train 2015-01-01 -> 2018-12-31 | Test 2019-01-01 -> 2019-12-31 ---
07:00:37  INFO      [MLSelector.fit] y class counts: {0: 240, 1: 355}
07:00:59  INFO          Pairs selected (10): ['TCS-INFY', 'HINDUNILVR-NESTLEIND', 'NESTLEIND-BRITANNIA', 'HINDUNILVR-BRITANNIA', 'IOC-BPCL'] ...
07:01:00  INFO          OOS => Gross Sharpe=0.381  Net Sharpe=0.302  Net Ret=2.08%  Trades/yr=67  [sel=39.9s bt=0.1s]
07:01:00  INFO        --- Fold3_2020 | Train 2015-01-01 -> 2019-12-31 | Test 2020-01-01 -> 2020-12-31 ---
07:01:18  INFO      [MLSelector.fit] y class counts: {0: 328, 1: 267}
07:01:43  INFO          Pairs selected (10): ['TATASTEEL-JSWSTEEL', 'HDFCBANK-KOTAKBANK', 'HINDUNILVR-NESTLEIND', 'ONGC-COALINDIA', 'ONGC-IOC'] ...
07:01:43  INFO          OOS => Gross Sharpe=0.177  Net Sharpe=0.099  Net Ret=1.02%  Trades/yr=99  [sel=43.4s bt=0.1s]
07:01:43  INFO        --- Fold4_2021 | Train 2015-01-01 -> 2020-12-31 | Test 2021-01-01 -> 2021-12-31 ---
07:02:05  INFO      [MLSelector.fit] y class counts: {0: 318, 1: 277}
07:02:34  INFO          Pairs selected (10): ['AXISBANK-INDUSINDBK', 'INFY-HCLTECH', 'SBIN-AXISBANK', 'TECHM-JSWSTEEL', 'INFY-WIPRO'] ...
07:02:34  INFO          OOS => Gross Sharpe=1.922  Net Sharpe=1.838  Net Ret=14.44%  Trades/yr=79  [sel=51.2s bt=0.1s]
07:02:34  INFO        --- Fold5_2022 | Train 2015-01-01 -> 2021-12-31 | Test 2022-01-01 -> 2022-12-31 ---
07:03:00  INFO      [MLSelector.fit] y class counts: {0: 245, 1: 350}
07:03:38  INFO          Pairs selected (10): ['WIPRO-SUNPHARMA', 'ICICIBANK-SBIN', 'ONGC-IOC', 'ULTRACEMCO-ACC', 'INFY-WIPRO'] ...
07:03:38  INFO          OOS => Gross Sharpe=-0.711  Net Sharpe=-0.769  Net Ret=-6.68%  Trades/yr=63  [sel=63.8s bt=0.1s]
07:03:38  INFO        --- Fold6_2023-2024 | Train 2015-01-01 -> 2022-12-31 | Test 2023-01-01 -> 2024-12-31 ---
07:04:09  INFO      [MLSelector.fit] y class counts: {0: 238, 1: 357}
07:05:03  INFO          Pairs selected (10): ['WIPRO-TECHM', 'M&M-ITC', 'TCS-TECHM', 'ITC-COALINDIA', 'M&M-EICHERMOT'] ...
07:05:04  INFO          OOS => Gross Sharpe=0.625  Net Sharpe=0.561  Net Ret=4.33%  Trades/yr=62  [sel=85.3s bt=0.1s]
07:05:04  INFO      All folds done in 319s
07:05:04  INFO      Results saved -> /users/student/pg/pg24/yash.sarang/Hybrid-Pairs-Trading-Ensemble/Implementation/experiments/results/walk_forward_20260604_070504.json
WARNING: All log messages before absl::InitializeLog() is called are written to STDERR
I0000 00:00:1780536907.584435 2183121 port.cc:153] oneDNN custom operations are on. You may see slightly different numerical results due to floating-point round-off errors from different computation orders. To turn them off, set the environment variable `TF_ENABLE_ONEDNN_OPTS=0`.
I0000 00:00:1780536907.586308 2183121 cudart_stub.cc:31] Could not find cuda drivers on your machine, GPU will not be used.
WARNING: All log messages before absl::InitializeLog() is called are written to STDERR
I0000 00:00:1780536915.395198 2183121 port.cc:153] oneDNN custom operations are on. You may see slightly different numerical results due to floating-point round-off errors from different computation orders. To turn them off, set the environment variable `TF_ENABLE_ONEDNN_OPTS=0`.
I0000 00:00:1780536915.396292 2183121 cudart_stub.cc:31] Could not find cuda drivers on your machine, GPU will not be used.
E0000 00:00:1780536917.366129 2183121 cuda_platform.cc:52] failed call to cuInit: INTERNAL: CUDA error: Failed call to cuInit: CUDA_ERROR_NO_DEVICE: no CUDA-capable device is detected
07:05:17  INFO      ================================================================
07:05:17  INFO      Walk-Forward Validation  |  mode=stat_ml  |  s2=ou_only  |  top_k=10
07:05:17  INFO      S1 weights: {'Correlation': 1.0, 'Distance': 1.0, 'Cointegration': 1.0, 'Combined': 1.0, 'ML': 1.0}
07:05:17  INFO      Folds: ['Fold1_2018', 'Fold2_2019', 'Fold3_2020', 'Fold4_2021', 'Fold5_2022', 'Fold6_2023-2024']
07:05:17  INFO      min_hold_bars=30  capital=1,000,000
07:05:17  INFO      ================================================================
07:05:17  INFO      [Data] Fetching full 10-year daily prices ...
07:05:17  INFO        35 tickers x 2466 bars  (2015-01-01 -> 2024-12-30)
07:05:17  INFO        --- Fold1_2018 | Train 2015-01-01 -> 2017-12-31 | Test 2018-01-01 -> 2018-12-31 ---
07:05:40  INFO      [MLSelector.fit] y class counts: {0: 323, 1: 272}
07:06:00  INFO          Pairs selected (10): ['HDFCBANK-INDUSINDBK', 'MARUTI-HINDUNILVR', 'JSWSTEEL-HINDALCO', 'TATASTEEL-JSWSTEEL', 'INDUSINDBK-EICHERMOT'] ...
07:06:00  INFO          OOS => Gross Sharpe=0.742  Net Sharpe=0.685  Net Ret=5.26%  Trades/yr=53  [sel=42.5s bt=0.1s]
07:06:00  INFO        --- Fold2_2019 | Train 2015-01-01 -> 2018-12-31 | Test 2019-01-01 -> 2019-12-31 ---
07:06:21  INFO      [MLSelector.fit] y class counts: {0: 240, 1: 355}
07:06:45  INFO          Pairs selected (10): ['TCS-INFY', 'HINDUNILVR-NESTLEIND', 'NESTLEIND-BRITANNIA', 'HINDUNILVR-BRITANNIA', 'IOC-BPCL'] ...
07:06:45  INFO          OOS => Gross Sharpe=0.381  Net Sharpe=0.302  Net Ret=2.08%  Trades/yr=67  [sel=44.7s bt=0.1s]
07:06:45  INFO        --- Fold3_2020 | Train 2015-01-01 -> 2019-12-31 | Test 2020-01-01 -> 2020-12-31 ---
07:07:07  INFO      [MLSelector.fit] y class counts: {0: 328, 1: 267}
07:07:33  INFO          Pairs selected (10): ['TATASTEEL-JSWSTEEL', 'HDFCBANK-KOTAKBANK', 'HINDUNILVR-NESTLEIND', 'ONGC-COALINDIA', 'ONGC-IOC'] ...
07:07:33  INFO          OOS => Gross Sharpe=0.177  Net Sharpe=0.099  Net Ret=1.02%  Trades/yr=99  [sel=47.8s bt=0.1s]
07:07:33  INFO        --- Fold4_2021 | Train 2015-01-01 -> 2020-12-31 | Test 2021-01-01 -> 2021-12-31 ---
07:07:54  INFO      [MLSelector.fit] y class counts: {0: 318, 1: 277}
07:08:23  INFO          Pairs selected (10): ['AXISBANK-INDUSINDBK', 'INFY-HCLTECH', 'SBIN-AXISBANK', 'TECHM-JSWSTEEL', 'INFY-WIPRO'] ...
07:08:23  INFO          OOS => Gross Sharpe=1.922  Net Sharpe=1.838  Net Ret=14.44%  Trades/yr=79  [sel=50.5s bt=0.1s]
07:08:23  INFO        --- Fold5_2022 | Train 2015-01-01 -> 2021-12-31 | Test 2022-01-01 -> 2022-12-31 ---
07:08:48  INFO      [MLSelector.fit] y class counts: {0: 245, 1: 350}
07:09:26  INFO          Pairs selected (10): ['WIPRO-SUNPHARMA', 'ICICIBANK-SBIN', 'ONGC-IOC', 'ULTRACEMCO-ACC', 'INFY-WIPRO'] ...
07:09:26  INFO          OOS => Gross Sharpe=-0.711  Net Sharpe=-0.769  Net Ret=-6.68%  Trades/yr=63  [sel=62.5s bt=0.1s]
07:09:26  INFO        --- Fold6_2023-2024 | Train 2015-01-01 -> 2022-12-31 | Test 2023-01-01 -> 2024-12-31 ---
07:09:54  INFO      [MLSelector.fit] y class counts: {0: 238, 1: 357}
07:10:48  INFO          Pairs selected (10): ['WIPRO-TECHM', 'M&M-ITC', 'TCS-TECHM', 'ITC-COALINDIA', 'M&M-EICHERMOT'] ...
07:10:48  INFO          OOS => Gross Sharpe=0.625  Net Sharpe=0.561  Net Ret=4.33%  Trades/yr=62  [sel=82.4s bt=0.1s]
07:10:48  INFO      All folds done in 331s
07:10:48  INFO      Results saved -> /users/student/pg/pg24/yash.sarang/Hybrid-Pairs-Trading-Ensemble/Implementation/experiments/results/walk_forward_20260604_071048.json
