[E4b] WFV stat_ml + ou_only — run 1/3

====================================================================================================
  WALK-FORWARD VALIDATION RESULTS  (out-of-sample, expanding window)
====================================================================================================
            Fold  Gross SRGross Ret%    Net SR  Net Ret%Net MaxDD%  Trd/Yr CostDrag
----------------------------------------------------------------------------------------------------
      Fold1_2018     0.742      5.70     0.685      5.26      4.44      53     0.43
      Fold2_2019     0.381      2.63     0.302      2.08      4.97      67     0.55
      Fold3_2020     0.177      1.83     0.099      1.02     10.54      99     0.81
      Fold4_2021     1.922     15.08     1.838     14.44      4.00      79     0.65
      Fold5_2022    -0.711     -6.17    -0.769     -6.68     11.21      63     0.51
 Fold6_2023-2024     0.625      4.81     0.561      4.33      6.36      62     0.48
----------------------------------------------------------------------------------------------------

  AGGREGATE ACROSS 6 FOLDS:
  Gross Sharpe :   0.523 +/-0.783 [83% pos]
  Net   Sharpe :   0.453 +/-0.777 [83% pos]
  Gross Ret %  :   3.98 +/-6.28 [83% pos]
  Net   Ret %  :   3.41 +/-6.26 [83% pos]
  Net MaxDD %  :   6.92 +/-2.90 [100% pos]
  Cost Drag pp :   0.57 +/-0.12 [100% pos]

  FULL OOS (all test years stitched, 6 yrs):
    Gross Sharpe  = 0.500  Net Sharpe = 0.431
    Gross Ret %   = 3.70%  Net Ret %  = 3.23%
    Net MaxDD %   = 10.10%
====================================================================================================

[E4b] WFV stat_ml + ou_only — run 2/3

====================================================================================================
  WALK-FORWARD VALIDATION RESULTS  (out-of-sample, expanding window)
====================================================================================================
            Fold  Gross SRGross Ret%    Net SR  Net Ret%Net MaxDD%  Trd/Yr CostDrag
----------------------------------------------------------------------------------------------------
      Fold1_2018     0.742      5.70     0.685      5.26      4.44      53     0.43
      Fold2_2019     0.381      2.63     0.302      2.08      4.97      67     0.55
      Fold3_2020     0.177      1.83     0.099      1.02     10.54      99     0.81
      Fold4_2021     1.922     15.08     1.838     14.44      4.00      79     0.65
      Fold5_2022    -0.711     -6.17    -0.769     -6.68     11.21      63     0.51
 Fold6_2023-2024     0.625      4.81     0.561      4.33      6.36      62     0.48
----------------------------------------------------------------------------------------------------

  AGGREGATE ACROSS 6 FOLDS:
  Gross Sharpe :   0.523 +/-0.783 [83% pos]
  Net   Sharpe :   0.453 +/-0.777 [83% pos]
  Gross Ret %  :   3.98 +/-6.28 [83% pos]
  Net   Ret %  :   3.41 +/-6.26 [83% pos]
  Net MaxDD %  :   6.92 +/-2.90 [100% pos]
  Cost Drag pp :   0.57 +/-0.12 [100% pos]

  FULL OOS (all test years stitched, 6 yrs):
    Gross Sharpe  = 0.500  Net Sharpe = 0.431
    Gross Ret %   = 3.70%  Net Ret %  = 3.23%
    Net MaxDD %   = 10.10%
====================================================================================================

[E4b] WFV stat_ml + ou_only — run 3/3

====================================================================================================
  WALK-FORWARD VALIDATION RESULTS  (out-of-sample, expanding window)
====================================================================================================
            Fold  Gross SRGross Ret%    Net SR  Net Ret%Net MaxDD%  Trd/Yr CostDrag
----------------------------------------------------------------------------------------------------
      Fold1_2018     0.742      5.70     0.685      5.26      4.44      53     0.43
      Fold2_2019     0.381      2.63     0.302      2.08      4.97      67     0.55
      Fold3_2020     0.177      1.83     0.099      1.02     10.54      99     0.81
      Fold4_2021     1.922     15.08     1.838     14.44      4.00      79     0.65
      Fold5_2022    -0.711     -6.17    -0.769     -6.68     11.21      63     0.51
 Fold6_2023-2024     0.625      4.81     0.561      4.33      6.36      62     0.48
----------------------------------------------------------------------------------------------------

  AGGREGATE ACROSS 6 FOLDS:
  Gross Sharpe :   0.523 +/-0.783 [83% pos]
  Net   Sharpe :   0.453 +/-0.777 [83% pos]
  Gross Ret %  :   3.98 +/-6.28 [83% pos]
  Net   Ret %  :   3.41 +/-6.26 [83% pos]
  Net MaxDD %  :   6.92 +/-2.90 [100% pos]
  Cost Drag pp :   0.57 +/-0.12 [100% pos]

  FULL OOS (all test years stitched, 6 yrs):
    Gross Sharpe  = 0.500  Net Sharpe = 0.431
    Gross Ret %   = 3.70%  Net Ret %  = 3.23%
    Net MaxDD %   = 10.10%
====================================================================================================

[E4b] DONE
