2026-06-04 06:04:09,649 INFO Cache already exists: /users/student/pg/pg24/yash.sarang/Hybrid-Pairs-Trading-Ensemble/Implementation/experiments/data/nse_nifty100/prices_2015-01-01_2024-12-31.parquet
2026-06-04 06:04:09,696 INFO   Shape: (2466, 89), dates: 2015-01-01 → 2024-12-30
WARNING: All log messages before absl::InitializeLog() is called are written to STDERR
I0000 00:00:1780533251.497641 2167212 port.cc:153] oneDNN custom operations are on. You may see slightly different numerical results due to floating-point round-off errors from different computation orders. To turn them off, set the environment variable `TF_ENABLE_ONEDNN_OPTS=0`.
I0000 00:00:1780533251.499448 2167212 cudart_stub.cc:31] Could not find cuda drivers on your machine, GPU will not be used.
WARNING: All log messages before absl::InitializeLog() is called are written to STDERR
I0000 00:00:1780533253.354722 2167212 port.cc:153] oneDNN custom operations are on. You may see slightly different numerical results due to floating-point round-off errors from different computation orders. To turn them off, set the environment variable `TF_ENABLE_ONEDNN_OPTS=0`.
I0000 00:00:1780533253.355096 2167212 cudart_stub.cc:31] Could not find cuda drivers on your machine, GPU will not be used.
E0000 00:00:1780533253.698395 2167212 cuda_platform.cc:52] failed call to cuInit: INTERNAL: CUDA error: Failed call to cuInit: CUDA_ERROR_NO_DEVICE: no CUDA-capable device is detected
Traceback (most recent call last):
  File "/users/student/pg/pg24/yash.sarang/Hybrid-Pairs-Trading-Ensemble/Implementation/experiments/walk_forward.py", line 103, in <module>
    from core.entry_rl import RLSignal
  File "/users/student/pg/pg24/yash.sarang/Hybrid-Pairs-Trading-Ensemble/Implementation/core/entry_rl.py", line 19, in <module>
    import gymnasium as gym
ModuleNotFoundError: No module named 'gymnasium'
WARNING: All log messages before absl::InitializeLog() is called are written to STDERR
I0000 00:00:1780533255.442161 2167260 port.cc:153] oneDNN custom operations are on. You may see slightly different numerical results due to floating-point round-off errors from different computation orders. To turn them off, set the environment variable `TF_ENABLE_ONEDNN_OPTS=0`.
I0000 00:00:1780533255.442964 2167260 cudart_stub.cc:31] Could not find cuda drivers on your machine, GPU will not be used.
WARNING: All log messages before absl::InitializeLog() is called are written to STDERR
I0000 00:00:1780533256.527745 2167260 port.cc:153] oneDNN custom operations are on. You may see slightly different numerical results due to floating-point round-off errors from different computation orders. To turn them off, set the environment variable `TF_ENABLE_ONEDNN_OPTS=0`.
I0000 00:00:1780533256.528094 2167260 cudart_stub.cc:31] Could not find cuda drivers on your machine, GPU will not be used.
E0000 00:00:1780533256.731369 2167260 cuda_platform.cc:52] failed call to cuInit: INTERNAL: CUDA error: Failed call to cuInit: CUDA_ERROR_NO_DEVICE: no CUDA-capable device is detected
Traceback (most recent call last):
  File "/users/student/pg/pg24/yash.sarang/Hybrid-Pairs-Trading-Ensemble/Implementation/experiments/walk_forward.py", line 103, in <module>
    from core.entry_rl import RLSignal
  File "/users/student/pg/pg24/yash.sarang/Hybrid-Pairs-Trading-Ensemble/Implementation/core/entry_rl.py", line 19, in <module>
    import gymnasium as gym
ModuleNotFoundError: No module named 'gymnasium'
WARNING: All log messages before absl::InitializeLog() is called are written to STDERR
I0000 00:00:1780533258.470431 2167301 port.cc:153] oneDNN custom operations are on. You may see slightly different numerical results due to floating-point round-off errors from different computation orders. To turn them off, set the environment variable `TF_ENABLE_ONEDNN_OPTS=0`.
I0000 00:00:1780533258.471224 2167301 cudart_stub.cc:31] Could not find cuda drivers on your machine, GPU will not be used.
WARNING: All log messages before absl::InitializeLog() is called are written to STDERR
I0000 00:00:1780533259.538199 2167301 port.cc:153] oneDNN custom operations are on. You may see slightly different numerical results due to floating-point round-off errors from different computation orders. To turn them off, set the environment variable `TF_ENABLE_ONEDNN_OPTS=0`.
I0000 00:00:1780533259.538541 2167301 cudart_stub.cc:31] Could not find cuda drivers on your machine, GPU will not be used.
E0000 00:00:1780533259.742524 2167301 cuda_platform.cc:52] failed call to cuInit: INTERNAL: CUDA error: Failed call to cuInit: CUDA_ERROR_NO_DEVICE: no CUDA-capable device is detected
Traceback (most recent call last):
  File "/users/student/pg/pg24/yash.sarang/Hybrid-Pairs-Trading-Ensemble/Implementation/experiments/walk_forward.py", line 103, in <module>
    from core.entry_rl import RLSignal
  File "/users/student/pg/pg24/yash.sarang/Hybrid-Pairs-Trading-Ensemble/Implementation/core/entry_rl.py", line 19, in <module>
    import gymnasium as gym
ModuleNotFoundError: No module named 'gymnasium'
