2026-06-04 06:10:32,501 INFO Cache already exists: /users/student/pg/pg24/yash.sarang/Hybrid-Pairs-Trading-Ensemble/Implementation/experiments/data/nse_nifty100/prices_2015-01-01_2024-12-31.parquet
2026-06-04 06:10:32,537 INFO   Shape: (2466, 89), dates: 2015-01-01 → 2024-12-30
WARNING: All log messages before absl::InitializeLog() is called are written to STDERR
I0000 00:00:1780533634.084356 2168274 port.cc:153] oneDNN custom operations are on. You may see slightly different numerical results due to floating-point round-off errors from different computation orders. To turn them off, set the environment variable `TF_ENABLE_ONEDNN_OPTS=0`.
I0000 00:00:1780533634.086378 2168274 cudart_stub.cc:31] Could not find cuda drivers on your machine, GPU will not be used.
WARNING: All log messages before absl::InitializeLog() is called are written to STDERR
I0000 00:00:1780533636.332100 2168274 port.cc:153] oneDNN custom operations are on. You may see slightly different numerical results due to floating-point round-off errors from different computation orders. To turn them off, set the environment variable `TF_ENABLE_ONEDNN_OPTS=0`.
I0000 00:00:1780533636.332826 2168274 cudart_stub.cc:31] Could not find cuda drivers on your machine, GPU will not be used.
E0000 00:00:1780533637.195380 2168274 cuda_platform.cc:52] failed call to cuInit: INTERNAL: CUDA error: Failed call to cuInit: CUDA_ERROR_NO_DEVICE: no CUDA-capable device is detected
06:10:37  INFO      ================================================================
06:10:37  INFO      Walk-Forward Validation  |  mode=full  |  s2=ou_only  |  top_k=10
06:10:37  INFO      S1 weights: {'Correlation': 1.0, 'Distance': 1.0, 'Cointegration': 1.0, 'Combined': 1.0, 'ML': 1.0, 'LSTM': 1.0, 'Transformer': 1.0, 'GNN': 1.0}
06:10:37  INFO      Folds: ['Fold1_2018', 'Fold2_2019', 'Fold3_2020', 'Fold4_2021', 'Fold5_2022', 'Fold6_2023-2024']
06:10:37  INFO      min_hold_bars=30  capital=1,000,000
06:10:37  INFO      ================================================================
06:10:37  INFO      [Data] Fetching full 10-year daily prices ...
06:10:37  INFO        35 tickers x 2466 bars  (2015-01-01 -> 2024-12-30)
06:10:37  INFO        --- Fold1_2018 | Train 2015-01-01 -> 2017-12-31 | Test 2018-01-01 -> 2018-12-31 ---
06:11:06  INFO      [MLSelector.fit] y class counts: {0: 323, 1: 272}
06:11:34  INFO      [LSTMSelector] 242760 sequences, class dist: {0: 126776, 1: 115984}
06:11:34  INFO      [LSTMSelector] Subsampled to 50000 sequences.
/users/student/pg/pg24/yash.sarang/miniconda3/lib/python3.13/site-packages/keras/src/layers/rnn/bidirectional.py:107: UserWarning: Do not pass an `input_shape`/`input_dim` argument to a layer. When using Sequential models, prefer using an `Input(shape)` object as the first layer in the model instead.
  super().__init__(**kwargs)
06:14:52  INFO      [LSTMSelector] Training complete.
E0000 00:00:1780533893.767714 2168274 node_def_util.cc:682] NodeDef mentions attribute use_unbounded_threadpool which is not in the op definition: Op<name=MapDataset; signature=input_dataset:variant, other_arguments: -> handle:variant; attr=f:func; attr=Targuments:list(type),min=0; attr=output_types:list(type),min=1; attr=output_shapes:list(shape),min=1; attr=use_inter_op_parallelism:bool,default=true; attr=preserve_cardinality:bool,default=false; attr=force_synchronous:bool,default=false; attr=metadata:string,default=""> This may be expected if your graph generating binary is newer  than this binary. Unknown attributes will be ignored. NodeDef: {{node ParallelMapDatasetV2/_14}}
06:15:06  INFO      [TransformerSelector] 242760 sequences, class dist: {0: 126776, 1: 115984}
06:15:06  INFO      [TransformerSelector] Subsampled to 50000 sequences.
06:17:27  INFO      [TransformerSelector] Training complete.
E0000 00:00:1780534048.705374 2168274 node_def_util.cc:682] NodeDef mentions attribute use_unbounded_threadpool which is not in the op definition: Op<name=MapDataset; signature=input_dataset:variant, other_arguments: -> handle:variant; attr=f:func; attr=Targuments:list(type),min=0; attr=output_types:list(type),min=1; attr=output_shapes:list(shape),min=1; attr=use_inter_op_parallelism:bool,default=true; attr=preserve_cardinality:bool,default=false; attr=force_synchronous:bool,default=false; attr=metadata:string,default=""> This may be expected if your graph generating binary is newer  than this binary. Unknown attributes will be ignored. NodeDef: {{node ParallelMapDatasetV2/_14}}
06:17:30  INFO      [GNNSelector] Training on 8 snapshots, N=35 stocks.
06:19:07  INFO      [GNNSelector] Training complete.
06:19:07  INFO          Pairs selected (10): ['MARUTI-HINDUNILVR', 'HDFCBANK-INDUSINDBK', 'JSWSTEEL-HINDALCO', 'INDUSINDBK-EICHERMOT', 'HEROMOTOCO-EICHERMOT'] ...
Traceback (most recent call last):
  File "/users/student/pg/pg24/yash.sarang/Hybrid-Pairs-Trading-Ensemble/Implementation/experiments/walk_forward.py", line 732, in <module>
    main()
    ~~~~^^
  File "/users/student/pg/pg24/yash.sarang/Hybrid-Pairs-Trading-Ensemble/Implementation/experiments/walk_forward.py", line 678, in main
    result = run_fold(
        prices=prices,
    ...<8 lines>...
        ppy=PERIODS_PER_YEAR["1D"],
    )
  File "/users/student/pg/pg24/yash.sarang/Hybrid-Pairs-Trading-Ensemble/Implementation/experiments/walk_forward.py", line 435, in run_fold
    sig = _signals_for_pair(a_train, b_train, a_full, b_full, s2_weights)
  File "/users/student/pg/pg24/yash.sarang/Hybrid-Pairs-Trading-Ensemble/Implementation/experiments/walk_forward.py", line 336, in _signals_for_pair
    "RL":     __import__("importlib").import_module("core.entry_rl").RLSignal()  # lazy: gymnasium optional
              ~~~~~~~~~~~~~~~~~~~~~~~~~~~~~~~~~~~~~^^^^^^^^^^^^^^^^^
  File "/users/student/pg/pg24/yash.sarang/miniconda3/lib/python3.13/importlib/__init__.py", line 88, in import_module
    return _bootstrap._gcd_import(name[level:], package, level)
           ~~~~~~~~~~~~~~~~~~~~~~^^^^^^^^^^^^^^^^^^^^^^^^^^^^^^
  File "<frozen importlib._bootstrap>", line 1387, in _gcd_import
  File "<frozen importlib._bootstrap>", line 1360, in _find_and_load
  File "<frozen importlib._bootstrap>", line 1331, in _find_and_load_unlocked
  File "<frozen importlib._bootstrap>", line 935, in _load_unlocked
  File "<frozen importlib._bootstrap_external>", line 1023, in exec_module
  File "<frozen importlib._bootstrap>", line 488, in _call_with_frames_removed
  File "/users/student/pg/pg24/yash.sarang/Hybrid-Pairs-Trading-Ensemble/Implementation/core/entry_rl.py", line 19, in <module>
    import gymnasium as gym
ModuleNotFoundError: No module named 'gymnasium'
WARNING: All log messages before absl::InitializeLog() is called are written to STDERR
I0000 00:00:1780534151.991640 2170633 port.cc:153] oneDNN custom operations are on. You may see slightly different numerical results due to floating-point round-off errors from different computation orders. To turn them off, set the environment variable `TF_ENABLE_ONEDNN_OPTS=0`.
I0000 00:00:1780534151.994106 2170633 cudart_stub.cc:31] Could not find cuda drivers on your machine, GPU will not be used.
WARNING: All log messages before absl::InitializeLog() is called are written to STDERR
I0000 00:00:1780534157.065624 2170633 port.cc:153] oneDNN custom operations are on. You may see slightly different numerical results due to floating-point round-off errors from different computation orders. To turn them off, set the environment variable `TF_ENABLE_ONEDNN_OPTS=0`.
I0000 00:00:1780534157.066072 2170633 cudart_stub.cc:31] Could not find cuda drivers on your machine, GPU will not be used.
E0000 00:00:1780534158.474814 2170633 cuda_platform.cc:52] failed call to cuInit: INTERNAL: CUDA error: Failed call to cuInit: CUDA_ERROR_NO_DEVICE: no CUDA-capable device is detected
06:19:18  INFO      ================================================================
06:19:18  INFO      Walk-Forward Validation  |  mode=full  |  s2=ou_only  |  top_k=10
06:19:18  INFO      S1 weights: {'Correlation': 1.0, 'Distance': 1.0, 'Cointegration': 1.0, 'Combined': 1.0, 'ML': 1.0, 'LSTM': 1.0, 'Transformer': 1.0, 'GNN': 1.0}
06:19:18  INFO      Folds: ['Fold1_2018', 'Fold2_2019', 'Fold3_2020', 'Fold4_2021', 'Fold5_2022', 'Fold6_2023-2024']
06:19:18  INFO      min_hold_bars=30  capital=1,000,000
06:19:18  INFO      ================================================================
06:19:18  INFO      [Data] Fetching full 10-year daily prices ...
06:19:18  INFO        35 tickers x 2466 bars  (2015-01-01 -> 2024-12-30)
06:19:18  INFO        --- Fold1_2018 | Train 2015-01-01 -> 2017-12-31 | Test 2018-01-01 -> 2018-12-31 ---
06:19:50  INFO      [MLSelector.fit] y class counts: {0: 323, 1: 272}
06:20:20  INFO      [LSTMSelector] 242760 sequences, class dist: {0: 126776, 1: 115984}
06:20:21  INFO      [LSTMSelector] Subsampled to 50000 sequences.
/users/student/pg/pg24/yash.sarang/miniconda3/lib/python3.13/site-packages/keras/src/layers/rnn/bidirectional.py:107: UserWarning: Do not pass an `input_shape`/`input_dim` argument to a layer. When using Sequential models, prefer using an `Input(shape)` object as the first layer in the model instead.
  super().__init__(**kwargs)
06:23:43  INFO      [LSTMSelector] Training complete.
E0000 00:00:1780534425.607261 2170633 node_def_util.cc:682] NodeDef mentions attribute use_unbounded_threadpool which is not in the op definition: Op<name=MapDataset; signature=input_dataset:variant, other_arguments: -> handle:variant; attr=f:func; attr=Targuments:list(type),min=0; attr=output_types:list(type),min=1; attr=output_shapes:list(shape),min=1; attr=use_inter_op_parallelism:bool,default=true; attr=preserve_cardinality:bool,default=false; attr=force_synchronous:bool,default=false; attr=metadata:string,default=""> This may be expected if your graph generating binary is newer  than this binary. Unknown attributes will be ignored. NodeDef: {{node ParallelMapDatasetV2/_14}}
06:23:57  INFO      [TransformerSelector] 242760 sequences, class dist: {0: 126776, 1: 115984}
06:23:57  INFO      [TransformerSelector] Subsampled to 50000 sequences.
06:26:11  INFO      [TransformerSelector] Training complete.
E0000 00:00:1780534572.892570 2170633 node_def_util.cc:682] NodeDef mentions attribute use_unbounded_threadpool which is not in the op definition: Op<name=MapDataset; signature=input_dataset:variant, other_arguments: -> handle:variant; attr=f:func; attr=Targuments:list(type),min=0; attr=output_types:list(type),min=1; attr=output_shapes:list(shape),min=1; attr=use_inter_op_parallelism:bool,default=true; attr=preserve_cardinality:bool,default=false; attr=force_synchronous:bool,default=false; attr=metadata:string,default=""> This may be expected if your graph generating binary is newer  than this binary. Unknown attributes will be ignored. NodeDef: {{node ParallelMapDatasetV2/_14}}
06:26:14  INFO      [GNNSelector] Training on 8 snapshots, N=35 stocks.
06:27:50  INFO      [GNNSelector] Training complete.
06:27:50  INFO          Pairs selected (10): ['MARUTI-HINDUNILVR', 'JSWSTEEL-HINDALCO', 'HDFCBANK-INDUSINDBK', 'TATASTEEL-JSWSTEEL', 'INDUSINDBK-EICHERMOT'] ...
Traceback (most recent call last):
  File "/users/student/pg/pg24/yash.sarang/Hybrid-Pairs-Trading-Ensemble/Implementation/experiments/walk_forward.py", line 732, in <module>
    main()
    ~~~~^^
  File "/users/student/pg/pg24/yash.sarang/Hybrid-Pairs-Trading-Ensemble/Implementation/experiments/walk_forward.py", line 678, in main
    result = run_fold(
        prices=prices,
    ...<8 lines>...
        ppy=PERIODS_PER_YEAR["1D"],
    )
  File "/users/student/pg/pg24/yash.sarang/Hybrid-Pairs-Trading-Ensemble/Implementation/experiments/walk_forward.py", line 435, in run_fold
    sig = _signals_for_pair(a_train, b_train, a_full, b_full, s2_weights)
  File "/users/student/pg/pg24/yash.sarang/Hybrid-Pairs-Trading-Ensemble/Implementation/experiments/walk_forward.py", line 336, in _signals_for_pair
    "RL":     __import__("importlib").import_module("core.entry_rl").RLSignal()  # lazy: gymnasium optional
              ~~~~~~~~~~~~~~~~~~~~~~~~~~~~~~~~~~~~~^^^^^^^^^^^^^^^^^
  File "/users/student/pg/pg24/yash.sarang/miniconda3/lib/python3.13/importlib/__init__.py", line 88, in import_module
    return _bootstrap._gcd_import(name[level:], package, level)
           ~~~~~~~~~~~~~~~~~~~~~~^^^^^^^^^^^^^^^^^^^^^^^^^^^^^^
  File "<frozen importlib._bootstrap>", line 1387, in _gcd_import
  File "<frozen importlib._bootstrap>", line 1360, in _find_and_load
  File "<frozen importlib._bootstrap>", line 1331, in _find_and_load_unlocked
  File "<frozen importlib._bootstrap>", line 935, in _load_unlocked
  File "<frozen importlib._bootstrap_external>", line 1023, in exec_module
  File "<frozen importlib._bootstrap>", line 488, in _call_with_frames_removed
  File "/users/student/pg/pg24/yash.sarang/Hybrid-Pairs-Trading-Ensemble/Implementation/core/entry_rl.py", line 19, in <module>
    import gymnasium as gym
ModuleNotFoundError: No module named 'gymnasium'
WARNING: All log messages before absl::InitializeLog() is called are written to STDERR
I0000 00:00:1780534673.955477 2172924 port.cc:153] oneDNN custom operations are on. You may see slightly different numerical results due to floating-point round-off errors from different computation orders. To turn them off, set the environment variable `TF_ENABLE_ONEDNN_OPTS=0`.
I0000 00:00:1780534673.957558 2172924 cudart_stub.cc:31] Could not find cuda drivers on your machine, GPU will not be used.
WARNING: All log messages before absl::InitializeLog() is called are written to STDERR
I0000 00:00:1780534678.274506 2172924 port.cc:153] oneDNN custom operations are on. You may see slightly different numerical results due to floating-point round-off errors from different computation orders. To turn them off, set the environment variable `TF_ENABLE_ONEDNN_OPTS=0`.
I0000 00:00:1780534678.275009 2172924 cudart_stub.cc:31] Could not find cuda drivers on your machine, GPU will not be used.
E0000 00:00:1780534679.565603 2172924 cuda_platform.cc:52] failed call to cuInit: INTERNAL: CUDA error: Failed call to cuInit: CUDA_ERROR_NO_DEVICE: no CUDA-capable device is detected
06:27:59  INFO      ================================================================
06:27:59  INFO      Walk-Forward Validation  |  mode=full  |  s2=ou_only  |  top_k=10
06:27:59  INFO      S1 weights: {'Correlation': 1.0, 'Distance': 1.0, 'Cointegration': 1.0, 'Combined': 1.0, 'ML': 1.0, 'LSTM': 1.0, 'Transformer': 1.0, 'GNN': 1.0}
06:27:59  INFO      Folds: ['Fold1_2018', 'Fold2_2019', 'Fold3_2020', 'Fold4_2021', 'Fold5_2022', 'Fold6_2023-2024']
06:27:59  INFO      min_hold_bars=30  capital=1,000,000
06:27:59  INFO      ================================================================
06:27:59  INFO      [Data] Fetching full 10-year daily prices ...
06:27:59  INFO        35 tickers x 2466 bars  (2015-01-01 -> 2024-12-30)
06:27:59  INFO        --- Fold1_2018 | Train 2015-01-01 -> 2017-12-31 | Test 2018-01-01 -> 2018-12-31 ---
06:28:35  INFO      [MLSelector.fit] y class counts: {0: 323, 1: 272}
06:29:06  INFO      [LSTMSelector] 242760 sequences, class dist: {0: 126776, 1: 115984}
06:29:06  INFO      [LSTMSelector] Subsampled to 50000 sequences.
/users/student/pg/pg24/yash.sarang/miniconda3/lib/python3.13/site-packages/keras/src/layers/rnn/bidirectional.py:107: UserWarning: Do not pass an `input_shape`/`input_dim` argument to a layer. When using Sequential models, prefer using an `Input(shape)` object as the first layer in the model instead.
  super().__init__(**kwargs)
06:32:25  INFO      [LSTMSelector] Training complete.
E0000 00:00:1780534947.394781 2172924 node_def_util.cc:682] NodeDef mentions attribute use_unbounded_threadpool which is not in the op definition: Op<name=MapDataset; signature=input_dataset:variant, other_arguments: -> handle:variant; attr=f:func; attr=Targuments:list(type),min=0; attr=output_types:list(type),min=1; attr=output_shapes:list(shape),min=1; attr=use_inter_op_parallelism:bool,default=true; attr=preserve_cardinality:bool,default=false; attr=force_synchronous:bool,default=false; attr=metadata:string,default=""> This may be expected if your graph generating binary is newer  than this binary. Unknown attributes will be ignored. NodeDef: {{node ParallelMapDatasetV2/_14}}
06:32:39  INFO      [TransformerSelector] 242760 sequences, class dist: {0: 126776, 1: 115984}
06:32:39  INFO      [TransformerSelector] Subsampled to 50000 sequences.
06:34:12  INFO      [TransformerSelector] Training complete.
E0000 00:00:1780535054.441525 2172924 node_def_util.cc:682] NodeDef mentions attribute use_unbounded_threadpool which is not in the op definition: Op<name=MapDataset; signature=input_dataset:variant, other_arguments: -> handle:variant; attr=f:func; attr=Targuments:list(type),min=0; attr=output_types:list(type),min=1; attr=output_shapes:list(shape),min=1; attr=use_inter_op_parallelism:bool,default=true; attr=preserve_cardinality:bool,default=false; attr=force_synchronous:bool,default=false; attr=metadata:string,default=""> This may be expected if your graph generating binary is newer  than this binary. Unknown attributes will be ignored. NodeDef: {{node ParallelMapDatasetV2/_14}}
06:34:16  INFO      [GNNSelector] Training on 8 snapshots, N=35 stocks.
06:35:50  INFO      [GNNSelector] Training complete.
06:35:51  INFO          Pairs selected (10): ['JSWSTEEL-HINDALCO', 'MARUTI-HINDUNILVR', 'HDFCBANK-INDUSINDBK', 'INDUSINDBK-EICHERMOT', 'TATASTEEL-JSWSTEEL'] ...
Traceback (most recent call last):
  File "/users/student/pg/pg24/yash.sarang/Hybrid-Pairs-Trading-Ensemble/Implementation/experiments/walk_forward.py", line 732, in <module>
    main()
    ~~~~^^
  File "/users/student/pg/pg24/yash.sarang/Hybrid-Pairs-Trading-Ensemble/Implementation/experiments/walk_forward.py", line 678, in main
    result = run_fold(
        prices=prices,
    ...<8 lines>...
        ppy=PERIODS_PER_YEAR["1D"],
    )
  File "/users/student/pg/pg24/yash.sarang/Hybrid-Pairs-Trading-Ensemble/Implementation/experiments/walk_forward.py", line 435, in run_fold
    sig = _signals_for_pair(a_train, b_train, a_full, b_full, s2_weights)
  File "/users/student/pg/pg24/yash.sarang/Hybrid-Pairs-Trading-Ensemble/Implementation/experiments/walk_forward.py", line 336, in _signals_for_pair
    "RL":     __import__("importlib").import_module("core.entry_rl").RLSignal()  # lazy: gymnasium optional
              ~~~~~~~~~~~~~~~~~~~~~~~~~~~~~~~~~~~~~^^^^^^^^^^^^^^^^^
  File "/users/student/pg/pg24/yash.sarang/miniconda3/lib/python3.13/importlib/__init__.py", line 88, in import_module
    return _bootstrap._gcd_import(name[level:], package, level)
           ~~~~~~~~~~~~~~~~~~~~~~^^^^^^^^^^^^^^^^^^^^^^^^^^^^^^
  File "<frozen importlib._bootstrap>", line 1387, in _gcd_import
  File "<frozen importlib._bootstrap>", line 1360, in _find_and_load
  File "<frozen importlib._bootstrap>", line 1331, in _find_and_load_unlocked
  File "<frozen importlib._bootstrap>", line 935, in _load_unlocked
  File "<frozen importlib._bootstrap_external>", line 1023, in exec_module
  File "<frozen importlib._bootstrap>", line 488, in _call_with_frames_removed
  File "/users/student/pg/pg24/yash.sarang/Hybrid-Pairs-Trading-Ensemble/Implementation/core/entry_rl.py", line 19, in <module>
    import gymnasium as gym
ModuleNotFoundError: No module named 'gymnasium'
