[E4c] WFV full hybrid (CPU DL) + ou_only — run 1/3

====================================================================================================
  WALK-FORWARD VALIDATION RESULTS  (out-of-sample, expanding window)
====================================================================================================
            Fold  Gross SRGross Ret%    Net SR  Net Ret%Net MaxDD%  Trd/Yr CostDrag
----------------------------------------------------------------------------------------------------
      Fold1_2018     0.742      5.70     0.685      5.26      4.44      53     0.43
      Fold2_2019     0.381      2.63     0.302      2.08      4.97      67     0.55
      Fold3_2020     0.177      1.83     0.099      1.02     10.54      99     0.81
      Fold4_2021     2.122     15.49     2.034     14.88      5.55      75     0.61
      Fold5_2022    -0.736     -6.04    -0.796     -6.53     10.77      61     0.50
 Fold6_2023-2024     1.458      9.79     1.384      9.32      4.19      63     0.47
----------------------------------------------------------------------------------------------------

  AGGREGATE ACROSS 6 FOLDS:
  Gross Sharpe :   0.691 +/-0.916 [83% pos]
  Net   Sharpe :   0.618 +/-0.910 [83% pos]
  Gross Ret %  :   4.90 +/-6.72 [83% pos]
  Net   Ret %  :   4.34 +/-6.72 [83% pos]
  Net MaxDD %  :   6.74 +/-2.80 [100% pos]
  Cost Drag pp :   0.56 +/-0.12 [100% pos]

  FULL OOS (all test years stitched, 6 yrs):
    Gross Sharpe  = 0.725  Net Sharpe = 0.653
    Gross Ret %   = 4.94%  Net Ret %  = 4.51%
    Net MaxDD %   = 10.43%
====================================================================================================

[E4c] WFV full hybrid (CPU DL) + ou_only — run 2/3

====================================================================================================
  WALK-FORWARD VALIDATION RESULTS  (out-of-sample, expanding window)
====================================================================================================
            Fold  Gross SRGross Ret%    Net SR  Net Ret%Net MaxDD%  Trd/Yr CostDrag
----------------------------------------------------------------------------------------------------
      Fold1_2018     0.742      5.70     0.685      5.26      4.44      53     0.43
      Fold2_2019     0.381      2.63     0.302      2.08      4.97      67     0.55
      Fold3_2020     0.536      5.12     0.455      4.35     12.35      95     0.78
      Fold4_2021     1.922     15.08     1.838     14.44      4.00      79     0.65
      Fold5_2022    -0.736     -6.04    -0.796     -6.53     10.77      61     0.50
 Fold6_2023-2024     0.625      4.81     0.561      4.33      6.36      62     0.48
----------------------------------------------------------------------------------------------------

  AGGREGATE ACROSS 6 FOLDS:
  Gross Sharpe :   0.578 +/-0.775 [83% pos]
  Net   Sharpe :   0.507 +/-0.769 [83% pos]
  Gross Ret %  :   4.55 +/-6.17 [83% pos]
  Net   Ret %  :   3.99 +/-6.13 [83% pos]
  Net MaxDD %  :   7.15 +/-3.24 [100% pos]
  Cost Drag pp :   0.56 +/-0.12 [100% pos]

  FULL OOS (all test years stitched, 6 yrs):
    Gross Sharpe  = 0.575  Net Sharpe = 0.505
    Gross Ret %   = 4.10%  Net Ret %  = 3.65%
    Net MaxDD %   = 11.70%
====================================================================================================

[E4c] WFV full hybrid (CPU DL) + ou_only — run 3/3

====================================================================================================
  WALK-FORWARD VALIDATION RESULTS  (out-of-sample, expanding window)
====================================================================================================
            Fold  Gross SRGross Ret%    Net SR  Net Ret%Net MaxDD%  Trd/Yr CostDrag
----------------------------------------------------------------------------------------------------
      Fold1_2018     0.742      5.70     0.685      5.26      4.44      53     0.43
      Fold2_2019     0.379      3.01     0.309      2.45      7.64      68     0.56
      Fold3_2020     0.536      5.12     0.455      4.35     12.35      95     0.78
      Fold4_2021     2.122     15.49     2.034     14.88      5.55      75     0.61
      Fold5_2022    -0.736     -6.04    -0.796     -6.53     10.77      61     0.50
 Fold6_2023-2024     0.625      4.81     0.561      4.33      6.36      62     0.48
----------------------------------------------------------------------------------------------------

  AGGREGATE ACROSS 6 FOLDS:
  Gross Sharpe :   0.611 +/-0.834 [83% pos]
  Net   Sharpe :   0.541 +/-0.827 [83% pos]
  Gross Ret %  :   4.68 +/-6.27 [83% pos]
  Net   Ret %  :   4.12 +/-6.24 [83% pos]
  Net MaxDD %  :   7.85 +/-2.83 [100% pos]
  Cost Drag pp :   0.56 +/-0.11 [100% pos]

  FULL OOS (all test years stitched, 6 yrs):
    Gross Sharpe  = 0.584  Net Sharpe = 0.516
    Gross Ret %   = 4.18%  Net Ret %  = 3.74%
    Net MaxDD %   = 11.75%
====================================================================================================

[E4c] DONE
