[E4c] WFV full hybrid (CPU DL) + ou_only — run 1/3

====================================================================================================
  WALK-FORWARD VALIDATION RESULTS  (out-of-sample, expanding window)
====================================================================================================
            Fold  Gross SRGross Ret%    Net SR  Net Ret%Net MaxDD%  Trd/Yr CostDrag
----------------------------------------------------------------------------------------------------
      Fold1_2018     0.265      2.24     0.208      1.75      4.56      59     0.48
      Fold2_2019     0.788      5.85     0.714      5.29      7.12      68     0.56
      Fold3_2020     0.177      1.83     0.099      1.02     10.54      99     0.81
      Fold4_2021     1.922     15.08     1.838     14.44      4.00      79     0.65
      Fold5_2022    -0.736     -6.04    -0.796     -6.53     10.77      61     0.50
 Fold6_2023-2024     0.625      4.81     0.561      4.33      6.36      62     0.48
----------------------------------------------------------------------------------------------------

  AGGREGATE ACROSS 6 FOLDS:
  Gross Sharpe :   0.507 +/-0.797 [83% pos]
  Net   Sharpe :   0.437 +/-0.790 [83% pos]
  Gross Ret %  :   3.96 +/-6.26 [83% pos]
  Net   Ret %  :   3.38 +/-6.24 [83% pos]
  Net MaxDD %  :   7.23 +/-2.64 [100% pos]
  Cost Drag pp :   0.58 +/-0.12 [100% pos]

  FULL OOS (all test years stitched, 6 yrs):
    Gross Sharpe  = 0.492  Net Sharpe = 0.423
    Gross Ret %   = 3.68%  Net Ret %  = 3.21%
    Net MaxDD %   = 9.88%
====================================================================================================

[E4c] WFV full hybrid (CPU DL) + ou_only — run 2/3

====================================================================================================
  WALK-FORWARD VALIDATION RESULTS  (out-of-sample, expanding window)
====================================================================================================
            Fold  Gross SRGross Ret%    Net SR  Net Ret%Net MaxDD%  Trd/Yr CostDrag
----------------------------------------------------------------------------------------------------
      Fold1_2018     0.653      5.54     0.595      5.05      3.71      60     0.49
      Fold2_2019     0.381      2.63     0.302      2.08      4.97      67     0.55
      Fold3_2020     0.536      5.12     0.455      4.35     12.35      95     0.78
      Fold4_2021     2.122     15.49     2.034     14.88      5.55      75     0.61
      Fold5_2022    -0.736     -6.04    -0.796     -6.53     10.77      61     0.50
 Fold6_2023-2024     0.625      4.81     0.561      4.33      6.36      62     0.48
----------------------------------------------------------------------------------------------------

  AGGREGATE ACROSS 6 FOLDS:
  Gross Sharpe :   0.597 +/-0.832 [83% pos]
  Net   Sharpe :   0.525 +/-0.825 [83% pos]
  Gross Ret %  :   4.59 +/-6.28 [83% pos]
  Net   Ret %  :   4.03 +/-6.25 [83% pos]
  Net MaxDD %  :   7.29 +/-3.16 [100% pos]
  Cost Drag pp :   0.57 +/-0.10 [100% pos]

  FULL OOS (all test years stitched, 6 yrs):
    Gross Sharpe  = 0.576  Net Sharpe = 0.507
    Gross Ret %   = 4.13%  Net Ret %  = 3.68%
    Net MaxDD %   = 11.72%
====================================================================================================

[E4c] WFV full hybrid (CPU DL) + ou_only — run 3/3

====================================================================================================
  WALK-FORWARD VALIDATION RESULTS  (out-of-sample, expanding window)
====================================================================================================
            Fold  Gross SRGross Ret%    Net SR  Net Ret%Net MaxDD%  Trd/Yr CostDrag
----------------------------------------------------------------------------------------------------
      Fold1_2018     0.653      5.54     0.595      5.05      3.71      60     0.49
      Fold2_2019     0.381      2.63     0.302      2.08      4.97      67     0.55
      Fold3_2020     0.177      1.83     0.099      1.02     10.54      99     0.81
      Fold4_2021     2.216     17.73     2.135     17.10      3.66      78     0.64
      Fold5_2022    -0.736     -6.04    -0.796     -6.53     10.77      61     0.50
 Fold6_2023-2024     0.625      4.81     0.561      4.33      6.36      62     0.48
----------------------------------------------------------------------------------------------------

  AGGREGATE ACROSS 6 FOLDS:
  Gross Sharpe :   0.553 +/-0.877 [83% pos]
  Net   Sharpe :   0.483 +/-0.872 [83% pos]
  Gross Ret %  :   4.42 +/-7.05 [83% pos]
  Net   Ret %  :   3.84 +/-7.02 [83% pos]
  Net MaxDD %  :   6.67 +/-2.96 [100% pos]
  Cost Drag pp :   0.58 +/-0.12 [100% pos]

  FULL OOS (all test years stitched, 6 yrs):
    Gross Sharpe  = 0.542  Net Sharpe = 0.473
    Gross Ret %   = 4.00%  Net Ret %  = 3.54%
    Net MaxDD %   = 10.12%
====================================================================================================

[E4c] DONE
