[E7-A] Weighted S1 (Corr=2.0, others=1.0) + OU-only S2 -- stat_ml

====================================================================================================
  WALK-FORWARD VALIDATION RESULTS  (out-of-sample, expanding window)
====================================================================================================
            Fold  Gross SRGross Ret%    Net SR  Net Ret%Net MaxDD%  Trd/Yr CostDrag
----------------------------------------------------------------------------------------------------
      Fold1_2018    -0.657     -4.95    -0.717     -5.41      9.05      56     0.46
      Fold2_2019     1.440     10.80     1.367     10.26      3.34      65     0.53
      Fold3_2020     2.349     23.64     2.295     23.10      4.75      67     0.55
      Fold4_2021     0.162      1.41     0.094      0.82      7.54      72     0.59
      Fold5_2022     0.336      2.90     0.289      2.50      6.70      49     0.40
 Fold6_2023-2024     0.017      0.14    -0.041     -0.33     12.47      57     0.47
----------------------------------------------------------------------------------------------------

  AGGREGATE ACROSS 6 FOLDS:
  Gross Sharpe :   0.608 +/-0.995 [83% pos]
  Net   Sharpe :   0.548 +/-0.995 [67% pos]
  Gross Ret %  :   5.66 +/-9.30 [83% pos]
  Net   Ret %  :   5.16 +/-9.27 [67% pos]
  Net MaxDD %  :   7.31 +/-2.95 [100% pos]
  Cost Drag pp :   0.50 +/-0.06 [100% pos]

  FULL OOS (all test years stitched, 6 yrs):
    Gross Sharpe  = 0.585  Net Sharpe = 0.526
    Gross Ret %   = 4.32%  Net Ret %  = 3.93%
    Net MaxDD %   = 9.61%
====================================================================================================

[E7-B] Weighted S1 (LSTM=3.0, Corr=2.0, others=1.0) + OU-only S2 -- full

====================================================================================================
  WALK-FORWARD VALIDATION RESULTS  (out-of-sample, expanding window)
====================================================================================================
            Fold  Gross SRGross Ret%    Net SR  Net Ret%Net MaxDD%  Trd/Yr CostDrag
----------------------------------------------------------------------------------------------------
      Fold1_2018    -0.917    -19.66    -0.937    -20.10     38.47      54     0.44
      Fold2_2019    -0.419     -6.99    -0.449     -7.49     19.89      61     0.50
      Fold3_2020     0.278      4.19     0.240      3.63     16.34      68     0.56
      Fold4_2021     1.060     17.59     1.035     17.18      9.39      50     0.41
      Fold5_2022    -0.298     -4.17    -0.341     -4.75     20.91      71     0.58
 Fold6_2023-2024    -0.245     -3.15    -0.276     -3.55     15.60      47     0.40
----------------------------------------------------------------------------------------------------

  AGGREGATE ACROSS 6 FOLDS:
  Gross Sharpe :   -0.090 +/-0.621 [33% pos]
  Net   Sharpe :   -0.121 +/-0.621 [33% pos]
  Gross Ret %  :   -2.03 +/-11.29 [33% pos]
  Net   Ret %  :   -2.51 +/-11.30 [33% pos]
  Net MaxDD %  :   20.10 +/-9.01 [100% pos]
  Cost Drag pp :   0.48 +/-0.07 [100% pos]

  FULL OOS (all test years stitched, 6 yrs):
    Gross Sharpe  = -0.135  Net Sharpe = -0.164
    Gross Ret %   = -2.29%  Net Ret %  = -2.83%
    Net MaxDD %   = 43.90%
====================================================================================================

[E7-C] stat_only + OU-only S2 (replication check)

====================================================================================================
  WALK-FORWARD VALIDATION RESULTS  (out-of-sample, expanding window)
====================================================================================================
            Fold  Gross SRGross Ret%    Net SR  Net Ret%Net MaxDD%  Trd/Yr CostDrag
----------------------------------------------------------------------------------------------------
      Fold1_2018    -0.847    -10.26    -0.884    -10.73     15.51      57     0.47
      Fold2_2019     0.261      2.18     0.198      1.66      9.47      64     0.52
      Fold3_2020     2.494     27.89     2.441     27.28      5.10      74     0.61
      Fold4_2021    -0.080     -0.66    -0.151     -1.25      8.00      72     0.59
      Fold5_2022     0.106      0.83     0.053      0.41      6.46      51     0.41
 Fold6_2023-2024     0.449      4.35     0.402      3.89      9.35      58     0.45
----------------------------------------------------------------------------------------------------

  AGGREGATE ACROSS 6 FOLDS:
  Gross Sharpe :   0.397 +/-1.023 [67% pos]
  Net   Sharpe :   0.343 +/-1.021 [67% pos]
  Gross Ret %  :   4.05 +/-11.61 [67% pos]
  Net   Ret %  :   3.54 +/-11.57 [67% pos]
  Net MaxDD %  :   8.98 +/-3.30 [100% pos]
  Cost Drag pp :   0.51 +/-0.07 [100% pos]

  FULL OOS (all test years stitched, 6 yrs):
    Gross Sharpe  = 0.427  Net Sharpe = 0.375
    Gross Ret %   = 3.74%  Net Ret %  = 3.33%
    Net MaxDD %   = 19.26%
====================================================================================================

[E7] DONE
