WARNING: All log messages before absl::InitializeLog() is called are written to STDERR
I0000 00:00:1775430065.239208  130713 port.cc:153] oneDNN custom operations are on. You may see slightly different numerical results due to floating-point round-off errors from different computation orders. To turn them off, set the environment variable `TF_ENABLE_ONEDNN_OPTS=0`.
WARNING: All log messages before absl::InitializeLog() is called are written to STDERR
I0000 00:00:1775430069.446281  130713 port.cc:153] oneDNN custom operations are on. You may see slightly different numerical results due to floating-point round-off errors from different computation orders. To turn them off, set the environment variable `TF_ENABLE_ONEDNN_OPTS=0`.
04:31:11  INFO      ================================================================
04:31:11  INFO      E3 Ablation  |  mode=full  |  stage=1  |  top_k=10
04:31:11  INFO      min_hold=30  capital=1,000,000
04:31:11  INFO      ================================================================
04:31:11  INFO      [Data] Fetching full 10-year daily prices ...
/users/student/pg/pg24/yash.sarang/Hybrid-Pairs-Trading-Ensemble/Implementation/core/data.py:136: PerformanceWarning: indexing past lexsort depth may impact performance.
  if col in data.columns:
/users/student/pg/pg24/yash.sarang/Hybrid-Pairs-Trading-Ensemble/Implementation/core/data.py:137: PerformanceWarning: indexing past lexsort depth may impact performance.
  s = data[col]
04:31:11  INFO        35 tickers x 3742 bars
04:31:11  INFO      
--- Running Stage 1 Ablation ---
04:31:11  INFO        Stage 1 ablation: ['Correlation_only', 'Distance_only', 'Cointegration_only', 'Combined_only', 'ML_only', 'LSTM_only', 'Transformer_only', 'GNN_only', 'S1_Ensemble']
04:31:11  INFO        [S1] Config: Correlation_only
04:31:13  INFO          [Correlation_only] 2020 -> Gross SR=1.082  Net SR=0.683  pairs=10  t=1.8s
04:31:14  INFO          [Correlation_only] 2021 -> Gross SR=1.686  Net SR=1.122  pairs=10  t=1.4s
04:31:16  INFO          [Correlation_only] 2022 -> Gross SR=-0.827  Net SR=-1.345  pairs=10  t=1.6s
04:31:17  INFO          [Correlation_only] 2023 -> Gross SR=0.760  Net SR=0.004  pairs=10  t=1.6s
04:31:19  INFO          [Correlation_only] 2024 -> Gross SR=0.266  Net SR=-0.356  pairs=10  t=1.5s
04:31:20  INFO          [Correlation_only] 2025 -> Gross SR=1.031  Net SR=0.479  pairs=10  t=1.6s
04:31:20  INFO        [S1] Config: Distance_only
04:31:21  INFO          [Distance_only] 2020 -> Gross SR=0.633  Net SR=0.278  pairs=10  t=1.1s
04:31:23  INFO          [Distance_only] 2021 -> Gross SR=-0.080  Net SR=-0.491  pairs=10  t=1.1s
04:31:24  INFO          [Distance_only] 2022 -> Gross SR=-0.328  Net SR=-0.841  pairs=10  t=1.2s
04:31:25  INFO          [Distance_only] 2023 -> Gross SR=0.762  Net SR=0.224  pairs=10  t=1.2s
04:31:26  INFO          [Distance_only] 2024 -> Gross SR=-0.043  Net SR=-0.511  pairs=10  t=1.3s
04:31:28  INFO          [Distance_only] 2025 -> Gross SR=0.675  Net SR=0.189  pairs=10  t=1.3s
04:31:28  INFO        [S1] Config: Cointegration_only
04:31:33  INFO          [Cointegration_only] 2020 -> Gross SR=0.183  Net SR=-0.083  pairs=10  t=5.8s
04:31:40  INFO          [Cointegration_only] 2021 -> Gross SR=0.975  Net SR=0.581  pairs=10  t=6.1s
04:31:46  INFO          [Cointegration_only] 2022 -> Gross SR=-0.919  Net SR=-1.357  pairs=10  t=6.3s
04:31:52  INFO          [Cointegration_only] 2023 -> Gross SR=-0.360  Net SR=-0.818  pairs=10  t=6.5s
04:31:59  INFO          [Cointegration_only] 2024 -> Gross SR=-0.884  Net SR=-1.250  pairs=10  t=6.4s
04:32:05  INFO          [Cointegration_only] 2025 -> Gross SR=1.522  Net SR=1.091  pairs=10  t=6.6s
04:32:05  INFO        [S1] Config: Combined_only
04:32:11  INFO          [Combined_only] 2020 -> Gross SR=-0.389  Net SR=-0.633  pairs=10  t=5.8s
04:32:24  INFO          [Combined_only] 2021 -> Gross SR=0.560  Net SR=0.194  pairs=10  t=12.5s
04:32:39  INFO          [Combined_only] 2022 -> Gross SR=-1.067  Net SR=-1.415  pairs=10  t=15.2s
04:32:56  INFO          [Combined_only] 2023 -> Gross SR=0.322  Net SR=-0.152  pairs=10  t=17.6s
04:33:19  INFO          [Combined_only] 2024 -> Gross SR=-1.978  Net SR=-2.302  pairs=10  t=22.6s
04:33:25  INFO          [Combined_only] 2025 -> Gross SR=-0.112  Net SR=-0.558  pairs=10  t=6.1s
04:33:25  INFO        [S1] Config: ML_only
04:33:35  INFO      [MLSelector.fit] y class counts: {0: 335, 1: 260}
/users/student/pg/pg24/yash.sarang/miniconda3/envs/pairs_trading/lib/python3.10/site-packages/xgboost/core.py:751: UserWarning: [04:33:36] WARNING: /__w/xgboost/xgboost/src/common/error_msg.cc:62: Falling back to prediction using DMatrix due to mismatched devices. This might lead to higher memory usage and slower performance. XGBoost is running on: cuda:0, while the input data is on: cpu.
Potential solutions:
- Use a data structure that matches the device ordinal in the booster.
- Set the device for booster before call to inplace_predict.

This warning will only be shown once.

  return func(**kwargs)
04:34:24  INFO          [ML_only] 2020 -> Gross SR=-1.785  Net SR=-2.065  pairs=10  t=59.3s
04:34:43  INFO      [MLSelector.fit] y class counts: {0: 340, 1: 255}
04:35:45  INFO          [ML_only] 2021 -> Gross SR=1.398  Net SR=1.053  pairs=10  t=81.0s
04:36:14  INFO      [MLSelector.fit] y class counts: {0: 306, 1: 289}
04:37:25  INFO          [ML_only] 2022 -> Gross SR=0.242  Net SR=-0.079  pairs=10  t=99.5s
04:38:05  INFO      [MLSelector.fit] y class counts: {0: 250, 1: 345}
04:39:31  INFO          [ML_only] 2023 -> Gross SR=1.891  Net SR=1.487  pairs=10  t=125.8s
04:40:20  INFO      [MLSelector.fit] y class counts: {0: 281, 1: 314}
04:41:54  INFO          [ML_only] 2024 -> Gross SR=-0.536  Net SR=-0.864  pairs=10  t=143.7s
04:42:49  INFO      [MLSelector.fit] y class counts: {0: 297, 1: 298}
04:44:34  INFO          [ML_only] 2025 -> Gross SR=0.906  Net SR=0.333  pairs=10  t=159.6s
04:44:34  INFO        [S1] Config: LSTM_only
04:44:45  INFO      [LSTMSelector] 671755 sequences, class dist: {0: 335187, 1: 336568}
04:44:45  INFO      [LSTMSelector] Subsampled to 50000 sequences.
/users/student/pg/pg24/yash.sarang/miniconda3/envs/pairs_trading/lib/python3.10/site-packages/keras/src/layers/rnn/bidirectional.py:107: UserWarning: Do not pass an `input_shape`/`input_dim` argument to a layer. When using Sequential models, prefer using an `Input(shape)` object as the first layer in the model instead.
  super().__init__(**kwargs)
04:45:33  INFO      [LSTMSelector] Training complete.
04:45:38  INFO          [LSTM_only] 2020 -> Gross SR=-0.530  Net SR=-0.863  pairs=10  t=63.6s
04:45:50  INFO      [LSTMSelector] 889525 sequences, class dist: {0: 442602, 1: 446923}
04:45:50  INFO      [LSTMSelector] Subsampled to 50000 sequences.
/users/student/pg/pg24/yash.sarang/miniconda3/envs/pairs_trading/lib/python3.10/site-packages/keras/src/layers/rnn/bidirectional.py:107: UserWarning: Do not pass an `input_shape`/`input_dim` argument to a layer. When using Sequential models, prefer using an `Input(shape)` object as the first layer in the model instead.
  super().__init__(**kwargs)
04:46:38  INFO      [LSTMSelector] Training complete.
04:46:42  INFO          [LSTM_only] 2021 -> Gross SR=1.291  Net SR=1.022  pairs=10  t=64.5s
04:46:50  INFO      [LSTMSelector] 1106700 sequences, class dist: {0: 549456, 1: 557244}
04:46:50  INFO      [LSTMSelector] Subsampled to 50000 sequences.
/users/student/pg/pg24/yash.sarang/miniconda3/envs/pairs_trading/lib/python3.10/site-packages/keras/src/layers/rnn/bidirectional.py:107: UserWarning: Do not pass an `input_shape`/`input_dim` argument to a layer. When using Sequential models, prefer using an `Input(shape)` object as the first layer in the model instead.
  super().__init__(**kwargs)
04:47:04  INFO      [LSTMSelector] Training complete.
04:47:08  INFO          [LSTM_only] 2022 -> Gross SR=2.280  Net SR=1.872  pairs=10  t=25.8s
04:47:18  INFO      [LSTMSelector] 1323875 sequences, class dist: {0: 657867, 1: 666008}
04:47:18  INFO      [LSTMSelector] Subsampled to 50000 sequences.
/users/student/pg/pg24/yash.sarang/miniconda3/envs/pairs_trading/lib/python3.10/site-packages/keras/src/layers/rnn/bidirectional.py:107: UserWarning: Do not pass an `input_shape`/`input_dim` argument to a layer. When using Sequential models, prefer using an `Input(shape)` object as the first layer in the model instead.
  super().__init__(**kwargs)
04:47:53  INFO      [LSTMSelector] Training complete.
04:47:57  INFO          [LSTM_only] 2023 -> Gross SR=0.691  Net SR=0.194  pairs=10  t=49.0s
04:48:04  INFO      [LSTMSelector] 1541050 sequences, class dist: {0: 766018, 1: 775032}
04:48:05  INFO      [LSTMSelector] Subsampled to 50000 sequences.
/users/student/pg/pg24/yash.sarang/miniconda3/envs/pairs_trading/lib/python3.10/site-packages/keras/src/layers/rnn/bidirectional.py:107: UserWarning: Do not pass an `input_shape`/`input_dim` argument to a layer. When using Sequential models, prefer using an `Input(shape)` object as the first layer in the model instead.
  super().__init__(**kwargs)
04:48:40  INFO      [LSTMSelector] Training complete.
04:48:44  INFO          [LSTM_only] 2024 -> Gross SR=0.162  Net SR=-0.159  pairs=10  t=47.4s
04:48:50  INFO      [LSTMSelector] 1758820 sequences, class dist: {0: 879622, 1: 879198}
04:48:51  INFO      [LSTMSelector] Subsampled to 50000 sequences.
/users/student/pg/pg24/yash.sarang/miniconda3/envs/pairs_trading/lib/python3.10/site-packages/keras/src/layers/rnn/bidirectional.py:107: UserWarning: Do not pass an `input_shape`/`input_dim` argument to a layer. When using Sequential models, prefer using an `Input(shape)` object as the first layer in the model instead.
  super().__init__(**kwargs)
04:49:08  INFO      [LSTMSelector] Training complete.
04:49:12  INFO          [LSTM_only] 2025 -> Gross SR=0.753  Net SR=0.395  pairs=10  t=27.8s
04:49:12  INFO        [S1] Config: Transformer_only
04:49:19  INFO      [TransformerSelector] 671755 sequences, class dist: {0: 335187, 1: 336568}
04:49:19  INFO      [TransformerSelector] Subsampled to 50000 sequences.
04:50:11  INFO      [TransformerSelector] Training complete.
04:50:19  INFO          [Transformer_only] 2020 -> Gross SR=-0.649  Net SR=-0.899  pairs=10  t=66.8s
04:50:28  INFO      [TransformerSelector] 889525 sequences, class dist: {0: 442602, 1: 446923}
04:50:29  INFO      [TransformerSelector] Subsampled to 50000 sequences.
04:50:56  INFO      [TransformerSelector] Training complete.
04:51:01  INFO          [Transformer_only] 2021 -> Gross SR=1.594  Net SR=1.317  pairs=10  t=42.3s
04:51:13  INFO      [TransformerSelector] 1106700 sequences, class dist: {0: 549456, 1: 557244}
04:51:14  INFO      [TransformerSelector] Subsampled to 50000 sequences.
04:51:40  INFO      [TransformerSelector] Training complete.
04:51:45  INFO          [Transformer_only] 2022 -> Gross SR=0.384  Net SR=0.085  pairs=10  t=43.8s
04:51:59  INFO      [TransformerSelector] 1323875 sequences, class dist: {0: 657867, 1: 666008}
04:51:59  INFO      [TransformerSelector] Subsampled to 50000 sequences.
04:52:29  INFO      [TransformerSelector] Training complete.
04:52:34  INFO          [Transformer_only] 2023 -> Gross SR=-0.784  Net SR=-1.304  pairs=10  t=49.1s
04:52:46  INFO      [TransformerSelector] 1541050 sequences, class dist: {0: 766018, 1: 775032}
04:52:47  INFO      [TransformerSelector] Subsampled to 50000 sequences.
04:53:15  INFO      [TransformerSelector] Training complete.
04:53:21  INFO          [Transformer_only] 2024 -> Gross SR=0.941  Net SR=0.679  pairs=10  t=46.6s
04:53:32  INFO      [TransformerSelector] 1758820 sequences, class dist: {0: 879622, 1: 879198}
04:53:33  INFO      [TransformerSelector] Subsampled to 50000 sequences.
04:53:55  INFO      [TransformerSelector] Training complete.
04:54:01  INFO          [Transformer_only] 2025 -> Gross SR=0.285  Net SR=-0.208  pairs=10  t=39.9s
04:54:01  INFO        [S1] Config: GNN_only
04:54:03  INFO      [GNNSelector] Training on 8 snapshots, N=35 stocks.
04:56:11  INFO      [GNNSelector] Training complete.
04:56:12  INFO          [GNN_only] 2020 -> Gross SR=-0.804  Net SR=-1.007  pairs=10  t=131.5s
04:56:14  INFO      [GNNSelector] Training on 7 snapshots, N=35 stocks.
04:58:04  INFO      [GNNSelector] Training complete.
04:58:05  INFO          [GNN_only] 2021 -> Gross SR=0.684  Net SR=0.400  pairs=10  t=113.3s
04:58:07  INFO      [GNNSelector] Training on 8 snapshots, N=35 stocks.
05:00:14  INFO      [GNNSelector] Training complete.
05:00:15  INFO          [GNN_only] 2022 -> Gross SR=0.069  Net SR=-0.216  pairs=10  t=129.7s
05:00:17  INFO      [GNNSelector] Training on 8 snapshots, N=35 stocks.
05:02:24  INFO      [GNNSelector] Training complete.
05:02:25  INFO          [GNN_only] 2023 -> Gross SR=0.005  Net SR=-0.470  pairs=10  t=130.2s
05:02:27  INFO      [GNNSelector] Training on 8 snapshots, N=35 stocks.
05:04:34  INFO      [GNNSelector] Training complete.
05:04:36  INFO          [GNN_only] 2024 -> Gross SR=-0.374  Net SR=-0.712  pairs=10  t=130.4s
05:04:38  INFO      [GNNSelector] Training on 8 snapshots, N=35 stocks.
05:06:44  INFO      [GNNSelector] Training complete.
05:06:46  INFO          [GNN_only] 2025 -> Gross SR=-0.127  Net SR=-0.486  pairs=10  t=130.0s
05:06:46  INFO        [S1] Config: S1_Ensemble
05:07:20  INFO      [MLSelector.fit] y class counts: {0: 335, 1: 260}
05:08:17  INFO      [LSTMSelector] 671755 sequences, class dist: {0: 335187, 1: 336568}
05:08:17  INFO      [LSTMSelector] Subsampled to 50000 sequences.
/users/student/pg/pg24/yash.sarang/miniconda3/envs/pairs_trading/lib/python3.10/site-packages/keras/src/layers/rnn/bidirectional.py:107: UserWarning: Do not pass an `input_shape`/`input_dim` argument to a layer. When using Sequential models, prefer using an `Input(shape)` object as the first layer in the model instead.
  super().__init__(**kwargs)
05:09:06  INFO      [LSTMSelector] Training complete.
05:09:15  INFO      [TransformerSelector] 671755 sequences, class dist: {0: 335187, 1: 336568}
05:09:16  INFO      [TransformerSelector] Subsampled to 50000 sequences.
05:09:45  INFO      [TransformerSelector] Training complete.
05:09:52  INFO      [GNNSelector] Training on 8 snapshots, N=35 stocks.
05:12:00  INFO      [GNNSelector] Training complete.
05:12:01  INFO          [S1_Ensemble] 2020 -> Gross SR=-0.661  Net SR=-0.990  pairs=10  t=315.2s
05:12:39  INFO      [MLSelector.fit] y class counts: {0: 340, 1: 255}
05:13:45  INFO      [LSTMSelector] 889525 sequences, class dist: {0: 442602, 1: 446923}
05:13:45  INFO      [LSTMSelector] Subsampled to 50000 sequences.
/users/student/pg/pg24/yash.sarang/miniconda3/envs/pairs_trading/lib/python3.10/site-packages/keras/src/layers/rnn/bidirectional.py:107: UserWarning: Do not pass an `input_shape`/`input_dim` argument to a layer. When using Sequential models, prefer using an `Input(shape)` object as the first layer in the model instead.
  super().__init__(**kwargs)
05:14:25  INFO      [LSTMSelector] Training complete.
05:14:31  INFO      [TransformerSelector] 889525 sequences, class dist: {0: 442602, 1: 446923}
05:14:32  INFO      [TransformerSelector] Subsampled to 50000 sequences.
05:14:51  INFO      [TransformerSelector] Training complete.
05:14:57  INFO      [GNNSelector] Training on 7 snapshots, N=35 stocks.
05:16:48  INFO      [GNNSelector] Training complete.
05:16:49  INFO          [S1_Ensemble] 2021 -> Gross SR=-0.120  Net SR=-0.611  pairs=10  t=288.1s
05:17:47  INFO      [MLSelector.fit] y class counts: {0: 306, 1: 289}
05:18:53  INFO      [LSTMSelector] 1106700 sequences, class dist: {0: 549456, 1: 557244}
05:18:54  INFO      [LSTMSelector] Subsampled to 50000 sequences.
/users/student/pg/pg24/yash.sarang/miniconda3/envs/pairs_trading/lib/python3.10/site-packages/keras/src/layers/rnn/bidirectional.py:107: UserWarning: Do not pass an `input_shape`/`input_dim` argument to a layer. When using Sequential models, prefer using an `Input(shape)` object as the first layer in the model instead.
  super().__init__(**kwargs)
05:19:44  INFO      [LSTMSelector] Training complete.
05:19:55  INFO      [TransformerSelector] 1106700 sequences, class dist: {0: 549456, 1: 557244}
05:19:55  INFO      [TransformerSelector] Subsampled to 50000 sequences.
05:20:23  INFO      [TransformerSelector] Training complete.
05:20:30  INFO      [GNNSelector] Training on 8 snapshots, N=35 stocks.
05:22:38  INFO      [GNNSelector] Training complete.
05:22:40  INFO          [S1_Ensemble] 2022 -> Gross SR=-0.614  Net SR=-1.122  pairs=10  t=350.9s
05:23:23  INFO      [MLSelector.fit] y class counts: {0: 250, 1: 345}
05:25:18  INFO      [LSTMSelector] 1323875 sequences, class dist: {0: 657867, 1: 666008}
05:25:19  INFO      [LSTMSelector] Subsampled to 50000 sequences.
/users/student/pg/pg24/yash.sarang/miniconda3/envs/pairs_trading/lib/python3.10/site-packages/keras/src/layers/rnn/bidirectional.py:107: UserWarning: Do not pass an `input_shape`/`input_dim` argument to a layer. When using Sequential models, prefer using an `Input(shape)` object as the first layer in the model instead.
  super().__init__(**kwargs)
05:25:48  INFO      [LSTMSelector] Training complete.
05:25:57  INFO      [TransformerSelector] 1323875 sequences, class dist: {0: 657867, 1: 666008}
05:25:58  INFO      [TransformerSelector] Subsampled to 50000 sequences.
05:26:22  INFO      [TransformerSelector] Training complete.
05:26:29  INFO      [GNNSelector] Training on 8 snapshots, N=35 stocks.
05:28:40  INFO      [GNNSelector] Training complete.
05:28:42  INFO          [S1_Ensemble] 2023 -> Gross SR=0.642  Net SR=0.111  pairs=10  t=362.0s
05:29:52  INFO      [MLSelector.fit] y class counts: {0: 281, 1: 314}
05:31:31  INFO      [LSTMSelector] 1541050 sequences, class dist: {0: 766018, 1: 775032}
05:31:32  INFO      [LSTMSelector] Subsampled to 50000 sequences.
/users/student/pg/pg24/yash.sarang/miniconda3/envs/pairs_trading/lib/python3.10/site-packages/keras/src/layers/rnn/bidirectional.py:107: UserWarning: Do not pass an `input_shape`/`input_dim` argument to a layer. When using Sequential models, prefer using an `Input(shape)` object as the first layer in the model instead.
  super().__init__(**kwargs)
05:31:54  INFO      [LSTMSelector] Training complete.
05:32:07  INFO      [TransformerSelector] 1541050 sequences, class dist: {0: 766018, 1: 775032}
05:32:08  INFO      [TransformerSelector] Subsampled to 50000 sequences.
05:32:38  INFO      [TransformerSelector] Training complete.
05:32:45  INFO      [GNNSelector] Training on 8 snapshots, N=35 stocks.
05:34:50  INFO      [GNNSelector] Training complete.
05:34:52  INFO          [S1_Ensemble] 2024 -> Gross SR=-0.819  Net SR=-1.208  pairs=10  t=370.0s
05:36:00  INFO      [MLSelector.fit] y class counts: {0: 297, 1: 298}
05:37:53  INFO      [LSTMSelector] 1758820 sequences, class dist: {0: 879622, 1: 879198}
05:37:53  INFO      [LSTMSelector] Subsampled to 50000 sequences.
/users/student/pg/pg24/yash.sarang/miniconda3/envs/pairs_trading/lib/python3.10/site-packages/keras/src/layers/rnn/bidirectional.py:107: UserWarning: Do not pass an `input_shape`/`input_dim` argument to a layer. When using Sequential models, prefer using an `Input(shape)` object as the first layer in the model instead.
  super().__init__(**kwargs)
05:38:22  INFO      [LSTMSelector] Training complete.
05:38:34  INFO      [TransformerSelector] 1758820 sequences, class dist: {0: 879622, 1: 879198}
05:38:35  INFO      [TransformerSelector] Subsampled to 50000 sequences.
05:38:55  INFO      [TransformerSelector] Training complete.
05:39:01  INFO      [GNNSelector] Training on 8 snapshots, N=35 stocks.
05:41:06  INFO      [GNNSelector] Training complete.
05:41:08  INFO          [S1_Ensemble] 2025 -> Gross SR=0.488  Net SR=0.040  pairs=10  t=375.7s
05:41:08  INFO      Total ablation time: 4197s
05:41:08  INFO      Results saved -> /users/student/pg/pg24/yash.sarang/Hybrid-Pairs-Trading-Ensemble/Implementation/experiments/results/ablation_20260406_054108.json
