==========================================
E4: Walk-Forward Validation
Start time: Mon Apr  6 12:45:55 AM IST 2026
==========================================
Python: /users/student/pg/pg24/yash.sarang/miniconda3/envs/pairs_trading/bin/python
Conda env: pairs_trading
Loading data from cache: data_cache/daily_prices.parquet

====================================================================================================
  WALK-FORWARD VALIDATION RESULTS  (out-of-sample, expanding window)
====================================================================================================
            Fold  Gross SRGross Ret%    Net SR  Net Ret%Net MaxDD%  Trd/Yr CostDrag
----------------------------------------------------------------------------------------------------
      Fold1_2020    -0.057     -0.64    -0.269     -3.06     17.05     105     2.42
      Fold2_2021     0.344      2.52     0.080      0.59      6.40      85     1.93
      Fold3_2022     1.746      9.60     1.375      7.60      4.06      90     2.00
      Fold4_2023     1.322      6.20     0.927      4.38      3.00      81     1.82
      Fold5_2024    -1.138     -9.76    -1.338    -11.54     21.11      74     1.78
      Fold6_2025     1.075      6.55     0.757      4.61      7.82      87     1.95
----------------------------------------------------------------------------------------------------

  AGGREGATE ACROSS 6 FOLDS:
  Gross Sharpe :   0.549 +/-0.963 [67% pos]
  Net   Sharpe :   0.255 +/-0.894 [67% pos]
  Gross Ret %  :   2.41 +/-6.33 [67% pos]
  Net   Ret %  :   0.43 +/-6.32 [67% pos]
  Net MaxDD %  :   9.91 +/-6.77 [100% pos]
  Cost Drag pp :   1.98 +/-0.21 [100% pos]

  FULL OOS (all test years stitched, 6 yrs):
    Gross Sharpe  = 0.330  Net Sharpe = 0.067
    Gross Ret %   = 2.29%  Net Ret %  = 0.50%
    Net MaxDD %   = 18.64%
====================================================================================================

==========================================
End time: Mon Apr  6 01:15:42 AM IST 2026
==========================================
