==========================================
E6: Statistical Significance -- full-mode + E7 best result
Run AFTER e7_weighted_ensemble completes
Start time: Mon Apr  6 03:50:13 PM IST 2026
==========================================
--- Significance on full-mode WFV result (E4 full) ---

========================================================================
  E6 Statistical Significance Tests
  WFV: walk_forward_20260406_011541.json  |  mode=full  |  s2=ou_only
========================================================================

  Test 1: Block Bootstrap Sharpe CI (block_size=30, B=10000)
                                       Gross         Net
  ------------------------------------------------------
  Observed Sharpe                     0.3124      0.0612
  95% CI Lower                       -0.4128     -0.6698
  95% CI Upper                        1.0015      0.7454
  p(SR <= 0)                          0.1857      0.4271
  Sig. at 5% (CI > 0)                  False       False

  Test 2: Newey-West HAC t-test (lags=8)
                                       Gross         Net
  ------------------------------------------------------
  t-statistic                         0.8454      0.1667
  p-value (one-sided)                 0.1989      0.4338
  Sig. at 5%                           False       False
  Ann. Return (%)                      2.232       0.465
  Sharpe                              0.3124      0.0612

  Test 3: Multiple Comparison — Bonferroni (5 S2 configs)
  Config                   p_raw    p_Bonf    Sig 5%
  --------------------------------------------------
  ZScore_only                0.5       1.0     False
  OU_only                 0.4338       1.0     False
  Kalman_only                0.5       1.0     False
  ML_only                   0.99       1.0     False
  S2_Ensemble                0.5       1.0     False

--- Significance on E7 Config C: LSTM+Corr only ---

========================================================================
  E6 Statistical Significance Tests
  WFV: walk_forward_20260406_045231.json  |  mode=custom  |  s2=ou_only
========================================================================

  Test 1: Block Bootstrap Sharpe CI (block_size=30, B=10000)
                                       Gross         Net
  ------------------------------------------------------
  Observed Sharpe                      0.753      0.4548
  95% CI Lower                        0.1073     -0.1916
  95% CI Upper                        1.4056      1.1016
  p(SR <= 0)                          0.0114      0.0871
  Sig. at 5% (CI > 0)                   True       False

  Test 2: Newey-West HAC t-test (lags=8)
                                       Gross         Net
  ------------------------------------------------------
  t-statistic                         2.2837      1.3765
  p-value (one-sided)                 0.0112      0.0843
  Sig. at 5%                            True       False
  Ann. Return (%)                      4.005       2.527
  Sharpe                               0.753      0.4548

  Test 3: Multiple Comparison — Bonferroni (5 S2 configs)
  Config                   p_raw    p_Bonf    Sig 5%
  --------------------------------------------------
  ZScore_only                0.5       1.0     False
  OU_only                 0.0843    0.4215     False
  Kalman_only                0.5       1.0     False
  ML_only                   0.99       1.0     False
  S2_Ensemble                0.5       1.0     False

==========================================
End time: Mon Apr  6 03:50:26 PM IST 2026
==========================================
