WARNING: All log messages before absl::InitializeLog() is called are written to STDERR
I0000 00:00:1775430053.293056  130647 port.cc:153] oneDNN custom operations are on. You may see slightly different numerical results due to floating-point round-off errors from different computation orders. To turn them off, set the environment variable `TF_ENABLE_ONEDNN_OPTS=0`.
WARNING: All log messages before absl::InitializeLog() is called are written to STDERR
I0000 00:00:1775430058.192692  130647 port.cc:153] oneDNN custom operations are on. You may see slightly different numerical results due to floating-point round-off errors from different computation orders. To turn them off, set the environment variable `TF_ENABLE_ONEDNN_OPTS=0`.
04:31:00  INFO      ================================================================
04:31:00  INFO      Walk-Forward Validation  |  mode=custom({"LSTM":3,"Correlation":2,"Distance":1,"Cointegration":1,"Co)  |  s2=ou_only  |  top_k=10
04:31:00  INFO      S1 weights: {'LSTM': 3, 'Correlation': 2, 'Distance': 1, 'Cointegration': 1, 'Transformer': 1}
04:31:00  INFO      Folds: ['Fold1_2020', 'Fold2_2021', 'Fold3_2022', 'Fold4_2023', 'Fold5_2024', 'Fold6_2025']
04:31:00  INFO      min_hold_bars=30  capital=1,000,000
04:31:00  INFO      ================================================================
04:31:00  INFO      [Data] Fetching full 10-year daily prices ...
/users/student/pg/pg24/yash.sarang/Hybrid-Pairs-Trading-Ensemble/Implementation/core/data.py:136: PerformanceWarning: indexing past lexsort depth may impact performance.
  if col in data.columns:
/users/student/pg/pg24/yash.sarang/Hybrid-Pairs-Trading-Ensemble/Implementation/core/data.py:137: PerformanceWarning: indexing past lexsort depth may impact performance.
  s = data[col]
04:31:00  INFO        35 tickers x 3742 bars  (2016-01-01 -> 2026-03-30)
04:31:00  INFO        --- Fold1_2020 | Train 2016-01-01 -> 2019-12-31 | Test 2020-01-01 -> 2020-12-31 ---
04:31:20  INFO      [LSTMSelector] 671755 sequences, class dist: {0: 335187, 1: 336568}
04:31:21  INFO      [LSTMSelector] Subsampled to 50000 sequences.
/users/student/pg/pg24/yash.sarang/miniconda3/envs/pairs_trading/lib/python3.10/site-packages/keras/src/layers/rnn/bidirectional.py:107: UserWarning: Do not pass an `input_shape`/`input_dim` argument to a layer. When using Sequential models, prefer using an `Input(shape)` object as the first layer in the model instead.
  super().__init__(**kwargs)
04:32:14  INFO      [LSTMSelector] Training complete.
04:32:21  INFO      [TransformerSelector] 671755 sequences, class dist: {0: 335187, 1: 336568}
04:32:21  INFO      [TransformerSelector] Subsampled to 50000 sequences.
04:33:09  INFO      [TransformerSelector] Training complete.
04:33:16  INFO          Pairs selected (10): ['ONGC-COALINDIA', 'MARUTI-BAJAJ-AUTO', 'TATASTEEL-JSWSTEEL', 'HINDUNILVR-NESTLEIND', 'M&M-ONGC'] ...
04:33:16  INFO          OOS => Gross Sharpe=0.108  Net Sharpe=-0.127  Net Ret=-1.32%  Trades/yr=106  [sel=135.5s bt=0.1s]
04:33:16  INFO        --- Fold2_2021 | Train 2016-01-01 -> 2020-12-31 | Test 2021-01-01 -> 2021-12-31 ---
04:33:28  INFO      [LSTMSelector] 889525 sequences, class dist: {0: 442602, 1: 446923}
04:33:28  INFO      [LSTMSelector] Subsampled to 50000 sequences.
/users/student/pg/pg24/yash.sarang/miniconda3/envs/pairs_trading/lib/python3.10/site-packages/keras/src/layers/rnn/bidirectional.py:107: UserWarning: Do not pass an `input_shape`/`input_dim` argument to a layer. When using Sequential models, prefer using an `Input(shape)` object as the first layer in the model instead.
  super().__init__(**kwargs)
04:34:04  INFO      [LSTMSelector] Training complete.
04:34:11  INFO      [TransformerSelector] 889525 sequences, class dist: {0: 442602, 1: 446923}
04:34:11  INFO      [TransformerSelector] Subsampled to 50000 sequences.
04:34:42  INFO      [TransformerSelector] Training complete.
04:34:47  INFO          Pairs selected (10): ['TECHM-JSWSTEEL', 'TCS-WIPRO', 'INFY-WIPRO', 'TCS-INFY', 'INFY-HCLTECH'] ...
04:34:47  INFO          OOS => Gross Sharpe=1.087  Net Sharpe=0.854  Net Ret=6.08%  Trades/yr=74  [sel=91.2s bt=0.1s]
04:34:47  INFO        --- Fold3_2022 | Train 2016-01-01 -> 2021-12-31 | Test 2022-01-01 -> 2022-12-31 ---
04:35:03  INFO      [LSTMSelector] 1106700 sequences, class dist: {0: 549456, 1: 557244}
04:35:04  INFO      [LSTMSelector] Subsampled to 50000 sequences.
/users/student/pg/pg24/yash.sarang/miniconda3/envs/pairs_trading/lib/python3.10/site-packages/keras/src/layers/rnn/bidirectional.py:107: UserWarning: Do not pass an `input_shape`/`input_dim` argument to a layer. When using Sequential models, prefer using an `Input(shape)` object as the first layer in the model instead.
  super().__init__(**kwargs)
04:35:34  INFO      [LSTMSelector] Training complete.
04:35:48  INFO      [TransformerSelector] 1106700 sequences, class dist: {0: 549456, 1: 557244}
04:35:49  INFO      [TransformerSelector] Subsampled to 50000 sequences.
04:36:18  INFO      [TransformerSelector] Training complete.
04:36:23  INFO          Pairs selected (10): ['ULTRACEMCO-ACC', 'INFY-WIPRO', 'INFY-TECHM', 'TCS-HCLTECH', 'BAJAJ-AUTO-HEROMOTOCO'] ...
04:36:23  INFO          OOS => Gross Sharpe=1.574  Net Sharpe=1.228  Net Ret=7.35%  Trades/yr=91  [sel=95.6s bt=0.1s]
04:36:23  INFO        --- Fold4_2023 | Train 2016-01-01 -> 2022-12-31 | Test 2023-01-01 -> 2023-12-31 ---
04:36:43  INFO      [LSTMSelector] 1323875 sequences, class dist: {0: 657867, 1: 666008}
04:36:43  INFO      [LSTMSelector] Subsampled to 50000 sequences.
/users/student/pg/pg24/yash.sarang/miniconda3/envs/pairs_trading/lib/python3.10/site-packages/keras/src/layers/rnn/bidirectional.py:107: UserWarning: Do not pass an `input_shape`/`input_dim` argument to a layer. When using Sequential models, prefer using an `Input(shape)` object as the first layer in the model instead.
  super().__init__(**kwargs)
04:37:26  INFO      [LSTMSelector] Training complete.
04:37:33  INFO      [TransformerSelector] 1323875 sequences, class dist: {0: 657867, 1: 666008}
04:37:33  INFO      [TransformerSelector] Subsampled to 50000 sequences.
04:37:57  INFO      [TransformerSelector] Training complete.
04:38:01  INFO          Pairs selected (10): ['ICICIBANK-COALINDIA', 'ITC-COALINDIA', 'ICICIBANK-ITC', 'ICICIBANK-INDUSINDBK', 'ICICIBANK-SBIN'] ...
04:38:01  INFO          OOS => Gross Sharpe=0.836  Net Sharpe=0.499  Net Ret=2.63%  Trades/yr=77  [sel=98.5s bt=0.1s]
04:38:01  INFO        --- Fold5_2024 | Train 2016-01-01 -> 2023-12-31 | Test 2024-01-01 -> 2024-12-31 ---
04:38:20  INFO      [LSTMSelector] 1541050 sequences, class dist: {0: 766018, 1: 775032}
04:38:21  INFO      [LSTMSelector] Subsampled to 50000 sequences.
/users/student/pg/pg24/yash.sarang/miniconda3/envs/pairs_trading/lib/python3.10/site-packages/keras/src/layers/rnn/bidirectional.py:107: UserWarning: Do not pass an `input_shape`/`input_dim` argument to a layer. When using Sequential models, prefer using an `Input(shape)` object as the first layer in the model instead.
  super().__init__(**kwargs)
04:38:34  INFO      [LSTMSelector] Training complete.
04:38:46  INFO      [TransformerSelector] 1541050 sequences, class dist: {0: 766018, 1: 775032}
04:38:46  INFO      [TransformerSelector] Subsampled to 50000 sequences.
04:39:15  INFO      [TransformerSelector] Training complete.
04:39:20  INFO          Pairs selected (10): ['BAJAJ-AUTO-HEROMOTOCO', 'IOC-BPCL', 'INFY-TECHM', 'TCS-INFY', 'HEROMOTOCO-IOC'] ...
04:39:20  INFO          OOS => Gross Sharpe=-0.970  Net Sharpe=-1.160  Net Ret=-10.38%  Trades/yr=73  [sel=78.5s bt=0.1s]
04:39:20  INFO        --- Fold6_2025 | Train 2016-01-01 -> 2024-12-31 | Test 2025-01-01 -> 2025-12-31 ---
04:39:40  INFO      [LSTMSelector] 1758820 sequences, class dist: {0: 879622, 1: 879198}
04:39:41  INFO      [LSTMSelector] Subsampled to 50000 sequences.
/users/student/pg/pg24/yash.sarang/miniconda3/envs/pairs_trading/lib/python3.10/site-packages/keras/src/layers/rnn/bidirectional.py:107: UserWarning: Do not pass an `input_shape`/`input_dim` argument to a layer. When using Sequential models, prefer using an `Input(shape)` object as the first layer in the model instead.
  super().__init__(**kwargs)
04:40:22  INFO      [LSTMSelector] Training complete.
04:40:38  INFO      [TransformerSelector] 1758820 sequences, class dist: {0: 879622, 1: 879198}
04:40:39  INFO      [TransformerSelector] Subsampled to 50000 sequences.
04:41:03  INFO      [TransformerSelector] Training complete.
04:41:08  INFO          Pairs selected (10): ['HCLTECH-TECHM', 'INFY-TECHM', 'INFY-HCLTECH', 'TECHM-DIVISLAB', 'HCLTECH-DIVISLAB'] ...
04:41:08  INFO          OOS => Gross Sharpe=1.084  Net Sharpe=0.745  Net Ret=4.15%  Trades/yr=86  [sel=108.0s bt=0.1s]
04:41:08  INFO      All folds done in 608s
04:41:08  INFO      Results saved -> /users/student/pg/pg24/yash.sarang/Hybrid-Pairs-Trading-Ensemble/Implementation/experiments/results/walk_forward_20260406_044108.json
WARNING: All log messages before absl::InitializeLog() is called are written to STDERR
I0000 00:00:1775430674.149881  140046 port.cc:153] oneDNN custom operations are on. You may see slightly different numerical results due to floating-point round-off errors from different computation orders. To turn them off, set the environment variable `TF_ENABLE_ONEDNN_OPTS=0`.
WARNING: All log messages before absl::InitializeLog() is called are written to STDERR
I0000 00:00:1775430678.107586  140046 port.cc:153] oneDNN custom operations are on. You may see slightly different numerical results due to floating-point round-off errors from different computation orders. To turn them off, set the environment variable `TF_ENABLE_ONEDNN_OPTS=0`.
04:41:19  INFO      ================================================================
04:41:19  INFO      Walk-Forward Validation  |  mode=custom({"LSTM":1,"Correlation":1,"Distance":1,"Cointegration":1,"Co)  |  s2=ou_only  |  top_k=10
04:41:19  INFO      S1 weights: {'LSTM': 1, 'Correlation': 1, 'Distance': 1, 'Cointegration': 1}
04:41:19  INFO      Folds: ['Fold1_2020', 'Fold2_2021', 'Fold3_2022', 'Fold4_2023', 'Fold5_2024', 'Fold6_2025']
04:41:19  INFO      min_hold_bars=30  capital=1,000,000
04:41:19  INFO      ================================================================
04:41:19  INFO      [Data] Fetching full 10-year daily prices ...
/users/student/pg/pg24/yash.sarang/Hybrid-Pairs-Trading-Ensemble/Implementation/core/data.py:136: PerformanceWarning: indexing past lexsort depth may impact performance.
  if col in data.columns:
/users/student/pg/pg24/yash.sarang/Hybrid-Pairs-Trading-Ensemble/Implementation/core/data.py:137: PerformanceWarning: indexing past lexsort depth may impact performance.
  s = data[col]
04:41:19  INFO        35 tickers x 3742 bars  (2016-01-01 -> 2026-03-30)
04:41:19  INFO        --- Fold1_2020 | Train 2016-01-01 -> 2019-12-31 | Test 2020-01-01 -> 2020-12-31 ---
04:41:38  INFO      [LSTMSelector] 671755 sequences, class dist: {0: 335187, 1: 336568}
04:41:39  INFO      [LSTMSelector] Subsampled to 50000 sequences.
/users/student/pg/pg24/yash.sarang/miniconda3/envs/pairs_trading/lib/python3.10/site-packages/keras/src/layers/rnn/bidirectional.py:107: UserWarning: Do not pass an `input_shape`/`input_dim` argument to a layer. When using Sequential models, prefer using an `Input(shape)` object as the first layer in the model instead.
  super().__init__(**kwargs)
04:42:31  INFO      [LSTMSelector] Training complete.
04:42:34  INFO          Pairs selected (10): ['ONGC-COALINDIA', 'TATASTEEL-JSWSTEEL', 'MARUTI-BAJAJ-AUTO', 'HINDUNILVR-NESTLEIND', 'M&M-ONGC'] ...
04:42:34  INFO          OOS => Gross Sharpe=0.108  Net Sharpe=-0.127  Net Ret=-1.32%  Trades/yr=106  [sel=75.1s bt=0.1s]
04:42:34  INFO        --- Fold2_2021 | Train 2016-01-01 -> 2020-12-31 | Test 2021-01-01 -> 2021-12-31 ---
04:42:53  INFO      [LSTMSelector] 889525 sequences, class dist: {0: 442602, 1: 446923}
04:42:53  INFO      [LSTMSelector] Subsampled to 50000 sequences.
/users/student/pg/pg24/yash.sarang/miniconda3/envs/pairs_trading/lib/python3.10/site-packages/keras/src/layers/rnn/bidirectional.py:107: UserWarning: Do not pass an `input_shape`/`input_dim` argument to a layer. When using Sequential models, prefer using an `Input(shape)` object as the first layer in the model instead.
  super().__init__(**kwargs)
04:43:25  INFO      [LSTMSelector] Training complete.
04:43:27  INFO          Pairs selected (10): ['TECHM-JSWSTEEL', 'TCS-WIPRO', 'INFY-WIPRO', 'WIPRO-HCLTECH', 'ICICIBANK-AXISBANK'] ...
04:43:27  INFO          OOS => Gross Sharpe=0.386  Net Sharpe=0.144  Net Ret=0.99%  Trades/yr=73  [sel=53.1s bt=0.1s]
04:43:27  INFO        --- Fold3_2022 | Train 2016-01-01 -> 2021-12-31 | Test 2022-01-01 -> 2022-12-31 ---
04:43:47  INFO      [LSTMSelector] 1106700 sequences, class dist: {0: 549456, 1: 557244}
04:43:47  INFO      [LSTMSelector] Subsampled to 50000 sequences.
/users/student/pg/pg24/yash.sarang/miniconda3/envs/pairs_trading/lib/python3.10/site-packages/keras/src/layers/rnn/bidirectional.py:107: UserWarning: Do not pass an `input_shape`/`input_dim` argument to a layer. When using Sequential models, prefer using an `Input(shape)` object as the first layer in the model instead.
  super().__init__(**kwargs)
04:44:07  INFO      [LSTMSelector] Training complete.
04:44:09  INFO          Pairs selected (10): ['ULTRACEMCO-ACC', 'INFY-WIPRO', 'TCS-HCLTECH', 'INFY-TECHM', 'BAJAJ-AUTO-HEROMOTOCO'] ...
04:44:09  INFO          OOS => Gross Sharpe=1.574  Net Sharpe=1.228  Net Ret=7.35%  Trades/yr=91  [sel=41.7s bt=0.1s]
04:44:09  INFO        --- Fold4_2023 | Train 2016-01-01 -> 2022-12-31 | Test 2023-01-01 -> 2023-12-31 ---
04:44:30  INFO      [LSTMSelector] 1323875 sequences, class dist: {0: 657867, 1: 666008}
04:44:30  INFO      [LSTMSelector] Subsampled to 50000 sequences.
/users/student/pg/pg24/yash.sarang/miniconda3/envs/pairs_trading/lib/python3.10/site-packages/keras/src/layers/rnn/bidirectional.py:107: UserWarning: Do not pass an `input_shape`/`input_dim` argument to a layer. When using Sequential models, prefer using an `Input(shape)` object as the first layer in the model instead.
  super().__init__(**kwargs)
04:45:03  INFO      [LSTMSelector] Training complete.
04:45:06  INFO          Pairs selected (10): ['ICICIBANK-COALINDIA', 'ITC-COALINDIA', 'SBIN-AXISBANK', 'ICICIBANK-ITC', 'ICICIBANK-SBIN'] ...
04:45:06  INFO          OOS => Gross Sharpe=1.211  Net Sharpe=0.878  Net Ret=4.30%  Trades/yr=71  [sel=56.5s bt=0.1s]
04:45:06  INFO        --- Fold5_2024 | Train 2016-01-01 -> 2023-12-31 | Test 2024-01-01 -> 2024-12-31 ---
04:45:28  INFO      [LSTMSelector] 1541050 sequences, class dist: {0: 766018, 1: 775032}
04:45:29  INFO      [LSTMSelector] Subsampled to 50000 sequences.
/users/student/pg/pg24/yash.sarang/miniconda3/envs/pairs_trading/lib/python3.10/site-packages/keras/src/layers/rnn/bidirectional.py:107: UserWarning: Do not pass an `input_shape`/`input_dim` argument to a layer. When using Sequential models, prefer using an `Input(shape)` object as the first layer in the model instead.
  super().__init__(**kwargs)
04:46:09  INFO      [LSTMSelector] Training complete.
04:46:12  INFO          Pairs selected (10): ['BAJAJ-AUTO-HEROMOTOCO', 'HEROMOTOCO-IOC', 'INFY-TECHM', 'INDUSINDBK-M&M', 'TCS-INFY'] ...
04:46:12  INFO          OOS => Gross Sharpe=-0.970  Net Sharpe=-1.160  Net Ret=-10.38%  Trades/yr=73  [sel=66.3s bt=0.1s]
04:46:12  INFO        --- Fold6_2025 | Train 2016-01-01 -> 2024-12-31 | Test 2025-01-01 -> 2025-12-31 ---
04:46:23  INFO      [LSTMSelector] 1758820 sequences, class dist: {0: 879622, 1: 879198}
04:46:24  INFO      [LSTMSelector] Subsampled to 50000 sequences.
/users/student/pg/pg24/yash.sarang/miniconda3/envs/pairs_trading/lib/python3.10/site-packages/keras/src/layers/rnn/bidirectional.py:107: UserWarning: Do not pass an `input_shape`/`input_dim` argument to a layer. When using Sequential models, prefer using an `Input(shape)` object as the first layer in the model instead.
  super().__init__(**kwargs)
04:46:54  INFO      [LSTMSelector] Training complete.
04:46:57  INFO          Pairs selected (10): ['HCLTECH-TECHM', 'INFY-TECHM', 'TECHM-DIVISLAB', 'INFY-HCLTECH', 'HCLTECH-DIVISLAB'] ...
04:46:57  INFO          OOS => Gross Sharpe=0.922  Net Sharpe=0.635  Net Ret=4.34%  Trades/yr=88  [sel=44.6s bt=0.1s]
04:46:57  INFO      All folds done in 338s
04:46:57  INFO      Results saved -> /users/student/pg/pg24/yash.sarang/Hybrid-Pairs-Trading-Ensemble/Implementation/experiments/results/walk_forward_20260406_044657.json
WARNING: All log messages before absl::InitializeLog() is called are written to STDERR
I0000 00:00:1775431021.639668  146236 port.cc:153] oneDNN custom operations are on. You may see slightly different numerical results due to floating-point round-off errors from different computation orders. To turn them off, set the environment variable `TF_ENABLE_ONEDNN_OPTS=0`.
WARNING: All log messages before absl::InitializeLog() is called are written to STDERR
I0000 00:00:1775431026.080317  146236 port.cc:153] oneDNN custom operations are on. You may see slightly different numerical results due to floating-point round-off errors from different computation orders. To turn them off, set the environment variable `TF_ENABLE_ONEDNN_OPTS=0`.
04:47:08  INFO      ================================================================
04:47:08  INFO      Walk-Forward Validation  |  mode=custom({"LSTM":1,"Correlation":1,"Distance":0,"Cointegration":0,"Co)  |  s2=ou_only  |  top_k=10
04:47:08  INFO      S1 weights: {'LSTM': 1, 'Correlation': 1}
04:47:08  INFO      Folds: ['Fold1_2020', 'Fold2_2021', 'Fold3_2022', 'Fold4_2023', 'Fold5_2024', 'Fold6_2025']
04:47:08  INFO      min_hold_bars=30  capital=1,000,000
04:47:08  INFO      ================================================================
04:47:08  INFO      [Data] Fetching full 10-year daily prices ...
/users/student/pg/pg24/yash.sarang/Hybrid-Pairs-Trading-Ensemble/Implementation/core/data.py:136: PerformanceWarning: indexing past lexsort depth may impact performance.
  if col in data.columns:
/users/student/pg/pg24/yash.sarang/Hybrid-Pairs-Trading-Ensemble/Implementation/core/data.py:137: PerformanceWarning: indexing past lexsort depth may impact performance.
  s = data[col]
04:47:08  INFO        35 tickers x 3742 bars  (2016-01-01 -> 2026-03-30)
04:47:08  INFO        --- Fold1_2020 | Train 2016-01-01 -> 2019-12-31 | Test 2020-01-01 -> 2020-12-31 ---
04:47:23  INFO      [LSTMSelector] 671755 sequences, class dist: {0: 335187, 1: 336568}
04:47:23  INFO      [LSTMSelector] Subsampled to 50000 sequences.
/users/student/pg/pg24/yash.sarang/miniconda3/envs/pairs_trading/lib/python3.10/site-packages/keras/src/layers/rnn/bidirectional.py:107: UserWarning: Do not pass an `input_shape`/`input_dim` argument to a layer. When using Sequential models, prefer using an `Input(shape)` object as the first layer in the model instead.
  super().__init__(**kwargs)
04:48:13  INFO      [LSTMSelector] Training complete.
04:48:16  INFO          Pairs selected (10): ['IOC-BPCL', 'JSWSTEEL-HINDALCO', 'ULTRACEMCO-ACC', 'ULTRACEMCO-SHREECEM', 'BAJAJ-AUTO-HEROMOTOCO'] ...
04:48:17  INFO          OOS => Gross Sharpe=1.158  Net Sharpe=0.969  Net Ret=8.95%  Trades/yr=76  [sel=68.7s bt=0.1s]
04:48:17  INFO        --- Fold2_2021 | Train 2016-01-01 -> 2020-12-31 | Test 2021-01-01 -> 2021-12-31 ---
04:48:20  INFO      [LSTMSelector] 889525 sequences, class dist: {0: 442602, 1: 446923}
04:48:21  INFO      [LSTMSelector] Subsampled to 50000 sequences.
/users/student/pg/pg24/yash.sarang/miniconda3/envs/pairs_trading/lib/python3.10/site-packages/keras/src/layers/rnn/bidirectional.py:107: UserWarning: Do not pass an `input_shape`/`input_dim` argument to a layer. When using Sequential models, prefer using an `Input(shape)` object as the first layer in the model instead.
  super().__init__(**kwargs)
04:49:13  INFO      [LSTMSelector] Training complete.
04:49:15  INFO          Pairs selected (10): ['ICICIBANK-AXISBANK', 'INFY-HCLTECH', 'ICICIBANK-SBIN', 'HDFCBANK-ICICIBANK', 'ONGC-IOC'] ...
04:49:15  INFO          OOS => Gross Sharpe=1.353  Net Sharpe=1.020  Net Ret=5.98%  Trades/yr=87  [sel=58.7s bt=0.1s]
04:49:15  INFO        --- Fold3_2022 | Train 2016-01-01 -> 2021-12-31 | Test 2022-01-01 -> 2022-12-31 ---
04:49:31  INFO      [LSTMSelector] 1106700 sequences, class dist: {0: 549456, 1: 557244}
04:49:32  INFO      [LSTMSelector] Subsampled to 50000 sequences.
/users/student/pg/pg24/yash.sarang/miniconda3/envs/pairs_trading/lib/python3.10/site-packages/keras/src/layers/rnn/bidirectional.py:107: UserWarning: Do not pass an `input_shape`/`input_dim` argument to a layer. When using Sequential models, prefer using an `Input(shape)` object as the first layer in the model instead.
  super().__init__(**kwargs)
04:50:04  INFO      [LSTMSelector] Training complete.
04:50:07  INFO          Pairs selected (10): ['TATASTEEL-JSWSTEEL', 'TATASTEEL-HINDALCO', 'ULTRACEMCO-ACC', 'JSWSTEEL-HINDALCO', 'BAJAJ-AUTO-HEROMOTOCO'] ...
04:50:07  INFO          OOS => Gross Sharpe=0.317  Net Sharpe=0.025  Net Ret=0.14%  Trades/yr=73  [sel=51.3s bt=0.1s]
04:50:07  INFO        --- Fold4_2023 | Train 2016-01-01 -> 2022-12-31 | Test 2023-01-01 -> 2023-12-31 ---
04:50:11  INFO      [LSTMSelector] 1323875 sequences, class dist: {0: 657867, 1: 666008}
04:50:12  INFO      [LSTMSelector] Subsampled to 50000 sequences.
/users/student/pg/pg24/yash.sarang/miniconda3/envs/pairs_trading/lib/python3.10/site-packages/keras/src/layers/rnn/bidirectional.py:107: UserWarning: Do not pass an `input_shape`/`input_dim` argument to a layer. When using Sequential models, prefer using an `Input(shape)` object as the first layer in the model instead.
  super().__init__(**kwargs)
04:50:45  INFO      [LSTMSelector] Training complete.
04:50:48  INFO          Pairs selected (10): ['INFY-HCLTECH', 'TATASTEEL-JSWSTEEL', 'TCS-INFY', 'INFY-TECHM', 'TATASTEEL-HINDALCO'] ...
04:50:48  INFO          OOS => Gross Sharpe=0.833  Net Sharpe=0.427  Net Ret=2.26%  Trades/yr=93  [sel=40.9s bt=0.1s]
04:50:48  INFO        --- Fold5_2024 | Train 2016-01-01 -> 2023-12-31 | Test 2024-01-01 -> 2024-12-31 ---
04:50:52  INFO      [LSTMSelector] 1541050 sequences, class dist: {0: 766018, 1: 775032}
04:50:53  INFO      [LSTMSelector] Subsampled to 50000 sequences.
/users/student/pg/pg24/yash.sarang/miniconda3/envs/pairs_trading/lib/python3.10/site-packages/keras/src/layers/rnn/bidirectional.py:107: UserWarning: Do not pass an `input_shape`/`input_dim` argument to a layer. When using Sequential models, prefer using an `Input(shape)` object as the first layer in the model instead.
  super().__init__(**kwargs)
04:51:38  INFO      [LSTMSelector] Training complete.
04:51:41  INFO          Pairs selected (10): ['TATASTEEL-HINDALCO', 'TATASTEEL-JSWSTEEL', 'IOC-BPCL', 'WIPRO-TECHM', 'INFY-TECHM'] ...
04:51:41  INFO          OOS => Gross Sharpe=0.265  Net Sharpe=-0.100  Net Ret=-0.58%  Trades/yr=92  [sel=53.0s bt=0.1s]
04:51:41  INFO        --- Fold6_2025 | Train 2016-01-01 -> 2024-12-31 | Test 2025-01-01 -> 2025-12-31 ---
04:51:53  INFO      [LSTMSelector] 1758820 sequences, class dist: {0: 879622, 1: 879198}
04:51:54  INFO      [LSTMSelector] Subsampled to 50000 sequences.
/users/student/pg/pg24/yash.sarang/miniconda3/envs/pairs_trading/lib/python3.10/site-packages/keras/src/layers/rnn/bidirectional.py:107: UserWarning: Do not pass an `input_shape`/`input_dim` argument to a layer. When using Sequential models, prefer using an `Input(shape)` object as the first layer in the model instead.
  super().__init__(**kwargs)
04:52:27  INFO      [LSTMSelector] Training complete.
04:52:30  INFO          Pairs selected (10): ['IOC-BPCL', 'TATASTEEL-JSWSTEEL', 'ONGC-IOC', 'INFY-HCLTECH', 'ONGC-COALINDIA'] ...
04:52:31  INFO          OOS => Gross Sharpe=0.480  Net Sharpe=0.025  Net Ret=0.11%  Trades/yr=93  [sel=49.7s bt=0.1s]
04:52:31  INFO      All folds done in 323s
04:52:31  INFO      Results saved -> /users/student/pg/pg24/yash.sarang/Hybrid-Pairs-Trading-Ensemble/Implementation/experiments/results/walk_forward_20260406_045231.json
WARNING: All log messages before absl::InitializeLog() is called are written to STDERR
I0000 00:00:1775431355.846499  154792 port.cc:153] oneDNN custom operations are on. You may see slightly different numerical results due to floating-point round-off errors from different computation orders. To turn them off, set the environment variable `TF_ENABLE_ONEDNN_OPTS=0`.
WARNING: All log messages before absl::InitializeLog() is called are written to STDERR
I0000 00:00:1775431360.410823  154792 port.cc:153] oneDNN custom operations are on. You may see slightly different numerical results due to floating-point round-off errors from different computation orders. To turn them off, set the environment variable `TF_ENABLE_ONEDNN_OPTS=0`.
04:52:42  INFO      ================================================================
04:52:42  INFO      Walk-Forward Validation  |  mode=custom({"LSTM":3,"Correlation":2,"Distance":1,"Cointegration":1,"Co)  |  s2=ou_only  |  top_k=10
04:52:42  INFO      S1 weights: {'LSTM': 3, 'Correlation': 2, 'Distance': 1, 'Cointegration': 1, 'Combined': 0.25, 'Transformer': 1, 'GNN': 0.25}
04:52:42  INFO      Folds: ['Fold1_2020', 'Fold2_2021', 'Fold3_2022', 'Fold4_2023', 'Fold5_2024', 'Fold6_2025']
04:52:42  INFO      min_hold_bars=30  capital=1,000,000
04:52:42  INFO      ================================================================
04:52:42  INFO      [Data] Fetching full 10-year daily prices ...
/users/student/pg/pg24/yash.sarang/Hybrid-Pairs-Trading-Ensemble/Implementation/core/data.py:136: PerformanceWarning: indexing past lexsort depth may impact performance.
  if col in data.columns:
/users/student/pg/pg24/yash.sarang/Hybrid-Pairs-Trading-Ensemble/Implementation/core/data.py:137: PerformanceWarning: indexing past lexsort depth may impact performance.
  s = data[col]
04:52:42  INFO        35 tickers x 3742 bars  (2016-01-01 -> 2026-03-30)
04:52:42  INFO        --- Fold1_2020 | Train 2016-01-01 -> 2019-12-31 | Test 2020-01-01 -> 2020-12-31 ---
04:52:58  INFO      [LSTMSelector] 671755 sequences, class dist: {0: 335187, 1: 336568}
04:52:59  INFO      [LSTMSelector] Subsampled to 50000 sequences.
/users/student/pg/pg24/yash.sarang/miniconda3/envs/pairs_trading/lib/python3.10/site-packages/keras/src/layers/rnn/bidirectional.py:107: UserWarning: Do not pass an `input_shape`/`input_dim` argument to a layer. When using Sequential models, prefer using an `Input(shape)` object as the first layer in the model instead.
  super().__init__(**kwargs)
04:53:48  INFO      [LSTMSelector] Training complete.
04:53:54  INFO      [TransformerSelector] 671755 sequences, class dist: {0: 335187, 1: 336568}
04:53:55  INFO      [TransformerSelector] Subsampled to 50000 sequences.
04:54:41  INFO      [TransformerSelector] Training complete.
04:54:50  INFO      [GNNSelector] Training on 8 snapshots, N=35 stocks.
04:56:55  INFO      [GNNSelector] Training complete.
04:56:55  INFO          Pairs selected (10): ['ONGC-COALINDIA', 'TATASTEEL-JSWSTEEL', 'HINDUNILVR-NESTLEIND', 'MARUTI-BAJAJ-AUTO', 'M&M-ONGC'] ...
04:56:56  INFO          OOS => Gross Sharpe=0.108  Net Sharpe=-0.127  Net Ret=-1.32%  Trades/yr=106  [sel=253.6s bt=0.1s]
04:56:56  INFO        --- Fold2_2021 | Train 2016-01-01 -> 2020-12-31 | Test 2021-01-01 -> 2021-12-31 ---
04:57:11  INFO      [LSTMSelector] 889525 sequences, class dist: {0: 442602, 1: 446923}
04:57:11  INFO      [LSTMSelector] Subsampled to 50000 sequences.
/users/student/pg/pg24/yash.sarang/miniconda3/envs/pairs_trading/lib/python3.10/site-packages/keras/src/layers/rnn/bidirectional.py:107: UserWarning: Do not pass an `input_shape`/`input_dim` argument to a layer. When using Sequential models, prefer using an `Input(shape)` object as the first layer in the model instead.
  super().__init__(**kwargs)
04:57:50  INFO      [LSTMSelector] Training complete.
04:57:56  INFO      [TransformerSelector] 889525 sequences, class dist: {0: 442602, 1: 446923}
04:57:57  INFO      [TransformerSelector] Subsampled to 50000 sequences.
04:58:20  INFO      [TransformerSelector] Training complete.
04:58:27  INFO      [GNNSelector] Training on 7 snapshots, N=35 stocks.
05:00:16  INFO      [GNNSelector] Training complete.
05:00:16  INFO          Pairs selected (10): ['TECHM-JSWSTEEL', 'INFY-WIPRO', 'TCS-WIPRO', 'ICICIBANK-AXISBANK', 'INFY-HCLTECH'] ...
05:00:16  INFO          OOS => Gross Sharpe=0.576  Net Sharpe=0.340  Net Ret=2.45%  Trades/yr=75  [sel=200.4s bt=0.1s]
05:00:16  INFO        --- Fold3_2022 | Train 2016-01-01 -> 2021-12-31 | Test 2022-01-01 -> 2022-12-31 ---
05:00:32  INFO      [LSTMSelector] 1106700 sequences, class dist: {0: 549456, 1: 557244}
05:00:33  INFO      [LSTMSelector] Subsampled to 50000 sequences.
/users/student/pg/pg24/yash.sarang/miniconda3/envs/pairs_trading/lib/python3.10/site-packages/keras/src/layers/rnn/bidirectional.py:107: UserWarning: Do not pass an `input_shape`/`input_dim` argument to a layer. When using Sequential models, prefer using an `Input(shape)` object as the first layer in the model instead.
  super().__init__(**kwargs)
05:01:03  INFO      [LSTMSelector] Training complete.
05:01:11  INFO      [TransformerSelector] 1106700 sequences, class dist: {0: 549456, 1: 557244}
05:01:12  INFO      [TransformerSelector] Subsampled to 50000 sequences.
05:01:35  INFO      [TransformerSelector] Training complete.
05:01:42  INFO      [GNNSelector] Training on 8 snapshots, N=35 stocks.
05:03:47  INFO      [GNNSelector] Training complete.
05:03:47  INFO          Pairs selected (10): ['ULTRACEMCO-ACC', 'BAJAJ-AUTO-HEROMOTOCO', 'INFY-WIPRO', 'INFY-TECHM', 'TCS-HCLTECH'] ...
05:03:48  INFO          OOS => Gross Sharpe=1.574  Net Sharpe=1.228  Net Ret=7.35%  Trades/yr=91  [sel=211.4s bt=0.1s]
05:03:48  INFO        --- Fold4_2023 | Train 2016-01-01 -> 2022-12-31 | Test 2023-01-01 -> 2023-12-31 ---
05:04:11  INFO      [LSTMSelector] 1323875 sequences, class dist: {0: 657867, 1: 666008}
05:04:12  INFO      [LSTMSelector] Subsampled to 50000 sequences.
/users/student/pg/pg24/yash.sarang/miniconda3/envs/pairs_trading/lib/python3.10/site-packages/keras/src/layers/rnn/bidirectional.py:107: UserWarning: Do not pass an `input_shape`/`input_dim` argument to a layer. When using Sequential models, prefer using an `Input(shape)` object as the first layer in the model instead.
  super().__init__(**kwargs)
05:04:29  INFO      [LSTMSelector] Training complete.
05:04:43  INFO      [TransformerSelector] 1323875 sequences, class dist: {0: 657867, 1: 666008}
05:04:44  INFO      [TransformerSelector] Subsampled to 50000 sequences.
05:05:16  INFO      [TransformerSelector] Training complete.
05:05:23  INFO      [GNNSelector] Training on 8 snapshots, N=35 stocks.
05:07:26  INFO      [GNNSelector] Training complete.
05:07:26  INFO          Pairs selected (10): ['ITC-COALINDIA', 'ICICIBANK-COALINDIA', 'ICICIBANK-SBIN', 'SBIN-AXISBANK', 'TATASTEEL-HINDALCO'] ...
05:07:26  INFO          OOS => Gross Sharpe=1.211  Net Sharpe=0.878  Net Ret=4.30%  Trades/yr=71  [sel=218.6s bt=0.1s]
05:07:26  INFO        --- Fold5_2024 | Train 2016-01-01 -> 2023-12-31 | Test 2024-01-01 -> 2024-12-31 ---
05:07:43  INFO      [LSTMSelector] 1541050 sequences, class dist: {0: 766018, 1: 775032}
05:07:44  INFO      [LSTMSelector] Subsampled to 50000 sequences.
/users/student/pg/pg24/yash.sarang/miniconda3/envs/pairs_trading/lib/python3.10/site-packages/keras/src/layers/rnn/bidirectional.py:107: UserWarning: Do not pass an `input_shape`/`input_dim` argument to a layer. When using Sequential models, prefer using an `Input(shape)` object as the first layer in the model instead.
  super().__init__(**kwargs)
05:07:59  INFO      [LSTMSelector] Training complete.
05:08:06  INFO      [TransformerSelector] 1541050 sequences, class dist: {0: 766018, 1: 775032}
05:08:06  INFO      [TransformerSelector] Subsampled to 50000 sequences.
05:08:39  INFO      [TransformerSelector] Training complete.
05:08:46  INFO      [GNNSelector] Training on 8 snapshots, N=35 stocks.
05:10:52  INFO      [GNNSelector] Training complete.
05:10:52  INFO          Pairs selected (10): ['BAJAJ-AUTO-HEROMOTOCO', 'IOC-BPCL', 'INDUSINDBK-M&M', 'INFY-TECHM', 'TCS-INFY'] ...
05:10:52  INFO          OOS => Gross Sharpe=-0.970  Net Sharpe=-1.160  Net Ret=-10.38%  Trades/yr=73  [sel=205.7s bt=0.1s]
05:10:52  INFO        --- Fold6_2025 | Train 2016-01-01 -> 2024-12-31 | Test 2025-01-01 -> 2025-12-31 ---
05:11:16  INFO      [LSTMSelector] 1758820 sequences, class dist: {0: 879622, 1: 879198}
05:11:17  INFO      [LSTMSelector] Subsampled to 50000 sequences.
/users/student/pg/pg24/yash.sarang/miniconda3/envs/pairs_trading/lib/python3.10/site-packages/keras/src/layers/rnn/bidirectional.py:107: UserWarning: Do not pass an `input_shape`/`input_dim` argument to a layer. When using Sequential models, prefer using an `Input(shape)` object as the first layer in the model instead.
  super().__init__(**kwargs)
05:11:34  INFO      [LSTMSelector] Training complete.
05:11:42  INFO      [TransformerSelector] 1758820 sequences, class dist: {0: 879622, 1: 879198}
05:11:42  INFO      [TransformerSelector] Subsampled to 50000 sequences.
05:12:06  INFO      [TransformerSelector] Training complete.
05:12:13  INFO      [GNNSelector] Training on 8 snapshots, N=35 stocks.
05:14:19  INFO      [GNNSelector] Training complete.
05:14:19  INFO          Pairs selected (10): ['HCLTECH-TECHM', 'INFY-TECHM', 'INFY-HCLTECH', 'TECHM-DIVISLAB', 'HCLTECH-DIVISLAB'] ...
05:14:19  INFO          OOS => Gross Sharpe=1.084  Net Sharpe=0.745  Net Ret=4.15%  Trades/yr=86  [sel=207.1s bt=0.1s]
05:14:19  INFO      All folds done in 1297s
05:14:19  INFO      Results saved -> /users/student/pg/pg24/yash.sarang/Hybrid-Pairs-Trading-Ensemble/Implementation/experiments/results/walk_forward_20260406_051419.json
